Completed 501/3080 source rows
Completed 1001/3080 source rows
Completed 1501/3080 source rows
Completed 2001/3080 source rows
Completed 2501/3080 source rows
Completed 3001/3080 source rows
{
  "schema": "pp-lost-work-development/1",
  "execution_verified": false,
  "new_lean_compilations": 0,
  "arithmetic_queries": 12320,
  "point_counts": {
    "plain": 5255,
    "affine": 1362
  },
  "previous_root_checks": 11203,
  "current_root_checks": 11203,
  "recurrence_models": 135,
  "recurrence_groups": 40,
  "unshared_state_coordinates": 368,
  "minimal_shared_coordinates": 121,
  "independent_recurrence_value_checks": 810,
  "independent_exhaustive_residue_comparisons": 55950,
  "large_combined_modulus": 23901277720320,
  "tenth_power_root_checks_before": 2225,
  "tenth_power_root_checks_after": 16,
  "complete_exceptional_point": [
    100000000000000000000,
    10000000000000000000000000000000000000000
  ],
  "source_sha256": {
    "receipts/monograph_development/arithmetic/summary.json": "57bc9fd6b975739c3ea9e204a7fbc42f8d480c15dd1f84a27e236edce164d7d5",
    "receipts/sequence_recovery/results.json": "c3b7df5b8691080935e40537959f20f3026d89c8da9b5f270235c42031fc0220"
  },
  "scope": "complete supported integer equations and all finite words of supplied rational models; no general integer solver or primitive-call optimality claim"
}
