Completed 501/3080 source rows
Completed 1001/3080 source rows
Completed 1501/3080 source rows
Completed 2001/3080 source rows
Completed 2501/3080 source rows
Completed 3001/3080 source rows
Completed 51/196 stored connection graphs
Completed 101/196 stored connection graphs
Completed 151/196 stored connection graphs
{
  "all_certificates_replayed": true,
  "arithmetic_queries": 12320,
  "connection_corpus_rows": 196,
  "execution_verified": false,
  "field756_generated_algebra_dimension": 3,
  "giant_fibre_work": 1330,
  "large_graph_basis_enumerations": 0,
  "large_graph_candidate_subsets": 847660528,
  "mixed_events_checked": 4528,
  "new_leaf_positions": 114485,
  "new_lean_compilations": 0,
  "new_root_checks": 11203,
  "operator_algebra_models": 135,
  "point_counts": {
    "affine": 1362,
    "plain": 5255
  },
  "previous_leaf_positions": 5098757,
  "previous_root_checks": 438934,
  "root_coordinate_digits": 101,
  "source_sha256": {
    "receipts/enhanced_machinery/summary.json": "b093aa814a665dc58f295b7e2aa8c2a086cde1ed290809989e80b151d5ac4699",
    "receipts/operator_recovery/field756.json": "c5bd65c7d6937b7971e7710107cc71291247dc6b9ba327685a80dd7ebd47c587",
    "receipts/positive_geometry/connection_polytopes.json": "49b3f6e42ad9e9503d43e835e0836ed6f97f7dec6da27f4b3494082af898c965",
    "receipts/sequence_recovery/results.json": "c3b7df5b8691080935e40537959f20f3026d89c8da9b5f270235c42031fc0220"
  },
  "stored_basis_terms_checked": 989
}
