{
  "schema": "pp-sigma-atlas/1",
  "bounded_domain": [
    1,
    1000000
  ],
  "bounded_hits": {
    "2": 6871,
    "3": 957,
    "4": 273,
    "5": 128,
    "6": 44,
    "7": 52,
    "8": 33
  },
  "prime_limit": 1000,
  "max_exponent": 8,
  "prime_power_rows": 1344,
  "square_classes": 1275,
  "prime_pair_square_hits": 218,
  "mixed_nonsquare_factor_hits": 216,
  "complete_quartic_equations": 3080,
  "integer_points_across_equations": 5401,
  "empty_quartics": 1361,
  "excluded_zero_remainder_count": 7,
  "lean_instances_status": "EMITTED_NOT_COMPILED_IN_THIS_RUN",
  "execution_verified": false,
  "files": {
    "bounded_power_hits.json": {
      "bytes": 166290,
      "sha256": "f53b4459ba9ac775b88654fb154b899f53eb85cb43f59abf4d9e77e19825b4e3"
    },
    "prime_power_grid.json": {
      "bytes": 94318,
      "sha256": "cfd23d399247ace73282c17ca93d7f031041353db194e2297948451fe9380610"
    },
    "prime_pair_square_hits.json": {
      "bytes": 34568,
      "sha256": "d9453b917e642bac750ada427aa54333bbc90a4db9501fd1bb69de2e20c0c9a8"
    },
    "prime_shift_classifications.json": {
      "bytes": 94311,
      "sha256": "dc6695757c0130432e1838532f36519fb48a528ed4fd1796874014c8441aadad"
    },
    "complete_quartics.json": {
      "bytes": 838953,
      "sha256": "4702fafb4396f7158faeeacd8b8bb85dcf5437a1d2f22aa7b17b32d296a2216b"
    },
    "CompleteQuartics.lean": {
      "bytes": 420937,
      "sha256": "ba8217105270bac22181eccb851c4f63d0c92148bf71b60b6548c174a883b7dd"
    },
    "summary.json": {
      "bytes": 1219,
      "sha256": "c83b1e3f7285877764efed8e69f835c44d8bc8420150942a364a5b0c8e96e632"
    }
  }
}
