6 complete bounded packets and native programs
............
----------------------------------------------------------------------
Ran 12 tests in 0.002s

OK
⚠ [2812/2812] Replayed PerfectPower.BoundedResiduePatch
warning: /workspace/scratch/8176e44df27c/repo/PerfectPower/BoundedResiduePatch.lean:101:20: Used `tac1 <;> tac2` where `(tac1; tac2)` would suffice
note: this linter can be disabled with `set_option linter.unnecessarySeqFocus false`
Build completed successfully.
'PerfectPower.BoundedResiduePatch.residueValues_complete' depends on axioms: [propext, Classical.choice, Quot.sound]
'PerfectPower.BoundedResiduePatch.solutions_complete' depends on axioms: [propext, Classical.choice, Quot.sound]
'PerfectPower.BoundedResiduePatch.CoverPacket.complete' depends on axioms: [propext, Classical.choice, Quot.sound]
'PerfectPower.BoundedResiduePatch.relation_on_box' depends on axioms: [propext, Classical.choice, Quot.sound]
'PerfectPower.BoundedResiduePatch.empty_box' depends on axioms: [propext, Classical.choice, Quot.sound]
'PerfectPower.BoundedResiduePatch.TaylorPacket.first_lift' depends on axioms: [propext, Classical.choice, Quot.sound]
'PerfectPower.BoundedResiduePatch.TaylorPacket.vertical_unique' depends on axioms: [propext,
 Classical.choice,
 Quot.sound]
'Patch_bf06898f4a9888fb.taylor_identity' depends on axioms: [propext, Quot.sound]
'Patch_bf06898f4a9888fb.vertical_unit' depends on axioms: [propext]
'Patch_bf06898f4a9888fb.prime_checked' depends on axioms: [propext, Classical.choice, Quot.sound]
'Patch_bf06898f4a9888fb.candidate_list_checked' depends on axioms: [propext, Classical.choice, Quot.sound]
'Patch_bf06898f4a9888fb.point_list_checked' depends on axioms: [propext, Classical.choice, Quot.sound]
'Patch_bf06898f4a9888fb.complete' depends on axioms: [propext, Classical.choice, Quot.sound]
'Patch_bf06898f4a9888fb.auxiliary0_covers' depends on axioms: [propext, Classical.choice, Quot.sound]
'Patch_bf06898f4a9888fb.auxiliary1_covers' depends on axioms: [propext, Classical.choice, Quot.sound]
'Patch_bf06898f4a9888fb.auxiliary2_covers' depends on axioms: [propext, Classical.choice, Quot.sound]
'Patch_599e4a8825bed45a.taylor_identity' depends on axioms: [propext, Quot.sound]
'Patch_599e4a8825bed45a.vertical_unit' depends on axioms: [propext]
'Patch_599e4a8825bed45a.prime_checked' depends on axioms: [propext, Classical.choice, Quot.sound]
'Patch_599e4a8825bed45a.candidate_list_checked' depends on axioms: [propext, Classical.choice, Quot.sound]
'Patch_599e4a8825bed45a.point_list_checked' depends on axioms: [propext, Classical.choice, Quot.sound]
'Patch_599e4a8825bed45a.complete' depends on axioms: [propext, Classical.choice, Quot.sound]
'Patch_599e4a8825bed45a.no_solution' depends on axioms: [propext, Classical.choice, Quot.sound]
'Patch_a1654f68bfb70db2.taylor_identity' depends on axioms: [propext, Quot.sound]
'Patch_a1654f68bfb70db2.vertical_unit' depends on axioms: [propext]
'Patch_a1654f68bfb70db2.prime_checked' depends on axioms: [propext, Classical.choice, Quot.sound]
'Patch_a1654f68bfb70db2.candidate_list_checked' depends on axioms: [propext, Classical.choice, Quot.sound]
'Patch_a1654f68bfb70db2.point_list_checked' depends on axioms: [propext, Classical.choice, Quot.sound]
'Patch_a1654f68bfb70db2.complete' depends on axioms: [propext, Classical.choice, Quot.sound]
'Patch_a1654f68bfb70db2.auxiliary0_covers' depends on axioms: [propext, Classical.choice, Quot.sound]
'Patch_a1654f68bfb70db2.auxiliary1_covers' depends on axioms: [propext, Classical.choice, Quot.sound]
'Patch_a1654f68bfb70db2.auxiliary2_covers' depends on axioms: [propext, Classical.choice, Quot.sound]
'Patch_a1654f68bfb70db2.auxiliary3_covers' depends on axioms: [propext, Classical.choice, Quot.sound]
'Patch_a61d1cd22fa5b32a.taylor_identity' depends on axioms: [propext, Quot.sound]
'Patch_a61d1cd22fa5b32a.vertical_unit' depends on axioms: [propext]
'Patch_a61d1cd22fa5b32a.prime_checked' depends on axioms: [propext, Classical.choice, Quot.sound]
'Patch_a61d1cd22fa5b32a.candidate_list_checked' depends on axioms: [propext, Classical.choice, Quot.sound]
'Patch_a61d1cd22fa5b32a.point_list_checked' depends on axioms: [propext, Classical.choice, Quot.sound]
'Patch_a61d1cd22fa5b32a.complete' depends on axioms: [propext, Classical.choice, Quot.sound]
'Patch_a61d1cd22fa5b32a.auxiliary0_covers' depends on axioms: [propext, Classical.choice, Quot.sound]
'Patch_a61d1cd22fa5b32a.auxiliary1_covers' depends on axioms: [propext, Classical.choice, Quot.sound]
'Patch_a61d1cd22fa5b32a.auxiliary2_covers' depends on axioms: [propext, Classical.choice, Quot.sound]
'Patch_a61d1cd22fa5b32a.auxiliary3_covers' depends on axioms: [propext, Classical.choice, Quot.sound]
'Patch_0aa81338e19792f6.taylor_identity' depends on axioms: [propext, Quot.sound]
'Patch_0aa81338e19792f6.vertical_unit' depends on axioms: [propext]
'Patch_0aa81338e19792f6.prime_checked' depends on axioms: [propext, Classical.choice, Quot.sound]
'Patch_0aa81338e19792f6.candidate_list_checked' depends on axioms: [propext, Classical.choice, Quot.sound]
'Patch_0aa81338e19792f6.point_list_checked' depends on axioms: [propext, Classical.choice, Quot.sound]
'Patch_0aa81338e19792f6.complete' depends on axioms: [propext, Classical.choice, Quot.sound]
'Patch_0aa81338e19792f6.auxiliary0_covers' depends on axioms: [propext, Classical.choice, Quot.sound]
'Patch_a917e754addd6052.taylor_identity' depends on axioms: [propext, Quot.sound]
'Patch_a917e754addd6052.vertical_unit' depends on axioms: [propext]
'Patch_a917e754addd6052.prime_checked' depends on axioms: [propext, Classical.choice, Quot.sound]
'Patch_a917e754addd6052.candidate_list_checked' depends on axioms: [propext, Classical.choice, Quot.sound]
'Patch_a917e754addd6052.point_list_checked' depends on axioms: [propext, Classical.choice, Quot.sound]
'Patch_a917e754addd6052.complete' depends on axioms: [propext, Classical.choice, Quot.sound]
'Patch_a917e754addd6052.auxiliary0_covers' depends on axioms: [propext, Classical.choice, Quot.sound]
57 declarations audited: standard axioms only
