'PerfectPower.RungePolynomial.degree_domination' depends on axioms: [propext, Classical.choice, Quot.sound]
'PerfectPower.RungePolynomial.bound_or_residual_zero' depends on axioms: [propext, Classical.choice, Quot.sound]
'PerfectPower.RungePolynomial.coordinate_bound' depends on axioms: [propext, Classical.choice, Quot.sound]
'PerfectPower.RungePolynomial.complete' depends on axioms: [propext, Classical.choice, Quot.sound]
'PerfectPower.RungePolynomial.square_family' depends on axioms: [propext, Classical.choice, Quot.sound]
'NativeRungeAudit.quadratic_decomposition' depends on axioms: [propext, Classical.choice, Quot.sound]
'NativeRungeAudit.quadratic_bound' depends on axioms: [propext, Classical.choice, Quot.sound]
'NativeRungeAudit.quadratic_complete' depends on axioms: [propext, Classical.choice, Quot.sound]
'NativeRungeAudit.quadratic_packet' depends on axioms: [propext, Classical.choice, Quot.sound]
'NativeRungeAudit.quartic_decomposition' depends on axioms: [propext, Classical.choice, Quot.sound]
'NativeRungeAudit.quartic_bound' depends on axioms: [propext, Classical.choice, Quot.sound]
'NativeRungeAudit.quartic_complete' depends on axioms: [propext, Classical.choice, Quot.sound]
'NativeRungeAudit.quartic_packet' depends on axioms: [propext, Classical.choice, Quot.sound]
'NativeRungeAudit.sextic_decomposition' depends on axioms: [propext, Classical.choice, Quot.sound]
'NativeRungeAudit.sextic_bound' depends on axioms: [propext, Classical.choice, Quot.sound]
'NativeRungeAudit.sextic_complete' depends on axioms: [propext, Classical.choice, Quot.sound]
'NativeRungeAudit.sextic_packet' depends on axioms: [propext, Classical.choice, Quot.sound]
'NativeRungeAudit.octic_decomposition' depends on axioms: [propext, Classical.choice, Quot.sound]
'NativeRungeAudit.octic_bound' depends on axioms: [propext, Classical.choice, Quot.sound]
'NativeRungeAudit.octic_complete' depends on axioms: [propext, Classical.choice, Quot.sound]
'NativeRungeAudit.octic_packet' depends on axioms: [propext, Classical.choice, Quot.sound]
'NativeRungeAudit.decic_decomposition' depends on axioms: [propext, Classical.choice, Quot.sound]
'NativeRungeAudit.decic_bound' depends on axioms: [propext, Classical.choice, Quot.sound]
'NativeRungeAudit.decic_complete' depends on axioms: [propext, Classical.choice, Quot.sound]
'NativeRungeAudit.decic_packet' depends on axioms: [propext, Classical.choice, Quot.sound]
'NativeRungeAudit.degree14_decomposition' depends on axioms: [propext, Classical.choice, Quot.sound]
'NativeRungeAudit.degree14_bound' depends on axioms: [propext, Classical.choice, Quot.sound]
'NativeRungeAudit.degree14_complete' depends on axioms: [propext, Classical.choice, Quot.sound]
'NativeRungeAudit.degree14_packet' depends on axioms: [propext, Classical.choice, Quot.sound]
'NativeRungeAudit.degree20_decomposition' depends on axioms: [propext, Classical.choice, Quot.sound]
'NativeRungeAudit.degree20_bound' depends on axioms: [propext, Classical.choice, Quot.sound]
'NativeRungeAudit.degree20_complete' depends on axioms: [propext, Classical.choice, Quot.sound]
'NativeRungeAudit.degree20_packet' depends on axioms: [propext, Classical.choice, Quot.sound]
'NativeRungeAudit.nonmonic_decomposition' depends on axioms: [propext, Classical.choice, Quot.sound]
'NativeRungeAudit.nonmonic_bound' depends on axioms: [propext, Classical.choice, Quot.sound]
'NativeRungeAudit.nonmonic_complete' depends on axioms: [propext, Classical.choice, Quot.sound]
'NativeRungeAudit.nonmonic_packet' depends on axioms: [propext, Classical.choice, Quot.sound]
'NativeRungeAudit.fractional_decomposition' depends on axioms: [propext, Classical.choice, Quot.sound]
'NativeRungeAudit.fractional_bound' depends on axioms: [propext, Classical.choice, Quot.sound]
'NativeRungeAudit.fractional_complete' depends on axioms: [propext, Classical.choice, Quot.sound]
'NativeRungeAudit.fractional_packet' depends on axioms: [propext, Classical.choice, Quot.sound]
'NativeRungeAudit.quartic_fractional_decomposition' depends on axioms: [propext, Classical.choice, Quot.sound]
'NativeRungeAudit.quartic_fractional_bound' depends on axioms: [propext, Classical.choice, Quot.sound]
'NativeRungeAudit.quartic_fractional_complete' depends on axioms: [propext, Classical.choice, Quot.sound]
'NativeRungeAudit.quartic_fractional_packet' depends on axioms: [propext, Classical.choice, Quot.sound]
'NativeRungeAudit.residual_root_decomposition' depends on axioms: [propext, Classical.choice, Quot.sound]
'NativeRungeAudit.residual_root_bound' depends on axioms: [propext, Classical.choice, Quot.sound]
'NativeRungeAudit.residual_root_complete' depends on axioms: [propext, Classical.choice, Quot.sound]
'NativeRungeAudit.residual_root_packet' depends on axioms: [propext, Classical.choice, Quot.sound]
'NativeRungeAudit.negative_decomposition' depends on axioms: [propext, Classical.choice, Quot.sound]
'NativeRungeAudit.negative_bound' depends on axioms: [propext, Classical.choice, Quot.sound]
'NativeRungeAudit.negative_complete' depends on axioms: [propext, Classical.choice, Quot.sound]
'NativeRungeAudit.negative_packet' depends on axioms: [propext, Classical.choice, Quot.sound]
'NativeRungeAudit.zero_fibre_decomposition' depends on axioms: [propext, Classical.choice, Quot.sound]
'NativeRungeAudit.zero_fibre_bound' depends on axioms: [propext, Classical.choice, Quot.sound]
'NativeRungeAudit.zero_fibre_complete' depends on axioms: [propext, Classical.choice, Quot.sound]
'NativeRungeAudit.zero_fibre_packet' depends on axioms: [propext, Classical.choice, Quot.sound]
'NativeRungeAudit.trailing_zero_decomposition' depends on axioms: [propext, Classical.choice, Quot.sound]
'NativeRungeAudit.trailing_zero_bound' depends on axioms: [propext, Classical.choice, Quot.sound]
'NativeRungeAudit.trailing_zero_complete' depends on axioms: [propext, Classical.choice, Quot.sound]
'NativeRungeAudit.trailing_zero_packet' depends on axioms: [propext, Classical.choice, Quot.sound]
'NativeRungeAudit.dense_octic_decomposition' depends on axioms: [propext, Classical.choice, Quot.sound]
'NativeRungeAudit.dense_octic_bound' depends on axioms: [propext, Classical.choice, Quot.sound]
'NativeRungeAudit.dense_octic_complete' depends on axioms: [propext, Classical.choice, Quot.sound]
'NativeRungeAudit.dense_octic_packet' depends on axioms: [propext, Classical.choice, Quot.sound]
'NativeRungeAudit.dense_decic_decomposition' depends on axioms: [propext, Classical.choice, Quot.sound]
'NativeRungeAudit.dense_decic_bound' depends on axioms: [propext, Classical.choice, Quot.sound]
'NativeRungeAudit.dense_decic_complete' depends on axioms: [propext, Classical.choice, Quot.sound]
'NativeRungeAudit.dense_decic_packet' depends on axioms: [propext, Classical.choice, Quot.sound]
'NativeRungeAudit.dense_fractional_decomposition' depends on axioms: [propext, Classical.choice, Quot.sound]
'NativeRungeAudit.dense_fractional_bound' depends on axioms: [propext, Classical.choice, Quot.sound]
'NativeRungeAudit.dense_fractional_complete' depends on axioms: [propext, Classical.choice, Quot.sound]
'NativeRungeAudit.huge_bound_decomposition' depends on axioms: [propext, Classical.choice, Quot.sound]
'NativeRungeAudit.huge_bound_bound' depends on axioms: [propext, Classical.choice, Quot.sound]
'NativeRungeAudit.huge_bound_complete' depends on axioms: [propext, Classical.choice, Quot.sound]
'NativeRungeAudit.exact_square_decomposition' depends on axioms: [propext, Classical.choice, Quot.sound]
'NativeRungeAudit.exact_square_complete' depends on axioms: [propext, Classical.choice, Quot.sound]
'NativeRungeAudit.exact_nonmonic_decomposition' depends on axioms: [propext, Classical.choice, Quot.sound]
'NativeRungeAudit.exact_nonmonic_complete' depends on axioms: [propext, Classical.choice, Quot.sound]
Native Runge axiom audit passed: 79 declarations
