{
  "schema": "pp-integral-machines-development/1",
  "models": 135,
  "groups": 40,
  "unshared_state_coordinates": 368,
  "minimal_integral_coordinates": 121,
  "independent_values_checked": 810,
  "independent_modular_values_checked": 4320,
  "fractional_transition_entries_removed": 37,
  "fractional_readout_entries_removed": 23,
  "groups_with_nonprimitive_selected_word_bases": 27,
  "largest_selected_word_lattice_index": 8957643552,
  "groups_with_observation_image_torsion": 10,
  "selected_word_indices": [
    1,
    86400,
    8,
    1728,
    4096,
    8957643552,
    16,
    9,
    32400,
    2,
    72,
    4,
    2,
    1,
    24,
    1,
    6,
    72,
    1,
    4,
    1,
    3,
    16,
    48,
    1,
    1,
    1,
    3456,
    331776,
    6750,
    1,
    1,
    1,
    144,
    16,
    12,
    4,
    6,
    1,
    1
  ],
  "source_sha256": {
    "receipts/lost_work_development/recurrence_machines.json": "18e74d5ed76e4cef5d31c9b14f56ad12463e3200b2f2c1adb44e99a9a3859cc2",
    "receipts/sequence_recovery/results.json": "c3b7df5b8691080935e40537959f20f3026d89c8da9b5f270235c42031fc0220"
  },
  "execution_verified": false,
  "new_lean_compilations": 0,
  "scope": "minimal integral realization preserves all words of fixed supplied seeds; no exact integral orbit module, OEIS identification or primitive-cost optimality"
}
