'PerfectPower.GeneratingFunctions.rational_coefficients_unique' depends on axioms: [propext, Quot.sound]
'PerfectPower.GeneratingFunctions.hom_sum' does not depend on any axioms
'PerfectPower.GeneratingFunctions.delay_transport' depends on axioms: [propext, Quot.sound]
'PerfectPower.GeneratingFunctions.output_transport' does not depend on any axioms
'PerfectPower.GeneratingFunctions.telescope' depends on axioms: [propext, Quot.sound]
'PerfectPower.GeneratingFunctions.theta_coefficients_unique' depends on axioms: [propext, Quot.sound]
'PerfectPower.GeneratingFunctions.WorkedCostQuotient.step_preserved' depends on axioms: [propext, Quot.sound]
'PerfectPower.GeneratingFunctions.WorkedCostQuotient.all_costs' depends on axioms: [propext, Quot.sound]
'PerfectPower.CertifiedTelescoping.choose_step' depends on axioms: [propext, Classical.choice, Quot.sound]
'PerfectPower.CertifiedTelescoping.choose_up' depends on axioms: [propext, Classical.choice, Quot.sound]
'PerfectPower.CertifiedTelescoping.telescope' depends on axioms: [propext, Classical.choice, Quot.sound]
'PerfectPower.CertifiedTelescoping.sum_extend' depends on axioms: [propext, Classical.choice, Quot.sound]
'PerfectPower.CertifiedTelescoping.G_difference' depends on axioms: [propext, Classical.choice, Quot.sound]
'PerfectPower.CertifiedTelescoping.G_boundaries' depends on axioms: [propext, Classical.choice, Quot.sound]
'PerfectPower.CertifiedTelescoping.interior2' depends on axioms: [propext, Classical.choice, Quot.sound]
'PerfectPower.CertifiedTelescoping.interior3' depends on axioms: [propext, Classical.choice, Quot.sound]
'PerfectPower.CertifiedTelescoping.interior4' depends on axioms: [propext, Classical.choice, Quot.sound]
'PerfectPower.CertifiedTelescoping.recurrence2' depends on axioms: [propext, Classical.choice, Quot.sound]
'PerfectPower.CertifiedTelescoping.recurrence3' depends on axioms: [propext, Classical.choice, Quot.sound]
'PerfectPower.CertifiedTelescoping.recurrence4' depends on axioms: [propext, Classical.choice, Quot.sound]
'PerfectPower.CertifiedTelescoping.first_power' depends on axioms: [propext, Classical.choice, Quot.sound]
'PerfectPower.CertifiedTelescoping.second_order_unique' depends on axioms: [propext, Classical.choice, Quot.sound]
'PerfectPower.CertifiedTelescoping.pair3_correct' depends on axioms: [propext, Classical.choice, Quot.sound]
'PerfectPower.CertifiedTelescoping.pair4_correct' depends on axioms: [propext, Classical.choice, Quot.sound]
'PerfectPower.CertifiedTelescoping.antidifference_sum' depends on axioms: [propext, Classical.choice, Quot.sound]
'PerfectPower.CertifiedTelescoping.geometric_sum' depends on axioms: [propext, Classical.choice, Quot.sound]
'PerfectPower.CertifiedTelescoping.inverse_product_sum' depends on axioms: [propext, Classical.choice, Quot.sound]
'PerfectPower.CertifiedBinary64.decode_finite' depends on axioms: [propext, Classical.choice, Quot.sound]
'PerfectPower.CertifiedBinary64.decode_nonfinite' depends on axioms: [propext, Classical.choice, Quot.sound]
'PerfectPower.CertifiedBinary64.fields_reconstruct' depends on axioms: [propext, Quot.sound]
'PerfectPower.CertifiedBinary64.sign_bound' depends on axioms: [propext, Quot.sound]
'PerfectPower.CertifiedBinary64.fraction_bound' depends on axioms: [propext, Classical.choice, Quot.sound]
'PerfectPower.CertifiedBinary64.exponent_bound' depends on axioms: [propext, Classical.choice, Quot.sound]
'PerfectPower.CertifiedBinary64.normalize' depends on axioms: [propext, Classical.choice, Quot.sound]
'PerfectPower.CertifiedBinary64.power_sound' depends on axioms: [propext, Classical.choice, Quot.sound]
'PerfectPower.CertifiedBinary64.product' depends on axioms: [propext, Classical.choice, Quot.sound]
'PerfectPower.CertifiedBinary64.aligned_sum' depends on axioms: [propext, Classical.choice, Quot.sound]
'PerfectPower.CertifiedBinary64.round_floor_or_ceil' depends on axioms: [propext, Quot.sound]
'PerfectPower.CertifiedBinary64.round_below_half' depends on axioms: [propext, Quot.sound]
'PerfectPower.CertifiedBinary64.round_above_half' depends on axioms: [propext, Quot.sound]
'PerfectPower.CertifiedBinary64.round_tie_even' depends on axioms: [propext, Classical.choice, Quot.sound]
'PerfectPower.CertifiedBinary64.round_error' depends on axioms: [propext, Classical.choice, Quot.sound]
'PerfectPower.CertifiedBinary64.quarter_square' depends on axioms: [propext, Classical.choice, Quot.sound]
'PerfectPower.CertifiedBinary64.point_one_exact' depends on axioms: [propext, Classical.choice, Quot.sound]
'PerfectPower.CertifiedBinary64.point_one_not_square' depends on axioms: [propext, Classical.choice, Quot.sound]
'PerfectPower.CertifiedBinary64.negative_not_even_power' depends on axioms: [propext, Classical.choice, Quot.sound]
'PerfectPower.CertifiedBinary64.infinity_refused' depends on axioms: [propext, Classical.choice, Quot.sound]
'PerfectPower.CertifiedBinary64.negative_zero_exact' depends on axioms: [propext, Classical.choice, Quot.sound]
'PerfectPower.CertifiedSeriesBounds.recurrence_majorant' depends on axioms: [propext, Classical.choice, Quot.sound]
'PerfectPower.CertifiedSeriesBounds.source_coefficient_majorant' depends on axioms: [propext,
 Classical.choice,
 Quot.sound]
'PerfectPower.CertifiedSeriesBounds.absolute_tail' depends on axioms: [propext, Classical.choice, Quot.sound]
'PerfectPower.CertifiedSeriesBounds.coefficient_disk_tail' depends on axioms: [propext, Classical.choice, Quot.sound]
'PerfectPower.CertifiedSeriesBounds.binomial_ratio_bound' depends on axioms: [propext, Classical.choice, Quot.sound]
'PerfectPower.CertifiedSeriesBounds.positive_ratio_tail' depends on axioms: [propext, Classical.choice, Quot.sound]
'PerfectPower.CertifiedSeriesBounds.binomialTerm_nonnegative' depends on axioms: [propext, Classical.choice, Quot.sound]
'PerfectPower.CertifiedSeriesBounds.binomial_series_interval' depends on axioms: [propext, Classical.choice, Quot.sound]
'PerfectPower.CertifiedSeriesBounds.square_root_interval' depends on axioms: [propext, Classical.choice, Quot.sound]
'PerfectPower.CertifiedRealization.hankel_dimension_lower_bound' depends on axioms: [propext,
 Classical.choice,
 Quot.sound]
'PerfectPower.CertifiedRealization.hankel_factorization' depends on axioms: [propext, Classical.choice, Quot.sound]
'PerfectPower.CertifiedRealization.response_hankel_lower_bound' depends on axioms: [propext,
 Classical.choice,
 Quot.sound]
'PerfectPower.CertifiedRealization.realization_minimal' depends on axioms: [propext, Classical.choice, Quot.sound]
'PerfectPower.CertifiedRealization.all_future_transport' depends on axioms: [propext, Quot.sound]
'PerfectPower.CertifiedRealization.all_future_readout' depends on axioms: [propext, Quot.sound]
'PerfectPower.CertifiedRealization.fibonacci_hankel_nonsingular' depends on axioms: [propext,
 Classical.choice,
 Quot.sound]
'PerfectPower.CertifiedRealization.fibonacci_minimal' depends on axioms: [propext, Classical.choice, Quot.sound]
'PerfectPower.Generated.BinomialPower1.compiled_recurrence' depends on axioms: [propext, Classical.choice, Quot.sound]
'PerfectPower.Generated.BinomialPower2.compiled_recurrence' depends on axioms: [propext, Classical.choice, Quot.sound]
'PerfectPower.Generated.BinomialPower3.compiled_recurrence' depends on axioms: [propext, Classical.choice, Quot.sound]
'PerfectPower.Generated.BinomialPower4.compiled_recurrence' depends on axioms: [propext, Classical.choice, Quot.sound]
