audit/FixedDivisorPackets.lean:228:2: warning: Used `tac1 <;> tac2` where `(tac1; tac2)` would suffice
note: this linter can be disabled with `set_option linter.unnecessarySeqFocus false`
audit/FixedDivisorPackets.lean:271:2: warning: Used `tac1 <;> tac2` where `(tac1; tac2)` would suffice
note: this linter can be disabled with `set_option linter.unnecessarySeqFocus false`
audit/FixedDivisorPackets.lean:297:2: warning: Used `tac1 <;> tac2` where `(tac1; tac2)` would suffice
note: this linter can be disabled with `set_option linter.unnecessarySeqFocus false`
audit/FixedDivisorPackets.lean:528:2: warning: Used `tac1 <;> tac2` where `(tac1; tac2)` would suffice
note: this linter can be disabled with `set_option linter.unnecessarySeqFocus false`
audit/FixedDivisorPackets.lean:531:2: warning: Used `tac1 <;> tac2` where `(tac1; tac2)` would suffice
note: this linter can be disabled with `set_option linter.unnecessarySeqFocus false`
audit/FixedDivisorPackets.lean:541:56: warning: `Finset.not_mem_empty` has been deprecated: use `Finset.notMem_empty` instead
audit/FixedDivisorPackets.lean:543:56: warning: `Finset.not_mem_empty` has been deprecated: use `Finset.notMem_empty` instead
audit/FixedDivisorPackets.lean:557:2: warning: Used `tac1 <;> tac2` where `(tac1; tac2)` would suffice
note: this linter can be disabled with `set_option linter.unnecessarySeqFocus false`
audit/FixedDivisorPackets.lean:560:2: warning: Used `tac1 <;> tac2` where `(tac1; tac2)` would suffice
note: this linter can be disabled with `set_option linter.unnecessarySeqFocus false`
audit/FixedDivisorPackets.lean:589:56: warning: `Finset.not_mem_empty` has been deprecated: use `Finset.notMem_empty` instead
audit/FixedDivisorPackets.lean:593:56: warning: `Finset.not_mem_empty` has been deprecated: use `Finset.notMem_empty` instead
audit/FixedDivisorPackets.lean:660:56: warning: `Finset.not_mem_empty` has been deprecated: use `Finset.notMem_empty` instead
audit/FixedDivisorPackets.lean:665:56: warning: `Finset.not_mem_empty` has been deprecated: use `Finset.notMem_empty` instead
audit/FixedDivisorPackets.lean:733:56: warning: `Finset.not_mem_empty` has been deprecated: use `Finset.notMem_empty` instead
audit/FixedDivisorPackets.lean:738:56: warning: `Finset.not_mem_empty` has been deprecated: use `Finset.notMem_empty` instead
audit/FixedDivisorPackets.lean:755:2: warning: Used `tac1 <;> tac2` where `(tac1; tac2)` would suffice
note: this linter can be disabled with `set_option linter.unnecessarySeqFocus false`
audit/FixedDivisorPackets.lean:814:56: warning: `Finset.not_mem_empty` has been deprecated: use `Finset.notMem_empty` instead
audit/FixedDivisorPackets.lean:819:56: warning: `Finset.not_mem_empty` has been deprecated: use `Finset.notMem_empty` instead
audit/FixedDivisorPackets.lean:836:2: warning: Used `tac1 <;> tac2` where `(tac1; tac2)` would suffice
note: this linter can be disabled with `set_option linter.unnecessarySeqFocus false`
audit/FixedDivisorPackets.lean:857:56: warning: `Finset.not_mem_empty` has been deprecated: use `Finset.notMem_empty` instead
audit/FixedDivisorPackets.lean:862:56: warning: `Finset.not_mem_empty` has been deprecated: use `Finset.notMem_empty` instead
audit/FixedDivisorPackets.lean:876:2: warning: Used `tac1 <;> tac2` where `(tac1; tac2)` would suffice
note: this linter can be disabled with `set_option linter.unnecessarySeqFocus false`
audit/FixedDivisorPackets.lean:916:56: warning: `Finset.not_mem_empty` has been deprecated: use `Finset.notMem_empty` instead
audit/FixedDivisorPackets.lean:921:56: warning: `Finset.not_mem_empty` has been deprecated: use `Finset.notMem_empty` instead
audit/FixedDivisorPackets.lean:937:2: warning: Used `tac1 <;> tac2` where `(tac1; tac2)` would suffice
note: this linter can be disabled with `set_option linter.unnecessarySeqFocus false`
audit/FixedDivisorPackets.lean:988:56: warning: `Finset.not_mem_empty` has been deprecated: use `Finset.notMem_empty` instead
audit/FixedDivisorPackets.lean:993:56: warning: `Finset.not_mem_empty` has been deprecated: use `Finset.notMem_empty` instead
'FixedDivisor_ac20984701b4a871.pullback_checked' depends on axioms: [propext, Classical.choice, Quot.sound]
'FixedDivisor_ac20984701b4a871.degree_bound_checked' depends on axioms: [propext, Classical.choice, Quot.sound]
'FixedDivisor_ac20984701b4a871.window_checked' depends on axioms: [propext, Classical.choice, Quot.sound]
'FixedDivisor_ac20984701b4a871.all_divisors_checked' depends on axioms: [propext, Classical.choice, Quot.sound]
'FixedDivisor_ac20984701b4a871.universal_checked' depends on axioms: [propext, Classical.choice, Quot.sound]
'FixedDivisor_ac20984701b4a871.fixed_divisor_checked' depends on axioms: [propext, Classical.choice, Quot.sound]
'FixedDivisor_ac20984701b4a871.power_free_checked' depends on axioms: [propext, Classical.choice, Quot.sound]
'FixedDivisor_ac20984701b4a871.admissible_checked' depends on axioms: [propext, Classical.choice, Quot.sound]
'FixedDivisor_e573d0970a80d916.pullback_checked' depends on axioms: [propext, Classical.choice, Quot.sound]
'FixedDivisor_e573d0970a80d916.degree_bound_checked' depends on axioms: [propext, Classical.choice, Quot.sound]
'FixedDivisor_e573d0970a80d916.window_checked' depends on axioms: [propext, Classical.choice, Quot.sound]
'FixedDivisor_e573d0970a80d916.all_divisors_checked' depends on axioms: [propext, Classical.choice, Quot.sound]
'FixedDivisor_e573d0970a80d916.universal_checked' depends on axioms: [propext, Classical.choice, Quot.sound]
'FixedDivisor_e573d0970a80d916.fixed_divisor_checked' depends on axioms: [propext, Classical.choice, Quot.sound]
'FixedDivisor_e573d0970a80d916.power_free_checked' depends on axioms: [propext, Classical.choice, Quot.sound]
'FixedDivisor_e573d0970a80d916.admissible_checked' depends on axioms: [propext, Classical.choice, Quot.sound]
'FixedDivisor_ed7d46027038d140.pullback_checked' depends on axioms: [propext, Classical.choice, Quot.sound]
'FixedDivisor_ed7d46027038d140.degree_bound_checked' depends on axioms: [propext, Classical.choice, Quot.sound]
'FixedDivisor_ed7d46027038d140.window_checked' depends on axioms: [propext, Classical.choice, Quot.sound]
'FixedDivisor_ed7d46027038d140.all_divisors_checked' depends on axioms: [propext, Classical.choice, Quot.sound]
'FixedDivisor_ed7d46027038d140.universal_checked' depends on axioms: [propext, Classical.choice, Quot.sound]
'FixedDivisor_ed7d46027038d140.obstruction_checked' depends on axioms: [propext, Classical.choice, Quot.sound]
'FixedDivisor_6e61471d0236089c.pullback_checked' depends on axioms: [propext, Classical.choice, Quot.sound]
'FixedDivisor_6e61471d0236089c.degree_bound_checked' depends on axioms: [propext, Classical.choice, Quot.sound]
'FixedDivisor_6e61471d0236089c.window_checked' depends on axioms: [propext, Classical.choice, Quot.sound]
'FixedDivisor_6e61471d0236089c.all_divisors_checked' depends on axioms: [propext, Classical.choice, Quot.sound]
'FixedDivisor_6e61471d0236089c.universal_checked' depends on axioms: [propext, Classical.choice, Quot.sound]
'FixedDivisor_6e61471d0236089c.fixed_divisor_checked' depends on axioms: [propext, Classical.choice, Quot.sound]
'FixedDivisor_6e61471d0236089c.power_free_checked' depends on axioms: [propext, Classical.choice, Quot.sound]
'FixedDivisor_6e61471d0236089c.admissible_checked' depends on axioms: [propext, Classical.choice, Quot.sound]
'FixedDivisor_81fcf57f2037334a.pullback_checked' depends on axioms: [propext, Classical.choice, Quot.sound]
'FixedDivisor_81fcf57f2037334a.degree_bound_checked' depends on axioms: [propext, Classical.choice, Quot.sound]
'FixedDivisor_81fcf57f2037334a.window_checked' depends on axioms: [propext, Classical.choice, Quot.sound]
'FixedDivisor_81fcf57f2037334a.all_divisors_checked' depends on axioms: [propext, Classical.choice, Quot.sound]
'FixedDivisor_81fcf57f2037334a.universal_checked' depends on axioms: [propext, Classical.choice, Quot.sound]
'FixedDivisor_81fcf57f2037334a.fixed_divisor_checked' depends on axioms: [propext, Classical.choice, Quot.sound]
'FixedDivisor_81fcf57f2037334a.power_free_checked' depends on axioms: [propext, Classical.choice, Quot.sound]
'FixedDivisor_81fcf57f2037334a.admissible_checked' depends on axioms: [propext, Classical.choice, Quot.sound]
'FixedDivisor_378be3568e03ce3a.pullback_checked' depends on axioms: [propext, Classical.choice, Quot.sound]
'FixedDivisor_378be3568e03ce3a.degree_bound_checked' depends on axioms: [propext, Classical.choice, Quot.sound]
'FixedDivisor_378be3568e03ce3a.window_checked' depends on axioms: [propext, Classical.choice, Quot.sound]
'FixedDivisor_378be3568e03ce3a.all_divisors_checked' depends on axioms: [propext, Classical.choice, Quot.sound]
'FixedDivisor_378be3568e03ce3a.universal_checked' depends on axioms: [propext, Classical.choice, Quot.sound]
'FixedDivisor_378be3568e03ce3a.obstruction_checked' depends on axioms: [propext, Classical.choice, Quot.sound]
'FixedDivisor_f53fcc18cc212cad.pullback_checked' depends on axioms: [propext, Classical.choice, Quot.sound]
'FixedDivisor_f53fcc18cc212cad.degree_bound_checked' depends on axioms: [propext, Classical.choice, Quot.sound]
'FixedDivisor_f53fcc18cc212cad.window_checked' depends on axioms: [propext, Classical.choice, Quot.sound]
'FixedDivisor_f53fcc18cc212cad.all_divisors_checked' depends on axioms: [propext, Classical.choice, Quot.sound]
'FixedDivisor_f53fcc18cc212cad.universal_checked' depends on axioms: [propext, Classical.choice, Quot.sound]
'FixedDivisor_f53fcc18cc212cad.fixed_divisor_checked' depends on axioms: [propext, Classical.choice, Quot.sound]
'FixedDivisor_f53fcc18cc212cad.power_free_checked' depends on axioms: [propext, Classical.choice, Quot.sound]
'FixedDivisor_f53fcc18cc212cad.admissible_checked' depends on axioms: [propext, Classical.choice, Quot.sound]
'FixedDivisor_4d6945cb5de019d2.pullback_checked' depends on axioms: [propext, Classical.choice, Quot.sound]
'FixedDivisor_4d6945cb5de019d2.degree_bound_checked' depends on axioms: [propext, Classical.choice, Quot.sound]
'FixedDivisor_4d6945cb5de019d2.window_checked' depends on axioms: [propext, Classical.choice, Quot.sound]
'FixedDivisor_4d6945cb5de019d2.all_divisors_checked' depends on axioms: [propext, Classical.choice, Quot.sound]
'FixedDivisor_4d6945cb5de019d2.universal_checked' depends on axioms: [propext, Classical.choice, Quot.sound]
'FixedDivisor_4d6945cb5de019d2.obstruction_checked' depends on axioms: [propext, Classical.choice, Quot.sound]
'FixedDivisor_1c0f3704ad533d4b.pullback_checked' depends on axioms: [propext, Classical.choice, Quot.sound]
'FixedDivisor_1c0f3704ad533d4b.degree_bound_checked' depends on axioms: [propext, Classical.choice, Quot.sound]
'FixedDivisor_1c0f3704ad533d4b.window_checked' depends on axioms: [propext, Classical.choice, Quot.sound]
'FixedDivisor_1c0f3704ad533d4b.all_divisors_checked' depends on axioms: [propext, Classical.choice, Quot.sound]
'FixedDivisor_1c0f3704ad533d4b.universal_checked' depends on axioms: [propext, Classical.choice, Quot.sound]
'FixedDivisor_1c0f3704ad533d4b.fixed_divisor_checked' depends on axioms: [propext, Classical.choice, Quot.sound]
'FixedDivisor_1c0f3704ad533d4b.power_free_checked' depends on axioms: [propext, Classical.choice, Quot.sound]
'FixedDivisor_1c0f3704ad533d4b.admissible_checked' depends on axioms: [propext, Classical.choice, Quot.sound]
'FixedDivisor_3d284b924a11d4e5.pullback_checked' depends on axioms: [propext, Classical.choice, Quot.sound]
'FixedDivisor_3d284b924a11d4e5.degree_bound_checked' depends on axioms: [propext, Classical.choice, Quot.sound]
'FixedDivisor_3d284b924a11d4e5.window_checked' depends on axioms: [propext, Classical.choice, Quot.sound]
'FixedDivisor_3d284b924a11d4e5.all_divisors_checked' depends on axioms: [propext, Classical.choice, Quot.sound]
'FixedDivisor_3d284b924a11d4e5.universal_checked' depends on axioms: [propext, Classical.choice, Quot.sound]
'FixedDivisor_3d284b924a11d4e5.obstruction_checked' depends on axioms: [propext, Classical.choice, Quot.sound]
'FixedDivisor_0c9ba219fc8dcf5c.pullback_checked' depends on axioms: [propext, Classical.choice, Quot.sound]
'FixedDivisor_0c9ba219fc8dcf5c.degree_bound_checked' depends on axioms: [propext, Classical.choice, Quot.sound]
'FixedDivisor_0c9ba219fc8dcf5c.window_checked' depends on axioms: [propext, Classical.choice, Quot.sound]
'FixedDivisor_0c9ba219fc8dcf5c.all_divisors_checked' depends on axioms: [propext, Classical.choice, Quot.sound]
'FixedDivisor_0c9ba219fc8dcf5c.universal_checked' depends on axioms: [propext, Classical.choice, Quot.sound]
'FixedDivisor_0c9ba219fc8dcf5c.obstruction_checked' depends on axioms: [propext, Classical.choice, Quot.sound]
'FixedDivisor_e0d47cc7af3c6d45.pullback_checked' depends on axioms: [propext, Classical.choice, Quot.sound]
'FixedDivisor_e0d47cc7af3c6d45.degree_bound_checked' depends on axioms: [propext, Classical.choice, Quot.sound]
'FixedDivisor_e0d47cc7af3c6d45.window_checked' depends on axioms: [propext, Classical.choice, Quot.sound]
'FixedDivisor_e0d47cc7af3c6d45.all_divisors_checked' depends on axioms: [propext, Classical.choice, Quot.sound]
'FixedDivisor_e0d47cc7af3c6d45.universal_checked' depends on axioms: [propext, Classical.choice, Quot.sound]
'FixedDivisor_e0d47cc7af3c6d45.fixed_divisor_checked' depends on axioms: [propext, Classical.choice, Quot.sound]
'FixedDivisor_e0d47cc7af3c6d45.power_free_checked' depends on axioms: [propext, Classical.choice, Quot.sound]
'FixedDivisor_e0d47cc7af3c6d45.admissible_checked' depends on axioms: [propext, Classical.choice, Quot.sound]
'FixedDivisor_e6c2279d4aa22682.pullback_checked' depends on axioms: [propext, Classical.choice, Quot.sound]
'FixedDivisor_e6c2279d4aa22682.degree_bound_checked' depends on axioms: [propext, Classical.choice, Quot.sound]
'FixedDivisor_e6c2279d4aa22682.window_checked' depends on axioms: [propext, Classical.choice, Quot.sound]
'FixedDivisor_e6c2279d4aa22682.all_divisors_checked' depends on axioms: [propext, Classical.choice, Quot.sound]
'FixedDivisor_e6c2279d4aa22682.universal_checked' depends on axioms: [propext, Classical.choice, Quot.sound]
'FixedDivisor_e6c2279d4aa22682.obstruction_checked' depends on axioms: [propext, Classical.choice, Quot.sound]
'FixedDivisor_0aa4dacafbf5cd4a.pullback_checked' depends on axioms: [propext, Classical.choice, Quot.sound]
'FixedDivisor_0aa4dacafbf5cd4a.degree_bound_checked' depends on axioms: [propext, Classical.choice, Quot.sound]
'FixedDivisor_0aa4dacafbf5cd4a.window_checked' depends on axioms: [propext, Classical.choice, Quot.sound]
'FixedDivisor_0aa4dacafbf5cd4a.all_divisors_checked' depends on axioms: [propext, Classical.choice, Quot.sound]
'FixedDivisor_0aa4dacafbf5cd4a.universal_checked' depends on axioms: [propext, Classical.choice, Quot.sound]
'FixedDivisor_0aa4dacafbf5cd4a.fixed_divisor_checked' depends on axioms: [propext, Classical.choice, Quot.sound]
'FixedDivisor_0aa4dacafbf5cd4a.power_free_checked' depends on axioms: [propext, Classical.choice, Quot.sound]
'FixedDivisor_0aa4dacafbf5cd4a.admissible_checked' depends on axioms: [propext, Classical.choice, Quot.sound]
'FixedDivisor_ec5c7757b84e19c7.pullback_checked' depends on axioms: [propext, Classical.choice, Quot.sound]
'FixedDivisor_ec5c7757b84e19c7.degree_bound_checked' depends on axioms: [propext, Classical.choice, Quot.sound]
'FixedDivisor_ec5c7757b84e19c7.window_checked' depends on axioms: [propext, Classical.choice, Quot.sound]
'FixedDivisor_ec5c7757b84e19c7.all_divisors_checked' depends on axioms: [propext, Classical.choice, Quot.sound]
'FixedDivisor_ec5c7757b84e19c7.universal_checked' depends on axioms: [propext, Classical.choice, Quot.sound]
'FixedDivisor_ec5c7757b84e19c7.obstruction_checked' depends on axioms: [propext, Classical.choice, Quot.sound]
'RepeatedPowerFree_f53e12f0aff14419.factorization_checked' depends on axioms: [propext, Classical.choice, Quot.sound]
'RepeatedPowerFree_f53e12f0aff14419.factor_source_checked' depends on axioms: [propext, Classical.choice, Quot.sound]
'RepeatedPowerFree_f53e12f0aff14419.candidates_checked' depends on axioms: [propext, Classical.choice, Quot.sound]
'RepeatedPowerFree_f53e12f0aff14419.finite_reduction_checked' depends on axioms: [propext, Classical.choice, Quot.sound]
'RepeatedPowerFree_f53e12f0aff14419.all_solutions_checked' depends on axioms: [propext, Classical.choice, Quot.sound]
'RepeatedPowerFree_65e78396986ffc37.factorization_checked' depends on axioms: [propext, Classical.choice, Quot.sound]
'RepeatedPowerFree_65e78396986ffc37.factor_source_checked' depends on axioms: [propext, Classical.choice, Quot.sound]
'RepeatedPowerFree_65e78396986ffc37.candidates_checked' depends on axioms: [propext, Classical.choice, Quot.sound]
'RepeatedPowerFree_65e78396986ffc37.finite_reduction_checked' depends on axioms: [propext, Classical.choice, Quot.sound]
'RepeatedPowerFree_65e78396986ffc37.candidate_0_checked' depends on axioms: [propext, Classical.choice, Quot.sound]
'RepeatedPowerFree_65e78396986ffc37.constant_0_checked' depends on axioms: [propext, Classical.choice, Quot.sound]
'RepeatedPowerFree_65e78396986ffc37.all_solutions_checked' depends on axioms: [propext, Classical.choice, Quot.sound]
'RepeatedPowerFree_687538ae9b1de318.factorization_checked' depends on axioms: [propext, Classical.choice, Quot.sound]
'RepeatedPowerFree_687538ae9b1de318.factor_source_checked' depends on axioms: [propext, Classical.choice, Quot.sound]
'RepeatedPowerFree_687538ae9b1de318.candidates_checked' depends on axioms: [propext, Classical.choice, Quot.sound]
'RepeatedPowerFree_687538ae9b1de318.finite_reduction_checked' depends on axioms: [propext, Classical.choice, Quot.sound]
'RepeatedPowerFree_687538ae9b1de318.candidate_0_checked' depends on axioms: [propext, Classical.choice, Quot.sound]
'RepeatedPowerFree_687538ae9b1de318.constant_0_checked' depends on axioms: [propext, Classical.choice, Quot.sound]
'RepeatedPowerFree_687538ae9b1de318.candidate_1_checked' depends on axioms: [propext, Classical.choice, Quot.sound]
'RepeatedPowerFree_687538ae9b1de318.constant_1_checked' depends on axioms: [propext, Classical.choice, Quot.sound]
'RepeatedPowerFree_687538ae9b1de318.all_solutions_checked' depends on axioms: [propext, Classical.choice, Quot.sound]
'RepeatedPowerFree_6138797e80d4e3ce.factorization_checked' depends on axioms: [propext, Classical.choice, Quot.sound]
'RepeatedPowerFree_6138797e80d4e3ce.factor_source_checked' depends on axioms: [propext, Classical.choice, Quot.sound]
'RepeatedPowerFree_6138797e80d4e3ce.candidates_checked' depends on axioms: [propext, Classical.choice, Quot.sound]
'RepeatedPowerFree_6138797e80d4e3ce.finite_reduction_checked' depends on axioms: [propext, Classical.choice, Quot.sound]
'RepeatedPowerFree_6138797e80d4e3ce.candidate_0_checked' depends on axioms: [propext, Classical.choice, Quot.sound]
'RepeatedPowerFree_6138797e80d4e3ce.constant_0_checked' depends on axioms: [propext, Classical.choice, Quot.sound]
'RepeatedPowerFree_6138797e80d4e3ce.candidate_1_checked' depends on axioms: [propext, Classical.choice, Quot.sound]
'RepeatedPowerFree_6138797e80d4e3ce.constant_1_checked' depends on axioms: [propext, Classical.choice, Quot.sound]
'RepeatedPowerFree_6138797e80d4e3ce.all_solutions_checked' depends on axioms: [propext, Classical.choice, Quot.sound]
'RepeatedPowerFree_2b3c1063d250b06f.factorization_checked' depends on axioms: [propext, Classical.choice, Quot.sound]
'RepeatedPowerFree_2b3c1063d250b06f.factor_source_checked' depends on axioms: [propext, Classical.choice, Quot.sound]
'RepeatedPowerFree_2b3c1063d250b06f.candidates_checked' depends on axioms: [propext, Classical.choice, Quot.sound]
'RepeatedPowerFree_2b3c1063d250b06f.finite_reduction_checked' depends on axioms: [propext, Classical.choice, Quot.sound]
'RepeatedPowerFree_2b3c1063d250b06f.candidate_0_checked' depends on axioms: [propext, Classical.choice, Quot.sound]
'RepeatedPowerFree_2b3c1063d250b06f.constant_0_checked' depends on axioms: [propext, Classical.choice, Quot.sound]
'RepeatedPowerFree_2b3c1063d250b06f.candidate_1_checked' depends on axioms: [propext, Classical.choice, Quot.sound]
'RepeatedPowerFree_2b3c1063d250b06f.constant_1_checked' depends on axioms: [propext, Classical.choice, Quot.sound]
'RepeatedPowerFree_2b3c1063d250b06f.all_solutions_checked' depends on axioms: [propext, Classical.choice, Quot.sound]
'RepeatedPowerFree_1501d126df4bd327.factorization_checked' depends on axioms: [propext, Classical.choice, Quot.sound]
'RepeatedPowerFree_1501d126df4bd327.factor_source_checked' depends on axioms: [propext, Classical.choice, Quot.sound]
'RepeatedPowerFree_1501d126df4bd327.candidates_checked' depends on axioms: [propext, Classical.choice, Quot.sound]
'RepeatedPowerFree_1501d126df4bd327.finite_reduction_checked' depends on axioms: [propext, Classical.choice, Quot.sound]
'RepeatedPowerFree_1501d126df4bd327.candidate_0_checked' depends on axioms: [propext, Classical.choice, Quot.sound]
'RepeatedPowerFree_1501d126df4bd327.candidate_1_checked' depends on axioms: [propext, Classical.choice, Quot.sound]
'RepeatedPowerFree_1501d126df4bd327.all_solutions_checked' depends on axioms: [propext, Classical.choice, Quot.sound]
'RepeatedPowerFree_9d217fd78a01ba32.factorization_checked' depends on axioms: [propext, Classical.choice, Quot.sound]
'RepeatedPowerFree_9d217fd78a01ba32.factor_source_checked' depends on axioms: [propext, Classical.choice, Quot.sound]
'RepeatedPowerFree_9d217fd78a01ba32.candidates_checked' depends on axioms: [propext, Classical.choice, Quot.sound]
'RepeatedPowerFree_9d217fd78a01ba32.finite_reduction_checked' depends on axioms: [propext, Classical.choice, Quot.sound]
'RepeatedPowerFree_9d217fd78a01ba32.candidate_0_checked' depends on axioms: [propext, Classical.choice, Quot.sound]
'RepeatedPowerFree_9d217fd78a01ba32.candidate_1_checked' depends on axioms: [propext, Classical.choice, Quot.sound]
'RepeatedPowerFree_9d217fd78a01ba32.constant_1_checked' depends on axioms: [propext, Classical.choice, Quot.sound]
'RepeatedPowerFree_9d217fd78a01ba32.all_solutions_checked' depends on axioms: [propext, Classical.choice, Quot.sound]
'RepeatedPowerFree_c7b4c8ae24fc4a6b.factorization_checked' depends on axioms: [propext, Classical.choice, Quot.sound]
'RepeatedPowerFree_c7b4c8ae24fc4a6b.factor_source_checked' depends on axioms: [propext, Classical.choice, Quot.sound]
'RepeatedPowerFree_c7b4c8ae24fc4a6b.candidates_checked' depends on axioms: [propext, Classical.choice, Quot.sound]
'RepeatedPowerFree_c7b4c8ae24fc4a6b.finite_reduction_checked' depends on axioms: [propext, Classical.choice, Quot.sound]
'RepeatedPowerFree_c7b4c8ae24fc4a6b.candidate_0_checked' depends on axioms: [propext, Classical.choice, Quot.sound]
'RepeatedPowerFree_c7b4c8ae24fc4a6b.constant_0_checked' depends on axioms: [propext, Classical.choice, Quot.sound]
'RepeatedPowerFree_c7b4c8ae24fc4a6b.candidate_1_checked' depends on axioms: [propext, Classical.choice, Quot.sound]
'RepeatedPowerFree_c7b4c8ae24fc4a6b.constant_1_checked' depends on axioms: [propext, Classical.choice, Quot.sound]
'RepeatedPowerFree_c7b4c8ae24fc4a6b.all_solutions_checked' depends on axioms: [propext, Classical.choice, Quot.sound]
