test_all_prime_criterion_independent_small_ratios (test_gamma_arithmetic.GammaArithmeticTests.test_all_prime_criterion_independent_small_ratios) ... ok
test_binomial_bounded_power_scan (test_gamma_arithmetic.GammaArithmeticTests.test_binomial_bounded_power_scan) ... ok
test_binomial_small_indices_zero_and_denominator (test_gamma_arithmetic.GammaArithmeticTests.test_binomial_small_indices_zero_and_denominator) ... ok
test_budgets_do_not_advertise_survival_as_power (test_gamma_arithmetic.GammaArithmeticTests.test_budgets_do_not_advertise_survival_as_power) ... ok
test_central_infinite_family_zero_and_signs (test_gamma_arithmetic.GammaArithmeticTests.test_central_infinite_family_zero_and_signs) ... ok
test_empty_natural_domain (test_gamma_arithmetic.GammaArithmeticTests.test_empty_natural_domain) ... ok
test_gamma_shift_exact_polynomial (test_gamma_arithmetic.GammaArithmeticTests.test_gamma_shift_exact_polynomial) ... ok
test_huge_bounded_family_uses_global_theorem (test_gamma_arithmetic.GammaArithmeticTests.test_huge_bounded_family_uses_global_theorem) ... ok
test_hypergeometric_terms_match_factorials (test_gamma_arithmetic.GammaArithmeticTests.test_hypergeometric_terms_match_factorials) ... ok
test_landau_integral_and_nonintegral (test_gamma_arithmetic.GammaArithmeticTests.test_landau_integral_and_nonintegral) ... ok
test_legendre_matches_integer_factorization (test_gamma_arithmetic.GammaArithmeticTests.test_legendre_matches_integer_factorization) ... ok
test_no_false_local_obstruction_for_actual_powers (test_gamma_arithmetic.GammaArithmeticTests.test_no_false_local_obstruction_for_actual_powers) ... ok
test_prime_obstruction_without_factorial (test_gamma_arithmetic.GammaArithmeticTests.test_prime_obstruction_without_factorial) ... ok
test_public_factorial_binomial_and_multinomial_syntax (test_gamma_arithmetic.GammaArithmeticTests.test_public_factorial_binomial_and_multinomial_syntax) ... ok
test_ratio_unit_handles_noninvertible_original_denominator (test_gamma_arithmetic.GammaArithmeticTests.test_ratio_unit_handles_noninvertible_original_denominator) ... ok
test_replay_rejects_tampering (test_gamma_arithmetic.GammaArithmeticTests.test_replay_rejects_tampering) ... ok
test_scan_matches_direct_binomial_square (test_gamma_arithmetic.GammaArithmeticTests.test_scan_matches_direct_binomial_square) ... ok
test_symbolic_period_and_finite_mellin (test_gamma_arithmetic.GammaArithmeticTests.test_symbolic_period_and_finite_mellin) ... ok
test_unit_filter_beats_prime_list_and_boundary_retained (test_gamma_arithmetic.GammaArithmeticTests.test_unit_filter_beats_prime_list_and_boundary_retained) ... ok
test_unit_replay_and_tampering (test_gamma_arithmetic.GammaArithmeticTests.test_unit_replay_and_tampering) ... ok
test_units_match_stripped_factorials (test_gamma_arithmetic.GammaArithmeticTests.test_units_match_stripped_factorials) ... ok

----------------------------------------------------------------------
Ran 21 tests in 0.079s

OK
