'PerfectPower.PositiveGeometry.descartes_reflection_involution' depends on axioms: [propext, Quot.sound]
'PerfectPower.PositiveGeometry.descartes_reflection_preserves' depends on axioms: [propext, Quot.sound]
'PerfectPower.PositiveGeometry.curvature_recurrence' depends on axioms: [propext, Quot.sound]
'PerfectPower.PositiveGeometry.descartes_quadratic_orbit' depends on axioms: [propext, Classical.choice, Quot.sound]
'PerfectPower.PositiveGeometry.seed_curvature' depends on axioms: [propext, Classical.choice, Quot.sound]
'PerfectPower.PositiveGeometry.interval_canonical_additivity' depends on axioms: [propext, Classical.choice, Quot.sound]
'PerfectPower.PositiveGeometry.pentagon_collision_residue' depends on axioms: [propext, Classical.choice, Quot.sound]
'PerfectPower.PositiveGeometry.theta_determinant' depends on axioms: [propext, Classical.choice, Quot.sound]
'PerfectPower.PositiveGeometry.theta_canonical_jacobian' depends on axioms: [propext, Classical.choice, Quot.sound]
'PerfectPower.PositiveGeometry.theta_canonical_pullback' depends on axioms: [propext, Classical.choice, Quot.sound]
'PerfectPower.PositiveGeometry.descartes_polyhedral_defect' depends on axioms: [propext, Classical.choice, Quot.sound]
'PerfectPower.HolomorphicArithmetic.gcd_dvd_remainder' depends on axioms: [propext]
'PerfectPower.HolomorphicArithmetic.finite_regular_numerator' depends on axioms: [propext, Quot.sound]
'PerfectPower.HolomorphicArithmetic.infinity_regular_iff' depends on axioms: [propext, Classical.choice, Quot.sound]
'PerfectPower.HolomorphicArithmetic.extra_zero_order' depends on axioms: [propext, Classical.choice, Quot.sound]
'PerfectPower.PeriodNormalization.period_correction' depends on axioms: [propext, Classical.choice, Quot.sound]
'PerfectPower.MonomialConsequences.eliminate_K' depends on axioms: [propext, Classical.choice, Quot.sound]
'PerfectPower.MonomialConsequences.eliminate_E' depends on axioms: [propext, Classical.choice, Quot.sound]
'PerfectPower.MonomialConsequences.cube_compatibility_valuation' depends on axioms: [propext, Quot.sound]
'PerfectPower.MonomialConsequences.ratio_cube' depends on axioms: [propext, Classical.choice, Quot.sound]
'PerfectPower.MonomialConsequences.middle_equations_force_cube' depends on axioms: [propext,
 Classical.choice,
 Quot.sound]
'PerfectPower.MonomialConsequences.exponent_image_iff' depends on axioms: [propext, Quot.sound]
'PerfectPower.MonomialConsequences.signed_product_complete' depends on axioms: [propext, Classical.choice, Quot.sound]
'PerfectPower.ConnectionDeterminant.weighted_cauchy_binet_two' depends on axioms: [propext,
 Classical.choice,
 Quot.sound]
'PerfectPower.LegendreBounds.coefficient_positive' depends on axioms: [propext, Classical.choice, Quot.sound]
'PerfectPower.LegendreBounds.coefficient_step_le' depends on axioms: [propext, Classical.choice, Quot.sound]
'PerfectPower.LegendreBounds.coefficient_antitone' depends on axioms: [propext, Classical.choice, Quot.sound]
'PerfectPower.LegendreBounds.legendre_formal_period_recurrence' depends on axioms: [propext,
 Classical.choice,
 Quot.sound]
'PerfectPower.LegendreBounds.geometric_tail' depends on axioms: [propext, Classical.choice, Quot.sound]
'PerfectPower.LegendreBounds.series_interval' depends on axioms: [propext, Classical.choice, Quot.sound]
'PerfectPower.LegendreBounds.legendre_formal_ode' depends on axioms: [propext, Classical.choice, Quot.sound]
