'PerfectPower.LeanBacklogPackets.all_profiles' depends on axioms: [propext]
'PerfectPower.LeanBacklogPackets.association_face_euler_0' depends on axioms: [propext, Classical.choice, Quot.sound]
'PerfectPower.LeanBacklogPackets.association_boundary_euler_0' depends on axioms: [propext,
 Classical.choice,
 Quot.sound]
'PerfectPower.LeanBacklogPackets.association_face_euler_1' depends on axioms: [propext, Classical.choice, Quot.sound]
'PerfectPower.LeanBacklogPackets.association_boundary_euler_1' depends on axioms: [propext,
 Classical.choice,
 Quot.sound]
'PerfectPower.LeanBacklogPackets.association_face_euler_2' depends on axioms: [propext, Classical.choice, Quot.sound]
'PerfectPower.LeanBacklogPackets.association_boundary_euler_2' depends on axioms: [propext,
 Classical.choice,
 Quot.sound]
'PerfectPower.LeanBacklogPackets.association_face_euler_3' depends on axioms: [propext, Classical.choice, Quot.sound]
'PerfectPower.LeanBacklogPackets.association_boundary_euler_3' depends on axioms: [propext,
 Classical.choice,
 Quot.sound]
'PerfectPower.LeanBacklogPackets.association_face_euler_4' depends on axioms: [propext, Classical.choice, Quot.sound]
'PerfectPower.LeanBacklogPackets.association_boundary_euler_4' depends on axioms: [propext,
 Classical.choice,
 Quot.sound]
'PerfectPower.LeanBacklogPackets.association_face_euler_5' depends on axioms: [propext, Classical.choice, Quot.sound]
'PerfectPower.LeanBacklogPackets.association_boundary_euler_5' depends on axioms: [propext,
 Classical.choice,
 Quot.sound]
'PerfectPower.LeanBacklogPackets.polyhedral_metric_0' depends on axioms: [propext, Classical.choice, Quot.sound]
'PerfectPower.LeanBacklogPackets.polyhedral_metric_1' depends on axioms: [propext, Classical.choice, Quot.sound]
'PerfectPower.LeanBacklogPackets.polyhedral_metric_2' depends on axioms: [propext, Classical.choice, Quot.sound]
'PerfectPower.LeanBacklogPackets.polyhedral_metric_3' depends on axioms: [propext, Classical.choice, Quot.sound]
'PerfectPower.LeanBacklogPackets.polyhedral_metric_4' depends on axioms: [propext, Classical.choice, Quot.sound]
'PerfectPower.LeanBacklogPackets.polyhedral_metric_5' depends on axioms: [propext, Classical.choice, Quot.sound]
'PerfectPower.LeanBacklogPackets.polyhedral_metric_6' depends on axioms: [propext, Classical.choice, Quot.sound]
'PerfectPower.LeanBacklogPackets.polyhedral_metric_7' depends on axioms: [propext, Classical.choice, Quot.sound]
