'PerfectPower.PSGStructural.quadratic_norm_identity' depends on axioms: [propext, Quot.sound]
'PerfectPower.PSGStructural.quadratic_elimination_identity' depends on axioms: [propext, Quot.sound]
'PerfectPower.PSGStructural.quadratic_elimination_sound' depends on axioms: [propext, Quot.sound]
'PerfectPower.PSGStructural.exceptional_source' depends on axioms: [propext]
'PerfectPower.PSGStructural.source_at_reconstruction' depends on axioms: [propext]
'PerfectPower.PSGStructural.cofactor_product' depends on axioms: [propext]
'PerfectPower.PSGStructural.redundant_pair' depends on axioms: [propext]
'PerfectPower.PSGStructural.affine_norm_transport' depends on axioms: [propext, Quot.sound]
'PerfectPower.PSGStructural.regular_linear_unique' depends on axioms: [propext, Classical.choice, Quot.sound]
'PerfectPower.PSGStructural.norm_regular_square' depends on axioms: [propext, Classical.choice, Quot.sound]
'PerfectPower.PSGStructural.regular_reconstruction' depends on axioms: [propext, Classical.choice, Quot.sound]
'PerfectPower.PSGStructuralPackets.source_reduction' depends on axioms: [propext, Classical.choice, Quot.sound]
'PerfectPower.PSGStructuralPackets.recovered_norm' depends on axioms: [propext, Classical.choice, Quot.sound]
'PerfectPower.PSGStructuralPackets.original_source_sound' depends on axioms: [propext, Classical.choice, Quot.sound]
'PerfectPower.PSGStructuralPackets.darboux_0' depends on axioms: [propext, Classical.choice, Quot.sound]
'PerfectPower.PSGStructuralPackets.darboux_1' depends on axioms: [propext, Classical.choice, Quot.sound]
'PerfectPower.PSGStructuralPackets.darboux_2' depends on axioms: [propext, Classical.choice, Quot.sound]
'PerfectPower.PSGStructuralPackets.darboux_3' depends on axioms: [propext, Classical.choice, Quot.sound]
'PerfectPower.PSGStructuralPackets.darboux_4' depends on axioms: [propext, Classical.choice, Quot.sound]
'PerfectPower.PSGStructuralPackets.darboux_5' depends on axioms: [propext, Classical.choice, Quot.sound]
'PerfectPower.SOESemantics.run_transport' does not depend on any axioms
'PerfectPower.SOESemantics.behavior_transport' depends on axioms: [propext]
'PerfectPower.SOESemantics.quotient_complete' depends on axioms: [propext, Classical.choice, Quot.sound]
'PerfectPower.SOESemantics.witness_sound' does not depend on any axioms
'PerfectPower.SOESemantics.minimum_cost' depends on axioms: [propext]
'PerfectPower.SOESemantics.valuation_transport' depends on axioms: [propext]
'PerfectPower.StructuralCertificates.weighted_squares_nonnegative' depends on axioms: [propext,
 Classical.choice,
 Quot.sound]
'PerfectPower.StructuralCertificates.gram_sound' depends on axioms: [propext, Classical.choice, Quot.sound]
'PerfectPower.StructuralCertificates.constraint_product_nonnegative' depends on axioms: [propext,
 Classical.choice,
 Quot.sound]
'PerfectPower.StructuralCertificates.lower_bound_sound' depends on axioms: [propext, Classical.choice, Quot.sound]
'PerfectPower.StructuralCertificates.negative_quartic_of_nonpositive_middle' depends on axioms: [propext,
 Classical.choice,
 Quot.sound]
'PerfectPower.StructuralCertificates.cover_to_curve' depends on axioms: [propext, Classical.choice, Quot.sound]
'PerfectPower.StructuralCertificates.rank_bound_from_image_sizes' depends on axioms: [propext, Quot.sound]
'PerfectPower.StructuralSpecies.occupations_reconstruct' depends on axioms: [propext, Quot.sound]
'PerfectPower.StructuralSpecies.monomial_power' depends on axioms: [propext, Quot.sound]
'PerfectPower.StructuralSpecies.bounded_power_exponent' depends on axioms: [propext, Classical.choice, Quot.sound]
'PerfectPower.NewWorkClosure.reconstruction_complete' depends on axioms: [propext, Classical.choice, Quot.sound]
'PerfectPower.NewWorkClosure.chart_inverse' depends on axioms: [propext, Classical.choice, Quot.sound]
'PerfectPower.NewWorkClosure.chart_forward' depends on axioms: [propext, Classical.choice, Quot.sound]
'PerfectPower.NewWorkClosure.chart_jacobian' depends on axioms: [propext, Classical.choice, Quot.sound]
'PerfectPower.NewWorkClosure.chart_observations' depends on axioms: [propext, Classical.choice, Quot.sound]
'PerfectPower.AdaptiveDiagnosis.optimal_correct' depends on axioms: [propext]
'PerfectPower.AdaptiveDiagnosis.optimal_cost' depends on axioms: [propext]
'PerfectPower.AdaptiveDiagnosis.zero_cost_leaf' depends on axioms: [propext, Classical.choice, Quot.sound]
'PerfectPower.AdaptiveDiagnosis.lower_bound' depends on axioms: [propext, Classical.choice, Quot.sound]
'PerfectPower.AdaptiveDiagnosis.fixed_three' depends on axioms: [propext]
'PerfectPower.AdaptiveDiagnosis.fixed_two_fail' depends on axioms: [propext, Classical.choice, Quot.sound]
'PerfectPower.StructuralPackets.ldl0' depends on axioms: [propext, Classical.choice, Quot.sound]
'PerfectPower.StructuralPackets.nonnegative0' depends on axioms: [propext, Classical.choice, Quot.sound]
'PerfectPower.StructuralPackets.dissipation0' depends on axioms: [propext, Classical.choice, Quot.sound]
'PerfectPower.StructuralPackets.ldl1' depends on axioms: [propext, Classical.choice, Quot.sound]
'PerfectPower.StructuralPackets.nonnegative1' depends on axioms: [propext, Classical.choice, Quot.sound]
'PerfectPower.StructuralPackets.dissipation1' depends on axioms: [propext, Classical.choice, Quot.sound]
'PerfectPower.StructuralPackets.ldl2' depends on axioms: [propext, Classical.choice, Quot.sound]
'PerfectPower.StructuralPackets.nonnegative2' depends on axioms: [propext, Classical.choice, Quot.sound]
'PerfectPower.StructuralPackets.ldl3' depends on axioms: [propext, Classical.choice, Quot.sound]
'PerfectPower.StructuralPackets.nonnegative3' depends on axioms: [propext, Classical.choice, Quot.sound]
'PerfectPower.StructuralPackets.global_energy' depends on axioms: [propext, Classical.choice, Quot.sound]
'PerfectPower.StructuralPackets.slice_energy' depends on axioms: [propext, Classical.choice, Quot.sound]
'PerfectPower.StructuralPackets.slice_attainment' depends on axioms: [propext, Classical.choice, Quot.sound]
'PerfectPower.SOEModelPackets.complete000' depends on axioms: [propext, Classical.choice, Quot.sound]
'PerfectPower.SOEModelPackets.complete001' depends on axioms: [propext, Classical.choice, Quot.sound]
'PerfectPower.SOEModelPackets.complete002' depends on axioms: [propext, Classical.choice, Quot.sound]
'PerfectPower.SOEModelPackets.complete003' depends on axioms: [propext, Classical.choice, Quot.sound]
'PerfectPower.SOEModelPackets.complete004' depends on axioms: [propext, Classical.choice, Quot.sound]
'PerfectPower.SOEModelPackets.complete005' depends on axioms: [propext, Classical.choice, Quot.sound]
'PerfectPower.SOEModelPackets.complete006' depends on axioms: [propext, Classical.choice, Quot.sound]
'PerfectPower.SOEModelPackets.complete007' depends on axioms: [propext, Classical.choice, Quot.sound]
'PerfectPower.SOEModelPackets.complete008' depends on axioms: [propext, Classical.choice, Quot.sound]
'PerfectPower.SOEModelPackets.complete009' depends on axioms: [propext, Classical.choice, Quot.sound]
'PerfectPower.SOEModelPackets.complete010' depends on axioms: [propext, Classical.choice, Quot.sound]
'PerfectPower.SOEModelPackets.complete011' depends on axioms: [propext, Classical.choice, Quot.sound]
'PerfectPower.SOEModelPackets.complete012' depends on axioms: [propext, Classical.choice, Quot.sound]
'PerfectPower.SOEModelPackets.complete013' depends on axioms: [propext, Classical.choice, Quot.sound]
'PerfectPower.SOEModelPackets.complete014' depends on axioms: [propext, Classical.choice, Quot.sound]
'PerfectPower.SOEModelPackets.complete015' depends on axioms: [propext, Classical.choice, Quot.sound]
'PerfectPower.SOEModelPackets.complete016' depends on axioms: [propext, Classical.choice, Quot.sound]
'PerfectPower.SOEModelPackets.complete017' depends on axioms: [propext, Classical.choice, Quot.sound]
'PerfectPower.SOEModelPackets.complete018' depends on axioms: [propext, Classical.choice, Quot.sound]
'PerfectPower.SOEModelPackets.complete019' depends on axioms: [propext, Classical.choice, Quot.sound]
'PerfectPower.SOEModelPackets.complete020' depends on axioms: [propext, Classical.choice, Quot.sound]
'PerfectPower.SOEModelPackets.complete021' depends on axioms: [propext, Classical.choice, Quot.sound]
'PerfectPower.SOEModelPackets.complete022' depends on axioms: [propext, Classical.choice, Quot.sound]
'PerfectPower.SOEModelPackets.complete023' depends on axioms: [propext, Classical.choice, Quot.sound]
'PerfectPower.SOEModelPackets.complete024' depends on axioms: [propext, Classical.choice, Quot.sound]
'PerfectPower.SOEModelPackets.complete025' depends on axioms: [propext, Classical.choice, Quot.sound]
'PerfectPower.SOEModelPackets.complete026' depends on axioms: [propext, Classical.choice, Quot.sound]
'PerfectPower.SOEModelPackets.complete027' depends on axioms: [propext, Classical.choice, Quot.sound]
'PerfectPower.SOEModelPackets.complete028' depends on axioms: [propext, Classical.choice, Quot.sound]
'PerfectPower.SOEModelPackets.complete029' depends on axioms: [propext, Classical.choice, Quot.sound]
'PerfectPower.SOEModelPackets.complete030' depends on axioms: [propext, Classical.choice, Quot.sound]
'PerfectPower.SOEModelPackets.complete031' depends on axioms: [propext, Classical.choice, Quot.sound]
'PerfectPower.SOEModelPackets.complete032' depends on axioms: [propext, Classical.choice, Quot.sound]
'PerfectPower.SOEModelPackets.complete033' depends on axioms: [propext, Classical.choice, Quot.sound]
'PerfectPower.SOEModelPackets.complete034' depends on axioms: [propext, Classical.choice, Quot.sound]
'PerfectPower.SOEModelPackets.complete035' depends on axioms: [propext, Classical.choice, Quot.sound]
'PerfectPower.SOEModelPackets.complete036' depends on axioms: [propext, Classical.choice, Quot.sound]
'PerfectPower.SOEModelPackets.complete037' depends on axioms: [propext, Classical.choice, Quot.sound]
'PerfectPower.SOEModelPackets.complete038' depends on axioms: [propext, Classical.choice, Quot.sound]
'PerfectPower.SOEModelPackets.complete039' depends on axioms: [propext, Classical.choice, Quot.sound]
'PerfectPower.SOEModelPackets.complete040' depends on axioms: [propext, Classical.choice, Quot.sound]
'PerfectPower.SOEModelPackets.complete041' depends on axioms: [propext, Classical.choice, Quot.sound]
'PerfectPower.SOEModelPackets.complete042' depends on axioms: [propext, Classical.choice, Quot.sound]
'PerfectPower.SOEModelPackets.complete043' depends on axioms: [propext, Classical.choice, Quot.sound]
'PerfectPower.SOEModelPackets.complete044' depends on axioms: [propext, Classical.choice, Quot.sound]
'PerfectPower.SOEModelPackets.complete045' depends on axioms: [propext, Classical.choice, Quot.sound]
'PerfectPower.SOEModelPackets.complete046' depends on axioms: [propext, Classical.choice, Quot.sound]
'PerfectPower.SOEModelPackets.complete047' depends on axioms: [propext, Classical.choice, Quot.sound]
'PerfectPower.SOEModelPackets.complete048' depends on axioms: [propext, Classical.choice, Quot.sound]
'PerfectPower.SOEModelPackets.complete049' depends on axioms: [propext, Classical.choice, Quot.sound]
'PerfectPower.SOEModelPackets.complete050' depends on axioms: [propext, Classical.choice, Quot.sound]
'PerfectPower.SOEModelPackets.complete051' depends on axioms: [propext, Classical.choice, Quot.sound]
'PerfectPower.SOEModelPackets.complete052' depends on axioms: [propext, Classical.choice, Quot.sound]
'PerfectPower.SOEModelPackets.complete053' depends on axioms: [propext, Classical.choice, Quot.sound]
'PerfectPower.SOEModelPackets.complete054' depends on axioms: [propext, Classical.choice, Quot.sound]
'PerfectPower.SOEModelPackets.complete055' depends on axioms: [propext, Classical.choice, Quot.sound]
'PerfectPower.SOEModelPackets.complete056' depends on axioms: [propext, Classical.choice, Quot.sound]
'PerfectPower.SOEModelPackets.complete057' depends on axioms: [propext, Classical.choice, Quot.sound]
'PerfectPower.SOEModelPackets.complete058' depends on axioms: [propext, Classical.choice, Quot.sound]
'PerfectPower.SOEModelPackets.complete059' depends on axioms: [propext, Classical.choice, Quot.sound]
'PerfectPower.SOEModelPackets.complete060' depends on axioms: [propext, Classical.choice, Quot.sound]
'PerfectPower.SOEModelPackets.complete061' depends on axioms: [propext, Classical.choice, Quot.sound]
'PerfectPower.SOEModelPackets.complete062' depends on axioms: [propext, Classical.choice, Quot.sound]
'PerfectPower.SOEModelPackets.complete063' depends on axioms: [propext, Classical.choice, Quot.sound]
'PerfectPower.SOEModelPackets.complete064' depends on axioms: [propext, Classical.choice, Quot.sound]
'PerfectPower.SOEModelPackets.complete065' depends on axioms: [propext, Classical.choice, Quot.sound]
'PerfectPower.SOEModelPackets.complete066' depends on axioms: [propext, Classical.choice, Quot.sound]
'PerfectPower.SOEModelPackets.complete067' depends on axioms: [propext, Classical.choice, Quot.sound]
'PerfectPower.SOEModelPackets.complete068' depends on axioms: [propext, Classical.choice, Quot.sound]
'PerfectPower.SOEModelPackets.complete069' depends on axioms: [propext, Classical.choice, Quot.sound]
'PerfectPower.SOEModelPackets.complete070' depends on axioms: [propext, Classical.choice, Quot.sound]
'PerfectPower.SOEModelPackets.complete071' depends on axioms: [propext, Classical.choice, Quot.sound]
'PerfectPower.SOEModelPackets.complete072' depends on axioms: [propext, Classical.choice, Quot.sound]
'PerfectPower.SOEModelPackets.complete073' depends on axioms: [propext, Classical.choice, Quot.sound]
'PerfectPower.SOEModelPackets.complete074' depends on axioms: [propext, Classical.choice, Quot.sound]
'PerfectPower.SOEModelPackets.complete075' depends on axioms: [propext, Classical.choice, Quot.sound]
'PerfectPower.SOEModelPackets.complete076' depends on axioms: [propext, Classical.choice, Quot.sound]
'PerfectPower.SOEModelPackets.complete077' depends on axioms: [propext, Classical.choice, Quot.sound]
'PerfectPower.SOEModelPackets.complete078' depends on axioms: [propext, Classical.choice, Quot.sound]
'PerfectPower.SOEModelPackets.complete079' depends on axioms: [propext, Classical.choice, Quot.sound]
'PerfectPower.SOEModelPackets.complete080' depends on axioms: [propext, Classical.choice, Quot.sound]
'PerfectPower.SOEModelPackets.complete081' depends on axioms: [propext, Classical.choice, Quot.sound]
'PerfectPower.SOEModelPackets.complete082' depends on axioms: [propext, Classical.choice, Quot.sound]
'PerfectPower.SOEModelPackets.complete083' depends on axioms: [propext, Classical.choice, Quot.sound]
'PerfectPower.SOEModelPackets.complete084' depends on axioms: [propext, Classical.choice, Quot.sound]
'PerfectPower.SOEModelPackets.complete085' depends on axioms: [propext, Classical.choice, Quot.sound]
'PerfectPower.SOEModelPackets.complete086' depends on axioms: [propext, Classical.choice, Quot.sound]
'PerfectPower.SOEModelPackets.complete087' depends on axioms: [propext, Classical.choice, Quot.sound]
'PerfectPower.SOEModelPackets.complete088' depends on axioms: [propext, Classical.choice, Quot.sound]
'PerfectPower.SOEModelPackets.complete089' depends on axioms: [propext, Classical.choice, Quot.sound]
'PerfectPower.SOEModelPackets.complete090' depends on axioms: [propext, Classical.choice, Quot.sound]
'PerfectPower.SOEModelPackets.complete091' depends on axioms: [propext, Classical.choice, Quot.sound]
'PerfectPower.SOEModelPackets.complete092' depends on axioms: [propext, Classical.choice, Quot.sound]
'PerfectPower.SOEModelPackets.complete093' depends on axioms: [propext, Classical.choice, Quot.sound]
'PerfectPower.SOEModelPackets.complete094' depends on axioms: [propext, Classical.choice, Quot.sound]
'PerfectPower.SOEModelPackets.complete095' depends on axioms: [propext, Classical.choice, Quot.sound]
'PerfectPower.SOEModelPackets.complete096' depends on axioms: [propext, Classical.choice, Quot.sound]
'PerfectPower.SOEModelPackets.complete097' depends on axioms: [propext, Classical.choice, Quot.sound]
'PerfectPower.SOEModelPackets.complete098' depends on axioms: [propext, Classical.choice, Quot.sound]
'PerfectPower.SOEModelPackets.complete099' depends on axioms: [propext, Classical.choice, Quot.sound]
'PerfectPower.SOEModelPackets.complete100' depends on axioms: [propext, Classical.choice, Quot.sound]
'PerfectPower.SOEModelPackets.complete101' depends on axioms: [propext, Classical.choice, Quot.sound]
'PerfectPower.SOEModelPackets.complete102' depends on axioms: [propext, Classical.choice, Quot.sound]
'PerfectPower.SOEModelPackets.complete103' depends on axioms: [propext, Classical.choice, Quot.sound]
'PerfectPower.SOEModelPackets.complete104' depends on axioms: [propext, Classical.choice, Quot.sound]
'PerfectPower.SOEModelPackets.complete105' depends on axioms: [propext, Classical.choice, Quot.sound]
'PerfectPower.SOEModelPackets.complete106' depends on axioms: [propext, Classical.choice, Quot.sound]
'PerfectPower.SOEModelPackets.complete107' depends on axioms: [propext, Classical.choice, Quot.sound]
'PerfectPower.SOEModelPackets.complete108' depends on axioms: [propext, Classical.choice, Quot.sound]
'PerfectPower.SOEModelPackets.complete109' depends on axioms: [propext, Classical.choice, Quot.sound]
'PerfectPower.SOEModelPackets.complete110' depends on axioms: [propext, Classical.choice, Quot.sound]
'PerfectPower.SOEModelPackets.complete111' depends on axioms: [propext, Classical.choice, Quot.sound]
'PerfectPower.SOEModelPackets.complete112' depends on axioms: [propext, Classical.choice, Quot.sound]
'PerfectPower.SOEModelPackets.complete113' depends on axioms: [propext, Classical.choice, Quot.sound]
'PerfectPower.SOEModelPackets.complete114' depends on axioms: [propext, Classical.choice, Quot.sound]
'PerfectPower.SOEModelPackets.complete115' depends on axioms: [propext, Classical.choice, Quot.sound]
'PerfectPower.SOEModelPackets.complete116' depends on axioms: [propext, Classical.choice, Quot.sound]
'PerfectPower.SOEModelPackets.complete117' depends on axioms: [propext, Classical.choice, Quot.sound]
'PerfectPower.SOEModelPackets.complete118' depends on axioms: [propext, Classical.choice, Quot.sound]
'PerfectPower.SOEModelPackets.complete119' depends on axioms: [propext, Classical.choice, Quot.sound]
'PerfectPower.SOEModelPackets.complete120' depends on axioms: [propext, Classical.choice, Quot.sound]
'PerfectPower.SOEModelPackets.complete121' depends on axioms: [propext, Classical.choice, Quot.sound]
'PerfectPower.SOEModelPackets.complete122' depends on axioms: [propext, Classical.choice, Quot.sound]
'PerfectPower.SOEModelPackets.complete123' depends on axioms: [propext, Classical.choice, Quot.sound]
'PerfectPower.SOEModelPackets.complete124' depends on axioms: [propext, Classical.choice, Quot.sound]
'PerfectPower.SOEModelPackets.complete125' depends on axioms: [propext, Classical.choice, Quot.sound]
'PerfectPower.SOEModelPackets.complete126' depends on axioms: [propext, Classical.choice, Quot.sound]
'PerfectPower.SOEModelPackets.complete127' depends on axioms: [propext, Classical.choice, Quot.sound]
'PerfectPower.SOEModelPackets.complete128' depends on axioms: [propext, Classical.choice, Quot.sound]
'PerfectPower.SOEModelPackets.complete129' depends on axioms: [propext, Classical.choice, Quot.sound]
'PerfectPower.SOEModelPackets.complete130' depends on axioms: [propext, Classical.choice, Quot.sound]
'PerfectPower.SOEModelPackets.complete131' depends on axioms: [propext, Classical.choice, Quot.sound]
'PerfectPower.SOEModelPackets.complete132' depends on axioms: [propext, Classical.choice, Quot.sound]
'PerfectPower.SOEModelPackets.complete133' depends on axioms: [propext, Classical.choice, Quot.sound]
'PerfectPower.SOEModelPackets.complete134' depends on axioms: [propext, Classical.choice, Quot.sound]
'PerfectPower.SOEModelPackets.complete135' depends on axioms: [propext, Classical.choice, Quot.sound]
'PerfectPower.SOEModelPackets.complete136' depends on axioms: [propext, Classical.choice, Quot.sound]
'PerfectPower.SOEModelPackets.complete137' depends on axioms: [propext, Classical.choice, Quot.sound]
'PerfectPower.SOEModelPackets.complete138' depends on axioms: [propext, Classical.choice, Quot.sound]
'PerfectPower.SOEModelPackets.complete139' depends on axioms: [propext, Classical.choice, Quot.sound]
'PerfectPower.SOEModelPackets.complete140' depends on axioms: [propext, Classical.choice, Quot.sound]
'PerfectPower.SOEModelPackets.complete141' depends on axioms: [propext, Classical.choice, Quot.sound]
'PerfectPower.SOEModelPackets.complete142' depends on axioms: [propext, Classical.choice, Quot.sound]
'PerfectPower.SOEModelPackets.complete143' depends on axioms: [propext, Classical.choice, Quot.sound]
'PerfectPower.SOEModelPackets.complete144' depends on axioms: [propext, Classical.choice, Quot.sound]
'PerfectPower.SOEModelPackets.complete145' depends on axioms: [propext, Classical.choice, Quot.sound]
'PerfectPower.SOEModelPackets.complete146' depends on axioms: [propext, Classical.choice, Quot.sound]
'PerfectPower.SOEModelPackets.complete147' depends on axioms: [propext, Classical.choice, Quot.sound]
'PerfectPower.SOEModelPackets.complete148' depends on axioms: [propext, Classical.choice, Quot.sound]
'PerfectPower.SOEModelPackets.complete149' depends on axioms: [propext, Classical.choice, Quot.sound]
'PerfectPower.SOEModelPackets.complete150' depends on axioms: [propext, Classical.choice, Quot.sound]
'PerfectPower.SOEModelPackets.complete151' depends on axioms: [propext, Classical.choice, Quot.sound]
'PerfectPower.SOEModelPackets.complete152' depends on axioms: [propext, Classical.choice, Quot.sound]
'PerfectPower.SOEModelPackets.complete153' depends on axioms: [propext, Classical.choice, Quot.sound]
'PerfectPower.SOEModelPackets.complete154' depends on axioms: [propext, Classical.choice, Quot.sound]
'PerfectPower.SOEModelPackets.complete155' depends on axioms: [propext, Classical.choice, Quot.sound]
'PerfectPower.SOEModelPackets.complete156' depends on axioms: [propext, Classical.choice, Quot.sound]
'PerfectPower.SOEModelPackets.complete157' depends on axioms: [propext, Classical.choice, Quot.sound]
'PerfectPower.SOEModelPackets.complete158' depends on axioms: [propext, Classical.choice, Quot.sound]
'PerfectPower.SOEModelPackets.complete159' depends on axioms: [propext, Classical.choice, Quot.sound]
'PerfectPower.SOEModelPackets.complete160' depends on axioms: [propext, Classical.choice, Quot.sound]
'PerfectPower.SOEModelPackets.complete161' depends on axioms: [propext, Classical.choice, Quot.sound]
'PerfectPower.SOEModelPackets.complete162' depends on axioms: [propext, Classical.choice, Quot.sound]
'PerfectPower.SOEModelPackets.complete163' depends on axioms: [propext, Classical.choice, Quot.sound]
'PerfectPower.SOEModelPackets.complete164' depends on axioms: [propext, Classical.choice, Quot.sound]
'PerfectPower.SOEModelPackets.complete165' depends on axioms: [propext, Classical.choice, Quot.sound]
'PerfectPower.SOEModelPackets.complete166' depends on axioms: [propext, Classical.choice, Quot.sound]
'PerfectPower.SOEModelPackets.complete167' depends on axioms: [propext, Classical.choice, Quot.sound]
'PerfectPower.SOEModelPackets.complete168' depends on axioms: [propext, Classical.choice, Quot.sound]
'PerfectPower.SOEModelPackets.complete169' depends on axioms: [propext, Classical.choice, Quot.sound]
'PerfectPower.SOEModelPackets.complete170' depends on axioms: [propext, Classical.choice, Quot.sound]
'PerfectPower.SOEModelPackets.complete171' depends on axioms: [propext, Classical.choice, Quot.sound]
'PerfectPower.SOEModelPackets.complete172' depends on axioms: [propext, Classical.choice, Quot.sound]
'PerfectPower.SOEModelPackets.complete173' depends on axioms: [propext, Classical.choice, Quot.sound]
'PerfectPower.SOEModelPackets.complete174' depends on axioms: [propext, Classical.choice, Quot.sound]
'PerfectPower.SOEModelPackets.complete175' depends on axioms: [propext, Classical.choice, Quot.sound]
'PerfectPower.SOEModelPackets.complete176' depends on axioms: [propext, Classical.choice, Quot.sound]
'PerfectPower.SOEModelPackets.complete177' depends on axioms: [propext, Classical.choice, Quot.sound]
'PerfectPower.SOEModelPackets.complete178' depends on axioms: [propext, Classical.choice, Quot.sound]
'PerfectPower.SOEModelPackets.complete179' depends on axioms: [propext, Classical.choice, Quot.sound]
'PerfectPower.SOEModelPackets.complete180' depends on axioms: [propext, Classical.choice, Quot.sound]
'PerfectPower.SOEModelPackets.complete181' depends on axioms: [propext, Classical.choice, Quot.sound]
'PerfectPower.SOEModelPackets.complete182' depends on axioms: [propext, Classical.choice, Quot.sound]
'PerfectPower.SOEModelPackets.complete183' depends on axioms: [propext, Classical.choice, Quot.sound]
'PerfectPower.SOEModelPackets.complete184' depends on axioms: [propext, Classical.choice, Quot.sound]
'PerfectPower.SOEModelPackets.complete185' depends on axioms: [propext, Classical.choice, Quot.sound]
'PerfectPower.SOEModelPackets.complete186' depends on axioms: [propext, Classical.choice, Quot.sound]
'PerfectPower.SOEModelPackets.complete187' depends on axioms: [propext, Classical.choice, Quot.sound]
'PerfectPower.SOEModelPackets.complete188' depends on axioms: [propext, Classical.choice, Quot.sound]
'PerfectPower.SOEModelPackets.complete189' depends on axioms: [propext, Classical.choice, Quot.sound]
'PerfectPower.SOEModelPackets.complete190' depends on axioms: [propext, Classical.choice, Quot.sound]
'PerfectPower.SOEModelPackets.complete191' depends on axioms: [propext, Classical.choice, Quot.sound]
'PerfectPower.SOEModelPackets.complete192' depends on axioms: [propext, Classical.choice, Quot.sound]
'PerfectPower.SOEModelPackets.complete193' depends on axioms: [propext, Classical.choice, Quot.sound]
'PerfectPower.SOEModelPackets.complete194' depends on axioms: [propext, Classical.choice, Quot.sound]
'PerfectPower.SOEModelPackets.complete195' depends on axioms: [propext, Classical.choice, Quot.sound]
'PerfectPower.SOEModelPackets.complete196' depends on axioms: [propext, Classical.choice, Quot.sound]
'PerfectPower.SOEModelPackets.complete197' depends on axioms: [propext, Classical.choice, Quot.sound]
'PerfectPower.SOEModelPackets.complete198' depends on axioms: [propext, Classical.choice, Quot.sound]
'PerfectPower.SOEModelPackets.complete199' depends on axioms: [propext, Classical.choice, Quot.sound]
'PerfectPower.SOEModelPackets.complete200' depends on axioms: [propext, Classical.choice, Quot.sound]
'PerfectPower.SOEModelPackets.complete201' depends on axioms: [propext, Classical.choice, Quot.sound]
'PerfectPower.SOEModelPackets.complete202' depends on axioms: [propext, Classical.choice, Quot.sound]
'PerfectPower.SOEModelPackets.complete203' depends on axioms: [propext, Classical.choice, Quot.sound]
'PerfectPower.SOEModelPackets.complete204' depends on axioms: [propext, Classical.choice, Quot.sound]
'PerfectPower.SOEModelPackets.complete205' depends on axioms: [propext, Classical.choice, Quot.sound]
'PerfectPower.SOEModelPackets.complete206' depends on axioms: [propext, Classical.choice, Quot.sound]
'PerfectPower.SOEModelPackets.complete207' depends on axioms: [propext, Classical.choice, Quot.sound]
'PerfectPower.SOEModelPackets.complete208' depends on axioms: [propext, Classical.choice, Quot.sound]
'PerfectPower.SOEModelPackets.complete209' depends on axioms: [propext, Classical.choice, Quot.sound]
'PerfectPower.SOEModelPackets.complete210' depends on axioms: [propext, Classical.choice, Quot.sound]
'PerfectPower.SOEModelPackets.complete211' depends on axioms: [propext, Classical.choice, Quot.sound]
'PerfectPower.SOEModelPackets.complete212' depends on axioms: [propext, Classical.choice, Quot.sound]
'PerfectPower.SOEModelPackets.complete213' depends on axioms: [propext, Classical.choice, Quot.sound]
'PerfectPower.SOEModelPackets.complete214' depends on axioms: [propext, Classical.choice, Quot.sound]
'PerfectPower.SOEModelPackets.complete215' depends on axioms: [propext, Classical.choice, Quot.sound]
'PerfectPower.SOEModelPackets.complete216' depends on axioms: [propext, Classical.choice, Quot.sound]
'PerfectPower.SOEModelPackets.complete217' depends on axioms: [propext, Classical.choice, Quot.sound]
'PerfectPower.SOEModelPackets.complete218' depends on axioms: [propext, Classical.choice, Quot.sound]
'PerfectPower.SOEModelPackets.complete219' depends on axioms: [propext, Classical.choice, Quot.sound]
'PerfectPower.SOEModelPackets.complete220' depends on axioms: [propext, Classical.choice, Quot.sound]
'PerfectPower.SOEModelPackets.complete221' depends on axioms: [propext, Classical.choice, Quot.sound]
'PerfectPower.SOEModelPackets.complete222' depends on axioms: [propext, Classical.choice, Quot.sound]
'PerfectPower.SOEModelPackets.complete223' depends on axioms: [propext, Classical.choice, Quot.sound]
'PerfectPower.SOEModelPackets.complete224' depends on axioms: [propext, Classical.choice, Quot.sound]
'PerfectPower.SOEModelPackets.complete225' depends on axioms: [propext, Classical.choice, Quot.sound]
'PerfectPower.SOEModelPackets.complete226' depends on axioms: [propext, Classical.choice, Quot.sound]
'PerfectPower.SOEModelPackets.complete227' depends on axioms: [propext, Classical.choice, Quot.sound]
'PerfectPower.SOEModelPackets.complete228' depends on axioms: [propext, Classical.choice, Quot.sound]
'PerfectPower.SOEModelPackets.complete229' depends on axioms: [propext, Classical.choice, Quot.sound]
'PerfectPower.SOEModelPackets.complete230' depends on axioms: [propext, Classical.choice, Quot.sound]
'PerfectPower.SOEModelPackets.complete231' depends on axioms: [propext, Classical.choice, Quot.sound]
'PerfectPower.SOEModelPackets.complete232' depends on axioms: [propext, Classical.choice, Quot.sound]
'PerfectPower.SOEModelPackets.complete233' depends on axioms: [propext, Classical.choice, Quot.sound]
'PerfectPower.SOEModelPackets.complete234' depends on axioms: [propext, Classical.choice, Quot.sound]
'PerfectPower.SOEModelPackets.complete235' depends on axioms: [propext, Classical.choice, Quot.sound]
'PerfectPower.SOEModelPackets.complete236' depends on axioms: [propext, Classical.choice, Quot.sound]
'PerfectPower.SOEModelPackets.complete237' depends on axioms: [propext, Classical.choice, Quot.sound]
'PerfectPower.SOEModelPackets.complete238' depends on axioms: [propext, Classical.choice, Quot.sound]
'PerfectPower.SOEModelPackets.complete239' depends on axioms: [propext, Classical.choice, Quot.sound]
'PerfectPower.SOEModelPackets.complete240' depends on axioms: [propext, Classical.choice, Quot.sound]
'PerfectPower.SOEModelPackets.complete241' depends on axioms: [propext, Classical.choice, Quot.sound]
'PerfectPower.SOEModelPackets.complete242' depends on axioms: [propext, Classical.choice, Quot.sound]
'PerfectPower.SOEModelPackets.complete243' depends on axioms: [propext, Classical.choice, Quot.sound]
'PerfectPower.SOEModelPackets.complete244' depends on axioms: [propext, Classical.choice, Quot.sound]
'PerfectPower.SOEModelPackets.complete245' depends on axioms: [propext, Classical.choice, Quot.sound]
'PerfectPower.SOEModelPackets.complete246' depends on axioms: [propext, Classical.choice, Quot.sound]
'PerfectPower.SOEModelPackets.complete247' depends on axioms: [propext, Classical.choice, Quot.sound]
'PerfectPower.SOEModelPackets.complete248' depends on axioms: [propext, Classical.choice, Quot.sound]
'PerfectPower.SOEModelPackets.complete249' depends on axioms: [propext, Classical.choice, Quot.sound]
'PerfectPower.SOEModelPackets.complete250' depends on axioms: [propext, Classical.choice, Quot.sound]
'PerfectPower.SOEModelPackets.complete251' depends on axioms: [propext, Classical.choice, Quot.sound]
'PerfectPower.SOEModelPackets.complete252' depends on axioms: [propext, Classical.choice, Quot.sound]
'PerfectPower.SOEModelPackets.complete253' depends on axioms: [propext, Classical.choice, Quot.sound]
'PerfectPower.SOEModelPackets.complete254' depends on axioms: [propext, Classical.choice, Quot.sound]
'PerfectPower.SOEModelPackets.complete255' depends on axioms: [propext, Classical.choice, Quot.sound]
'PerfectPower.SOEModelPackets.complete256' depends on axioms: [propext, Classical.choice, Quot.sound]
'PerfectPower.SOEModelPackets.complete257' depends on axioms: [propext, Classical.choice, Quot.sound]
'PerfectPower.SOEModelPackets.complete258' depends on axioms: [propext, Classical.choice, Quot.sound]
'PerfectPower.SOEModelPackets.complete259' depends on axioms: [propext, Classical.choice, Quot.sound]
'PerfectPower.SOEModelPackets.complete260' depends on axioms: [propext, Classical.choice, Quot.sound]
'PerfectPower.SOEModelPackets.complete261' depends on axioms: [propext, Classical.choice, Quot.sound]
'PerfectPower.SOEModelPackets.complete262' depends on axioms: [propext, Classical.choice, Quot.sound]
'PerfectPower.SOEModelPackets.complete263' depends on axioms: [propext, Classical.choice, Quot.sound]
'PerfectPower.SOEModelPackets.complete264' depends on axioms: [propext, Classical.choice, Quot.sound]
'PerfectPower.SOEModelPackets.complete265' depends on axioms: [propext, Classical.choice, Quot.sound]
'PerfectPower.SOEModelPackets.complete266' depends on axioms: [propext, Classical.choice, Quot.sound]
'PerfectPower.SOEModelPackets.complete267' depends on axioms: [propext, Classical.choice, Quot.sound]
'PerfectPower.SOEModelPackets.complete268' depends on axioms: [propext, Classical.choice, Quot.sound]
'PerfectPower.SOEModelPackets.complete269' depends on axioms: [propext, Classical.choice, Quot.sound]
'PerfectPower.SOEModelPackets.complete270' depends on axioms: [propext, Classical.choice, Quot.sound]
'PerfectPower.SOEModelPackets.complete271' depends on axioms: [propext, Classical.choice, Quot.sound]
'PerfectPower.SOEModelPackets.complete272' depends on axioms: [propext, Classical.choice, Quot.sound]
'PerfectPower.SOEModelPackets.complete273' depends on axioms: [propext, Classical.choice, Quot.sound]
'PerfectPower.SOEModelPackets.complete274' depends on axioms: [propext, Classical.choice, Quot.sound]
'PerfectPower.SOEModelPackets.complete275' depends on axioms: [propext, Classical.choice, Quot.sound]
'PerfectPower.SOEModelPackets.complete276' depends on axioms: [propext, Classical.choice, Quot.sound]
'PerfectPower.SOEModelPackets.complete277' depends on axioms: [propext, Classical.choice, Quot.sound]
'PerfectPower.SOEModelPackets.complete278' depends on axioms: [propext, Classical.choice, Quot.sound]
'PerfectPower.SOEModelPackets.complete279' depends on axioms: [propext, Classical.choice, Quot.sound]
'PerfectPower.SOEModelPackets.complete280' depends on axioms: [propext, Classical.choice, Quot.sound]
'PerfectPower.SOEModelPackets.complete281' depends on axioms: [propext, Classical.choice, Quot.sound]
'PerfectPower.SOEModelPackets.complete282' depends on axioms: [propext, Classical.choice, Quot.sound]
'PerfectPower.SOEModelPackets.complete283' depends on axioms: [propext, Classical.choice, Quot.sound]
'PerfectPower.SOEModelPackets.complete284' depends on axioms: [propext, Classical.choice, Quot.sound]
'PerfectPower.SOEModelPackets.complete285' depends on axioms: [propext, Classical.choice, Quot.sound]
'PerfectPower.SOEModelPackets.complete286' depends on axioms: [propext, Classical.choice, Quot.sound]
'PerfectPower.SOEModelPackets.complete287' depends on axioms: [propext, Classical.choice, Quot.sound]
'PerfectPower.SOEModelPackets.complete288' depends on axioms: [propext, Classical.choice, Quot.sound]
'PerfectPower.SOEModelPackets.complete289' depends on axioms: [propext, Classical.choice, Quot.sound]
'PerfectPower.SOEModelPackets.complete290' depends on axioms: [propext, Classical.choice, Quot.sound]
'PerfectPower.SOEModelPackets.complete291' depends on axioms: [propext, Classical.choice, Quot.sound]
'PerfectPower.SOEModelPackets.complete292' depends on axioms: [propext, Classical.choice, Quot.sound]
'PerfectPower.SOEModelPackets.complete293' depends on axioms: [propext, Classical.choice, Quot.sound]
'PerfectPower.SOEModelPackets.complete294' depends on axioms: [propext, Classical.choice, Quot.sound]
'PerfectPower.SOEModelPackets.complete295' depends on axioms: [propext, Classical.choice, Quot.sound]
'PerfectPower.SOEModelPackets.complete296' depends on axioms: [propext, Classical.choice, Quot.sound]
'PerfectPower.SOEModelPackets.complete297' depends on axioms: [propext, Classical.choice, Quot.sound]
'PerfectPower.SOEModelPackets.complete298' depends on axioms: [propext, Classical.choice, Quot.sound]
'PerfectPower.SOEModelPackets.complete299' depends on axioms: [propext, Classical.choice, Quot.sound]
'PerfectPower.SOEModelPackets.complete300' depends on axioms: [propext, Classical.choice, Quot.sound]
'PerfectPower.SOEModelPackets.complete301' depends on axioms: [propext, Classical.choice, Quot.sound]
'PerfectPower.SOEModelPackets.complete302' depends on axioms: [propext, Classical.choice, Quot.sound]
'PerfectPower.SOEModelPackets.complete303' depends on axioms: [propext, Classical.choice, Quot.sound]
'PerfectPower.SOEModelPackets.complete304' depends on axioms: [propext, Classical.choice, Quot.sound]
'PerfectPower.SOEModelPackets.complete305' depends on axioms: [propext, Classical.choice, Quot.sound]
'PerfectPower.SOEModelPackets.complete306' depends on axioms: [propext, Classical.choice, Quot.sound]
'PerfectPower.SOEModelPackets.complete307' depends on axioms: [propext, Classical.choice, Quot.sound]
'PerfectPower.SOEModelPackets.complete308' depends on axioms: [propext, Classical.choice, Quot.sound]
'PerfectPower.SOEModelPackets.complete309' depends on axioms: [propext, Classical.choice, Quot.sound]
'PerfectPower.SOEModelPackets.complete310' depends on axioms: [propext, Classical.choice, Quot.sound]
'PerfectPower.SOEModelPackets.complete311' depends on axioms: [propext, Classical.choice, Quot.sound]
'PerfectPower.SOEModelPackets.complete312' depends on axioms: [propext, Classical.choice, Quot.sound]
'PerfectPower.SOEModelPackets.complete313' depends on axioms: [propext, Classical.choice, Quot.sound]
'PerfectPower.SOEModelPackets.complete314' depends on axioms: [propext, Classical.choice, Quot.sound]
'PerfectPower.SOEModelPackets.complete315' depends on axioms: [propext, Classical.choice, Quot.sound]
'PerfectPower.SOEModelPackets.complete316' depends on axioms: [propext, Classical.choice, Quot.sound]
'PerfectPower.SOEModelPackets.complete317' depends on axioms: [propext, Classical.choice, Quot.sound]
'PerfectPower.SOEModelPackets.complete318' depends on axioms: [propext, Classical.choice, Quot.sound]
'PerfectPower.SOEModelPackets.complete319' depends on axioms: [propext, Classical.choice, Quot.sound]
'PerfectPower.SOEModelPackets.complete320' depends on axioms: [propext, Classical.choice, Quot.sound]
'PerfectPower.SOEModelPackets.complete321' depends on axioms: [propext, Classical.choice, Quot.sound]
'PerfectPower.SOEModelPackets.complete322' depends on axioms: [propext, Classical.choice, Quot.sound]
'PerfectPower.SOEModelPackets.complete323' depends on axioms: [propext, Classical.choice, Quot.sound]
