'PerfectPower.NativePowerRoots.search_bounds' depends on axioms: [propext, Classical.choice, Quot.sound]
'PerfectPower.NativePowerRoots.root_bounds' depends on axioms: [propext, Classical.choice, Quot.sound]
'PerfectPower.NativePowerRoots.root_exact' depends on axioms: [propext, Classical.choice, Quot.sound]
'PerfectPower.NativePowerRoots.roots_complete' depends on axioms: [propext, Classical.choice, Quot.sound]
'PerfectPower.RungePower.nonneg_gap' depends on axioms: [propext, Classical.choice, Quot.sound]
'PerfectPower.RungePower.power_gap' depends on axioms: [propext, Classical.choice, Quot.sound]
'PerfectPower.RungePower.coordinate_bound' depends on axioms: [propext, Classical.choice, Quot.sound]
'PerfectPower.RungePower.complete' depends on axioms: [propext, Classical.choice, Quot.sound]
'PerfectPower.RungePower.power_family' depends on axioms: [propext, Classical.choice, Quot.sound]
'NativeRungePowerAudit.exponent_2_decomposition' depends on axioms: [propext, Classical.choice, Quot.sound]
'NativeRungePowerAudit.exponent_2_dominating_power' depends on axioms: [propext, Classical.choice, Quot.sound]
'NativeRungePowerAudit.exponent_2_bound' depends on axioms: [propext, Classical.choice, Quot.sound]
'NativeRungePowerAudit.exponent_2_complete' depends on axioms: [propext, Classical.choice, Quot.sound]
'NativeRungePowerAudit.exponent_2_packet' depends on axioms: [propext, Classical.choice, Quot.sound]
'NativeRungePowerAudit.exponent_3_decomposition' depends on axioms: [propext, Classical.choice, Quot.sound]
'NativeRungePowerAudit.exponent_3_dominating_power' depends on axioms: [propext, Classical.choice, Quot.sound]
'NativeRungePowerAudit.exponent_3_bound' depends on axioms: [propext, Classical.choice, Quot.sound]
'NativeRungePowerAudit.exponent_3_complete' depends on axioms: [propext, Classical.choice, Quot.sound]
'NativeRungePowerAudit.exponent_3_packet' depends on axioms: [propext, Classical.choice, Quot.sound]
'NativeRungePowerAudit.exponent_4_decomposition' depends on axioms: [propext, Classical.choice, Quot.sound]
'NativeRungePowerAudit.exponent_4_dominating_power' depends on axioms: [propext, Classical.choice, Quot.sound]
'NativeRungePowerAudit.exponent_4_bound' depends on axioms: [propext, Classical.choice, Quot.sound]
'NativeRungePowerAudit.exponent_4_complete' depends on axioms: [propext, Classical.choice, Quot.sound]
'NativeRungePowerAudit.exponent_4_packet' depends on axioms: [propext, Classical.choice, Quot.sound]
'NativeRungePowerAudit.exponent_5_decomposition' depends on axioms: [propext, Classical.choice, Quot.sound]
'NativeRungePowerAudit.exponent_5_dominating_power' depends on axioms: [propext, Classical.choice, Quot.sound]
'NativeRungePowerAudit.exponent_5_bound' depends on axioms: [propext, Classical.choice, Quot.sound]
'NativeRungePowerAudit.exponent_5_complete' depends on axioms: [propext, Classical.choice, Quot.sound]
'NativeRungePowerAudit.exponent_5_packet' depends on axioms: [propext, Classical.choice, Quot.sound]
'NativeRungePowerAudit.exponent_6_decomposition' depends on axioms: [propext, Classical.choice, Quot.sound]
'NativeRungePowerAudit.exponent_6_dominating_power' depends on axioms: [propext, Classical.choice, Quot.sound]
'NativeRungePowerAudit.exponent_6_bound' depends on axioms: [propext, Classical.choice, Quot.sound]
'NativeRungePowerAudit.exponent_6_complete' depends on axioms: [propext, Classical.choice, Quot.sound]
'NativeRungePowerAudit.exponent_6_packet' depends on axioms: [propext, Classical.choice, Quot.sound]
'NativeRungePowerAudit.exponent_7_decomposition' depends on axioms: [propext, Classical.choice, Quot.sound]
'NativeRungePowerAudit.exponent_7_dominating_power' depends on axioms: [propext, Classical.choice, Quot.sound]
'NativeRungePowerAudit.exponent_7_bound' depends on axioms: [propext, Classical.choice, Quot.sound]
'NativeRungePowerAudit.exponent_7_complete' depends on axioms: [propext, Classical.choice, Quot.sound]
'NativeRungePowerAudit.exponent_7_packet' depends on axioms: [propext, Classical.choice, Quot.sound]
'NativeRungePowerAudit.exponent_8_decomposition' depends on axioms: [propext, Classical.choice, Quot.sound]
'NativeRungePowerAudit.exponent_8_dominating_power' depends on axioms: [propext, Classical.choice, Quot.sound]
'NativeRungePowerAudit.exponent_8_bound' depends on axioms: [propext, Classical.choice, Quot.sound]
'NativeRungePowerAudit.exponent_8_complete' depends on axioms: [propext, Classical.choice, Quot.sound]
'NativeRungePowerAudit.exponent_8_packet' depends on axioms: [propext, Classical.choice, Quot.sound]
'NativeRungePowerAudit.exponent_9_decomposition' depends on axioms: [propext, Classical.choice, Quot.sound]
'NativeRungePowerAudit.exponent_9_dominating_power' depends on axioms: [propext, Classical.choice, Quot.sound]
'NativeRungePowerAudit.exponent_9_bound' depends on axioms: [propext, Classical.choice, Quot.sound]
'NativeRungePowerAudit.exponent_9_complete' depends on axioms: [propext, Classical.choice, Quot.sound]
'NativeRungePowerAudit.exponent_9_packet' depends on axioms: [propext, Classical.choice, Quot.sound]
'NativeRungePowerAudit.exponent_10_decomposition' depends on axioms: [propext, Classical.choice, Quot.sound]
'NativeRungePowerAudit.exponent_10_dominating_power' depends on axioms: [propext, Classical.choice, Quot.sound]
'NativeRungePowerAudit.exponent_10_bound' depends on axioms: [propext, Classical.choice, Quot.sound]
'NativeRungePowerAudit.exponent_10_complete' depends on axioms: [propext, Classical.choice, Quot.sound]
'NativeRungePowerAudit.exponent_10_packet' depends on axioms: [propext, Classical.choice, Quot.sound]
'NativeRungePowerAudit.cubic_decomposition' depends on axioms: [propext, Classical.choice, Quot.sound]
'NativeRungePowerAudit.cubic_dominating_power' depends on axioms: [propext, Classical.choice, Quot.sound]
'NativeRungePowerAudit.cubic_bound' depends on axioms: [propext, Classical.choice, Quot.sound]
'NativeRungePowerAudit.cubic_complete' depends on axioms: [propext, Classical.choice, Quot.sound]
'NativeRungePowerAudit.cubic_packet' depends on axioms: [propext, Classical.choice, Quot.sound]
'NativeRungePowerAudit.negative_cubic_decomposition' depends on axioms: [propext, Classical.choice, Quot.sound]
'NativeRungePowerAudit.negative_cubic_dominating_power' depends on axioms: [propext, Classical.choice, Quot.sound]
'NativeRungePowerAudit.negative_cubic_bound' depends on axioms: [propext, Classical.choice, Quot.sound]
'NativeRungePowerAudit.negative_cubic_complete' depends on axioms: [propext, Classical.choice, Quot.sound]
'NativeRungePowerAudit.negative_cubic_packet' depends on axioms: [propext, Classical.choice, Quot.sound]
'NativeRungePowerAudit.negative_sextic_decomposition' depends on axioms: [propext, Classical.choice, Quot.sound]
'NativeRungePowerAudit.negative_sextic_dominating_power' depends on axioms: [propext, Classical.choice, Quot.sound]
'NativeRungePowerAudit.negative_sextic_bound' depends on axioms: [propext, Classical.choice, Quot.sound]
'NativeRungePowerAudit.negative_sextic_complete' depends on axioms: [propext, Classical.choice, Quot.sound]
'NativeRungePowerAudit.negative_sextic_packet' depends on axioms: [propext, Classical.choice, Quot.sound]
'NativeRungePowerAudit.nonmonic_cube_decomposition' depends on axioms: [propext, Classical.choice, Quot.sound]
'NativeRungePowerAudit.nonmonic_cube_dominating_power' depends on axioms: [propext, Classical.choice, Quot.sound]
'NativeRungePowerAudit.nonmonic_cube_bound' depends on axioms: [propext, Classical.choice, Quot.sound]
'NativeRungePowerAudit.nonmonic_cube_complete' depends on axioms: [propext, Classical.choice, Quot.sound]
'NativeRungePowerAudit.nonmonic_cube_packet' depends on axioms: [propext, Classical.choice, Quot.sound]
'NativeRungePowerAudit.dense_cube_decomposition' depends on axioms: [propext, Classical.choice, Quot.sound]
'NativeRungePowerAudit.dense_cube_dominating_power' depends on axioms: [propext, Classical.choice, Quot.sound]
'NativeRungePowerAudit.dense_cube_bound' depends on axioms: [propext, Classical.choice, Quot.sound]
'NativeRungePowerAudit.dense_cube_complete' depends on axioms: [propext, Classical.choice, Quot.sound]
'NativeRungePowerAudit.dense_cube_packet' depends on axioms: [propext, Classical.choice, Quot.sound]
'NativeRungePowerAudit.dense_fourth_decomposition' depends on axioms: [propext, Classical.choice, Quot.sound]
'NativeRungePowerAudit.dense_fourth_dominating_power' depends on axioms: [propext, Classical.choice, Quot.sound]
'NativeRungePowerAudit.dense_fourth_bound' depends on axioms: [propext, Classical.choice, Quot.sound]
'NativeRungePowerAudit.dense_fourth_complete' depends on axioms: [propext, Classical.choice, Quot.sound]
'NativeRungePowerAudit.dense_fourth_packet' depends on axioms: [propext, Classical.choice, Quot.sound]
'NativeRungePowerAudit.dense_fifth_decomposition' depends on axioms: [propext, Classical.choice, Quot.sound]
'NativeRungePowerAudit.dense_fifth_dominating_power' depends on axioms: [propext, Classical.choice, Quot.sound]
'NativeRungePowerAudit.dense_fifth_bound' depends on axioms: [propext, Classical.choice, Quot.sound]
'NativeRungePowerAudit.dense_fifth_complete' depends on axioms: [propext, Classical.choice, Quot.sound]
'NativeRungePowerAudit.dense_fifth_packet' depends on axioms: [propext, Classical.choice, Quot.sound]
'NativeRungePowerAudit.residual_root_decomposition' depends on axioms: [propext, Classical.choice, Quot.sound]
'NativeRungePowerAudit.residual_root_dominating_power' depends on axioms: [propext, Classical.choice, Quot.sound]
'NativeRungePowerAudit.residual_root_bound' depends on axioms: [propext, Classical.choice, Quot.sound]
'NativeRungePowerAudit.residual_root_complete' depends on axioms: [propext, Classical.choice, Quot.sound]
'NativeRungePowerAudit.residual_root_packet' depends on axioms: [propext, Classical.choice, Quot.sound]
'NativeRungePowerAudit.zero_fibre_decomposition' depends on axioms: [propext, Classical.choice, Quot.sound]
'NativeRungePowerAudit.zero_fibre_dominating_power' depends on axioms: [propext, Classical.choice, Quot.sound]
'NativeRungePowerAudit.zero_fibre_bound' depends on axioms: [propext, Classical.choice, Quot.sound]
'NativeRungePowerAudit.zero_fibre_complete' depends on axioms: [propext, Classical.choice, Quot.sound]
'NativeRungePowerAudit.zero_fibre_packet' depends on axioms: [propext, Classical.choice, Quot.sound]
'NativeRungePowerAudit.negative_residual_decomposition' depends on axioms: [propext, Classical.choice, Quot.sound]
'NativeRungePowerAudit.negative_residual_dominating_power' depends on axioms: [propext, Classical.choice, Quot.sound]
'NativeRungePowerAudit.negative_residual_bound' depends on axioms: [propext, Classical.choice, Quot.sound]
'NativeRungePowerAudit.negative_residual_complete' depends on axioms: [propext, Classical.choice, Quot.sound]
'NativeRungePowerAudit.negative_residual_packet' depends on axioms: [propext, Classical.choice, Quot.sound]
'NativeRungePowerAudit.fractional_finite_decomposition' depends on axioms: [propext, Classical.choice, Quot.sound]
'NativeRungePowerAudit.fractional_finite_dominating_power' depends on axioms: [propext, Classical.choice, Quot.sound]
'NativeRungePowerAudit.fractional_finite_bound' depends on axioms: [propext, Classical.choice, Quot.sound]
'NativeRungePowerAudit.fractional_finite_complete' depends on axioms: [propext, Classical.choice, Quot.sound]
'NativeRungePowerAudit.fractional_finite_packet' depends on axioms: [propext, Classical.choice, Quot.sound]
'NativeRungePowerAudit.fractional_cube_decomposition' depends on axioms: [propext, Classical.choice, Quot.sound]
'NativeRungePowerAudit.fractional_cube_dominating_power' depends on axioms: [propext, Classical.choice, Quot.sound]
'NativeRungePowerAudit.fractional_cube_bound' depends on axioms: [propext, Classical.choice, Quot.sound]
'NativeRungePowerAudit.fractional_cube_complete' depends on axioms: [propext, Classical.choice, Quot.sound]
'NativeRungePowerAudit.huge_cube_decomposition' depends on axioms: [propext, Classical.choice, Quot.sound]
'NativeRungePowerAudit.huge_cube_dominating_power' depends on axioms: [propext, Classical.choice, Quot.sound]
'NativeRungePowerAudit.huge_cube_bound' depends on axioms: [propext, Classical.choice, Quot.sound]
'NativeRungePowerAudit.huge_cube_complete' depends on axioms: [propext, Classical.choice, Quot.sound]
'NativeRungePowerAudit.exact_cube_decomposition' depends on axioms: [propext, Classical.choice, Quot.sound]
'NativeRungePowerAudit.exact_cube_complete' depends on axioms: [propext, Classical.choice, Quot.sound]
'NativeRungePowerAudit.exact_fourth_decomposition' depends on axioms: [propext, Classical.choice, Quot.sound]
'NativeRungePowerAudit.exact_fourth_complete' depends on axioms: [propext, Classical.choice, Quot.sound]
'NativeRungePowerAudit.exact_negative_fifth_decomposition' depends on axioms: [propext, Classical.choice, Quot.sound]
'NativeRungePowerAudit.exact_negative_fifth_complete' depends on axioms: [propext, Classical.choice, Quot.sound]
'NativeRungePowerAudit.huge_root' depends on axioms: [propext, Classical.choice, Quot.sound]
Native Runge power axiom audit passed: 124 declarations
