'IntegerValued_7a9cbb462a38d9f6.source_checked' depends on axioms: [propext, Classical.choice, Quot.sound]
'IntegerValued_7a9cbb462a38d9f6.degree_checked' depends on axioms: [propext, Classical.choice, Quot.sound]
'IntegerValued_7a9cbb462a38d9f6.numerator_gcd_checked' depends on axioms: [propext, Classical.choice, Quot.sound]
'IntegerValued_7a9cbb462a38d9f6.rational_source_checked' depends on axioms: [propext, Classical.choice, Quot.sound]
'IntegerValued_7a9cbb462a38d9f6.rational_value_checked' depends on axioms: [propext, Classical.choice, Quot.sound]
'IntegerValued_7a9cbb462a38d9f6.integral_checked' depends on axioms: [propext, Classical.choice, Quot.sound]
'IntegerValued_7a9cbb462a38d9f6.domain_gcd_checked' depends on axioms: [propext, Classical.choice, Quot.sound]
'IntegerValued_7a9cbb462a38d9f6.natural_gcd_checked' depends on axioms: [propext, Classical.choice, Quot.sound]
'IntegerValued_7a9cbb462a38d9f6.power_free_gcd_checked' depends on axioms: [propext, Classical.choice, Quot.sound]
'IntegerValued_7a9cbb462a38d9f6.admissible_checked' depends on axioms: [propext, Classical.choice, Quot.sound]
'IntegerValued_57491d3f649219ed.source_checked' depends on axioms: [propext, Classical.choice, Quot.sound]
'IntegerValued_57491d3f649219ed.degree_checked' depends on axioms: [propext, Classical.choice, Quot.sound]
'IntegerValued_57491d3f649219ed.numerator_gcd_checked' depends on axioms: [propext, Classical.choice, Quot.sound]
'IntegerValued_57491d3f649219ed.rational_source_checked' depends on axioms: [propext, Classical.choice, Quot.sound]
'IntegerValued_57491d3f649219ed.rational_value_checked' depends on axioms: [propext, Classical.choice, Quot.sound]
'IntegerValued_57491d3f649219ed.residues_checked' depends on axioms: [propext, Classical.choice, Quot.sound]
'IntegerValued_57491d3f649219ed.domain_checked' depends on axioms: [propext, Classical.choice, Quot.sound]
'IntegerValued_57491d3f649219ed.chart0_checked' depends on axioms: [propext, Classical.choice, Quot.sound]
'IntegerValued_57491d3f649219ed.chart0_quotient' depends on axioms: [propext, Classical.choice, Quot.sound]
'IntegerValued_57491d3f649219ed.chart0_gcd' depends on axioms: [propext, Classical.choice, Quot.sound]
'IntegerValued_57491d3f649219ed.charts_checked' depends on axioms: [propext, Classical.choice, Quot.sound]
'IntegerValued_57491d3f649219ed.family_members_checked' depends on axioms: [propext, Classical.choice, Quot.sound]
'IntegerValued_57491d3f649219ed.family_gcd_checked' depends on axioms: [propext, Classical.choice, Quot.sound]
'IntegerValued_57491d3f649219ed.domain_gcd_checked' depends on axioms: [propext, Classical.choice, Quot.sound]
'IntegerValued_57491d3f649219ed.power_free_gcd_checked' depends on axioms: [propext, Classical.choice, Quot.sound]
'IntegerValued_57491d3f649219ed.admissible_checked' depends on axioms: [propext, Classical.choice, Quot.sound]
'IntegerValued_d2c4a662dd8986a0.source_checked' depends on axioms: [propext, Classical.choice, Quot.sound]
'IntegerValued_d2c4a662dd8986a0.degree_checked' depends on axioms: [propext, Classical.choice, Quot.sound]
'IntegerValued_d2c4a662dd8986a0.numerator_gcd_checked' depends on axioms: [propext, Classical.choice, Quot.sound]
'IntegerValued_d2c4a662dd8986a0.rational_source_checked' depends on axioms: [propext, Classical.choice, Quot.sound]
'IntegerValued_d2c4a662dd8986a0.rational_value_checked' depends on axioms: [propext, Classical.choice, Quot.sound]
'IntegerValued_d2c4a662dd8986a0.residues_checked' depends on axioms: [propext, Classical.choice, Quot.sound]
'IntegerValued_d2c4a662dd8986a0.domain_checked' depends on axioms: [propext, Classical.choice, Quot.sound]
'IntegerValued_d2c4a662dd8986a0.chart0_checked' depends on axioms: [propext, Classical.choice, Quot.sound]
'IntegerValued_d2c4a662dd8986a0.chart0_quotient' depends on axioms: [propext, Classical.choice, Quot.sound]
'IntegerValued_d2c4a662dd8986a0.chart0_gcd' depends on axioms: [propext, Classical.choice, Quot.sound]
'IntegerValued_d2c4a662dd8986a0.charts_checked' depends on axioms: [propext, Classical.choice, Quot.sound]
'IntegerValued_d2c4a662dd8986a0.family_members_checked' depends on axioms: [propext, Classical.choice, Quot.sound]
'IntegerValued_d2c4a662dd8986a0.family_gcd_checked' depends on axioms: [propext, Classical.choice, Quot.sound]
'IntegerValued_d2c4a662dd8986a0.domain_gcd_checked' depends on axioms: [propext, Classical.choice, Quot.sound]
'IntegerValued_d2c4a662dd8986a0.obstruction_checked' depends on axioms: [propext, Classical.choice, Quot.sound]
'IntegerValued_656db630d4da80c7.source_checked' depends on axioms: [propext, Classical.choice, Quot.sound]
'IntegerValued_656db630d4da80c7.degree_checked' depends on axioms: [propext, Classical.choice, Quot.sound]
'IntegerValued_656db630d4da80c7.numerator_gcd_checked' depends on axioms: [propext, Classical.choice, Quot.sound]
'IntegerValued_656db630d4da80c7.rational_source_checked' depends on axioms: [propext, Classical.choice, Quot.sound]
'IntegerValued_656db630d4da80c7.rational_value_checked' depends on axioms: [propext, Classical.choice, Quot.sound]
'IntegerValued_656db630d4da80c7.residues_checked' depends on axioms: [propext, Classical.choice, Quot.sound]
'IntegerValued_656db630d4da80c7.domain_checked' depends on axioms: [propext, Classical.choice, Quot.sound]
'IntegerValued_656db630d4da80c7.chart0_checked' depends on axioms: [propext, Classical.choice, Quot.sound]
'IntegerValued_656db630d4da80c7.chart0_quotient' depends on axioms: [propext, Classical.choice, Quot.sound]
'IntegerValued_656db630d4da80c7.chart0_gcd' depends on axioms: [propext, Classical.choice, Quot.sound]
'IntegerValued_656db630d4da80c7.chart1_checked' depends on axioms: [propext, Classical.choice, Quot.sound]
'IntegerValued_656db630d4da80c7.chart1_quotient' depends on axioms: [propext, Classical.choice, Quot.sound]
'IntegerValued_656db630d4da80c7.chart1_gcd' depends on axioms: [propext, Classical.choice, Quot.sound]
'IntegerValued_656db630d4da80c7.chart2_checked' depends on axioms: [propext, Classical.choice, Quot.sound]
'IntegerValued_656db630d4da80c7.chart2_quotient' depends on axioms: [propext, Classical.choice, Quot.sound]
'IntegerValued_656db630d4da80c7.chart2_gcd' depends on axioms: [propext, Classical.choice, Quot.sound]
'IntegerValued_656db630d4da80c7.chart3_checked' depends on axioms: [propext, Classical.choice, Quot.sound]
'IntegerValued_656db630d4da80c7.chart3_quotient' depends on axioms: [propext, Classical.choice, Quot.sound]
'IntegerValued_656db630d4da80c7.chart3_gcd' depends on axioms: [propext, Classical.choice, Quot.sound]
'IntegerValued_656db630d4da80c7.charts_checked' depends on axioms: [propext, Classical.choice, Quot.sound]
'IntegerValued_656db630d4da80c7.family_members_checked' depends on axioms: [propext, Classical.choice, Quot.sound]
'IntegerValued_656db630d4da80c7.family_gcd_checked' depends on axioms: [propext, Classical.choice, Quot.sound]
'IntegerValued_656db630d4da80c7.domain_gcd_checked' depends on axioms: [propext, Classical.choice, Quot.sound]
'IntegerValued_656db630d4da80c7.power_free_gcd_checked' depends on axioms: [propext, Classical.choice, Quot.sound]
'IntegerValued_656db630d4da80c7.admissible_checked' depends on axioms: [propext, Classical.choice, Quot.sound]
'IntegerValued_0425aa5cdbec4806.source_checked' depends on axioms: [propext, Classical.choice, Quot.sound]
'IntegerValued_0425aa5cdbec4806.degree_checked' depends on axioms: [propext, Classical.choice, Quot.sound]
'IntegerValued_0425aa5cdbec4806.numerator_gcd_checked' depends on axioms: [propext, Classical.choice, Quot.sound]
'IntegerValued_0425aa5cdbec4806.rational_source_checked' depends on axioms: [propext, Classical.choice, Quot.sound]
'IntegerValued_0425aa5cdbec4806.rational_value_checked' depends on axioms: [propext, Classical.choice, Quot.sound]
'IntegerValued_0425aa5cdbec4806.residues_checked' depends on axioms: [propext, Classical.choice, Quot.sound]
'IntegerValued_0425aa5cdbec4806.domain_checked' depends on axioms: [propext, Classical.choice, Quot.sound]
'IntegerValued_0425aa5cdbec4806.chart0_checked' depends on axioms: [propext, Classical.choice, Quot.sound]
'IntegerValued_0425aa5cdbec4806.chart0_quotient' depends on axioms: [propext, Classical.choice, Quot.sound]
'IntegerValued_0425aa5cdbec4806.chart0_gcd' depends on axioms: [propext, Classical.choice, Quot.sound]
'IntegerValued_0425aa5cdbec4806.charts_checked' depends on axioms: [propext, Classical.choice, Quot.sound]
'IntegerValued_0425aa5cdbec4806.family_members_checked' depends on axioms: [propext, Classical.choice, Quot.sound]
'IntegerValued_0425aa5cdbec4806.family_gcd_checked' depends on axioms: [propext, Classical.choice, Quot.sound]
'IntegerValued_0425aa5cdbec4806.domain_gcd_checked' depends on axioms: [propext, Classical.choice, Quot.sound]
'IntegerValued_0425aa5cdbec4806.power_free_gcd_checked' depends on axioms: [propext, Classical.choice, Quot.sound]
'IntegerValued_0425aa5cdbec4806.admissible_checked' depends on axioms: [propext, Classical.choice, Quot.sound]
'IntegerValued_9163a87c6a6bca50.source_checked' depends on axioms: [propext, Classical.choice, Quot.sound]
'IntegerValued_9163a87c6a6bca50.degree_checked' depends on axioms: [propext, Classical.choice, Quot.sound]
'IntegerValued_9163a87c6a6bca50.numerator_gcd_checked' depends on axioms: [propext, Classical.choice, Quot.sound]
'IntegerValued_9163a87c6a6bca50.rational_source_checked' depends on axioms: [propext, Classical.choice, Quot.sound]
'IntegerValued_9163a87c6a6bca50.rational_value_checked' depends on axioms: [propext, Classical.choice, Quot.sound]
'IntegerValued_9163a87c6a6bca50.residues_checked' depends on axioms: [propext, Classical.choice, Quot.sound]
'IntegerValued_9163a87c6a6bca50.domain_checked' depends on axioms: [propext, Classical.choice, Quot.sound]
'IntegerValued_9163a87c6a6bca50.chart0_checked' depends on axioms: [propext, Classical.choice, Quot.sound]
'IntegerValued_9163a87c6a6bca50.chart0_quotient' depends on axioms: [propext, Classical.choice, Quot.sound]
'IntegerValued_9163a87c6a6bca50.chart0_gcd' depends on axioms: [propext, Classical.choice, Quot.sound]
'IntegerValued_9163a87c6a6bca50.charts_checked' depends on axioms: [propext, Classical.choice, Quot.sound]
'IntegerValued_9163a87c6a6bca50.family_members_checked' depends on axioms: [propext, Classical.choice, Quot.sound]
'IntegerValued_9163a87c6a6bca50.family_gcd_checked' depends on axioms: [propext, Classical.choice, Quot.sound]
'IntegerValued_9163a87c6a6bca50.domain_gcd_checked' depends on axioms: [propext, Classical.choice, Quot.sound]
'IntegerValued_9163a87c6a6bca50.obstruction_checked' depends on axioms: [propext, Classical.choice, Quot.sound]
'IntegerValued_817cd37305b375fe.source_checked' depends on axioms: [propext, Classical.choice, Quot.sound]
'IntegerValued_817cd37305b375fe.degree_checked' depends on axioms: [propext, Classical.choice, Quot.sound]
'IntegerValued_817cd37305b375fe.numerator_gcd_checked' depends on axioms: [propext, Classical.choice, Quot.sound]
'IntegerValued_817cd37305b375fe.rational_source_checked' depends on axioms: [propext, Classical.choice, Quot.sound]
'IntegerValued_817cd37305b375fe.rational_value_checked' depends on axioms: [propext, Classical.choice, Quot.sound]
'IntegerValued_817cd37305b375fe.residues_checked' depends on axioms: [propext, Classical.choice, Quot.sound]
'IntegerValued_817cd37305b375fe.domain_checked' depends on axioms: [propext, Classical.choice, Quot.sound]
'IntegerValued_817cd37305b375fe.chart0_checked' depends on axioms: [propext, Classical.choice, Quot.sound]
'IntegerValued_817cd37305b375fe.chart0_quotient' depends on axioms: [propext, Classical.choice, Quot.sound]
'IntegerValued_817cd37305b375fe.chart0_gcd' depends on axioms: [propext, Classical.choice, Quot.sound]
'IntegerValued_817cd37305b375fe.charts_checked' depends on axioms: [propext, Classical.choice, Quot.sound]
'IntegerValued_817cd37305b375fe.family_members_checked' depends on axioms: [propext, Classical.choice, Quot.sound]
'IntegerValued_817cd37305b375fe.family_gcd_checked' depends on axioms: [propext, Classical.choice, Quot.sound]
'IntegerValued_817cd37305b375fe.domain_gcd_checked' depends on axioms: [propext, Classical.choice, Quot.sound]
'IntegerValued_817cd37305b375fe.power_free_gcd_checked' depends on axioms: [propext, Classical.choice, Quot.sound]
'IntegerValued_817cd37305b375fe.admissible_checked' depends on axioms: [propext, Classical.choice, Quot.sound]
'IntegerValued_ef8a3818a93cb190.source_checked' depends on axioms: [propext, Classical.choice, Quot.sound]
'IntegerValued_ef8a3818a93cb190.degree_checked' depends on axioms: [propext, Classical.choice, Quot.sound]
'IntegerValued_ef8a3818a93cb190.numerator_gcd_checked' depends on axioms: [propext, Classical.choice, Quot.sound]
'IntegerValued_ef8a3818a93cb190.rational_source_checked' depends on axioms: [propext, Classical.choice, Quot.sound]
'IntegerValued_ef8a3818a93cb190.rational_value_checked' depends on axioms: [propext, Classical.choice, Quot.sound]
'IntegerValued_ef8a3818a93cb190.residues_checked' depends on axioms: [propext, Classical.choice, Quot.sound]
'IntegerValued_ef8a3818a93cb190.domain_checked' depends on axioms: [propext, Classical.choice, Quot.sound]
'IntegerValued_ef8a3818a93cb190.charts_checked' depends on axioms: [propext, Classical.choice, Quot.sound]
'IntegerValued_ef8a3818a93cb190.family_members_checked' depends on axioms: [propext, Classical.choice, Quot.sound]
'IntegerValued_ef8a3818a93cb190.family_gcd_checked' depends on axioms: [propext, Classical.choice, Quot.sound]
'IntegerValued_ef8a3818a93cb190.domain_gcd_checked' depends on axioms: [propext, Classical.choice, Quot.sound]
'IntegerValued_ef8a3818a93cb190.obstruction_checked' depends on axioms: [propext, Classical.choice, Quot.sound]
'IntegerValued_ba5ee6bd518c9734.source_checked' depends on axioms: [propext, Classical.choice, Quot.sound]
'IntegerValued_ba5ee6bd518c9734.degree_checked' depends on axioms: [propext, Classical.choice, Quot.sound]
'IntegerValued_ba5ee6bd518c9734.numerator_gcd_checked' depends on axioms: [propext, Classical.choice, Quot.sound]
'IntegerValued_ba5ee6bd518c9734.rational_source_checked' depends on axioms: [propext, Classical.choice, Quot.sound]
'IntegerValued_ba5ee6bd518c9734.rational_value_checked' depends on axioms: [propext, Classical.choice, Quot.sound]
'IntegerValued_ba5ee6bd518c9734.integral_checked' depends on axioms: [propext, Classical.choice, Quot.sound]
'IntegerValued_ba5ee6bd518c9734.domain_gcd_checked' depends on axioms: [propext, Classical.choice, Quot.sound]
'IntegerValued_ba5ee6bd518c9734.natural_gcd_checked' depends on axioms: [propext, Classical.choice, Quot.sound]
'IntegerValued_ba5ee6bd518c9734.obstruction_checked' depends on axioms: [propext, Classical.choice, Quot.sound]
'IntegerValued_ab809885b2bb7446.source_checked' depends on axioms: [propext, Classical.choice, Quot.sound]
'IntegerValued_ab809885b2bb7446.degree_checked' depends on axioms: [propext, Classical.choice, Quot.sound]
'IntegerValued_ab809885b2bb7446.numerator_gcd_checked' depends on axioms: [propext, Classical.choice, Quot.sound]
'IntegerValued_ab809885b2bb7446.rational_source_checked' depends on axioms: [propext, Classical.choice, Quot.sound]
'IntegerValued_ab809885b2bb7446.rational_value_checked' depends on axioms: [propext, Classical.choice, Quot.sound]
'IntegerValued_ab809885b2bb7446.integral_checked' depends on axioms: [propext, Classical.choice, Quot.sound]
'IntegerValued_ab809885b2bb7446.domain_gcd_checked' depends on axioms: [propext, Classical.choice, Quot.sound]
'IntegerValued_ab809885b2bb7446.natural_gcd_checked' depends on axioms: [propext, Classical.choice, Quot.sound]
'IntegerValued_ab809885b2bb7446.obstruction_checked' depends on axioms: [propext, Classical.choice, Quot.sound]
'IntegerValued_69ad59ef09c6b25b.source_checked' depends on axioms: [propext, Classical.choice, Quot.sound]
'IntegerValued_69ad59ef09c6b25b.degree_checked' depends on axioms: [propext, Classical.choice, Quot.sound]
'IntegerValued_69ad59ef09c6b25b.numerator_gcd_checked' depends on axioms: [propext, Classical.choice, Quot.sound]
'IntegerValued_69ad59ef09c6b25b.rational_source_checked' depends on axioms: [propext, Classical.choice, Quot.sound]
'IntegerValued_69ad59ef09c6b25b.rational_value_checked' depends on axioms: [propext, Classical.choice, Quot.sound]
'IntegerValued_69ad59ef09c6b25b.integral_checked' depends on axioms: [propext, Classical.choice, Quot.sound]
'IntegerValued_69ad59ef09c6b25b.domain_gcd_checked' depends on axioms: [propext, Classical.choice, Quot.sound]
'IntegerValued_69ad59ef09c6b25b.natural_gcd_checked' depends on axioms: [propext, Classical.choice, Quot.sound]
'IntegerValued_69ad59ef09c6b25b.power_free_gcd_checked' depends on axioms: [propext, Classical.choice, Quot.sound]
'IntegerValued_69ad59ef09c6b25b.admissible_checked' depends on axioms: [propext, Classical.choice, Quot.sound]
'IntegerValued_f4759b5897be50d9.source_checked' depends on axioms: [propext, Classical.choice, Quot.sound]
'IntegerValued_f4759b5897be50d9.degree_checked' depends on axioms: [propext, Classical.choice, Quot.sound]
'IntegerValued_f4759b5897be50d9.numerator_gcd_checked' depends on axioms: [propext, Classical.choice, Quot.sound]
'IntegerValued_f4759b5897be50d9.rational_source_checked' depends on axioms: [propext, Classical.choice, Quot.sound]
'IntegerValued_f4759b5897be50d9.rational_value_checked' depends on axioms: [propext, Classical.choice, Quot.sound]
'IntegerValued_f4759b5897be50d9.integral_checked' depends on axioms: [propext, Classical.choice, Quot.sound]
'IntegerValued_f4759b5897be50d9.domain_gcd_checked' depends on axioms: [propext, Classical.choice, Quot.sound]
'IntegerValued_f4759b5897be50d9.natural_gcd_checked' depends on axioms: [propext, Classical.choice, Quot.sound]
'IntegerValued_f4759b5897be50d9.power_free_gcd_checked' depends on axioms: [propext, Classical.choice, Quot.sound]
'IntegerValued_f4759b5897be50d9.admissible_checked' depends on axioms: [propext, Classical.choice, Quot.sound]
'IntegerValued_b2c9dc5143e0caad.source_checked' depends on axioms: [propext, Classical.choice, Quot.sound]
'IntegerValued_b2c9dc5143e0caad.degree_checked' depends on axioms: [propext, Classical.choice, Quot.sound]
'IntegerValued_b2c9dc5143e0caad.numerator_gcd_checked' depends on axioms: [propext, Classical.choice, Quot.sound]
'IntegerValued_b2c9dc5143e0caad.rational_source_checked' depends on axioms: [propext, Classical.choice, Quot.sound]
'IntegerValued_b2c9dc5143e0caad.rational_value_checked' depends on axioms: [propext, Classical.choice, Quot.sound]
'IntegerValued_b2c9dc5143e0caad.integral_checked' depends on axioms: [propext, Classical.choice, Quot.sound]
'IntegerValued_b2c9dc5143e0caad.domain_gcd_checked' depends on axioms: [propext, Classical.choice, Quot.sound]
'IntegerValued_b2c9dc5143e0caad.natural_gcd_checked' depends on axioms: [propext, Classical.choice, Quot.sound]
'IntegerValued_b2c9dc5143e0caad.power_free_gcd_checked' depends on axioms: [propext, Classical.choice, Quot.sound]
'IntegerValued_b2c9dc5143e0caad.admissible_checked' depends on axioms: [propext, Classical.choice, Quot.sound]
