'PerfectPower.IntegerValuedPolynomial.integral_everywhere_iff' depends on axioms: [propext,
 Classical.choice,
 Quot.sound]
'PerfectPower.IntegerValuedPolynomial.quotient_dvd_iff' depends on axioms: [propext, Quot.sound]
'PerfectPower.IntegerValuedPolynomial.quotient_divisors_iff' depends on axioms: [propext, Classical.choice, Quot.sound]
'PerfectPower.IntegerValuedPolynomial.quotient_mod_transport' depends on axioms: [propext, Classical.choice, Quot.sound]
'PerfectPower.IntegerValuedPolynomial.admissible_iff_quotientGcd' depends on axioms: [propext,
 Classical.choice,
 Quot.sound]
'PerfectPower.IntegerValuedPolynomial.quotient_obstruction' depends on axioms: [propext, Classical.choice, Quot.sound]
'PerfectPower.IntegerValuedPolynomial.canonical_coordinate' depends on axioms: [propext, Quot.sound]
'PerfectPower.IntegerValuedPolynomial.integer_domain_cover' depends on axioms: [propext, Classical.choice, Quot.sound]
'PerfectPower.IntegerValuedPolynomial.chart_eval' depends on axioms: [propext, Classical.choice, Quot.sound]
'PerfectPower.IntegerValuedPolynomial.chart_integral' depends on axioms: [propext, Classical.choice, Quot.sound]
'PerfectPower.IntegerValuedPolynomial.chart_quotient' depends on axioms: [propext, Classical.choice, Quot.sound]
'PerfectPower.IntegerValuedPolynomial.dvd_familyGcd_iff' depends on axioms: [propext, Classical.choice, Quot.sound]
'PerfectPower.IntegerValuedPolynomial.domain_divisors_iff' depends on axioms: [propext, Classical.choice, Quot.sound]
'PerfectPower.IntegerValuedPolynomial.familyGcd_congr' depends on axioms: [propext, Classical.choice, Quot.sound]
'PerfectPower.IntegerValuedPolynomial.quotient_rational_value' depends on axioms: [propext,
 Classical.choice,
 Quot.sound]
'PerfectPower.IntegerValuedPolynomial.quotient_natural_divisors_iff' depends on axioms: [propext,
 Classical.choice,
 Quot.sound]
