CHECK PerfectPower/Generated/RankOneSources/K22Parts/Defs.lean
PASS PerfectPower/Generated/RankOneSources/K22Parts/Defs.lean 2.146
CHECK PerfectPower/RankOneIntegerSlab.lean
PerfectPower/RankOneIntegerSlab.lean:77:21: warning: Used `tac1 <;> tac2` where `(tac1; tac2)` would suffice
note: this linter can be disabled with `set_option linter.unnecessarySeqFocus false`
PerfectPower/RankOneIntegerSlab.lean:82:21: warning: Used `tac1 <;> tac2` where `(tac1; tac2)` would suffice
note: this linter can be disabled with `set_option linter.unnecessarySeqFocus false`
PASS PerfectPower/RankOneIntegerSlab.lean 2.82
CHECK PerfectPower/Generated/RankOneSources/K22Parts/IntegerDefs.lean
PASS PerfectPower/Generated/RankOneSources/K22Parts/IntegerDefs.lean 1.936
REUSE PerfectPower/Generated/RankOneSources/K22Parts/Chunk0.lean
CHECK PerfectPower/Generated/RankOneSources/K22Parts/Chunk1.lean
PASS PerfectPower/Generated/RankOneSources/K22Parts/Chunk1.lean 38.14
CHECK PerfectPower/Generated/RankOneSources/K22Parts/Chunk2.lean
PASS PerfectPower/Generated/RankOneSources/K22Parts/Chunk2.lean 39.243
CHECK PerfectPower/Generated/RankOneSources/K22Parts/Chunk3.lean
PASS PerfectPower/Generated/RankOneSources/K22Parts/Chunk3.lean 37.617
CHECK PerfectPower/Generated/RankOneSources/K22Parts/Chunk4.lean
PASS PerfectPower/Generated/RankOneSources/K22Parts/Chunk4.lean 38.039
CHECK PerfectPower/Generated/RankOneSources/K22Parts/Chunk5.lean
PASS PerfectPower/Generated/RankOneSources/K22Parts/Chunk5.lean 39.313
CHECK PerfectPower/Generated/RankOneSources/K22Parts/Chunk6.lean
PASS PerfectPower/Generated/RankOneSources/K22Parts/Chunk6.lean 40.397
CHECK PerfectPower/Generated/RankOneSources/K22Parts/Chunk7.lean
PASS PerfectPower/Generated/RankOneSources/K22Parts/Chunk7.lean 39.672
CHECK PerfectPower/Generated/RankOneSources/K22Parts/Chunk8.lean
PASS PerfectPower/Generated/RankOneSources/K22Parts/Chunk8.lean 41.371
CHECK PerfectPower/Generated/RankOneSources/K22Parts/Chunk9.lean
PASS PerfectPower/Generated/RankOneSources/K22Parts/Chunk9.lean 41.322
CHECK PerfectPower/Generated/RankOneSources/K22Parts/Chunk10.lean
PASS PerfectPower/Generated/RankOneSources/K22Parts/Chunk10.lean 40.415
CHECK PerfectPower/Generated/RankOneSources/K22Parts/Chunk11.lean
PASS PerfectPower/Generated/RankOneSources/K22Parts/Chunk11.lean 38.22
CHECK PerfectPower/Generated/RankOneSources/K22Parts/Chunk12.lean
PASS PerfectPower/Generated/RankOneSources/K22Parts/Chunk12.lean 39.248
CHECK PerfectPower/Generated/RankOneSources/K22Parts/Chunk13.lean
PASS PerfectPower/Generated/RankOneSources/K22Parts/Chunk13.lean 39.753
CHECK PerfectPower/Generated/RankOneSources/K22Parts/Chunk14.lean
PASS PerfectPower/Generated/RankOneSources/K22Parts/Chunk14.lean 40.663
CHECK PerfectPower/Generated/RankOneSources/K22Parts/Chunk15.lean
PASS PerfectPower/Generated/RankOneSources/K22Parts/Chunk15.lean 41.397
CHECK PerfectPower/Generated/RankOneSources/K22Parts/Chunk16.lean
PASS PerfectPower/Generated/RankOneSources/K22Parts/Chunk16.lean 40.475
CHECK PerfectPower/Generated/RankOneSources/K22Parts/Chunk17.lean
PASS PerfectPower/Generated/RankOneSources/K22Parts/Chunk17.lean 41.673
CHECK PerfectPower/Generated/RankOneSources/K22Parts/Chunk18.lean
PASS PerfectPower/Generated/RankOneSources/K22Parts/Chunk18.lean 41.703
CHECK PerfectPower/Generated/RankOneSources/K22Parts/Chunk19.lean
PASS PerfectPower/Generated/RankOneSources/K22Parts/Chunk19.lean 41.095
CHECK PerfectPower/Generated/RankOneSources/K22Parts/Chunk20.lean
PASS PerfectPower/Generated/RankOneSources/K22Parts/Chunk20.lean 41.037
CHECK PerfectPower/Generated/RankOneSources/K22Parts/Chunk21.lean
PASS PerfectPower/Generated/RankOneSources/K22Parts/Chunk21.lean 40.776
CHECK PerfectPower/Generated/RankOneSources/K22Parts/Chunk22.lean
PASS PerfectPower/Generated/RankOneSources/K22Parts/Chunk22.lean 41.39
CHECK PerfectPower/Generated/RankOneSources/K22Parts/Chunk23.lean
PASS PerfectPower/Generated/RankOneSources/K22Parts/Chunk23.lean 42.021
CHECK PerfectPower/Generated/RankOneSources/K22Parts/Chunk24.lean
PASS PerfectPower/Generated/RankOneSources/K22Parts/Chunk24.lean 40.02
CHECK PerfectPower/Generated/RankOneSources/K22Parts/Chunk25.lean
PASS PerfectPower/Generated/RankOneSources/K22Parts/Chunk25.lean 42.755
CHECK PerfectPower/Generated/RankOneSources/K22Parts/Chunk26.lean
PASS PerfectPower/Generated/RankOneSources/K22Parts/Chunk26.lean 39.522
CHECK PerfectPower/Generated/RankOneSources/K22Parts/Chunk27.lean
PASS PerfectPower/Generated/RankOneSources/K22Parts/Chunk27.lean 38.084
CHECK PerfectPower/Generated/RankOneSources/K22Parts/Chunk28.lean
PASS PerfectPower/Generated/RankOneSources/K22Parts/Chunk28.lean 38.03
CHECK PerfectPower/Generated/RankOneSources/K22Parts/Chunk29.lean
PASS PerfectPower/Generated/RankOneSources/K22Parts/Chunk29.lean 38.897
CHECK PerfectPower/Generated/RankOneSources/K22Parts/Chunk30.lean
PASS PerfectPower/Generated/RankOneSources/K22Parts/Chunk30.lean 38.77
CHECK PerfectPower/Generated/RankOneSources/K22Parts/Chunk31.lean
PASS PerfectPower/Generated/RankOneSources/K22Parts/Chunk31.lean 38.103
CHECK PerfectPower/Generated/RankOneSources/K22Parts/Chunk32.lean
PASS PerfectPower/Generated/RankOneSources/K22Parts/Chunk32.lean 38.289
CHECK PerfectPower/Generated/RankOneSources/K22Parts/Chunk33.lean
PASS PerfectPower/Generated/RankOneSources/K22Parts/Chunk33.lean 38.782
CHECK PerfectPower/Generated/RankOneSources/K22Parts/Chunk34.lean
PASS PerfectPower/Generated/RankOneSources/K22Parts/Chunk34.lean 38.317
CHECK PerfectPower/Generated/RankOneSources/K22Parts/Chunk35.lean
PASS PerfectPower/Generated/RankOneSources/K22Parts/Chunk35.lean 39.005
CHECK PerfectPower/Generated/RankOneSources/K22Parts/Chunk36.lean
PASS PerfectPower/Generated/RankOneSources/K22Parts/Chunk36.lean 38.465
CHECK PerfectPower/Generated/RankOneSources/K22Parts/Chunk37.lean
PASS PerfectPower/Generated/RankOneSources/K22Parts/Chunk37.lean 38.835
CHECK PerfectPower/Generated/RankOneSources/K22Parts/Chunk38.lean
PASS PerfectPower/Generated/RankOneSources/K22Parts/Chunk38.lean 40.655
CHECK PerfectPower/Generated/RankOneSources/K22Parts/Chunk39.lean
PASS PerfectPower/Generated/RankOneSources/K22Parts/Chunk39.lean 42.044
CHECK PerfectPower/Generated/RankOneSources/K22Parts/Chunk40.lean
PASS PerfectPower/Generated/RankOneSources/K22Parts/Chunk40.lean 40.546
CHECK PerfectPower/Generated/RankOneSources/K22Parts/Chunk41.lean
PASS PerfectPower/Generated/RankOneSources/K22Parts/Chunk41.lean 44.539
CHECK PerfectPower/Generated/RankOneSources/K22Parts/Chunk42.lean
PASS PerfectPower/Generated/RankOneSources/K22Parts/Chunk42.lean 42.532
CHECK PerfectPower/Generated/RankOneSources/K22Parts/Chunk43.lean
PASS PerfectPower/Generated/RankOneSources/K22Parts/Chunk43.lean 41.04
CHECK PerfectPower/Generated/RankOneSources/K22Parts/Chunk44.lean
PASS PerfectPower/Generated/RankOneSources/K22Parts/Chunk44.lean 40.807
CHECK PerfectPower/Generated/RankOneSources/K22Parts/Chunk45.lean
PASS PerfectPower/Generated/RankOneSources/K22Parts/Chunk45.lean 41.619
CHECK PerfectPower/Generated/RankOneSources/K22Parts/Chunk46.lean
PASS PerfectPower/Generated/RankOneSources/K22Parts/Chunk46.lean 40.545
CHECK PerfectPower/Generated/RankOneSources/K22Parts/Chunk47.lean
PASS PerfectPower/Generated/RankOneSources/K22Parts/Chunk47.lean 40.729
CHECK PerfectPower/Generated/RankOneSources/K22Parts/Chunk48.lean
PASS PerfectPower/Generated/RankOneSources/K22Parts/Chunk48.lean 41.503
CHECK PerfectPower/Generated/RankOneSources/K22Parts/Chunk49.lean
PASS PerfectPower/Generated/RankOneSources/K22Parts/Chunk49.lean 40.725
CHECK PerfectPower/Generated/RankOneSources/K22Parts/Chunk50.lean
PASS PerfectPower/Generated/RankOneSources/K22Parts/Chunk50.lean 41.073
CHECK PerfectPower/Generated/RankOneSources/K22Parts/Chunk51.lean
PASS PerfectPower/Generated/RankOneSources/K22Parts/Chunk51.lean 41.503
CHECK PerfectPower/Generated/RankOneSources/K22Parts/Chunk52.lean
PASS PerfectPower/Generated/RankOneSources/K22Parts/Chunk52.lean 40.468
CHECK PerfectPower/Generated/RankOneSources/K22Parts/Chunk53.lean
PASS PerfectPower/Generated/RankOneSources/K22Parts/Chunk53.lean 40.795
CHECK PerfectPower/Generated/RankOneSources/K22Parts/Chunk54.lean
PASS PerfectPower/Generated/RankOneSources/K22Parts/Chunk54.lean 41.054
CHECK PerfectPower/Generated/RankOneSources/K22Parts/Chunk55.lean
PASS PerfectPower/Generated/RankOneSources/K22Parts/Chunk55.lean 39.241
CHECK PerfectPower/Generated/RankOneSources/K22Parts/Chunk56.lean
PASS PerfectPower/Generated/RankOneSources/K22Parts/Chunk56.lean 42.524
CHECK PerfectPower/Generated/RankOneSources/K22Parts/Chunk57.lean
PASS PerfectPower/Generated/RankOneSources/K22Parts/Chunk57.lean 40.678
CHECK PerfectPower/Generated/RankOneSources/K22Parts/Chunk58.lean
PASS PerfectPower/Generated/RankOneSources/K22Parts/Chunk58.lean 40.129
CHECK PerfectPower/Generated/RankOneSources/K22Parts/Chunk59.lean
PASS PerfectPower/Generated/RankOneSources/K22Parts/Chunk59.lean 40.425
CHECK PerfectPower/Generated/RankOneSources/K22Parts/Chunk60.lean
PASS PerfectPower/Generated/RankOneSources/K22Parts/Chunk60.lean 40.774
CHECK PerfectPower/Generated/RankOneSources/K22Parts/Chunk61.lean
PASS PerfectPower/Generated/RankOneSources/K22Parts/Chunk61.lean 39.804
CHECK PerfectPower/Generated/RankOneSources/K22Parts/Chunk62.lean
PASS PerfectPower/Generated/RankOneSources/K22Parts/Chunk62.lean 40.348
CHECK PerfectPower/Generated/RankOneSources/K22Parts/Chunk63.lean
PASS PerfectPower/Generated/RankOneSources/K22Parts/Chunk63.lean 40.739
CHECK PerfectPower/Generated/RankOneSources/K22Parts/Chunk64.lean
PASS PerfectPower/Generated/RankOneSources/K22Parts/Chunk64.lean 39.642
CHECK PerfectPower/Generated/RankOneSources/K22Parts/Chunk65.lean
PASS PerfectPower/Generated/RankOneSources/K22Parts/Chunk65.lean 40.362
CHECK PerfectPower/Generated/RankOneSources/K22Parts/Chunk66.lean
PASS PerfectPower/Generated/RankOneSources/K22Parts/Chunk66.lean 39.947
CHECK PerfectPower/Generated/RankOneSources/K22Parts/Chunk67.lean
PASS PerfectPower/Generated/RankOneSources/K22Parts/Chunk67.lean 40.765
CHECK PerfectPower/Generated/RankOneSources/K22Parts/Chunk68.lean
PASS PerfectPower/Generated/RankOneSources/K22Parts/Chunk68.lean 40.034
CHECK PerfectPower/Generated/RankOneSources/K22Parts/Chunk69.lean
PASS PerfectPower/Generated/RankOneSources/K22Parts/Chunk69.lean 43.171
CHECK PerfectPower/Generated/RankOneSources/K22Parts/Chunk70.lean
PASS PerfectPower/Generated/RankOneSources/K22Parts/Chunk70.lean 43.333
CHECK PerfectPower/Generated/RankOneSources/K22Parts/Chunk71.lean
PASS PerfectPower/Generated/RankOneSources/K22Parts/Chunk71.lean 43.631
CHECK PerfectPower/Generated/RankOneSources/K22Parts/Chunk72.lean
PASS PerfectPower/Generated/RankOneSources/K22Parts/Chunk72.lean 41.703
CHECK PerfectPower/Generated/RankOneSources/K22Parts/Chunk73.lean
PASS PerfectPower/Generated/RankOneSources/K22Parts/Chunk73.lean 41.148
CHECK PerfectPower/Generated/RankOneSources/K22Parts/Chunk74.lean
PASS PerfectPower/Generated/RankOneSources/K22Parts/Chunk74.lean 41.962
CHECK PerfectPower/Generated/RankOneSources/K22Parts/Chunk75.lean
PASS PerfectPower/Generated/RankOneSources/K22Parts/Chunk75.lean 43.138
CHECK PerfectPower/Generated/RankOneSources/K22Parts/Chunk76.lean
PASS PerfectPower/Generated/RankOneSources/K22Parts/Chunk76.lean 41.74
CHECK PerfectPower/Generated/RankOneSources/K22Parts/Chunk77.lean
PASS PerfectPower/Generated/RankOneSources/K22Parts/Chunk77.lean 43.691
CHECK PerfectPower/Generated/RankOneSources/K22Parts/Chunk78.lean
PASS PerfectPower/Generated/RankOneSources/K22Parts/Chunk78.lean 42.049
CHECK PerfectPower/Generated/RankOneSources/K22Parts/Chunk79.lean
PASS PerfectPower/Generated/RankOneSources/K22Parts/Chunk79.lean 41.603
CHECK PerfectPower/Generated/RankOneSources/K22Parts/Chunk80.lean
PASS PerfectPower/Generated/RankOneSources/K22Parts/Chunk80.lean 41.515
CHECK PerfectPower/Generated/RankOneSources/K22Parts/Chunk81.lean
PASS PerfectPower/Generated/RankOneSources/K22Parts/Chunk81.lean 43.22
CHECK PerfectPower/Generated/RankOneSources/K22Parts/Chunk82.lean
PASS PerfectPower/Generated/RankOneSources/K22Parts/Chunk82.lean 41.559
CHECK PerfectPower/Generated/RankOneSources/K22Parts/Chunk83.lean
PASS PerfectPower/Generated/RankOneSources/K22Parts/Chunk83.lean 41.205
CHECK PerfectPower/Generated/RankOneSources/K22Parts/Chunk84.lean
PASS PerfectPower/Generated/RankOneSources/K22Parts/Chunk84.lean 42.789
CHECK PerfectPower/Generated/RankOneSources/K22Parts/Chunk85.lean
PASS PerfectPower/Generated/RankOneSources/K22Parts/Chunk85.lean 41.641
CHECK PerfectPower/Generated/RankOneSources/K22Parts/Chunk86.lean
PASS PerfectPower/Generated/RankOneSources/K22Parts/Chunk86.lean 41.01
CHECK PerfectPower/Generated/RankOneSources/K22Parts/Chunk87.lean
PASS PerfectPower/Generated/RankOneSources/K22Parts/Chunk87.lean 42.056
CHECK PerfectPower/Generated/RankOneSources/K22Parts/Chunk88.lean
PASS PerfectPower/Generated/RankOneSources/K22Parts/Chunk88.lean 43.078
CHECK PerfectPower/Generated/RankOneSources/K22Parts/Chunk89.lean
PASS PerfectPower/Generated/RankOneSources/K22Parts/Chunk89.lean 41.701
CHECK PerfectPower/Generated/RankOneSources/K22Parts/Chunk90.lean
PASS PerfectPower/Generated/RankOneSources/K22Parts/Chunk90.lean 41.656
CHECK PerfectPower/Generated/RankOneSources/K22Parts/Chunk91.lean
PASS PerfectPower/Generated/RankOneSources/K22Parts/Chunk91.lean 41.007
CHECK PerfectPower/Generated/RankOneSources/K22Parts/Chunk92.lean
PASS PerfectPower/Generated/RankOneSources/K22Parts/Chunk92.lean 41.242
CHECK PerfectPower/Generated/RankOneSources/K22Parts/Chunk93.lean
PASS PerfectPower/Generated/RankOneSources/K22Parts/Chunk93.lean 41.852
CHECK PerfectPower/Generated/RankOneSources/K22Parts/Chunk94.lean
PASS PerfectPower/Generated/RankOneSources/K22Parts/Chunk94.lean 41.516
CHECK PerfectPower/Generated/RankOneSources/K22Parts/Chunk95.lean
PASS PerfectPower/Generated/RankOneSources/K22Parts/Chunk95.lean 42.0
CHECK PerfectPower/Generated/RankOneSources/K22Parts/Chunk96.lean
PASS PerfectPower/Generated/RankOneSources/K22Parts/Chunk96.lean 41.669
CHECK PerfectPower/Generated/RankOneSources/K22Parts/Chunk97.lean
PASS PerfectPower/Generated/RankOneSources/K22Parts/Chunk97.lean 40.343
CHECK PerfectPower/Generated/RankOneSources/K22Parts/Chunk98.lean
PASS PerfectPower/Generated/RankOneSources/K22Parts/Chunk98.lean 41.72
CHECK PerfectPower/Generated/RankOneSources/K22Parts/Chunk99.lean
PASS PerfectPower/Generated/RankOneSources/K22Parts/Chunk99.lean 40.356
CHECK PerfectPower/Generated/RankOneSources/K22.lean
PASS PerfectPower/Generated/RankOneSources/K22.lean 2.417
