'PerfectPower.NativePowerExamples.quartic_one_complete' depends on axioms: [propext, Classical.choice, Quot.sound]
'PerfectPower.NativePowerExamples.shifted_four_complete' depends on axioms: [propext, Classical.choice, Quot.sound]
'PerfectPower.NativePowerExamples.quartic_minus_one_complete' depends on axioms: [propext, Classical.choice, Quot.sound]
'PerfectPower.NativePowerExamples.quartic_eight_complete' depends on axioms: [propext, Classical.choice, Quot.sound]
'PerfectPower.NativePowerExamples.empty_shift_complete' depends on axioms: [propext, Classical.choice, Quot.sound]
'PerfectPower.NativePowerExamples.large_shift_complete' depends on axioms: [propext, Classical.choice, Quot.sound]
'PerfectPower.NativeNearSquare.explicit_bounds' depends on axioms: [propext, Classical.choice, Quot.sound]
'PerfectPower.NativeNearSquare.complete' depends on axioms: [propext, Classical.choice, Quot.sound]
'PerfectPower.FunctionFieldPower.complete' depends on axioms: [propext, Classical.choice, Quot.sound]
'PerfectPower.FunctionFieldPower.frobenius_family' depends on axioms: [propext, Classical.choice, Quot.sound]
'PerfectPower.FunctionFieldPower.Seven.quartic_complete' depends on axioms: [propext, Classical.choice, Quot.sound]
'PerfectPower.FunctionFieldPower.Seven.quartic_list' depends on axioms: [propext, Classical.choice, Quot.sound]
'PerfectPower.NativePolynomialSquare.eval_abs_ge_one' depends on axioms: [propext, Classical.choice, Quot.sound]
'PerfectPower.NativePolynomialSquare.eval_bound' depends on axioms: [propext, Classical.choice, Quot.sound]
'PerfectPower.NativePolynomialSquare.complete' depends on axioms: [propext, Classical.choice, Quot.sound]
'PerfectPower.NativePolynomialSquare.polynomial_complete' depends on axioms: [propext, Classical.choice, Quot.sound]
'PerfectPower.NativePolynomialAudit.nonmonic_cubic_complete' depends on axioms: [propext, Classical.choice, Quot.sound]
'PerfectPower.NativePolynomialAudit.sextic_eight_complete' depends on axioms: [propext, Classical.choice, Quot.sound]
'PerfectPower.NativePolynomialAudit.sextic_minus_one_complete' depends on axioms: [propext,
 Classical.choice,
 Quot.sound]
'PerfectPower.NativePolynomialAudit.degree_fourteen_complete' depends on axioms: [propext, Classical.choice, Quot.sound]
'PerfectPower.NativePolynomialAudit.shifted_cubic_complete' depends on axioms: [propext, Classical.choice, Quot.sound]
'PerfectPower.NativePolynomialAudit.empty_nonmonic_complete' depends on axioms: [propext, Classical.choice, Quot.sound]
'PerfectPower.NativePolynomialAudit.expanded_nonmonic' depends on axioms: [propext, Classical.choice, Quot.sound]
