'PerfectPower.SemilinearCapacity.residue_coordinate' depends on axioms: [propext]
'PerfectPower.SemilinearCapacity.lattice_bounds' depends on axioms: [propext, Classical.choice, Quot.sound]
'PerfectPower.SemilinearCapacity.residue_interval_image' depends on axioms: [propext, Classical.choice, Quot.sound]
'PerfectPower.SemilinearCapacity.residue_interval_count' depends on axioms: [propext, Classical.choice, Quot.sound]
'PerfectPower.SemilinearCapacity.residue_set_count' depends on axioms: [propext, Classical.choice, Quot.sound]
'PerfectPower.SemilinearCapacity.accepted_rank' depends on axioms: [propext, Classical.choice, Quot.sound]
'PerfectPower.SemilinearCapacity.affine_image' depends on axioms: [propext, Quot.sound]
'PerfectPower.SemilinearCapacity.affine_fibre' depends on axioms: [propext, Classical.choice, Quot.sound]
'PerfectPower.SemilinearCapacity.step_residue' depends on axioms: [propext]
'PerfectPower.SemilinearCapacity.period_descent' depends on axioms: [propext, Quot.sound]
'PerfectPower.SemilinearCapacity.fibre_product' depends on axioms: [propext, Classical.choice, Quot.sound]
'PerfectPower.SemilinearCapacity.horner_residue' depends on axioms: [propext]
'PerfectPower.SemilinearCapacity.horner_period' depends on axioms: [propext]
'PerfectPower.SemilinearCapacity.global_candidate_bound' depends on axioms: [propext, Classical.choice, Quot.sound]
'PerfectPower.SemilinearCapacity.global_optimizer_iff' depends on axioms: [propext, Classical.choice, Quot.sound]
'PerfectPower.SignedPowerCharts.sign_choice' depends on axioms: [propext, Classical.choice, Quot.sound]
'PerfectPower.SignedPowerCharts.magnitude_parameter' depends on axioms: [propext, Classical.choice, Quot.sound]
'PerfectPower.SignedPowerCharts.signed_charts' depends on axioms: [propext, Classical.choice, Quot.sound]
'PerfectPower.SignedPowerCharts.gcd_signed_charts' depends on axioms: [propext, Classical.choice, Quot.sound]
'PerfectPower.SignedPowerCharts.shared_offset_charts' depends on axioms: [propext, Classical.choice, Quot.sound]
'PerfectPower.SemilinearCapacity.period_optimizer_iff' depends on axioms: [propext, Classical.choice, Quot.sound]
'PerfectPower.SemilinearPowerSearch.complete' depends on axioms: [propext, Classical.choice, Quot.sound]
'PerfectPower.SemilinearPowerSearch.negative_quartic_domain' depends on axioms: [propext, Classical.choice, Quot.sound]
'PerfectPower.SemilinearPowerSearch.negative_quartic_packet' depends on axioms: [propext, Classical.choice, Quot.sound]
'PerfectPower.SemilinearPowerSearch.negative_quartic_complete' depends on axioms: [propext,
 Classical.choice,
 Quot.sound]
