audit/DresdenCalendar.lean:8:50: warning: Used `tac1 <;> tac2` where `(tac1; tac2)` would suffice
note: this linter can be disabled with `set_option linter.unnecessarySeqFocus false`
'PerfectPower.DresdenCalendar.polynomial_pullback' depends on axioms: [propext, Classical.choice, Quot.sound]
'PerfectPower.DresdenCalendar.condition_pullback' depends on axioms: [propext, Classical.choice, Quot.sound]
'PerfectPower.DresdenCalendar.chart_injective' depends on axioms: [propext, Classical.choice, Quot.sound]
'PerfectPower.DresdenCalendar.integer_pullback' depends on axioms: [propext, Classical.choice, Quot.sound]
'PerfectPower.DresdenCalendar.accepted_membership' depends on axioms: [propext, Classical.choice, Quot.sound]
'PerfectPower.DresdenCalendar.accepted_image' depends on axioms: [propext, Classical.choice, Quot.sound]
'PerfectPower.DresdenCalendar.accepted_count' depends on axioms: [propext, Classical.choice, Quot.sound]
'PerfectPower.DresdenCalendar.affine_rank' depends on axioms: [propext, Classical.choice, Quot.sound]
'PerfectPower.DresdenCalendar.accepted_rank' depends on axioms: [propext, Classical.choice, Quot.sound]
'PerfectPower.DresdenCalendar.selected_day' depends on axioms: [propext, Classical.choice, Quot.sound]
'PerfectPower.DresdenCalendar.calendar_compatibility' depends on axioms: [propext, Classical.choice, Quot.sound]
'PerfectPower.DresdenCalendar.calendar_period' depends on axioms: [propext]
'PerfectPower.DresdenCalendar.joint_venus_period' depends on axioms: [propext]
'PerfectPower.DresdenCalendar.long_count_uinal_carry' depends on axioms: [propext]
'PerfectPower.DresdenCalendar.long_count_unique' depends on axioms: [propext, Classical.choice, Quot.sound]
'PerfectPower.DresdenCalendar.restart_activation' depends on axioms: [propext]
'PerfectPower.DresdenCalendar.affine_envelope' depends on axioms: [propext, Classical.choice, Quot.sound]
'PerfectPower.DresdenCalendar.lunar_window_count' depends on axioms: [propext, Classical.choice, Quot.sound]
'PerfectPower.DresdenCalendar.lunar_split_count' depends on axioms: [propext, Quot.sound]
'PerfectPower.DresdenAudit.huge_calendar_count' depends on axioms: [propext, Classical.choice, Quot.sound]
'PerfectPower.DresdenAudit.lunar_405_crossing' depends on axioms: [propext, Classical.choice, Quot.sound]
'PerfectPower.DresdenAudit.duplicate_tail_example' depends on axioms: [propext]
