{
  "commutant_dimensions": {
    "2": 1,
    "3": 2,
    "4": 3,
    "5": 2,
    "7": 2,
    "8": 5,
    "9": 3
  },
  "derived_curves": 6160,
  "exact_replay": true,
  "harmonic_dimensions": [
    0,
    2,
    4,
    6,
    8,
    14
  ],
  "lifted_point_counts": {
    "2": 2810,
    "3": 2445
  },
  "new_lean_theorems": 0,
  "outer_source_audit": {
    "lean_recompiled_here": false,
    "matching_outer_packets": 3080,
    "source_sha256": "ba8217105270bac22181eccb851c4f63d0c92148bf71b60b6548c174a883b7dd",
    "stored_kernel_ledger_status": "COMPLETE_KERNEL_CHECK"
  },
  "primitive_quintic_solutions_in_box": 1,
  "recovered_families": 4,
  "source_sha256": {
    "receipts/branched_geometry/cell_models.json": "22fee4db4b479dad3b48ae8d9a52e4f2e4c05846c4a7e255b991f6959563f222",
    "receipts/divisor_sum/CompleteQuartics.lean": "ba8217105270bac22181eccb851c4f63d0c92148bf71b60b6548c174a883b7dd",
    "receipts/divisor_sum/complete_quartics.json": "4702fafb4396f7158faeeacd8b8bb85dcf5437a1d2f22aa7b17b32d296a2216b",
    "receipts/divisor_sum/lean_catalogue_validation.json": "69f0edd8ad2366f3ffd8bda41d578f620ae6ea70a7e07e3c30bb957ea1c662ce",
    "recovery_sources/deep_gems/PSG_Q_U_L_Z.txt": "d96e2574f4b9cd56df2d02df116425319bafcb82451c8706503582af51997e97",
    "recovery_sources/deep_gems/PSG_Qtilde_W_L_Z.txt": "be993555e52d045e8eb1f55d2f50273c5194488e4a23fd1bd09cd9f63c84c37d"
  },
  "surface_genera": [
    0,
    1,
    2,
    3,
    4,
    7
  ]
}

Focused cold tests:
.............................
----------------------------------------------------------------------
Ran 29 tests in 2.105s

OK
