Emitted 420 equations; 850 integer points
'PerfectPower.LinearPerturbation.coordinate_bound' depends on axioms: [propext, Classical.choice, Quot.sound]
'PerfectPower.LinearPerturbation.expanded' depends on axioms: [propext]
'PerfectPower.LinearPerturbation.squareRoots_complete' depends on axioms: [propext, Classical.choice, Quot.sound]
'PerfectPower.LinearPerturbation.complete' depends on axioms: [propext, Classical.choice, Quot.sound]
'PerfectPower.Generated.LinearCatalogue.case_000_complete' depends on axioms: [propext, Classical.choice, Quot.sound]
'PerfectPower.Generated.LinearCatalogue.case_001_complete' depends on axioms: [propext, Classical.choice, Quot.sound]
'PerfectPower.Generated.LinearCatalogue.case_002_complete' depends on axioms: [propext, Classical.choice, Quot.sound]
'PerfectPower.Generated.LinearCatalogue.case_003_complete' depends on axioms: [propext, Classical.choice, Quot.sound]
'PerfectPower.Generated.LinearCatalogue.case_004_complete' depends on axioms: [propext, Classical.choice, Quot.sound]
'PerfectPower.Generated.LinearCatalogue.case_005_complete' depends on axioms: [propext, Classical.choice, Quot.sound]
'PerfectPower.Generated.LinearCatalogue.case_006_complete' depends on axioms: [propext, Classical.choice, Quot.sound]
'PerfectPower.Generated.LinearCatalogue.case_007_complete' depends on axioms: [propext, Classical.choice, Quot.sound]
'PerfectPower.Generated.LinearCatalogue.case_008_complete' depends on axioms: [propext, Classical.choice, Quot.sound]
'PerfectPower.Generated.LinearCatalogue.case_009_complete' depends on axioms: [propext, Classical.choice, Quot.sound]
'PerfectPower.Generated.LinearCatalogue.case_010_complete' depends on axioms: [propext, Classical.choice, Quot.sound]
'PerfectPower.Generated.LinearCatalogue.case_011_complete' depends on axioms: [propext, Classical.choice, Quot.sound]
'PerfectPower.Generated.LinearCatalogue.case_012_complete' depends on axioms: [propext, Classical.choice, Quot.sound]
'PerfectPower.Generated.LinearCatalogue.case_013_complete' depends on axioms: [propext, Classical.choice, Quot.sound]
'PerfectPower.Generated.LinearCatalogue.case_014_complete' depends on axioms: [propext, Classical.choice, Quot.sound]
'PerfectPower.Generated.LinearCatalogue.case_015_complete' depends on axioms: [propext, Classical.choice, Quot.sound]
'PerfectPower.Generated.LinearCatalogue.case_016_complete' depends on axioms: [propext, Classical.choice, Quot.sound]
'PerfectPower.Generated.LinearCatalogue.case_017_complete' depends on axioms: [propext, Classical.choice, Quot.sound]
'PerfectPower.Generated.LinearCatalogue.case_018_complete' depends on axioms: [propext, Classical.choice, Quot.sound]
'PerfectPower.Generated.LinearCatalogue.case_019_complete' depends on axioms: [propext, Classical.choice, Quot.sound]
'PerfectPower.Generated.LinearCatalogue.case_020_complete' depends on axioms: [propext, Classical.choice, Quot.sound]
'PerfectPower.Generated.LinearCatalogue.case_021_complete' depends on axioms: [propext, Classical.choice, Quot.sound]
'PerfectPower.Generated.LinearCatalogue.case_022_complete' depends on axioms: [propext, Classical.choice, Quot.sound]
'PerfectPower.Generated.LinearCatalogue.case_023_complete' depends on axioms: [propext, Classical.choice, Quot.sound]
'PerfectPower.Generated.LinearCatalogue.case_024_complete' depends on axioms: [propext, Classical.choice, Quot.sound]
'PerfectPower.Generated.LinearCatalogue.case_025_complete' depends on axioms: [propext, Classical.choice, Quot.sound]
'PerfectPower.Generated.LinearCatalogue.case_026_complete' depends on axioms: [propext, Classical.choice, Quot.sound]
'PerfectPower.Generated.LinearCatalogue.case_027_complete' depends on axioms: [propext, Classical.choice, Quot.sound]
'PerfectPower.Generated.LinearCatalogue.case_028_complete' depends on axioms: [propext, Classical.choice, Quot.sound]
'PerfectPower.Generated.LinearCatalogue.case_029_complete' depends on axioms: [propext, Classical.choice, Quot.sound]
'PerfectPower.Generated.LinearCatalogue.case_030_complete' depends on axioms: [propext, Classical.choice, Quot.sound]
'PerfectPower.Generated.LinearCatalogue.case_031_complete' depends on axioms: [propext, Classical.choice, Quot.sound]
'PerfectPower.Generated.LinearCatalogue.case_032_complete' depends on axioms: [propext, Classical.choice, Quot.sound]
'PerfectPower.Generated.LinearCatalogue.case_033_complete' depends on axioms: [propext, Classical.choice, Quot.sound]
'PerfectPower.Generated.LinearCatalogue.case_034_complete' depends on axioms: [propext, Classical.choice, Quot.sound]
'PerfectPower.Generated.LinearCatalogue.case_035_complete' depends on axioms: [propext, Classical.choice, Quot.sound]
'PerfectPower.Generated.LinearCatalogue.case_036_complete' depends on axioms: [propext, Classical.choice, Quot.sound]
'PerfectPower.Generated.LinearCatalogue.case_037_complete' depends on axioms: [propext, Classical.choice, Quot.sound]
'PerfectPower.Generated.LinearCatalogue.case_038_complete' depends on axioms: [propext, Classical.choice, Quot.sound]
'PerfectPower.Generated.LinearCatalogue.case_039_complete' depends on axioms: [propext, Classical.choice, Quot.sound]
'PerfectPower.Generated.LinearCatalogue.case_040_complete' depends on axioms: [propext, Classical.choice, Quot.sound]
'PerfectPower.Generated.LinearCatalogue.case_041_complete' depends on axioms: [propext, Classical.choice, Quot.sound]
'PerfectPower.Generated.LinearCatalogue.case_042_complete' depends on axioms: [propext, Classical.choice, Quot.sound]
'PerfectPower.Generated.LinearCatalogue.case_043_complete' depends on axioms: [propext, Classical.choice, Quot.sound]
'PerfectPower.Generated.LinearCatalogue.case_044_complete' depends on axioms: [propext, Classical.choice, Quot.sound]
'PerfectPower.Generated.LinearCatalogue.case_045_complete' depends on axioms: [propext, Classical.choice, Quot.sound]
'PerfectPower.Generated.LinearCatalogue.case_046_complete' depends on axioms: [propext, Classical.choice, Quot.sound]
'PerfectPower.Generated.LinearCatalogue.case_047_complete' depends on axioms: [propext, Classical.choice, Quot.sound]
'PerfectPower.Generated.LinearCatalogue.case_048_complete' depends on axioms: [propext, Classical.choice, Quot.sound]
'PerfectPower.Generated.LinearCatalogue.case_049_complete' depends on axioms: [propext, Classical.choice, Quot.sound]
'PerfectPower.Generated.LinearCatalogue.case_050_complete' depends on axioms: [propext, Classical.choice, Quot.sound]
'PerfectPower.Generated.LinearCatalogue.case_051_complete' depends on axioms: [propext, Classical.choice, Quot.sound]
'PerfectPower.Generated.LinearCatalogue.case_052_complete' depends on axioms: [propext, Classical.choice, Quot.sound]
'PerfectPower.Generated.LinearCatalogue.case_053_complete' depends on axioms: [propext, Classical.choice, Quot.sound]
'PerfectPower.Generated.LinearCatalogue.case_054_complete' depends on axioms: [propext, Classical.choice, Quot.sound]
'PerfectPower.Generated.LinearCatalogue.case_055_complete' depends on axioms: [propext, Classical.choice, Quot.sound]
'PerfectPower.Generated.LinearCatalogue.case_056_complete' depends on axioms: [propext, Classical.choice, Quot.sound]
'PerfectPower.Generated.LinearCatalogue.case_057_complete' depends on axioms: [propext, Classical.choice, Quot.sound]
'PerfectPower.Generated.LinearCatalogue.case_058_complete' depends on axioms: [propext, Classical.choice, Quot.sound]
'PerfectPower.Generated.LinearCatalogue.case_059_complete' depends on axioms: [propext, Classical.choice, Quot.sound]
'PerfectPower.Generated.LinearCatalogue.case_060_complete' depends on axioms: [propext, Classical.choice, Quot.sound]
'PerfectPower.Generated.LinearCatalogue.case_061_complete' depends on axioms: [propext, Classical.choice, Quot.sound]
'PerfectPower.Generated.LinearCatalogue.case_062_complete' depends on axioms: [propext, Classical.choice, Quot.sound]
'PerfectPower.Generated.LinearCatalogue.case_063_complete' depends on axioms: [propext, Classical.choice, Quot.sound]
'PerfectPower.Generated.LinearCatalogue.case_064_complete' depends on axioms: [propext, Classical.choice, Quot.sound]
'PerfectPower.Generated.LinearCatalogue.case_065_complete' depends on axioms: [propext, Classical.choice, Quot.sound]
'PerfectPower.Generated.LinearCatalogue.case_066_complete' depends on axioms: [propext, Classical.choice, Quot.sound]
'PerfectPower.Generated.LinearCatalogue.case_067_complete' depends on axioms: [propext, Classical.choice, Quot.sound]
'PerfectPower.Generated.LinearCatalogue.case_068_complete' depends on axioms: [propext, Classical.choice, Quot.sound]
'PerfectPower.Generated.LinearCatalogue.case_069_complete' depends on axioms: [propext, Classical.choice, Quot.sound]
'PerfectPower.Generated.LinearCatalogue.case_070_complete' depends on axioms: [propext, Classical.choice, Quot.sound]
'PerfectPower.Generated.LinearCatalogue.case_071_complete' depends on axioms: [propext, Classical.choice, Quot.sound]
'PerfectPower.Generated.LinearCatalogue.case_072_complete' depends on axioms: [propext, Classical.choice, Quot.sound]
'PerfectPower.Generated.LinearCatalogue.case_073_complete' depends on axioms: [propext, Classical.choice, Quot.sound]
'PerfectPower.Generated.LinearCatalogue.case_074_complete' depends on axioms: [propext, Classical.choice, Quot.sound]
'PerfectPower.Generated.LinearCatalogue.case_075_complete' depends on axioms: [propext, Classical.choice, Quot.sound]
'PerfectPower.Generated.LinearCatalogue.case_076_complete' depends on axioms: [propext, Classical.choice, Quot.sound]
'PerfectPower.Generated.LinearCatalogue.case_077_complete' depends on axioms: [propext, Classical.choice, Quot.sound]
'PerfectPower.Generated.LinearCatalogue.case_078_complete' depends on axioms: [propext, Classical.choice, Quot.sound]
'PerfectPower.Generated.LinearCatalogue.case_079_complete' depends on axioms: [propext, Classical.choice, Quot.sound]
'PerfectPower.Generated.LinearCatalogue.case_080_complete' depends on axioms: [propext, Classical.choice, Quot.sound]
'PerfectPower.Generated.LinearCatalogue.case_081_complete' depends on axioms: [propext, Classical.choice, Quot.sound]
'PerfectPower.Generated.LinearCatalogue.case_082_complete' depends on axioms: [propext, Classical.choice, Quot.sound]
'PerfectPower.Generated.LinearCatalogue.case_083_complete' depends on axioms: [propext, Classical.choice, Quot.sound]
'PerfectPower.Generated.LinearCatalogue.case_084_complete' depends on axioms: [propext, Classical.choice, Quot.sound]
'PerfectPower.Generated.LinearCatalogue.case_085_complete' depends on axioms: [propext, Classical.choice, Quot.sound]
'PerfectPower.Generated.LinearCatalogue.case_086_complete' depends on axioms: [propext, Classical.choice, Quot.sound]
'PerfectPower.Generated.LinearCatalogue.case_087_complete' depends on axioms: [propext, Classical.choice, Quot.sound]
'PerfectPower.Generated.LinearCatalogue.case_088_complete' depends on axioms: [propext, Classical.choice, Quot.sound]
'PerfectPower.Generated.LinearCatalogue.case_089_complete' depends on axioms: [propext, Classical.choice, Quot.sound]
'PerfectPower.Generated.LinearCatalogue.case_090_complete' depends on axioms: [propext, Classical.choice, Quot.sound]
'PerfectPower.Generated.LinearCatalogue.case_091_complete' depends on axioms: [propext, Classical.choice, Quot.sound]
'PerfectPower.Generated.LinearCatalogue.case_092_complete' depends on axioms: [propext, Classical.choice, Quot.sound]
'PerfectPower.Generated.LinearCatalogue.case_093_complete' depends on axioms: [propext, Classical.choice, Quot.sound]
'PerfectPower.Generated.LinearCatalogue.case_094_complete' depends on axioms: [propext, Classical.choice, Quot.sound]
'PerfectPower.Generated.LinearCatalogue.case_095_complete' depends on axioms: [propext, Classical.choice, Quot.sound]
'PerfectPower.Generated.LinearCatalogue.case_096_complete' depends on axioms: [propext, Classical.choice, Quot.sound]
'PerfectPower.Generated.LinearCatalogue.case_097_complete' depends on axioms: [propext, Classical.choice, Quot.sound]
'PerfectPower.Generated.LinearCatalogue.case_098_complete' depends on axioms: [propext, Classical.choice, Quot.sound]
'PerfectPower.Generated.LinearCatalogue.case_099_complete' depends on axioms: [propext, Classical.choice, Quot.sound]
'PerfectPower.Generated.LinearCatalogue.case_100_complete' depends on axioms: [propext, Classical.choice, Quot.sound]
'PerfectPower.Generated.LinearCatalogue.case_101_complete' depends on axioms: [propext, Classical.choice, Quot.sound]
'PerfectPower.Generated.LinearCatalogue.case_102_complete' depends on axioms: [propext, Classical.choice, Quot.sound]
'PerfectPower.Generated.LinearCatalogue.case_103_complete' depends on axioms: [propext, Classical.choice, Quot.sound]
'PerfectPower.Generated.LinearCatalogue.case_104_complete' depends on axioms: [propext, Classical.choice, Quot.sound]
'PerfectPower.Generated.LinearCatalogue.case_105_complete' depends on axioms: [propext, Classical.choice, Quot.sound]
'PerfectPower.Generated.LinearCatalogue.case_106_complete' depends on axioms: [propext, Classical.choice, Quot.sound]
'PerfectPower.Generated.LinearCatalogue.case_107_complete' depends on axioms: [propext, Classical.choice, Quot.sound]
'PerfectPower.Generated.LinearCatalogue.case_108_complete' depends on axioms: [propext, Classical.choice, Quot.sound]
'PerfectPower.Generated.LinearCatalogue.case_109_complete' depends on axioms: [propext, Classical.choice, Quot.sound]
'PerfectPower.Generated.LinearCatalogue.case_110_complete' depends on axioms: [propext, Classical.choice, Quot.sound]
'PerfectPower.Generated.LinearCatalogue.case_111_complete' depends on axioms: [propext, Classical.choice, Quot.sound]
'PerfectPower.Generated.LinearCatalogue.case_112_complete' depends on axioms: [propext, Classical.choice, Quot.sound]
'PerfectPower.Generated.LinearCatalogue.case_113_complete' depends on axioms: [propext, Classical.choice, Quot.sound]
'PerfectPower.Generated.LinearCatalogue.case_114_complete' depends on axioms: [propext, Classical.choice, Quot.sound]
'PerfectPower.Generated.LinearCatalogue.case_115_complete' depends on axioms: [propext, Classical.choice, Quot.sound]
'PerfectPower.Generated.LinearCatalogue.case_116_complete' depends on axioms: [propext, Classical.choice, Quot.sound]
'PerfectPower.Generated.LinearCatalogue.case_117_complete' depends on axioms: [propext, Classical.choice, Quot.sound]
'PerfectPower.Generated.LinearCatalogue.case_118_complete' depends on axioms: [propext, Classical.choice, Quot.sound]
'PerfectPower.Generated.LinearCatalogue.case_119_complete' depends on axioms: [propext, Classical.choice, Quot.sound]
'PerfectPower.Generated.LinearCatalogue.case_120_complete' depends on axioms: [propext, Classical.choice, Quot.sound]
'PerfectPower.Generated.LinearCatalogue.case_121_complete' depends on axioms: [propext, Classical.choice, Quot.sound]
'PerfectPower.Generated.LinearCatalogue.case_122_complete' depends on axioms: [propext, Classical.choice, Quot.sound]
'PerfectPower.Generated.LinearCatalogue.case_123_complete' depends on axioms: [propext, Classical.choice, Quot.sound]
'PerfectPower.Generated.LinearCatalogue.case_124_complete' depends on axioms: [propext, Classical.choice, Quot.sound]
'PerfectPower.Generated.LinearCatalogue.case_125_complete' depends on axioms: [propext, Classical.choice, Quot.sound]
'PerfectPower.Generated.LinearCatalogue.case_126_complete' depends on axioms: [propext, Classical.choice, Quot.sound]
'PerfectPower.Generated.LinearCatalogue.case_127_complete' depends on axioms: [propext, Classical.choice, Quot.sound]
'PerfectPower.Generated.LinearCatalogue.case_128_complete' depends on axioms: [propext, Classical.choice, Quot.sound]
'PerfectPower.Generated.LinearCatalogue.case_129_complete' depends on axioms: [propext, Classical.choice, Quot.sound]
'PerfectPower.Generated.LinearCatalogue.case_130_complete' depends on axioms: [propext, Classical.choice, Quot.sound]
'PerfectPower.Generated.LinearCatalogue.case_131_complete' depends on axioms: [propext, Classical.choice, Quot.sound]
'PerfectPower.Generated.LinearCatalogue.case_132_complete' depends on axioms: [propext, Classical.choice, Quot.sound]
'PerfectPower.Generated.LinearCatalogue.case_133_complete' depends on axioms: [propext, Classical.choice, Quot.sound]
'PerfectPower.Generated.LinearCatalogue.case_134_complete' depends on axioms: [propext, Classical.choice, Quot.sound]
'PerfectPower.Generated.LinearCatalogue.case_135_complete' depends on axioms: [propext, Classical.choice, Quot.sound]
'PerfectPower.Generated.LinearCatalogue.case_136_complete' depends on axioms: [propext, Classical.choice, Quot.sound]
'PerfectPower.Generated.LinearCatalogue.case_137_complete' depends on axioms: [propext, Classical.choice, Quot.sound]
'PerfectPower.Generated.LinearCatalogue.case_138_complete' depends on axioms: [propext, Classical.choice, Quot.sound]
'PerfectPower.Generated.LinearCatalogue.case_139_complete' depends on axioms: [propext, Classical.choice, Quot.sound]
'PerfectPower.Generated.LinearCatalogue.case_140_complete' depends on axioms: [propext, Classical.choice, Quot.sound]
'PerfectPower.Generated.LinearCatalogue.case_141_complete' depends on axioms: [propext, Classical.choice, Quot.sound]
'PerfectPower.Generated.LinearCatalogue.case_142_complete' depends on axioms: [propext, Classical.choice, Quot.sound]
'PerfectPower.Generated.LinearCatalogue.case_143_complete' depends on axioms: [propext, Classical.choice, Quot.sound]
'PerfectPower.Generated.LinearCatalogue.case_144_complete' depends on axioms: [propext, Classical.choice, Quot.sound]
'PerfectPower.Generated.LinearCatalogue.case_145_complete' depends on axioms: [propext, Classical.choice, Quot.sound]
'PerfectPower.Generated.LinearCatalogue.case_146_complete' depends on axioms: [propext, Classical.choice, Quot.sound]
'PerfectPower.Generated.LinearCatalogue.case_147_complete' depends on axioms: [propext, Classical.choice, Quot.sound]
'PerfectPower.Generated.LinearCatalogue.case_148_complete' depends on axioms: [propext, Classical.choice, Quot.sound]
'PerfectPower.Generated.LinearCatalogue.case_149_complete' depends on axioms: [propext, Classical.choice, Quot.sound]
'PerfectPower.Generated.LinearCatalogue.case_150_complete' depends on axioms: [propext, Classical.choice, Quot.sound]
'PerfectPower.Generated.LinearCatalogue.case_151_complete' depends on axioms: [propext, Classical.choice, Quot.sound]
'PerfectPower.Generated.LinearCatalogue.case_152_complete' depends on axioms: [propext, Classical.choice, Quot.sound]
'PerfectPower.Generated.LinearCatalogue.case_153_complete' depends on axioms: [propext, Classical.choice, Quot.sound]
'PerfectPower.Generated.LinearCatalogue.case_154_complete' depends on axioms: [propext, Classical.choice, Quot.sound]
'PerfectPower.Generated.LinearCatalogue.case_155_complete' depends on axioms: [propext, Classical.choice, Quot.sound]
'PerfectPower.Generated.LinearCatalogue.case_156_complete' depends on axioms: [propext, Classical.choice, Quot.sound]
'PerfectPower.Generated.LinearCatalogue.case_157_complete' depends on axioms: [propext, Classical.choice, Quot.sound]
'PerfectPower.Generated.LinearCatalogue.case_158_complete' depends on axioms: [propext, Classical.choice, Quot.sound]
'PerfectPower.Generated.LinearCatalogue.case_159_complete' depends on axioms: [propext, Classical.choice, Quot.sound]
'PerfectPower.Generated.LinearCatalogue.case_160_complete' depends on axioms: [propext, Classical.choice, Quot.sound]
'PerfectPower.Generated.LinearCatalogue.case_161_complete' depends on axioms: [propext, Classical.choice, Quot.sound]
'PerfectPower.Generated.LinearCatalogue.case_162_complete' depends on axioms: [propext, Classical.choice, Quot.sound]
'PerfectPower.Generated.LinearCatalogue.case_163_complete' depends on axioms: [propext, Classical.choice, Quot.sound]
'PerfectPower.Generated.LinearCatalogue.case_164_complete' depends on axioms: [propext, Classical.choice, Quot.sound]
'PerfectPower.Generated.LinearCatalogue.case_165_complete' depends on axioms: [propext, Classical.choice, Quot.sound]
'PerfectPower.Generated.LinearCatalogue.case_166_complete' depends on axioms: [propext, Classical.choice, Quot.sound]
'PerfectPower.Generated.LinearCatalogue.case_167_complete' depends on axioms: [propext, Classical.choice, Quot.sound]
'PerfectPower.Generated.LinearCatalogue.case_168_complete' depends on axioms: [propext, Classical.choice, Quot.sound]
'PerfectPower.Generated.LinearCatalogue.case_169_complete' depends on axioms: [propext, Classical.choice, Quot.sound]
'PerfectPower.Generated.LinearCatalogue.case_170_complete' depends on axioms: [propext, Classical.choice, Quot.sound]
'PerfectPower.Generated.LinearCatalogue.case_171_complete' depends on axioms: [propext, Classical.choice, Quot.sound]
'PerfectPower.Generated.LinearCatalogue.case_172_complete' depends on axioms: [propext, Classical.choice, Quot.sound]
'PerfectPower.Generated.LinearCatalogue.case_173_complete' depends on axioms: [propext, Classical.choice, Quot.sound]
'PerfectPower.Generated.LinearCatalogue.case_174_complete' depends on axioms: [propext, Classical.choice, Quot.sound]
'PerfectPower.Generated.LinearCatalogue.case_175_complete' depends on axioms: [propext, Classical.choice, Quot.sound]
'PerfectPower.Generated.LinearCatalogue.case_176_complete' depends on axioms: [propext, Classical.choice, Quot.sound]
'PerfectPower.Generated.LinearCatalogue.case_177_complete' depends on axioms: [propext, Classical.choice, Quot.sound]
'PerfectPower.Generated.LinearCatalogue.case_178_complete' depends on axioms: [propext, Classical.choice, Quot.sound]
'PerfectPower.Generated.LinearCatalogue.case_179_complete' depends on axioms: [propext, Classical.choice, Quot.sound]
'PerfectPower.Generated.LinearCatalogue.case_180_complete' depends on axioms: [propext, Classical.choice, Quot.sound]
'PerfectPower.Generated.LinearCatalogue.case_181_complete' depends on axioms: [propext, Classical.choice, Quot.sound]
'PerfectPower.Generated.LinearCatalogue.case_182_complete' depends on axioms: [propext, Classical.choice, Quot.sound]
'PerfectPower.Generated.LinearCatalogue.case_183_complete' depends on axioms: [propext, Classical.choice, Quot.sound]
'PerfectPower.Generated.LinearCatalogue.case_184_complete' depends on axioms: [propext, Classical.choice, Quot.sound]
'PerfectPower.Generated.LinearCatalogue.case_185_complete' depends on axioms: [propext, Classical.choice, Quot.sound]
'PerfectPower.Generated.LinearCatalogue.case_186_complete' depends on axioms: [propext, Classical.choice, Quot.sound]
'PerfectPower.Generated.LinearCatalogue.case_187_complete' depends on axioms: [propext, Classical.choice, Quot.sound]
'PerfectPower.Generated.LinearCatalogue.case_188_complete' depends on axioms: [propext, Classical.choice, Quot.sound]
'PerfectPower.Generated.LinearCatalogue.case_189_complete' depends on axioms: [propext, Classical.choice, Quot.sound]
'PerfectPower.Generated.LinearCatalogue.case_190_complete' depends on axioms: [propext, Classical.choice, Quot.sound]
'PerfectPower.Generated.LinearCatalogue.case_191_complete' depends on axioms: [propext, Classical.choice, Quot.sound]
'PerfectPower.Generated.LinearCatalogue.case_192_complete' depends on axioms: [propext, Classical.choice, Quot.sound]
'PerfectPower.Generated.LinearCatalogue.case_193_complete' depends on axioms: [propext, Classical.choice, Quot.sound]
'PerfectPower.Generated.LinearCatalogue.case_194_complete' depends on axioms: [propext, Classical.choice, Quot.sound]
'PerfectPower.Generated.LinearCatalogue.case_195_complete' depends on axioms: [propext, Classical.choice, Quot.sound]
'PerfectPower.Generated.LinearCatalogue.case_196_complete' depends on axioms: [propext, Classical.choice, Quot.sound]
'PerfectPower.Generated.LinearCatalogue.case_197_complete' depends on axioms: [propext, Classical.choice, Quot.sound]
'PerfectPower.Generated.LinearCatalogue.case_198_complete' depends on axioms: [propext, Classical.choice, Quot.sound]
'PerfectPower.Generated.LinearCatalogue.case_199_complete' depends on axioms: [propext, Classical.choice, Quot.sound]
'PerfectPower.Generated.LinearCatalogue.case_200_complete' depends on axioms: [propext, Classical.choice, Quot.sound]
'PerfectPower.Generated.LinearCatalogue.case_201_complete' depends on axioms: [propext, Classical.choice, Quot.sound]
'PerfectPower.Generated.LinearCatalogue.case_202_complete' depends on axioms: [propext, Classical.choice, Quot.sound]
'PerfectPower.Generated.LinearCatalogue.case_203_complete' depends on axioms: [propext, Classical.choice, Quot.sound]
'PerfectPower.Generated.LinearCatalogue.case_204_complete' depends on axioms: [propext, Classical.choice, Quot.sound]
'PerfectPower.Generated.LinearCatalogue.case_205_complete' depends on axioms: [propext, Classical.choice, Quot.sound]
'PerfectPower.Generated.LinearCatalogue.case_206_complete' depends on axioms: [propext, Classical.choice, Quot.sound]
'PerfectPower.Generated.LinearCatalogue.case_207_complete' depends on axioms: [propext, Classical.choice, Quot.sound]
'PerfectPower.Generated.LinearCatalogue.case_208_complete' depends on axioms: [propext, Classical.choice, Quot.sound]
'PerfectPower.Generated.LinearCatalogue.case_209_complete' depends on axioms: [propext, Classical.choice, Quot.sound]
'PerfectPower.Generated.LinearCatalogue.case_210_complete' depends on axioms: [propext, Classical.choice, Quot.sound]
'PerfectPower.Generated.LinearCatalogue.case_211_complete' depends on axioms: [propext, Classical.choice, Quot.sound]
'PerfectPower.Generated.LinearCatalogue.case_212_complete' depends on axioms: [propext, Classical.choice, Quot.sound]
'PerfectPower.Generated.LinearCatalogue.case_213_complete' depends on axioms: [propext, Classical.choice, Quot.sound]
'PerfectPower.Generated.LinearCatalogue.case_214_complete' depends on axioms: [propext, Classical.choice, Quot.sound]
'PerfectPower.Generated.LinearCatalogue.case_215_complete' depends on axioms: [propext, Classical.choice, Quot.sound]
'PerfectPower.Generated.LinearCatalogue.case_216_complete' depends on axioms: [propext, Classical.choice, Quot.sound]
'PerfectPower.Generated.LinearCatalogue.case_217_complete' depends on axioms: [propext, Classical.choice, Quot.sound]
'PerfectPower.Generated.LinearCatalogue.case_218_complete' depends on axioms: [propext, Classical.choice, Quot.sound]
'PerfectPower.Generated.LinearCatalogue.case_219_complete' depends on axioms: [propext, Classical.choice, Quot.sound]
'PerfectPower.Generated.LinearCatalogue.case_220_complete' depends on axioms: [propext, Classical.choice, Quot.sound]
'PerfectPower.Generated.LinearCatalogue.case_221_complete' depends on axioms: [propext, Classical.choice, Quot.sound]
'PerfectPower.Generated.LinearCatalogue.case_222_complete' depends on axioms: [propext, Classical.choice, Quot.sound]
'PerfectPower.Generated.LinearCatalogue.case_223_complete' depends on axioms: [propext, Classical.choice, Quot.sound]
'PerfectPower.Generated.LinearCatalogue.case_224_complete' depends on axioms: [propext, Classical.choice, Quot.sound]
'PerfectPower.Generated.LinearCatalogue.case_225_complete' depends on axioms: [propext, Classical.choice, Quot.sound]
'PerfectPower.Generated.LinearCatalogue.case_226_complete' depends on axioms: [propext, Classical.choice, Quot.sound]
'PerfectPower.Generated.LinearCatalogue.case_227_complete' depends on axioms: [propext, Classical.choice, Quot.sound]
'PerfectPower.Generated.LinearCatalogue.case_228_complete' depends on axioms: [propext, Classical.choice, Quot.sound]
'PerfectPower.Generated.LinearCatalogue.case_229_complete' depends on axioms: [propext, Classical.choice, Quot.sound]
'PerfectPower.Generated.LinearCatalogue.case_230_complete' depends on axioms: [propext, Classical.choice, Quot.sound]
'PerfectPower.Generated.LinearCatalogue.case_231_complete' depends on axioms: [propext, Classical.choice, Quot.sound]
'PerfectPower.Generated.LinearCatalogue.case_232_complete' depends on axioms: [propext, Classical.choice, Quot.sound]
'PerfectPower.Generated.LinearCatalogue.case_233_complete' depends on axioms: [propext, Classical.choice, Quot.sound]
'PerfectPower.Generated.LinearCatalogue.case_234_complete' depends on axioms: [propext, Classical.choice, Quot.sound]
'PerfectPower.Generated.LinearCatalogue.case_235_complete' depends on axioms: [propext, Classical.choice, Quot.sound]
'PerfectPower.Generated.LinearCatalogue.case_236_complete' depends on axioms: [propext, Classical.choice, Quot.sound]
'PerfectPower.Generated.LinearCatalogue.case_237_complete' depends on axioms: [propext, Classical.choice, Quot.sound]
'PerfectPower.Generated.LinearCatalogue.case_238_complete' depends on axioms: [propext, Classical.choice, Quot.sound]
'PerfectPower.Generated.LinearCatalogue.case_239_complete' depends on axioms: [propext, Classical.choice, Quot.sound]
'PerfectPower.Generated.LinearCatalogue.case_240_complete' depends on axioms: [propext, Classical.choice, Quot.sound]
'PerfectPower.Generated.LinearCatalogue.case_241_complete' depends on axioms: [propext, Classical.choice, Quot.sound]
'PerfectPower.Generated.LinearCatalogue.case_242_complete' depends on axioms: [propext, Classical.choice, Quot.sound]
'PerfectPower.Generated.LinearCatalogue.case_243_complete' depends on axioms: [propext, Classical.choice, Quot.sound]
'PerfectPower.Generated.LinearCatalogue.case_244_complete' depends on axioms: [propext, Classical.choice, Quot.sound]
'PerfectPower.Generated.LinearCatalogue.case_245_complete' depends on axioms: [propext, Classical.choice, Quot.sound]
'PerfectPower.Generated.LinearCatalogue.case_246_complete' depends on axioms: [propext, Classical.choice, Quot.sound]
'PerfectPower.Generated.LinearCatalogue.case_247_complete' depends on axioms: [propext, Classical.choice, Quot.sound]
'PerfectPower.Generated.LinearCatalogue.case_248_complete' depends on axioms: [propext, Classical.choice, Quot.sound]
'PerfectPower.Generated.LinearCatalogue.case_249_complete' depends on axioms: [propext, Classical.choice, Quot.sound]
'PerfectPower.Generated.LinearCatalogue.case_250_complete' depends on axioms: [propext, Classical.choice, Quot.sound]
'PerfectPower.Generated.LinearCatalogue.case_251_complete' depends on axioms: [propext, Classical.choice, Quot.sound]
'PerfectPower.Generated.LinearCatalogue.case_252_complete' depends on axioms: [propext, Classical.choice, Quot.sound]
'PerfectPower.Generated.LinearCatalogue.case_253_complete' depends on axioms: [propext, Classical.choice, Quot.sound]
'PerfectPower.Generated.LinearCatalogue.case_254_complete' depends on axioms: [propext, Classical.choice, Quot.sound]
'PerfectPower.Generated.LinearCatalogue.case_255_complete' depends on axioms: [propext, Classical.choice, Quot.sound]
'PerfectPower.Generated.LinearCatalogue.case_256_complete' depends on axioms: [propext, Classical.choice, Quot.sound]
'PerfectPower.Generated.LinearCatalogue.case_257_complete' depends on axioms: [propext, Classical.choice, Quot.sound]
'PerfectPower.Generated.LinearCatalogue.case_258_complete' depends on axioms: [propext, Classical.choice, Quot.sound]
'PerfectPower.Generated.LinearCatalogue.case_259_complete' depends on axioms: [propext, Classical.choice, Quot.sound]
'PerfectPower.Generated.LinearCatalogue.case_260_complete' depends on axioms: [propext, Classical.choice, Quot.sound]
'PerfectPower.Generated.LinearCatalogue.case_261_complete' depends on axioms: [propext, Classical.choice, Quot.sound]
'PerfectPower.Generated.LinearCatalogue.case_262_complete' depends on axioms: [propext, Classical.choice, Quot.sound]
'PerfectPower.Generated.LinearCatalogue.case_263_complete' depends on axioms: [propext, Classical.choice, Quot.sound]
'PerfectPower.Generated.LinearCatalogue.case_264_complete' depends on axioms: [propext, Classical.choice, Quot.sound]
'PerfectPower.Generated.LinearCatalogue.case_265_complete' depends on axioms: [propext, Classical.choice, Quot.sound]
'PerfectPower.Generated.LinearCatalogue.case_266_complete' depends on axioms: [propext, Classical.choice, Quot.sound]
'PerfectPower.Generated.LinearCatalogue.case_267_complete' depends on axioms: [propext, Classical.choice, Quot.sound]
'PerfectPower.Generated.LinearCatalogue.case_268_complete' depends on axioms: [propext, Classical.choice, Quot.sound]
'PerfectPower.Generated.LinearCatalogue.case_269_complete' depends on axioms: [propext, Classical.choice, Quot.sound]
'PerfectPower.Generated.LinearCatalogue.case_270_complete' depends on axioms: [propext, Classical.choice, Quot.sound]
'PerfectPower.Generated.LinearCatalogue.case_271_complete' depends on axioms: [propext, Classical.choice, Quot.sound]
'PerfectPower.Generated.LinearCatalogue.case_272_complete' depends on axioms: [propext, Classical.choice, Quot.sound]
'PerfectPower.Generated.LinearCatalogue.case_273_complete' depends on axioms: [propext, Classical.choice, Quot.sound]
'PerfectPower.Generated.LinearCatalogue.case_274_complete' depends on axioms: [propext, Classical.choice, Quot.sound]
'PerfectPower.Generated.LinearCatalogue.case_275_complete' depends on axioms: [propext, Classical.choice, Quot.sound]
'PerfectPower.Generated.LinearCatalogue.case_276_complete' depends on axioms: [propext, Classical.choice, Quot.sound]
'PerfectPower.Generated.LinearCatalogue.case_277_complete' depends on axioms: [propext, Classical.choice, Quot.sound]
'PerfectPower.Generated.LinearCatalogue.case_278_complete' depends on axioms: [propext, Classical.choice, Quot.sound]
'PerfectPower.Generated.LinearCatalogue.case_279_complete' depends on axioms: [propext, Classical.choice, Quot.sound]
'PerfectPower.Generated.LinearCatalogue.case_280_complete' depends on axioms: [propext, Classical.choice, Quot.sound]
'PerfectPower.Generated.LinearCatalogue.case_281_complete' depends on axioms: [propext, Classical.choice, Quot.sound]
'PerfectPower.Generated.LinearCatalogue.case_282_complete' depends on axioms: [propext, Classical.choice, Quot.sound]
'PerfectPower.Generated.LinearCatalogue.case_283_complete' depends on axioms: [propext, Classical.choice, Quot.sound]
'PerfectPower.Generated.LinearCatalogue.case_284_complete' depends on axioms: [propext, Classical.choice, Quot.sound]
'PerfectPower.Generated.LinearCatalogue.case_285_complete' depends on axioms: [propext, Classical.choice, Quot.sound]
'PerfectPower.Generated.LinearCatalogue.case_286_complete' depends on axioms: [propext, Classical.choice, Quot.sound]
'PerfectPower.Generated.LinearCatalogue.case_287_complete' depends on axioms: [propext, Classical.choice, Quot.sound]
'PerfectPower.Generated.LinearCatalogue.case_288_complete' depends on axioms: [propext, Classical.choice, Quot.sound]
'PerfectPower.Generated.LinearCatalogue.case_289_complete' depends on axioms: [propext, Classical.choice, Quot.sound]
'PerfectPower.Generated.LinearCatalogue.case_290_complete' depends on axioms: [propext, Classical.choice, Quot.sound]
'PerfectPower.Generated.LinearCatalogue.case_291_complete' depends on axioms: [propext, Classical.choice, Quot.sound]
'PerfectPower.Generated.LinearCatalogue.case_292_complete' depends on axioms: [propext, Classical.choice, Quot.sound]
'PerfectPower.Generated.LinearCatalogue.case_293_complete' depends on axioms: [propext, Classical.choice, Quot.sound]
'PerfectPower.Generated.LinearCatalogue.case_294_complete' depends on axioms: [propext, Classical.choice, Quot.sound]
'PerfectPower.Generated.LinearCatalogue.case_295_complete' depends on axioms: [propext, Classical.choice, Quot.sound]
'PerfectPower.Generated.LinearCatalogue.case_296_complete' depends on axioms: [propext, Classical.choice, Quot.sound]
'PerfectPower.Generated.LinearCatalogue.case_297_complete' depends on axioms: [propext, Classical.choice, Quot.sound]
'PerfectPower.Generated.LinearCatalogue.case_298_complete' depends on axioms: [propext, Classical.choice, Quot.sound]
'PerfectPower.Generated.LinearCatalogue.case_299_complete' depends on axioms: [propext, Classical.choice, Quot.sound]
'PerfectPower.Generated.LinearCatalogue.case_300_complete' depends on axioms: [propext, Classical.choice, Quot.sound]
'PerfectPower.Generated.LinearCatalogue.case_301_complete' depends on axioms: [propext, Classical.choice, Quot.sound]
'PerfectPower.Generated.LinearCatalogue.case_302_complete' depends on axioms: [propext, Classical.choice, Quot.sound]
'PerfectPower.Generated.LinearCatalogue.case_303_complete' depends on axioms: [propext, Classical.choice, Quot.sound]
'PerfectPower.Generated.LinearCatalogue.case_304_complete' depends on axioms: [propext, Classical.choice, Quot.sound]
'PerfectPower.Generated.LinearCatalogue.case_305_complete' depends on axioms: [propext, Classical.choice, Quot.sound]
'PerfectPower.Generated.LinearCatalogue.case_306_complete' depends on axioms: [propext, Classical.choice, Quot.sound]
'PerfectPower.Generated.LinearCatalogue.case_307_complete' depends on axioms: [propext, Classical.choice, Quot.sound]
'PerfectPower.Generated.LinearCatalogue.case_308_complete' depends on axioms: [propext, Classical.choice, Quot.sound]
'PerfectPower.Generated.LinearCatalogue.case_309_complete' depends on axioms: [propext, Classical.choice, Quot.sound]
'PerfectPower.Generated.LinearCatalogue.case_310_complete' depends on axioms: [propext, Classical.choice, Quot.sound]
'PerfectPower.Generated.LinearCatalogue.case_311_complete' depends on axioms: [propext, Classical.choice, Quot.sound]
'PerfectPower.Generated.LinearCatalogue.case_312_complete' depends on axioms: [propext, Classical.choice, Quot.sound]
'PerfectPower.Generated.LinearCatalogue.case_313_complete' depends on axioms: [propext, Classical.choice, Quot.sound]
'PerfectPower.Generated.LinearCatalogue.case_314_complete' depends on axioms: [propext, Classical.choice, Quot.sound]
'PerfectPower.Generated.LinearCatalogue.case_315_complete' depends on axioms: [propext, Classical.choice, Quot.sound]
'PerfectPower.Generated.LinearCatalogue.case_316_complete' depends on axioms: [propext, Classical.choice, Quot.sound]
'PerfectPower.Generated.LinearCatalogue.case_317_complete' depends on axioms: [propext, Classical.choice, Quot.sound]
'PerfectPower.Generated.LinearCatalogue.case_318_complete' depends on axioms: [propext, Classical.choice, Quot.sound]
'PerfectPower.Generated.LinearCatalogue.case_319_complete' depends on axioms: [propext, Classical.choice, Quot.sound]
'PerfectPower.Generated.LinearCatalogue.case_320_complete' depends on axioms: [propext, Classical.choice, Quot.sound]
'PerfectPower.Generated.LinearCatalogue.case_321_complete' depends on axioms: [propext, Classical.choice, Quot.sound]
'PerfectPower.Generated.LinearCatalogue.case_322_complete' depends on axioms: [propext, Classical.choice, Quot.sound]
'PerfectPower.Generated.LinearCatalogue.case_323_complete' depends on axioms: [propext, Classical.choice, Quot.sound]
'PerfectPower.Generated.LinearCatalogue.case_324_complete' depends on axioms: [propext, Classical.choice, Quot.sound]
'PerfectPower.Generated.LinearCatalogue.case_325_complete' depends on axioms: [propext, Classical.choice, Quot.sound]
'PerfectPower.Generated.LinearCatalogue.case_326_complete' depends on axioms: [propext, Classical.choice, Quot.sound]
'PerfectPower.Generated.LinearCatalogue.case_327_complete' depends on axioms: [propext, Classical.choice, Quot.sound]
'PerfectPower.Generated.LinearCatalogue.case_328_complete' depends on axioms: [propext, Classical.choice, Quot.sound]
'PerfectPower.Generated.LinearCatalogue.case_329_complete' depends on axioms: [propext, Classical.choice, Quot.sound]
'PerfectPower.Generated.LinearCatalogue.case_330_complete' depends on axioms: [propext, Classical.choice, Quot.sound]
'PerfectPower.Generated.LinearCatalogue.case_331_complete' depends on axioms: [propext, Classical.choice, Quot.sound]
'PerfectPower.Generated.LinearCatalogue.case_332_complete' depends on axioms: [propext, Classical.choice, Quot.sound]
'PerfectPower.Generated.LinearCatalogue.case_333_complete' depends on axioms: [propext, Classical.choice, Quot.sound]
'PerfectPower.Generated.LinearCatalogue.case_334_complete' depends on axioms: [propext, Classical.choice, Quot.sound]
'PerfectPower.Generated.LinearCatalogue.case_335_complete' depends on axioms: [propext, Classical.choice, Quot.sound]
'PerfectPower.Generated.LinearCatalogue.case_336_complete' depends on axioms: [propext, Classical.choice, Quot.sound]
'PerfectPower.Generated.LinearCatalogue.case_337_complete' depends on axioms: [propext, Classical.choice, Quot.sound]
'PerfectPower.Generated.LinearCatalogue.case_338_complete' depends on axioms: [propext, Classical.choice, Quot.sound]
'PerfectPower.Generated.LinearCatalogue.case_339_complete' depends on axioms: [propext, Classical.choice, Quot.sound]
'PerfectPower.Generated.LinearCatalogue.case_340_complete' depends on axioms: [propext, Classical.choice, Quot.sound]
'PerfectPower.Generated.LinearCatalogue.case_341_complete' depends on axioms: [propext, Classical.choice, Quot.sound]
'PerfectPower.Generated.LinearCatalogue.case_342_complete' depends on axioms: [propext, Classical.choice, Quot.sound]
'PerfectPower.Generated.LinearCatalogue.case_343_complete' depends on axioms: [propext, Classical.choice, Quot.sound]
'PerfectPower.Generated.LinearCatalogue.case_344_complete' depends on axioms: [propext, Classical.choice, Quot.sound]
'PerfectPower.Generated.LinearCatalogue.case_345_complete' depends on axioms: [propext, Classical.choice, Quot.sound]
'PerfectPower.Generated.LinearCatalogue.case_346_complete' depends on axioms: [propext, Classical.choice, Quot.sound]
'PerfectPower.Generated.LinearCatalogue.case_347_complete' depends on axioms: [propext, Classical.choice, Quot.sound]
'PerfectPower.Generated.LinearCatalogue.case_348_complete' depends on axioms: [propext, Classical.choice, Quot.sound]
'PerfectPower.Generated.LinearCatalogue.case_349_complete' depends on axioms: [propext, Classical.choice, Quot.sound]
'PerfectPower.Generated.LinearCatalogue.case_350_complete' depends on axioms: [propext, Classical.choice, Quot.sound]
'PerfectPower.Generated.LinearCatalogue.case_351_complete' depends on axioms: [propext, Classical.choice, Quot.sound]
'PerfectPower.Generated.LinearCatalogue.case_352_complete' depends on axioms: [propext, Classical.choice, Quot.sound]
'PerfectPower.Generated.LinearCatalogue.case_353_complete' depends on axioms: [propext, Classical.choice, Quot.sound]
'PerfectPower.Generated.LinearCatalogue.case_354_complete' depends on axioms: [propext, Classical.choice, Quot.sound]
'PerfectPower.Generated.LinearCatalogue.case_355_complete' depends on axioms: [propext, Classical.choice, Quot.sound]
'PerfectPower.Generated.LinearCatalogue.case_356_complete' depends on axioms: [propext, Classical.choice, Quot.sound]
'PerfectPower.Generated.LinearCatalogue.case_357_complete' depends on axioms: [propext, Classical.choice, Quot.sound]
'PerfectPower.Generated.LinearCatalogue.case_358_complete' depends on axioms: [propext, Classical.choice, Quot.sound]
'PerfectPower.Generated.LinearCatalogue.case_359_complete' depends on axioms: [propext, Classical.choice, Quot.sound]
'PerfectPower.Generated.LinearCatalogue.case_360_complete' depends on axioms: [propext, Classical.choice, Quot.sound]
'PerfectPower.Generated.LinearCatalogue.case_361_complete' depends on axioms: [propext, Classical.choice, Quot.sound]
'PerfectPower.Generated.LinearCatalogue.case_362_complete' depends on axioms: [propext, Classical.choice, Quot.sound]
'PerfectPower.Generated.LinearCatalogue.case_363_complete' depends on axioms: [propext, Classical.choice, Quot.sound]
'PerfectPower.Generated.LinearCatalogue.case_364_complete' depends on axioms: [propext, Classical.choice, Quot.sound]
'PerfectPower.Generated.LinearCatalogue.case_365_complete' depends on axioms: [propext, Classical.choice, Quot.sound]
'PerfectPower.Generated.LinearCatalogue.case_366_complete' depends on axioms: [propext, Classical.choice, Quot.sound]
'PerfectPower.Generated.LinearCatalogue.case_367_complete' depends on axioms: [propext, Classical.choice, Quot.sound]
'PerfectPower.Generated.LinearCatalogue.case_368_complete' depends on axioms: [propext, Classical.choice, Quot.sound]
'PerfectPower.Generated.LinearCatalogue.case_369_complete' depends on axioms: [propext, Classical.choice, Quot.sound]
'PerfectPower.Generated.LinearCatalogue.case_370_complete' depends on axioms: [propext, Classical.choice, Quot.sound]
'PerfectPower.Generated.LinearCatalogue.case_371_complete' depends on axioms: [propext, Classical.choice, Quot.sound]
'PerfectPower.Generated.LinearCatalogue.case_372_complete' depends on axioms: [propext, Classical.choice, Quot.sound]
'PerfectPower.Generated.LinearCatalogue.case_373_complete' depends on axioms: [propext, Classical.choice, Quot.sound]
'PerfectPower.Generated.LinearCatalogue.case_374_complete' depends on axioms: [propext, Classical.choice, Quot.sound]
'PerfectPower.Generated.LinearCatalogue.case_375_complete' depends on axioms: [propext, Classical.choice, Quot.sound]
'PerfectPower.Generated.LinearCatalogue.case_376_complete' depends on axioms: [propext, Classical.choice, Quot.sound]
'PerfectPower.Generated.LinearCatalogue.case_377_complete' depends on axioms: [propext, Classical.choice, Quot.sound]
'PerfectPower.Generated.LinearCatalogue.case_378_complete' depends on axioms: [propext, Classical.choice, Quot.sound]
'PerfectPower.Generated.LinearCatalogue.case_379_complete' depends on axioms: [propext, Classical.choice, Quot.sound]
'PerfectPower.Generated.LinearCatalogue.case_380_complete' depends on axioms: [propext, Classical.choice, Quot.sound]
'PerfectPower.Generated.LinearCatalogue.case_381_complete' depends on axioms: [propext, Classical.choice, Quot.sound]
'PerfectPower.Generated.LinearCatalogue.case_382_complete' depends on axioms: [propext, Classical.choice, Quot.sound]
'PerfectPower.Generated.LinearCatalogue.case_383_complete' depends on axioms: [propext, Classical.choice, Quot.sound]
'PerfectPower.Generated.LinearCatalogue.case_384_complete' depends on axioms: [propext, Classical.choice, Quot.sound]
'PerfectPower.Generated.LinearCatalogue.case_385_complete' depends on axioms: [propext, Classical.choice, Quot.sound]
'PerfectPower.Generated.LinearCatalogue.case_386_complete' depends on axioms: [propext, Classical.choice, Quot.sound]
'PerfectPower.Generated.LinearCatalogue.case_387_complete' depends on axioms: [propext, Classical.choice, Quot.sound]
'PerfectPower.Generated.LinearCatalogue.case_388_complete' depends on axioms: [propext, Classical.choice, Quot.sound]
'PerfectPower.Generated.LinearCatalogue.case_389_complete' depends on axioms: [propext, Classical.choice, Quot.sound]
'PerfectPower.Generated.LinearCatalogue.case_390_complete' depends on axioms: [propext, Classical.choice, Quot.sound]
'PerfectPower.Generated.LinearCatalogue.case_391_complete' depends on axioms: [propext, Classical.choice, Quot.sound]
'PerfectPower.Generated.LinearCatalogue.case_392_complete' depends on axioms: [propext, Classical.choice, Quot.sound]
'PerfectPower.Generated.LinearCatalogue.case_393_complete' depends on axioms: [propext, Classical.choice, Quot.sound]
'PerfectPower.Generated.LinearCatalogue.case_394_complete' depends on axioms: [propext, Classical.choice, Quot.sound]
'PerfectPower.Generated.LinearCatalogue.case_395_complete' depends on axioms: [propext, Classical.choice, Quot.sound]
'PerfectPower.Generated.LinearCatalogue.case_396_complete' depends on axioms: [propext, Classical.choice, Quot.sound]
'PerfectPower.Generated.LinearCatalogue.case_397_complete' depends on axioms: [propext, Classical.choice, Quot.sound]
'PerfectPower.Generated.LinearCatalogue.case_398_complete' depends on axioms: [propext, Classical.choice, Quot.sound]
'PerfectPower.Generated.LinearCatalogue.case_399_complete' depends on axioms: [propext, Classical.choice, Quot.sound]
'PerfectPower.Generated.LinearCatalogue.case_400_complete' depends on axioms: [propext, Classical.choice, Quot.sound]
'PerfectPower.Generated.LinearCatalogue.case_401_complete' depends on axioms: [propext, Classical.choice, Quot.sound]
'PerfectPower.Generated.LinearCatalogue.case_402_complete' depends on axioms: [propext, Classical.choice, Quot.sound]
'PerfectPower.Generated.LinearCatalogue.case_403_complete' depends on axioms: [propext, Classical.choice, Quot.sound]
'PerfectPower.Generated.LinearCatalogue.case_404_complete' depends on axioms: [propext, Classical.choice, Quot.sound]
'PerfectPower.Generated.LinearCatalogue.case_405_complete' depends on axioms: [propext, Classical.choice, Quot.sound]
'PerfectPower.Generated.LinearCatalogue.case_406_complete' depends on axioms: [propext, Classical.choice, Quot.sound]
'PerfectPower.Generated.LinearCatalogue.case_407_complete' depends on axioms: [propext, Classical.choice, Quot.sound]
'PerfectPower.Generated.LinearCatalogue.case_408_complete' depends on axioms: [propext, Classical.choice, Quot.sound]
'PerfectPower.Generated.LinearCatalogue.case_409_complete' depends on axioms: [propext, Classical.choice, Quot.sound]
'PerfectPower.Generated.LinearCatalogue.case_410_complete' depends on axioms: [propext, Classical.choice, Quot.sound]
'PerfectPower.Generated.LinearCatalogue.case_411_complete' depends on axioms: [propext, Classical.choice, Quot.sound]
'PerfectPower.Generated.LinearCatalogue.case_412_complete' depends on axioms: [propext, Classical.choice, Quot.sound]
'PerfectPower.Generated.LinearCatalogue.case_413_complete' depends on axioms: [propext, Classical.choice, Quot.sound]
'PerfectPower.Generated.LinearCatalogue.case_414_complete' depends on axioms: [propext, Classical.choice, Quot.sound]
'PerfectPower.Generated.LinearCatalogue.case_415_complete' depends on axioms: [propext, Classical.choice, Quot.sound]
'PerfectPower.Generated.LinearCatalogue.case_416_complete' depends on axioms: [propext, Classical.choice, Quot.sound]
'PerfectPower.Generated.LinearCatalogue.case_417_complete' depends on axioms: [propext, Classical.choice, Quot.sound]
'PerfectPower.Generated.LinearCatalogue.case_418_complete' depends on axioms: [propext, Classical.choice, Quot.sound]
'PerfectPower.Generated.LinearCatalogue.case_419_complete' depends on axioms: [propext, Classical.choice, Quot.sound]
'PerfectPower.Generated.LinearCatalogue.total_points' depends on axioms: [propext, Classical.choice, Quot.sound]
'PerfectPower.Generated.LinearCatalogue.empty_curves' depends on axioms: [propext, Classical.choice, Quot.sound]
'nonmonic_demo_complete' depends on axioms: [propext, Classical.choice, Quot.sound]
'zero_fibre_demo_complete' depends on axioms: [propext, Classical.choice, Quot.sound]
.......
----------------------------------------------------------------------
Ran 7 tests in 0.024s

OK
