'PerfectPower.WeightedHodge.adjoint_identity' depends on axioms: [propext, Classical.choice, Quot.sound]
'PerfectPower.WeightedHodge.fixes_columns' depends on axioms: [propext, Classical.choice, Quot.sound]
'PerfectPower.WeightedHodge.projector_idempotent' depends on axioms: [propext, Classical.choice, Quot.sound]
'PerfectPower.WeightedHodge.weighted_self_adjoint' depends on axioms: [propext, Classical.choice, Quot.sound]
'PerfectPower.WeightedHodge.harmonic_projector' depends on axioms: [propext, Classical.choice, Quot.sound]
'PerfectPower.WeightedHodge.harmonic_annihilated' depends on axioms: [propext, Classical.choice, Quot.sound]
'PerfectPower.WeightedHodge.regularization_counterexample' depends on axioms: [propext, Classical.choice, Quot.sound]
'PerfectPower.PowerComposition.complete' depends on axioms: [propext, Classical.choice, Quot.sound]
'PerfectPower.PowerComposition.deweighting_zero' depends on axioms: [propext, Classical.choice, Quot.sound]
'PerfectPower.PowerComposition.deweighting_nonzero' depends on axioms: [propext, Classical.choice, Quot.sound]
'PerfectPower.DivisorCoordinates.coordinate_iff' depends on axioms: [propext, Classical.choice, Quot.sound]
'PerfectPower.DivisorCoordinates.integer_image_iff' depends on axioms: [propext, Classical.choice, Quot.sound]
'PerfectPower.DivisorCoordinates.family_iff' depends on axioms: [propext, Classical.choice, Quot.sound]
'PerfectPower.DivisorCoordinates.gram_energy' depends on axioms: [propext, Classical.choice, Quot.sound]
'PerfectPower.DivisorCoordinates.gram_nonnegative' depends on axioms: [propext, Classical.choice, Quot.sound]
'PerfectPower.DivisorCoordinates.positive_weight_counterexample' depends on axioms: [propext, Classical.choice, Quot.sound]
'PerfectPower.DivisorCoordinates.shared_divisor_sum' depends on axioms: [propext, Classical.choice, Quot.sound]
'PerfectPower.PolyhedralVoronoi.triangle_gradient' depends on axioms: [propext, Classical.choice, Quot.sound]
'PerfectPower.PolyhedralVoronoi.patch_winner' depends on axioms: [propext, Classical.choice, Quot.sound]
'PerfectPower.PolyhedralVoronoi.tie_excluded' depends on axioms: [propext, Classical.choice, Quot.sound]
'PerfectPower.PolyhedralVoronoi.sqrt_upper' depends on axioms: [propext, Classical.choice, Quot.sound]
'PerfectPower.SymplecticTransport.recover_form' depends on axioms: [propext, Classical.choice, Quot.sound]
'PerfectPower.SymplecticTransport.inverse_form' depends on axioms: [propext, Classical.choice, Quot.sound]
'PerfectPower.SymplecticTransport.bilinear_transport' depends on axioms: [propext, Classical.choice, Quot.sound]
'PerfectPower.FiniteWeilAlgebra.diagonal_support' depends on axioms: [propext, Classical.choice, Quot.sound]
'PerfectPower.FiniteWeilAlgebra.clock_diagonal' depends on axioms: [propext, Classical.choice, Quot.sound]
'PerfectPower.FiniteWeilAlgebra.shift_invariance' depends on axioms: [propext, Classical.choice, Quot.sound]
'PerfectPower.FiniteWeilAlgebra.clock_shift_scalar' depends on axioms: [propext, Classical.choice, Quot.sound]
'PerfectPower.FiniteWeilAlgebra.crt_phase' depends on axioms: [propext, Quot.sound]
'PerfectPower.FiniteWeilAlgebra.crt_chirp' depends on axioms: [propext, Quot.sound]
'PerfectPower.PowerSumRecovery.quartic_identity' depends on axioms: [propext]
'PerfectPower.PowerSumRecovery.quartic_primitive' depends on axioms: [propext]
'PerfectPower.PowerSumRecovery.quintic_identity' depends on axioms: [propext]
'PerfectPower.PowerSumRecovery.quintic_primitive' depends on axioms: [propext]
'PerfectPower.PowerSumRecovery.four_pair_iff' depends on axioms: [propext, Classical.choice, Quot.sound]
'PerfectPower.PowerSumRecovery.three_pair_iff' depends on axioms: [propext, Classical.choice, Quot.sound]
'PerfectPower.PowerSumRecovery.summand_lt' depends on axioms: [propext, Classical.choice, Quot.sound]
'PerfectPower.PSGRecovery.deweighting' depends on axioms: [propext, Classical.choice, Quot.sound]
'PerfectPower.PSGRecovery.zero_scale' depends on axioms: [propext, Classical.choice, Quot.sound]
'PerfectPower.PSGRecovery.nonzero_chart' depends on axioms: [propext, Classical.choice, Quot.sound]
'PerfectPower.PSGRecovery.specialized_coefficients' depends on axioms: [propext, Classical.choice, Quot.sound]
'PerfectPower.PSGRecovery.reversal_obstruction' depends on axioms: [propext, Classical.choice, Quot.sound]
'PerfectPower.QuarticPowerAtlas.outer_complete' depends on axioms: [propext, Classical.choice, Quot.sound]
'PerfectPower.QuarticPowerAtlas.complete' depends on axioms: [propext, Classical.choice, Quot.sound]
'PerfectPower.CanonicalMetric.gram_defect_nonnegative' depends on axioms: [propext, Classical.choice, Quot.sound]
'PerfectPower.CanonicalMetric.curvature_nonpositive' depends on axioms: [propext, Classical.choice, Quot.sound]
'PerfectPower.AffinePowerComposition.complete' depends on axioms: [propext, Classical.choice, Quot.sound]
'PerfectPower.ResidueCover.necessary' depends on axioms: [propext]
'PerfectPower.ResidueCover.empty_obstruction' depends on axioms: [propext]
'PerfectPower.ResidueCover.quartic_mod16' depends on axioms: [propext, Classical.choice, Quot.sound]
'PerfectPower.ResidueCover.quartic_no_square' depends on axioms: [propext, Classical.choice, Quot.sound]
'PerfectPower.IntegerOptimization.cross_symmetry' depends on axioms: [propext, Classical.choice, Quot.sound]
'PerfectPower.IntegerOptimization.complete_square' depends on axioms: [propext, Classical.choice, Quot.sound]
'PerfectPower.IntegerOptimization.continuous_lower_bound' depends on axioms: [propext, Classical.choice, Quot.sound]
'PerfectPower.IntegerOptimization.tied_minimizers' depends on axioms: [propext, Classical.choice, Quot.sound]
'PerfectPower.IntegerOptimization.tied_lower_bound' depends on axioms: [propext, Classical.choice, Quot.sound]
'PerfectPower.Generated.QuarticPowerRegistry.all_valid' depends on axioms: [propext]
'PerfectPower.Generated.QuarticPowerRegistry.complete' depends on axioms: [propext, Classical.choice, Quot.sound]
'PerfectPower.ParallelCertificates.surface_cli_square_torus_checked' depends on axioms: [propext, Classical.choice, Quot.sound]
'PerfectPower.ParallelCertificates.surface_genus_four_checked' depends on axioms: [propext, Classical.choice, Quot.sound]
'PerfectPower.ParallelCertificates.surface_genus_three_checked' depends on axioms: [propext, Classical.choice, Quot.sound]
'PerfectPower.ParallelCertificates.surface_mixed_roots_genus_two_checked' depends on axioms: [propext, Classical.choice, Quot.sound]
'PerfectPower.ParallelCertificates.surface_original_genus_two_checked' depends on axioms: [propext, Classical.choice, Quot.sound]
'PerfectPower.ParallelCertificates.surface_real_genus_two_checked' depends on axioms: [propext, Classical.choice, Quot.sound]
'PerfectPower.ParallelCertificates.surface_square_torus_checked' depends on axioms: [propext, Classical.choice, Quot.sound]
'PerfectPower.ParallelCertificates.hodge_0_checked' depends on axioms: [propext, Classical.choice, Quot.sound]
'PerfectPower.ParallelCertificates.hodge_0_idempotent' depends on axioms: [propext, Classical.choice, Quot.sound]
'PerfectPower.ParallelCertificates.hodge_1_checked' depends on axioms: [propext, Classical.choice, Quot.sound]
'PerfectPower.ParallelCertificates.hodge_1_idempotent' depends on axioms: [propext, Classical.choice, Quot.sound]
'PerfectPower.ParallelCertificates.hodge_2_checked' depends on axioms: [propext, Classical.choice, Quot.sound]
'PerfectPower.ParallelCertificates.hodge_2_idempotent' depends on axioms: [propext, Classical.choice, Quot.sound]
'PerfectPower.ParallelCertificates.hodge_3_checked' depends on axioms: [propext, Classical.choice, Quot.sound]
'PerfectPower.ParallelCertificates.hodge_3_idempotent' depends on axioms: [propext, Classical.choice, Quot.sound]
'PerfectPower.ParallelCertificates.hodge_4_row_0_0' depends on axioms: [propext, Classical.choice, Quot.sound]
'PerfectPower.ParallelCertificates.hodge_4_row_0_1' depends on axioms: [propext, Classical.choice, Quot.sound]
'PerfectPower.ParallelCertificates.hodge_4_row_0_2' depends on axioms: [propext, Classical.choice, Quot.sound]
'PerfectPower.ParallelCertificates.hodge_4_row_0_3' depends on axioms: [propext, Classical.choice, Quot.sound]
'PerfectPower.ParallelCertificates.hodge_4_row_0_4' depends on axioms: [propext, Classical.choice, Quot.sound]
'PerfectPower.ParallelCertificates.hodge_4_row_0_5' depends on axioms: [propext, Classical.choice, Quot.sound]
'PerfectPower.ParallelCertificates.hodge_4_row_0_6' depends on axioms: [propext, Classical.choice, Quot.sound]
'PerfectPower.ParallelCertificates.hodge_4_row_0_7' depends on axioms: [propext, Classical.choice, Quot.sound]
'PerfectPower.ParallelCertificates.hodge_4_row_0_8' depends on axioms: [propext, Classical.choice, Quot.sound]
'PerfectPower.ParallelCertificates.hodge_4_row_0_9' depends on axioms: [propext, Classical.choice, Quot.sound]
'PerfectPower.ParallelCertificates.hodge_4_row_0_10' depends on axioms: [propext, Classical.choice, Quot.sound]
'PerfectPower.ParallelCertificates.hodge_4_row_0_11' depends on axioms: [propext, Classical.choice, Quot.sound]
'PerfectPower.ParallelCertificates.hodge_4_row_0_12' depends on axioms: [propext, Classical.choice, Quot.sound]
'PerfectPower.ParallelCertificates.hodge_4_row_0_13' depends on axioms: [propext, Classical.choice, Quot.sound]
'PerfectPower.ParallelCertificates.hodge_4_row_0_14' depends on axioms: [propext, Classical.choice, Quot.sound]
'PerfectPower.ParallelCertificates.hodge_4_row_0_15' depends on axioms: [propext, Classical.choice, Quot.sound]
'PerfectPower.ParallelCertificates.hodge_4_row_0_16' depends on axioms: [propext, Classical.choice, Quot.sound]
'PerfectPower.ParallelCertificates.hodge_4_row_0_17' depends on axioms: [propext, Classical.choice, Quot.sound]
'PerfectPower.ParallelCertificates.hodge_4_row_0_18' depends on axioms: [propext, Classical.choice, Quot.sound]
'PerfectPower.ParallelCertificates.hodge_4_row_0_19' depends on axioms: [propext, Classical.choice, Quot.sound]
'PerfectPower.ParallelCertificates.hodge_4_row_0_20' depends on axioms: [propext, Classical.choice, Quot.sound]
'PerfectPower.ParallelCertificates.hodge_4_row_1_0' depends on axioms: [propext, Classical.choice, Quot.sound]
'PerfectPower.ParallelCertificates.hodge_4_row_1_1' depends on axioms: [propext, Classical.choice, Quot.sound]
'PerfectPower.ParallelCertificates.hodge_4_row_1_2' depends on axioms: [propext, Classical.choice, Quot.sound]
'PerfectPower.ParallelCertificates.hodge_4_row_1_3' depends on axioms: [propext, Classical.choice, Quot.sound]
'PerfectPower.ParallelCertificates.hodge_4_row_1_4' depends on axioms: [propext, Classical.choice, Quot.sound]
'PerfectPower.ParallelCertificates.hodge_4_row_1_5' depends on axioms: [propext, Classical.choice, Quot.sound]
'PerfectPower.ParallelCertificates.hodge_4_row_1_6' depends on axioms: [propext, Classical.choice, Quot.sound]
'PerfectPower.ParallelCertificates.hodge_4_row_1_7' depends on axioms: [propext, Classical.choice, Quot.sound]
'PerfectPower.ParallelCertificates.hodge_4_row_1_8' depends on axioms: [propext, Classical.choice, Quot.sound]
'PerfectPower.ParallelCertificates.hodge_4_row_1_9' depends on axioms: [propext, Classical.choice, Quot.sound]
'PerfectPower.ParallelCertificates.hodge_4_row_1_10' depends on axioms: [propext, Classical.choice, Quot.sound]
'PerfectPower.ParallelCertificates.hodge_4_row_1_11' depends on axioms: [propext, Classical.choice, Quot.sound]
'PerfectPower.ParallelCertificates.hodge_4_row_1_12' depends on axioms: [propext, Classical.choice, Quot.sound]
'PerfectPower.ParallelCertificates.hodge_4_row_1_13' depends on axioms: [propext, Classical.choice, Quot.sound]
'PerfectPower.ParallelCertificates.hodge_4_row_1_14' depends on axioms: [propext, Classical.choice, Quot.sound]
'PerfectPower.ParallelCertificates.hodge_4_row_1_15' depends on axioms: [propext, Classical.choice, Quot.sound]
'PerfectPower.ParallelCertificates.hodge_4_row_1_16' depends on axioms: [propext, Classical.choice, Quot.sound]
'PerfectPower.ParallelCertificates.hodge_4_row_1_17' depends on axioms: [propext, Classical.choice, Quot.sound]
'PerfectPower.ParallelCertificates.hodge_4_row_1_18' depends on axioms: [propext, Classical.choice, Quot.sound]
'PerfectPower.ParallelCertificates.hodge_4_row_1_19' depends on axioms: [propext, Classical.choice, Quot.sound]
'PerfectPower.ParallelCertificates.hodge_4_row_1_20' depends on axioms: [propext, Classical.choice, Quot.sound]
'PerfectPower.ParallelCertificates.hodge_4_row_2_0' depends on axioms: [propext, Classical.choice, Quot.sound]
'PerfectPower.ParallelCertificates.hodge_4_row_2_1' depends on axioms: [propext, Classical.choice, Quot.sound]
'PerfectPower.ParallelCertificates.hodge_4_row_2_2' depends on axioms: [propext, Classical.choice, Quot.sound]
'PerfectPower.ParallelCertificates.hodge_4_row_2_3' depends on axioms: [propext, Classical.choice, Quot.sound]
'PerfectPower.ParallelCertificates.hodge_4_row_2_4' depends on axioms: [propext, Classical.choice, Quot.sound]
'PerfectPower.ParallelCertificates.hodge_4_row_2_5' depends on axioms: [propext, Classical.choice, Quot.sound]
'PerfectPower.ParallelCertificates.hodge_4_row_2_6' depends on axioms: [propext, Classical.choice, Quot.sound]
'PerfectPower.ParallelCertificates.hodge_4_row_2_7' depends on axioms: [propext, Classical.choice, Quot.sound]
'PerfectPower.ParallelCertificates.hodge_4_row_2_8' depends on axioms: [propext, Classical.choice, Quot.sound]
'PerfectPower.ParallelCertificates.hodge_4_row_2_9' depends on axioms: [propext, Classical.choice, Quot.sound]
'PerfectPower.ParallelCertificates.hodge_4_row_2_10' depends on axioms: [propext, Classical.choice, Quot.sound]
'PerfectPower.ParallelCertificates.hodge_4_row_2_11' depends on axioms: [propext, Classical.choice, Quot.sound]
'PerfectPower.ParallelCertificates.hodge_4_row_2_12' depends on axioms: [propext, Classical.choice, Quot.sound]
'PerfectPower.ParallelCertificates.hodge_4_row_2_13' depends on axioms: [propext, Classical.choice, Quot.sound]
'PerfectPower.ParallelCertificates.hodge_4_row_2_14' depends on axioms: [propext, Classical.choice, Quot.sound]
'PerfectPower.ParallelCertificates.hodge_4_row_2_15' depends on axioms: [propext, Classical.choice, Quot.sound]
'PerfectPower.ParallelCertificates.hodge_4_row_2_16' depends on axioms: [propext, Classical.choice, Quot.sound]
'PerfectPower.ParallelCertificates.hodge_4_row_2_17' depends on axioms: [propext, Classical.choice, Quot.sound]
'PerfectPower.ParallelCertificates.hodge_4_row_2_18' depends on axioms: [propext, Classical.choice, Quot.sound]
'PerfectPower.ParallelCertificates.hodge_4_row_2_19' depends on axioms: [propext, Classical.choice, Quot.sound]
'PerfectPower.ParallelCertificates.hodge_4_row_2_20' depends on axioms: [propext, Classical.choice, Quot.sound]
'PerfectPower.ParallelCertificates.hodge_4_row_3_0' depends on axioms: [propext, Classical.choice, Quot.sound]
'PerfectPower.ParallelCertificates.hodge_4_row_3_1' depends on axioms: [propext, Classical.choice, Quot.sound]
'PerfectPower.ParallelCertificates.hodge_4_row_3_2' depends on axioms: [propext, Classical.choice, Quot.sound]
'PerfectPower.ParallelCertificates.hodge_4_row_3_3' depends on axioms: [propext, Classical.choice, Quot.sound]
'PerfectPower.ParallelCertificates.hodge_4_row_3_4' depends on axioms: [propext, Classical.choice, Quot.sound]
'PerfectPower.ParallelCertificates.hodge_4_row_3_5' depends on axioms: [propext, Classical.choice, Quot.sound]
'PerfectPower.ParallelCertificates.hodge_4_row_3_6' depends on axioms: [propext, Classical.choice, Quot.sound]
'PerfectPower.ParallelCertificates.hodge_4_row_3_7' depends on axioms: [propext, Classical.choice, Quot.sound]
'PerfectPower.ParallelCertificates.hodge_4_row_3_8' depends on axioms: [propext, Classical.choice, Quot.sound]
'PerfectPower.ParallelCertificates.hodge_4_row_3_9' depends on axioms: [propext, Classical.choice, Quot.sound]
'PerfectPower.ParallelCertificates.hodge_4_row_3_10' depends on axioms: [propext, Classical.choice, Quot.sound]
'PerfectPower.ParallelCertificates.hodge_4_row_3_11' depends on axioms: [propext, Classical.choice, Quot.sound]
'PerfectPower.ParallelCertificates.hodge_4_row_3_12' depends on axioms: [propext, Classical.choice, Quot.sound]
'PerfectPower.ParallelCertificates.hodge_4_row_3_13' depends on axioms: [propext, Classical.choice, Quot.sound]
'PerfectPower.ParallelCertificates.hodge_4_row_3_14' depends on axioms: [propext, Classical.choice, Quot.sound]
'PerfectPower.ParallelCertificates.hodge_4_row_3_15' depends on axioms: [propext, Classical.choice, Quot.sound]
'PerfectPower.ParallelCertificates.hodge_4_row_3_16' depends on axioms: [propext, Classical.choice, Quot.sound]
'PerfectPower.ParallelCertificates.hodge_4_row_3_17' depends on axioms: [propext, Classical.choice, Quot.sound]
'PerfectPower.ParallelCertificates.hodge_4_row_3_18' depends on axioms: [propext, Classical.choice, Quot.sound]
'PerfectPower.ParallelCertificates.hodge_4_row_3_19' depends on axioms: [propext, Classical.choice, Quot.sound]
'PerfectPower.ParallelCertificates.hodge_4_row_3_20' depends on axioms: [propext, Classical.choice, Quot.sound]
'PerfectPower.ParallelCertificates.hodge_4_row_4_0' depends on axioms: [propext, Classical.choice, Quot.sound]
'PerfectPower.ParallelCertificates.hodge_4_row_4_1' depends on axioms: [propext, Classical.choice, Quot.sound]
'PerfectPower.ParallelCertificates.hodge_4_row_4_2' depends on axioms: [propext, Classical.choice, Quot.sound]
'PerfectPower.ParallelCertificates.hodge_4_row_4_3' depends on axioms: [propext, Classical.choice, Quot.sound]
'PerfectPower.ParallelCertificates.hodge_4_row_4_4' depends on axioms: [propext, Classical.choice, Quot.sound]
'PerfectPower.ParallelCertificates.hodge_4_row_4_5' depends on axioms: [propext, Classical.choice, Quot.sound]
'PerfectPower.ParallelCertificates.hodge_4_row_4_6' depends on axioms: [propext, Classical.choice, Quot.sound]
'PerfectPower.ParallelCertificates.hodge_4_row_4_7' depends on axioms: [propext, Classical.choice, Quot.sound]
'PerfectPower.ParallelCertificates.hodge_4_row_4_8' depends on axioms: [propext, Classical.choice, Quot.sound]
'PerfectPower.ParallelCertificates.hodge_4_row_4_9' depends on axioms: [propext, Classical.choice, Quot.sound]
'PerfectPower.ParallelCertificates.hodge_4_row_4_10' depends on axioms: [propext, Classical.choice, Quot.sound]
'PerfectPower.ParallelCertificates.hodge_4_row_4_11' depends on axioms: [propext, Classical.choice, Quot.sound]
'PerfectPower.ParallelCertificates.hodge_4_row_4_12' depends on axioms: [propext, Classical.choice, Quot.sound]
'PerfectPower.ParallelCertificates.hodge_4_row_4_13' depends on axioms: [propext, Classical.choice, Quot.sound]
'PerfectPower.ParallelCertificates.hodge_4_row_4_14' depends on axioms: [propext, Classical.choice, Quot.sound]
'PerfectPower.ParallelCertificates.hodge_4_row_4_15' depends on axioms: [propext, Classical.choice, Quot.sound]
'PerfectPower.ParallelCertificates.hodge_4_row_4_16' depends on axioms: [propext, Classical.choice, Quot.sound]
'PerfectPower.ParallelCertificates.hodge_4_row_4_17' depends on axioms: [propext, Classical.choice, Quot.sound]
'PerfectPower.ParallelCertificates.hodge_4_row_4_18' depends on axioms: [propext, Classical.choice, Quot.sound]
'PerfectPower.ParallelCertificates.hodge_4_row_4_19' depends on axioms: [propext, Classical.choice, Quot.sound]
'PerfectPower.ParallelCertificates.hodge_4_row_4_20' depends on axioms: [propext, Classical.choice, Quot.sound]
'PerfectPower.ParallelCertificates.hodge_4_row_5_0' depends on axioms: [propext, Classical.choice, Quot.sound]
'PerfectPower.ParallelCertificates.hodge_4_row_5_1' depends on axioms: [propext, Classical.choice, Quot.sound]
'PerfectPower.ParallelCertificates.hodge_4_row_5_2' depends on axioms: [propext, Classical.choice, Quot.sound]
'PerfectPower.ParallelCertificates.hodge_4_row_5_3' depends on axioms: [propext, Classical.choice, Quot.sound]
'PerfectPower.ParallelCertificates.hodge_4_row_5_4' depends on axioms: [propext, Classical.choice, Quot.sound]
'PerfectPower.ParallelCertificates.hodge_4_row_5_5' depends on axioms: [propext, Classical.choice, Quot.sound]
'PerfectPower.ParallelCertificates.hodge_4_row_5_6' depends on axioms: [propext, Classical.choice, Quot.sound]
'PerfectPower.ParallelCertificates.hodge_4_row_5_7' depends on axioms: [propext, Classical.choice, Quot.sound]
'PerfectPower.ParallelCertificates.hodge_4_row_5_8' depends on axioms: [propext, Classical.choice, Quot.sound]
'PerfectPower.ParallelCertificates.hodge_4_row_5_9' depends on axioms: [propext, Classical.choice, Quot.sound]
'PerfectPower.ParallelCertificates.hodge_4_row_5_10' depends on axioms: [propext, Classical.choice, Quot.sound]
'PerfectPower.ParallelCertificates.hodge_4_row_5_11' depends on axioms: [propext, Classical.choice, Quot.sound]
'PerfectPower.ParallelCertificates.hodge_4_row_5_12' depends on axioms: [propext, Classical.choice, Quot.sound]
'PerfectPower.ParallelCertificates.hodge_4_row_5_13' depends on axioms: [propext, Classical.choice, Quot.sound]
'PerfectPower.ParallelCertificates.hodge_4_row_5_14' depends on axioms: [propext, Classical.choice, Quot.sound]
'PerfectPower.ParallelCertificates.hodge_4_row_5_15' depends on axioms: [propext, Classical.choice, Quot.sound]
'PerfectPower.ParallelCertificates.hodge_4_row_5_16' depends on axioms: [propext, Classical.choice, Quot.sound]
'PerfectPower.ParallelCertificates.hodge_4_row_5_17' depends on axioms: [propext, Classical.choice, Quot.sound]
'PerfectPower.ParallelCertificates.hodge_4_row_5_18' depends on axioms: [propext, Classical.choice, Quot.sound]
'PerfectPower.ParallelCertificates.hodge_4_row_5_19' depends on axioms: [propext, Classical.choice, Quot.sound]
'PerfectPower.ParallelCertificates.hodge_4_row_5_20' depends on axioms: [propext, Classical.choice, Quot.sound]
'PerfectPower.ParallelCertificates.hodge_4_row_6_0' depends on axioms: [propext, Classical.choice, Quot.sound]
'PerfectPower.ParallelCertificates.hodge_4_row_6_1' depends on axioms: [propext, Classical.choice, Quot.sound]
'PerfectPower.ParallelCertificates.hodge_4_row_6_2' depends on axioms: [propext, Classical.choice, Quot.sound]
'PerfectPower.ParallelCertificates.hodge_4_row_6_3' depends on axioms: [propext, Classical.choice, Quot.sound]
'PerfectPower.ParallelCertificates.hodge_4_row_6_4' depends on axioms: [propext, Classical.choice, Quot.sound]
'PerfectPower.ParallelCertificates.hodge_4_row_6_5' depends on axioms: [propext, Classical.choice, Quot.sound]
'PerfectPower.ParallelCertificates.hodge_4_row_6_6' depends on axioms: [propext, Classical.choice, Quot.sound]
'PerfectPower.ParallelCertificates.hodge_4_row_6_7' depends on axioms: [propext, Classical.choice, Quot.sound]
'PerfectPower.ParallelCertificates.hodge_4_row_6_8' depends on axioms: [propext, Classical.choice, Quot.sound]
'PerfectPower.ParallelCertificates.hodge_4_row_6_9' depends on axioms: [propext, Classical.choice, Quot.sound]
'PerfectPower.ParallelCertificates.hodge_4_row_6_10' depends on axioms: [propext, Classical.choice, Quot.sound]
'PerfectPower.ParallelCertificates.hodge_4_row_6_11' depends on axioms: [propext, Classical.choice, Quot.sound]
'PerfectPower.ParallelCertificates.hodge_4_row_6_12' depends on axioms: [propext, Classical.choice, Quot.sound]
'PerfectPower.ParallelCertificates.hodge_4_row_6_13' depends on axioms: [propext, Classical.choice, Quot.sound]
'PerfectPower.ParallelCertificates.hodge_4_row_6_14' depends on axioms: [propext, Classical.choice, Quot.sound]
'PerfectPower.ParallelCertificates.hodge_4_row_6_15' depends on axioms: [propext, Classical.choice, Quot.sound]
'PerfectPower.ParallelCertificates.hodge_4_row_6_16' depends on axioms: [propext, Classical.choice, Quot.sound]
'PerfectPower.ParallelCertificates.hodge_4_row_6_17' depends on axioms: [propext, Classical.choice, Quot.sound]
'PerfectPower.ParallelCertificates.hodge_4_row_6_18' depends on axioms: [propext, Classical.choice, Quot.sound]
'PerfectPower.ParallelCertificates.hodge_4_row_6_19' depends on axioms: [propext, Classical.choice, Quot.sound]
'PerfectPower.ParallelCertificates.hodge_4_row_6_20' depends on axioms: [propext, Classical.choice, Quot.sound]
'PerfectPower.ParallelCertificates.hodge_4_part_0' depends on axioms: [propext, Classical.choice, Quot.sound]
'PerfectPower.ParallelCertificates.hodge_4_part_1' depends on axioms: [propext, Classical.choice, Quot.sound]
'PerfectPower.ParallelCertificates.hodge_4_part_2' depends on axioms: [propext, Classical.choice, Quot.sound]
'PerfectPower.ParallelCertificates.hodge_4_part_3' depends on axioms: [propext, Classical.choice, Quot.sound]
'PerfectPower.ParallelCertificates.hodge_4_part_4' depends on axioms: [propext, Classical.choice, Quot.sound]
'PerfectPower.ParallelCertificates.hodge_4_part_5' depends on axioms: [propext, Classical.choice, Quot.sound]
'PerfectPower.ParallelCertificates.hodge_4_part_6' depends on axioms: [propext, Classical.choice, Quot.sound]
'PerfectPower.ParallelCertificates.hodge_4_part_7' depends on axioms: [propext, Classical.choice, Quot.sound]
'PerfectPower.ParallelCertificates.hodge_4_checked' depends on axioms: [propext, Classical.choice, Quot.sound]
'PerfectPower.ParallelCertificates.hodge_4_idempotent' depends on axioms: [propext, Classical.choice, Quot.sound]
'PerfectPower.ParallelCertificates.hodge_7_gradient_zero' depends on axioms: [propext, Classical.choice, Quot.sound]
'PerfectPower.ParallelCertificates.hodge_7_row_0_0' depends on axioms: [propext, Classical.choice, Quot.sound]
'PerfectPower.ParallelCertificates.hodge_7_row_0_1' depends on axioms: [propext, Classical.choice, Quot.sound]
'PerfectPower.ParallelCertificates.hodge_7_row_0_2' depends on axioms: [propext, Classical.choice, Quot.sound]
'PerfectPower.ParallelCertificates.hodge_7_row_0_3' depends on axioms: [propext, Classical.choice, Quot.sound]
'PerfectPower.ParallelCertificates.hodge_7_row_0_4' depends on axioms: [propext, Classical.choice, Quot.sound]
'PerfectPower.ParallelCertificates.hodge_7_row_0_5' depends on axioms: [propext, Classical.choice, Quot.sound]
'PerfectPower.ParallelCertificates.hodge_7_row_0_6' depends on axioms: [propext, Classical.choice, Quot.sound]
'PerfectPower.ParallelCertificates.hodge_7_row_0_7' depends on axioms: [propext, Classical.choice, Quot.sound]
'PerfectPower.ParallelCertificates.hodge_7_row_0_8' depends on axioms: [propext, Classical.choice, Quot.sound]
'PerfectPower.ParallelCertificates.hodge_7_row_0_9' depends on axioms: [propext, Classical.choice, Quot.sound]
'PerfectPower.ParallelCertificates.hodge_7_row_0_10' depends on axioms: [propext, Classical.choice, Quot.sound]
'PerfectPower.ParallelCertificates.hodge_7_row_0_11' depends on axioms: [propext, Classical.choice, Quot.sound]
'PerfectPower.ParallelCertificates.hodge_7_row_0_12' depends on axioms: [propext, Classical.choice, Quot.sound]
'PerfectPower.ParallelCertificates.hodge_7_row_0_13' depends on axioms: [propext, Classical.choice, Quot.sound]
'PerfectPower.ParallelCertificates.hodge_7_row_0_14' depends on axioms: [propext, Classical.choice, Quot.sound]
'PerfectPower.ParallelCertificates.hodge_7_row_0_15' depends on axioms: [propext, Classical.choice, Quot.sound]
'PerfectPower.ParallelCertificates.hodge_7_row_0_16' depends on axioms: [propext, Classical.choice, Quot.sound]
'PerfectPower.ParallelCertificates.hodge_7_row_0_17' depends on axioms: [propext, Classical.choice, Quot.sound]
'PerfectPower.ParallelCertificates.hodge_7_row_0_18' depends on axioms: [propext, Classical.choice, Quot.sound]
'PerfectPower.ParallelCertificates.hodge_7_row_0_19' depends on axioms: [propext, Classical.choice, Quot.sound]
'PerfectPower.ParallelCertificates.hodge_7_row_0_20' depends on axioms: [propext, Classical.choice, Quot.sound]
'PerfectPower.ParallelCertificates.hodge_7_row_0_21' depends on axioms: [propext, Classical.choice, Quot.sound]
'PerfectPower.ParallelCertificates.hodge_7_row_0_22' depends on axioms: [propext, Classical.choice, Quot.sound]
'PerfectPower.ParallelCertificates.hodge_7_row_0_23' depends on axioms: [propext, Classical.choice, Quot.sound]
'PerfectPower.ParallelCertificates.hodge_7_row_0_24' depends on axioms: [propext, Classical.choice, Quot.sound]
'PerfectPower.ParallelCertificates.hodge_7_row_0_25' depends on axioms: [propext, Classical.choice, Quot.sound]
'PerfectPower.ParallelCertificates.hodge_7_row_0_26' depends on axioms: [propext, Classical.choice, Quot.sound]
'PerfectPower.ParallelCertificates.hodge_7_row_0_27' depends on axioms: [propext, Classical.choice, Quot.sound]
'PerfectPower.ParallelCertificates.hodge_7_row_0_28' depends on axioms: [propext, Classical.choice, Quot.sound]
'PerfectPower.ParallelCertificates.hodge_7_row_0_29' depends on axioms: [propext, Classical.choice, Quot.sound]
'PerfectPower.ParallelCertificates.hodge_7_row_0_30' depends on axioms: [propext, Classical.choice, Quot.sound]
'PerfectPower.ParallelCertificates.hodge_7_row_0_31' depends on axioms: [propext, Classical.choice, Quot.sound]
'PerfectPower.ParallelCertificates.hodge_7_row_0_32' depends on axioms: [propext, Classical.choice, Quot.sound]
'PerfectPower.ParallelCertificates.hodge_7_row_0_33' depends on axioms: [propext, Classical.choice, Quot.sound]
'PerfectPower.ParallelCertificates.hodge_7_row_0_34' depends on axioms: [propext, Classical.choice, Quot.sound]
'PerfectPower.ParallelCertificates.hodge_7_row_0_35' depends on axioms: [propext, Classical.choice, Quot.sound]
'PerfectPower.ParallelCertificates.hodge_7_row_0_36' depends on axioms: [propext, Classical.choice, Quot.sound]
'PerfectPower.ParallelCertificates.hodge_7_row_0_37' depends on axioms: [propext, Classical.choice, Quot.sound]
'PerfectPower.ParallelCertificates.hodge_7_row_0_38' depends on axioms: [propext, Classical.choice, Quot.sound]
'PerfectPower.ParallelCertificates.hodge_7_row_1_0' depends on axioms: [propext, Classical.choice, Quot.sound]
'PerfectPower.ParallelCertificates.hodge_7_row_1_1' depends on axioms: [propext, Classical.choice, Quot.sound]
'PerfectPower.ParallelCertificates.hodge_7_row_1_2' depends on axioms: [propext, Classical.choice, Quot.sound]
'PerfectPower.ParallelCertificates.hodge_7_row_1_3' depends on axioms: [propext, Classical.choice, Quot.sound]
'PerfectPower.ParallelCertificates.hodge_7_row_1_4' depends on axioms: [propext, Classical.choice, Quot.sound]
'PerfectPower.ParallelCertificates.hodge_7_row_1_5' depends on axioms: [propext, Classical.choice, Quot.sound]
'PerfectPower.ParallelCertificates.hodge_7_row_1_6' depends on axioms: [propext, Classical.choice, Quot.sound]
'PerfectPower.ParallelCertificates.hodge_7_row_1_7' depends on axioms: [propext, Classical.choice, Quot.sound]
'PerfectPower.ParallelCertificates.hodge_7_row_1_8' depends on axioms: [propext, Classical.choice, Quot.sound]
'PerfectPower.ParallelCertificates.hodge_7_row_1_9' depends on axioms: [propext, Classical.choice, Quot.sound]
'PerfectPower.ParallelCertificates.hodge_7_row_1_10' depends on axioms: [propext, Classical.choice, Quot.sound]
'PerfectPower.ParallelCertificates.hodge_7_row_1_11' depends on axioms: [propext, Classical.choice, Quot.sound]
'PerfectPower.ParallelCertificates.hodge_7_row_1_12' depends on axioms: [propext, Classical.choice, Quot.sound]
'PerfectPower.ParallelCertificates.hodge_7_row_1_13' depends on axioms: [propext, Classical.choice, Quot.sound]
'PerfectPower.ParallelCertificates.hodge_7_row_1_14' depends on axioms: [propext, Classical.choice, Quot.sound]
'PerfectPower.ParallelCertificates.hodge_7_row_1_15' depends on axioms: [propext, Classical.choice, Quot.sound]
'PerfectPower.ParallelCertificates.hodge_7_row_1_16' depends on axioms: [propext, Classical.choice, Quot.sound]
'PerfectPower.ParallelCertificates.hodge_7_row_1_17' depends on axioms: [propext, Classical.choice, Quot.sound]
'PerfectPower.ParallelCertificates.hodge_7_row_1_18' depends on axioms: [propext, Classical.choice, Quot.sound]
'PerfectPower.ParallelCertificates.hodge_7_row_1_19' depends on axioms: [propext, Classical.choice, Quot.sound]
'PerfectPower.ParallelCertificates.hodge_7_row_1_20' depends on axioms: [propext, Classical.choice, Quot.sound]
'PerfectPower.ParallelCertificates.hodge_7_row_1_21' depends on axioms: [propext, Classical.choice, Quot.sound]
'PerfectPower.ParallelCertificates.hodge_7_row_1_22' depends on axioms: [propext, Classical.choice, Quot.sound]
'PerfectPower.ParallelCertificates.hodge_7_row_1_23' depends on axioms: [propext, Classical.choice, Quot.sound]
'PerfectPower.ParallelCertificates.hodge_7_row_1_24' depends on axioms: [propext, Classical.choice, Quot.sound]
'PerfectPower.ParallelCertificates.hodge_7_row_1_25' depends on axioms: [propext, Classical.choice, Quot.sound]
'PerfectPower.ParallelCertificates.hodge_7_row_1_26' depends on axioms: [propext, Classical.choice, Quot.sound]
'PerfectPower.ParallelCertificates.hodge_7_row_1_27' depends on axioms: [propext, Classical.choice, Quot.sound]
'PerfectPower.ParallelCertificates.hodge_7_row_1_28' depends on axioms: [propext, Classical.choice, Quot.sound]
'PerfectPower.ParallelCertificates.hodge_7_row_1_29' depends on axioms: [propext, Classical.choice, Quot.sound]
'PerfectPower.ParallelCertificates.hodge_7_row_1_30' depends on axioms: [propext, Classical.choice, Quot.sound]
'PerfectPower.ParallelCertificates.hodge_7_row_1_31' depends on axioms: [propext, Classical.choice, Quot.sound]
'PerfectPower.ParallelCertificates.hodge_7_row_1_32' depends on axioms: [propext, Classical.choice, Quot.sound]
'PerfectPower.ParallelCertificates.hodge_7_row_1_33' depends on axioms: [propext, Classical.choice, Quot.sound]
'PerfectPower.ParallelCertificates.hodge_7_row_1_34' depends on axioms: [propext, Classical.choice, Quot.sound]
'PerfectPower.ParallelCertificates.hodge_7_row_1_35' depends on axioms: [propext, Classical.choice, Quot.sound]
'PerfectPower.ParallelCertificates.hodge_7_row_1_36' depends on axioms: [propext, Classical.choice, Quot.sound]
'PerfectPower.ParallelCertificates.hodge_7_row_1_37' depends on axioms: [propext, Classical.choice, Quot.sound]
'PerfectPower.ParallelCertificates.hodge_7_row_1_38' depends on axioms: [propext, Classical.choice, Quot.sound]
'PerfectPower.ParallelCertificates.hodge_7_row_2_0' depends on axioms: [propext, Classical.choice, Quot.sound]
'PerfectPower.ParallelCertificates.hodge_7_row_2_1' depends on axioms: [propext, Classical.choice, Quot.sound]
'PerfectPower.ParallelCertificates.hodge_7_row_2_2' depends on axioms: [propext, Classical.choice, Quot.sound]
'PerfectPower.ParallelCertificates.hodge_7_row_2_3' depends on axioms: [propext, Classical.choice, Quot.sound]
'PerfectPower.ParallelCertificates.hodge_7_row_2_4' depends on axioms: [propext, Classical.choice, Quot.sound]
'PerfectPower.ParallelCertificates.hodge_7_row_2_5' depends on axioms: [propext, Classical.choice, Quot.sound]
'PerfectPower.ParallelCertificates.hodge_7_row_2_6' depends on axioms: [propext, Classical.choice, Quot.sound]
'PerfectPower.ParallelCertificates.hodge_7_row_2_7' depends on axioms: [propext, Classical.choice, Quot.sound]
'PerfectPower.ParallelCertificates.hodge_7_row_2_8' depends on axioms: [propext, Classical.choice, Quot.sound]
'PerfectPower.ParallelCertificates.hodge_7_row_2_9' depends on axioms: [propext, Classical.choice, Quot.sound]
'PerfectPower.ParallelCertificates.hodge_7_row_2_10' depends on axioms: [propext, Classical.choice, Quot.sound]
'PerfectPower.ParallelCertificates.hodge_7_row_2_11' depends on axioms: [propext, Classical.choice, Quot.sound]
'PerfectPower.ParallelCertificates.hodge_7_row_2_12' depends on axioms: [propext, Classical.choice, Quot.sound]
'PerfectPower.ParallelCertificates.hodge_7_row_2_13' depends on axioms: [propext, Classical.choice, Quot.sound]
'PerfectPower.ParallelCertificates.hodge_7_row_2_14' depends on axioms: [propext, Classical.choice, Quot.sound]
'PerfectPower.ParallelCertificates.hodge_7_row_2_15' depends on axioms: [propext, Classical.choice, Quot.sound]
'PerfectPower.ParallelCertificates.hodge_7_row_2_16' depends on axioms: [propext, Classical.choice, Quot.sound]
'PerfectPower.ParallelCertificates.hodge_7_row_2_17' depends on axioms: [propext, Classical.choice, Quot.sound]
'PerfectPower.ParallelCertificates.hodge_7_row_2_18' depends on axioms: [propext, Classical.choice, Quot.sound]
'PerfectPower.ParallelCertificates.hodge_7_row_2_19' depends on axioms: [propext, Classical.choice, Quot.sound]
'PerfectPower.ParallelCertificates.hodge_7_row_2_20' depends on axioms: [propext, Classical.choice, Quot.sound]
'PerfectPower.ParallelCertificates.hodge_7_row_2_21' depends on axioms: [propext, Classical.choice, Quot.sound]
'PerfectPower.ParallelCertificates.hodge_7_row_2_22' depends on axioms: [propext, Classical.choice, Quot.sound]
'PerfectPower.ParallelCertificates.hodge_7_row_2_23' depends on axioms: [propext, Classical.choice, Quot.sound]
'PerfectPower.ParallelCertificates.hodge_7_row_2_24' depends on axioms: [propext, Classical.choice, Quot.sound]
'PerfectPower.ParallelCertificates.hodge_7_row_2_25' depends on axioms: [propext, Classical.choice, Quot.sound]
'PerfectPower.ParallelCertificates.hodge_7_row_2_26' depends on axioms: [propext, Classical.choice, Quot.sound]
'PerfectPower.ParallelCertificates.hodge_7_row_2_27' depends on axioms: [propext, Classical.choice, Quot.sound]
'PerfectPower.ParallelCertificates.hodge_7_row_2_28' depends on axioms: [propext, Classical.choice, Quot.sound]
'PerfectPower.ParallelCertificates.hodge_7_row_2_29' depends on axioms: [propext, Classical.choice, Quot.sound]
'PerfectPower.ParallelCertificates.hodge_7_row_2_30' depends on axioms: [propext, Classical.choice, Quot.sound]
'PerfectPower.ParallelCertificates.hodge_7_row_2_31' depends on axioms: [propext, Classical.choice, Quot.sound]
'PerfectPower.ParallelCertificates.hodge_7_row_2_32' depends on axioms: [propext, Classical.choice, Quot.sound]
'PerfectPower.ParallelCertificates.hodge_7_row_2_33' depends on axioms: [propext, Classical.choice, Quot.sound]
'PerfectPower.ParallelCertificates.hodge_7_row_2_34' depends on axioms: [propext, Classical.choice, Quot.sound]
'PerfectPower.ParallelCertificates.hodge_7_row_2_35' depends on axioms: [propext, Classical.choice, Quot.sound]
'PerfectPower.ParallelCertificates.hodge_7_row_2_36' depends on axioms: [propext, Classical.choice, Quot.sound]
'PerfectPower.ParallelCertificates.hodge_7_row_2_37' depends on axioms: [propext, Classical.choice, Quot.sound]
'PerfectPower.ParallelCertificates.hodge_7_row_2_38' depends on axioms: [propext, Classical.choice, Quot.sound]
'PerfectPower.ParallelCertificates.hodge_7_row_3_0' depends on axioms: [propext, Classical.choice, Quot.sound]
'PerfectPower.ParallelCertificates.hodge_7_row_3_1' depends on axioms: [propext, Classical.choice, Quot.sound]
'PerfectPower.ParallelCertificates.hodge_7_row_3_2' depends on axioms: [propext, Classical.choice, Quot.sound]
'PerfectPower.ParallelCertificates.hodge_7_row_3_3' depends on axioms: [propext, Classical.choice, Quot.sound]
'PerfectPower.ParallelCertificates.hodge_7_row_3_4' depends on axioms: [propext, Classical.choice, Quot.sound]
'PerfectPower.ParallelCertificates.hodge_7_row_3_5' depends on axioms: [propext, Classical.choice, Quot.sound]
'PerfectPower.ParallelCertificates.hodge_7_row_3_6' depends on axioms: [propext, Classical.choice, Quot.sound]
'PerfectPower.ParallelCertificates.hodge_7_row_3_7' depends on axioms: [propext, Classical.choice, Quot.sound]
'PerfectPower.ParallelCertificates.hodge_7_row_3_8' depends on axioms: [propext, Classical.choice, Quot.sound]
'PerfectPower.ParallelCertificates.hodge_7_row_3_9' depends on axioms: [propext, Classical.choice, Quot.sound]
'PerfectPower.ParallelCertificates.hodge_7_row_3_10' depends on axioms: [propext, Classical.choice, Quot.sound]
'PerfectPower.ParallelCertificates.hodge_7_row_3_11' depends on axioms: [propext, Classical.choice, Quot.sound]
'PerfectPower.ParallelCertificates.hodge_7_row_3_12' depends on axioms: [propext, Classical.choice, Quot.sound]
'PerfectPower.ParallelCertificates.hodge_7_row_3_13' depends on axioms: [propext, Classical.choice, Quot.sound]
'PerfectPower.ParallelCertificates.hodge_7_row_3_14' depends on axioms: [propext, Classical.choice, Quot.sound]
'PerfectPower.ParallelCertificates.hodge_7_row_3_15' depends on axioms: [propext, Classical.choice, Quot.sound]
'PerfectPower.ParallelCertificates.hodge_7_row_3_16' depends on axioms: [propext, Classical.choice, Quot.sound]
'PerfectPower.ParallelCertificates.hodge_7_row_3_17' depends on axioms: [propext, Classical.choice, Quot.sound]
'PerfectPower.ParallelCertificates.hodge_7_row_3_18' depends on axioms: [propext, Classical.choice, Quot.sound]
'PerfectPower.ParallelCertificates.hodge_7_row_3_19' depends on axioms: [propext, Classical.choice, Quot.sound]
'PerfectPower.ParallelCertificates.hodge_7_row_3_20' depends on axioms: [propext, Classical.choice, Quot.sound]
'PerfectPower.ParallelCertificates.hodge_7_row_3_21' depends on axioms: [propext, Classical.choice, Quot.sound]
'PerfectPower.ParallelCertificates.hodge_7_row_3_22' depends on axioms: [propext, Classical.choice, Quot.sound]
'PerfectPower.ParallelCertificates.hodge_7_row_3_23' depends on axioms: [propext, Classical.choice, Quot.sound]
'PerfectPower.ParallelCertificates.hodge_7_row_3_24' depends on axioms: [propext, Classical.choice, Quot.sound]
'PerfectPower.ParallelCertificates.hodge_7_row_3_25' depends on axioms: [propext, Classical.choice, Quot.sound]
'PerfectPower.ParallelCertificates.hodge_7_row_3_26' depends on axioms: [propext, Classical.choice, Quot.sound]
'PerfectPower.ParallelCertificates.hodge_7_row_3_27' depends on axioms: [propext, Classical.choice, Quot.sound]
'PerfectPower.ParallelCertificates.hodge_7_row_3_28' depends on axioms: [propext, Classical.choice, Quot.sound]
'PerfectPower.ParallelCertificates.hodge_7_row_3_29' depends on axioms: [propext, Classical.choice, Quot.sound]
'PerfectPower.ParallelCertificates.hodge_7_row_3_30' depends on axioms: [propext, Classical.choice, Quot.sound]
'PerfectPower.ParallelCertificates.hodge_7_row_3_31' depends on axioms: [propext, Classical.choice, Quot.sound]
'PerfectPower.ParallelCertificates.hodge_7_row_3_32' depends on axioms: [propext, Classical.choice, Quot.sound]
'PerfectPower.ParallelCertificates.hodge_7_row_3_33' depends on axioms: [propext, Classical.choice, Quot.sound]
'PerfectPower.ParallelCertificates.hodge_7_row_3_34' depends on axioms: [propext, Classical.choice, Quot.sound]
'PerfectPower.ParallelCertificates.hodge_7_row_3_35' depends on axioms: [propext, Classical.choice, Quot.sound]
'PerfectPower.ParallelCertificates.hodge_7_row_3_36' depends on axioms: [propext, Classical.choice, Quot.sound]
'PerfectPower.ParallelCertificates.hodge_7_row_3_37' depends on axioms: [propext, Classical.choice, Quot.sound]
'PerfectPower.ParallelCertificates.hodge_7_row_3_38' depends on axioms: [propext, Classical.choice, Quot.sound]
'PerfectPower.ParallelCertificates.hodge_7_row_4_0' depends on axioms: [propext, Classical.choice, Quot.sound]
'PerfectPower.ParallelCertificates.hodge_7_row_4_1' depends on axioms: [propext, Classical.choice, Quot.sound]
'PerfectPower.ParallelCertificates.hodge_7_row_4_2' depends on axioms: [propext, Classical.choice, Quot.sound]
'PerfectPower.ParallelCertificates.hodge_7_row_4_3' depends on axioms: [propext, Classical.choice, Quot.sound]
'PerfectPower.ParallelCertificates.hodge_7_row_4_4' depends on axioms: [propext, Classical.choice, Quot.sound]
'PerfectPower.ParallelCertificates.hodge_7_row_4_5' depends on axioms: [propext, Classical.choice, Quot.sound]
'PerfectPower.ParallelCertificates.hodge_7_row_4_6' depends on axioms: [propext, Classical.choice, Quot.sound]
'PerfectPower.ParallelCertificates.hodge_7_row_4_7' depends on axioms: [propext, Classical.choice, Quot.sound]
'PerfectPower.ParallelCertificates.hodge_7_row_4_8' depends on axioms: [propext, Classical.choice, Quot.sound]
'PerfectPower.ParallelCertificates.hodge_7_row_4_9' depends on axioms: [propext, Classical.choice, Quot.sound]
'PerfectPower.ParallelCertificates.hodge_7_row_4_10' depends on axioms: [propext, Classical.choice, Quot.sound]
'PerfectPower.ParallelCertificates.hodge_7_row_4_11' depends on axioms: [propext, Classical.choice, Quot.sound]
'PerfectPower.ParallelCertificates.hodge_7_row_4_12' depends on axioms: [propext, Classical.choice, Quot.sound]
'PerfectPower.ParallelCertificates.hodge_7_row_4_13' depends on axioms: [propext, Classical.choice, Quot.sound]
'PerfectPower.ParallelCertificates.hodge_7_row_4_14' depends on axioms: [propext, Classical.choice, Quot.sound]
'PerfectPower.ParallelCertificates.hodge_7_row_4_15' depends on axioms: [propext, Classical.choice, Quot.sound]
'PerfectPower.ParallelCertificates.hodge_7_row_4_16' depends on axioms: [propext, Classical.choice, Quot.sound]
'PerfectPower.ParallelCertificates.hodge_7_row_4_17' depends on axioms: [propext, Classical.choice, Quot.sound]
'PerfectPower.ParallelCertificates.hodge_7_row_4_18' depends on axioms: [propext, Classical.choice, Quot.sound]
'PerfectPower.ParallelCertificates.hodge_7_row_4_19' depends on axioms: [propext, Classical.choice, Quot.sound]
'PerfectPower.ParallelCertificates.hodge_7_row_4_20' depends on axioms: [propext, Classical.choice, Quot.sound]
'PerfectPower.ParallelCertificates.hodge_7_row_4_21' depends on axioms: [propext, Classical.choice, Quot.sound]
'PerfectPower.ParallelCertificates.hodge_7_row_4_22' depends on axioms: [propext, Classical.choice, Quot.sound]
'PerfectPower.ParallelCertificates.hodge_7_row_4_23' depends on axioms: [propext, Classical.choice, Quot.sound]
'PerfectPower.ParallelCertificates.hodge_7_row_4_24' depends on axioms: [propext, Classical.choice, Quot.sound]
'PerfectPower.ParallelCertificates.hodge_7_row_4_25' depends on axioms: [propext, Classical.choice, Quot.sound]
'PerfectPower.ParallelCertificates.hodge_7_row_4_26' depends on axioms: [propext, Classical.choice, Quot.sound]
'PerfectPower.ParallelCertificates.hodge_7_row_4_27' depends on axioms: [propext, Classical.choice, Quot.sound]
'PerfectPower.ParallelCertificates.hodge_7_row_4_28' depends on axioms: [propext, Classical.choice, Quot.sound]
'PerfectPower.ParallelCertificates.hodge_7_row_4_29' depends on axioms: [propext, Classical.choice, Quot.sound]
'PerfectPower.ParallelCertificates.hodge_7_row_4_30' depends on axioms: [propext, Classical.choice, Quot.sound]
'PerfectPower.ParallelCertificates.hodge_7_row_4_31' depends on axioms: [propext, Classical.choice, Quot.sound]
'PerfectPower.ParallelCertificates.hodge_7_row_4_32' depends on axioms: [propext, Classical.choice, Quot.sound]
'PerfectPower.ParallelCertificates.hodge_7_row_4_33' depends on axioms: [propext, Classical.choice, Quot.sound]
'PerfectPower.ParallelCertificates.hodge_7_row_4_34' depends on axioms: [propext, Classical.choice, Quot.sound]
'PerfectPower.ParallelCertificates.hodge_7_row_4_35' depends on axioms: [propext, Classical.choice, Quot.sound]
'PerfectPower.ParallelCertificates.hodge_7_row_4_36' depends on axioms: [propext, Classical.choice, Quot.sound]
'PerfectPower.ParallelCertificates.hodge_7_row_4_37' depends on axioms: [propext, Classical.choice, Quot.sound]
'PerfectPower.ParallelCertificates.hodge_7_row_4_38' depends on axioms: [propext, Classical.choice, Quot.sound]
'PerfectPower.ParallelCertificates.hodge_7_row_5_0' depends on axioms: [propext, Classical.choice, Quot.sound]
'PerfectPower.ParallelCertificates.hodge_7_row_5_1' depends on axioms: [propext, Classical.choice, Quot.sound]
'PerfectPower.ParallelCertificates.hodge_7_row_5_2' depends on axioms: [propext, Classical.choice, Quot.sound]
'PerfectPower.ParallelCertificates.hodge_7_row_5_3' depends on axioms: [propext, Classical.choice, Quot.sound]
'PerfectPower.ParallelCertificates.hodge_7_row_5_4' depends on axioms: [propext, Classical.choice, Quot.sound]
'PerfectPower.ParallelCertificates.hodge_7_row_5_5' depends on axioms: [propext, Classical.choice, Quot.sound]
'PerfectPower.ParallelCertificates.hodge_7_row_5_6' depends on axioms: [propext, Classical.choice, Quot.sound]
'PerfectPower.ParallelCertificates.hodge_7_row_5_7' depends on axioms: [propext, Classical.choice, Quot.sound]
'PerfectPower.ParallelCertificates.hodge_7_row_5_8' depends on axioms: [propext, Classical.choice, Quot.sound]
'PerfectPower.ParallelCertificates.hodge_7_row_5_9' depends on axioms: [propext, Classical.choice, Quot.sound]
'PerfectPower.ParallelCertificates.hodge_7_row_5_10' depends on axioms: [propext, Classical.choice, Quot.sound]
'PerfectPower.ParallelCertificates.hodge_7_row_5_11' depends on axioms: [propext, Classical.choice, Quot.sound]
'PerfectPower.ParallelCertificates.hodge_7_row_5_12' depends on axioms: [propext, Classical.choice, Quot.sound]
'PerfectPower.ParallelCertificates.hodge_7_row_5_13' depends on axioms: [propext, Classical.choice, Quot.sound]
'PerfectPower.ParallelCertificates.hodge_7_row_5_14' depends on axioms: [propext, Classical.choice, Quot.sound]
'PerfectPower.ParallelCertificates.hodge_7_row_5_15' depends on axioms: [propext, Classical.choice, Quot.sound]
'PerfectPower.ParallelCertificates.hodge_7_row_5_16' depends on axioms: [propext, Classical.choice, Quot.sound]
'PerfectPower.ParallelCertificates.hodge_7_row_5_17' depends on axioms: [propext, Classical.choice, Quot.sound]
'PerfectPower.ParallelCertificates.hodge_7_row_5_18' depends on axioms: [propext, Classical.choice, Quot.sound]
'PerfectPower.ParallelCertificates.hodge_7_row_5_19' depends on axioms: [propext, Classical.choice, Quot.sound]
'PerfectPower.ParallelCertificates.hodge_7_row_5_20' depends on axioms: [propext, Classical.choice, Quot.sound]
'PerfectPower.ParallelCertificates.hodge_7_row_5_21' depends on axioms: [propext, Classical.choice, Quot.sound]
'PerfectPower.ParallelCertificates.hodge_7_row_5_22' depends on axioms: [propext, Classical.choice, Quot.sound]
'PerfectPower.ParallelCertificates.hodge_7_row_5_23' depends on axioms: [propext, Classical.choice, Quot.sound]
'PerfectPower.ParallelCertificates.hodge_7_row_5_24' depends on axioms: [propext, Classical.choice, Quot.sound]
'PerfectPower.ParallelCertificates.hodge_7_row_5_25' depends on axioms: [propext, Classical.choice, Quot.sound]
'PerfectPower.ParallelCertificates.hodge_7_row_5_26' depends on axioms: [propext, Classical.choice, Quot.sound]
'PerfectPower.ParallelCertificates.hodge_7_row_5_27' depends on axioms: [propext, Classical.choice, Quot.sound]
'PerfectPower.ParallelCertificates.hodge_7_row_5_28' depends on axioms: [propext, Classical.choice, Quot.sound]
'PerfectPower.ParallelCertificates.hodge_7_row_5_29' depends on axioms: [propext, Classical.choice, Quot.sound]
'PerfectPower.ParallelCertificates.hodge_7_row_5_30' depends on axioms: [propext, Classical.choice, Quot.sound]
'PerfectPower.ParallelCertificates.hodge_7_row_5_31' depends on axioms: [propext, Classical.choice, Quot.sound]
'PerfectPower.ParallelCertificates.hodge_7_row_5_32' depends on axioms: [propext, Classical.choice, Quot.sound]
'PerfectPower.ParallelCertificates.hodge_7_row_5_33' depends on axioms: [propext, Classical.choice, Quot.sound]
'PerfectPower.ParallelCertificates.hodge_7_row_5_34' depends on axioms: [propext, Classical.choice, Quot.sound]
'PerfectPower.ParallelCertificates.hodge_7_row_5_35' depends on axioms: [propext, Classical.choice, Quot.sound]
'PerfectPower.ParallelCertificates.hodge_7_row_5_36' depends on axioms: [propext, Classical.choice, Quot.sound]
'PerfectPower.ParallelCertificates.hodge_7_row_5_37' depends on axioms: [propext, Classical.choice, Quot.sound]
'PerfectPower.ParallelCertificates.hodge_7_row_5_38' depends on axioms: [propext, Classical.choice, Quot.sound]
'PerfectPower.ParallelCertificates.hodge_7_row_6_0' depends on axioms: [propext, Classical.choice, Quot.sound]
'PerfectPower.ParallelCertificates.hodge_7_row_6_1' depends on axioms: [propext, Classical.choice, Quot.sound]
'PerfectPower.ParallelCertificates.hodge_7_row_6_2' depends on axioms: [propext, Classical.choice, Quot.sound]
'PerfectPower.ParallelCertificates.hodge_7_row_6_3' depends on axioms: [propext, Classical.choice, Quot.sound]
'PerfectPower.ParallelCertificates.hodge_7_row_6_4' depends on axioms: [propext, Classical.choice, Quot.sound]
'PerfectPower.ParallelCertificates.hodge_7_row_6_5' depends on axioms: [propext, Classical.choice, Quot.sound]
'PerfectPower.ParallelCertificates.hodge_7_row_6_6' depends on axioms: [propext, Classical.choice, Quot.sound]
'PerfectPower.ParallelCertificates.hodge_7_row_6_7' depends on axioms: [propext, Classical.choice, Quot.sound]
'PerfectPower.ParallelCertificates.hodge_7_row_6_8' depends on axioms: [propext, Classical.choice, Quot.sound]
'PerfectPower.ParallelCertificates.hodge_7_row_6_9' depends on axioms: [propext, Classical.choice, Quot.sound]
'PerfectPower.ParallelCertificates.hodge_7_row_6_10' depends on axioms: [propext, Classical.choice, Quot.sound]
'PerfectPower.ParallelCertificates.hodge_7_row_6_11' depends on axioms: [propext, Classical.choice, Quot.sound]
'PerfectPower.ParallelCertificates.hodge_7_row_6_12' depends on axioms: [propext, Classical.choice, Quot.sound]
'PerfectPower.ParallelCertificates.hodge_7_row_6_13' depends on axioms: [propext, Classical.choice, Quot.sound]
'PerfectPower.ParallelCertificates.hodge_7_row_6_14' depends on axioms: [propext, Classical.choice, Quot.sound]
'PerfectPower.ParallelCertificates.hodge_7_row_6_15' depends on axioms: [propext, Classical.choice, Quot.sound]
'PerfectPower.ParallelCertificates.hodge_7_row_6_16' depends on axioms: [propext, Classical.choice, Quot.sound]
'PerfectPower.ParallelCertificates.hodge_7_row_6_17' depends on axioms: [propext, Classical.choice, Quot.sound]
'PerfectPower.ParallelCertificates.hodge_7_row_6_18' depends on axioms: [propext, Classical.choice, Quot.sound]
'PerfectPower.ParallelCertificates.hodge_7_row_6_19' depends on axioms: [propext, Classical.choice, Quot.sound]
'PerfectPower.ParallelCertificates.hodge_7_row_6_20' depends on axioms: [propext, Classical.choice, Quot.sound]
'PerfectPower.ParallelCertificates.hodge_7_row_6_21' depends on axioms: [propext, Classical.choice, Quot.sound]
'PerfectPower.ParallelCertificates.hodge_7_row_6_22' depends on axioms: [propext, Classical.choice, Quot.sound]
'PerfectPower.ParallelCertificates.hodge_7_row_6_23' depends on axioms: [propext, Classical.choice, Quot.sound]
'PerfectPower.ParallelCertificates.hodge_7_row_6_24' depends on axioms: [propext, Classical.choice, Quot.sound]
'PerfectPower.ParallelCertificates.hodge_7_row_6_25' depends on axioms: [propext, Classical.choice, Quot.sound]
'PerfectPower.ParallelCertificates.hodge_7_row_6_26' depends on axioms: [propext, Classical.choice, Quot.sound]
'PerfectPower.ParallelCertificates.hodge_7_row_6_27' depends on axioms: [propext, Classical.choice, Quot.sound]
'PerfectPower.ParallelCertificates.hodge_7_row_6_28' depends on axioms: [propext, Classical.choice, Quot.sound]
'PerfectPower.ParallelCertificates.hodge_7_row_6_29' depends on axioms: [propext, Classical.choice, Quot.sound]
'PerfectPower.ParallelCertificates.hodge_7_row_6_30' depends on axioms: [propext, Classical.choice, Quot.sound]
'PerfectPower.ParallelCertificates.hodge_7_row_6_31' depends on axioms: [propext, Classical.choice, Quot.sound]
'PerfectPower.ParallelCertificates.hodge_7_row_6_32' depends on axioms: [propext, Classical.choice, Quot.sound]
'PerfectPower.ParallelCertificates.hodge_7_row_6_33' depends on axioms: [propext, Classical.choice, Quot.sound]
'PerfectPower.ParallelCertificates.hodge_7_row_6_34' depends on axioms: [propext, Classical.choice, Quot.sound]
'PerfectPower.ParallelCertificates.hodge_7_row_6_35' depends on axioms: [propext, Classical.choice, Quot.sound]
'PerfectPower.ParallelCertificates.hodge_7_row_6_36' depends on axioms: [propext, Classical.choice, Quot.sound]
'PerfectPower.ParallelCertificates.hodge_7_row_6_37' depends on axioms: [propext, Classical.choice, Quot.sound]
'PerfectPower.ParallelCertificates.hodge_7_row_6_38' depends on axioms: [propext, Classical.choice, Quot.sound]
'PerfectPower.ParallelCertificates.hodge_7_part_0' depends on axioms: [propext, Classical.choice, Quot.sound]
'PerfectPower.ParallelCertificates.hodge_7_part_1' depends on axioms: [propext, Classical.choice, Quot.sound]
'PerfectPower.ParallelCertificates.hodge_7_part_2' depends on axioms: [propext, Classical.choice, Quot.sound]
'PerfectPower.ParallelCertificates.hodge_7_part_3' depends on axioms: [propext, Classical.choice, Quot.sound]
'PerfectPower.ParallelCertificates.hodge_7_part_4' depends on axioms: [propext, Classical.choice, Quot.sound]
'PerfectPower.ParallelCertificates.hodge_7_part_5' depends on axioms: [propext, Classical.choice, Quot.sound]
'PerfectPower.ParallelCertificates.hodge_7_part_6' depends on axioms: [propext, Classical.choice, Quot.sound]
'PerfectPower.ParallelCertificates.hodge_7_part_7' depends on axioms: [propext, Classical.choice, Quot.sound]
'PerfectPower.ParallelCertificates.hodge_7_checked' depends on axioms: [propext, Classical.choice, Quot.sound]
'PerfectPower.ParallelCertificates.hodge_7_idempotent' depends on axioms: [propext, Classical.choice, Quot.sound]
'PerfectPower.AffineQuarticAtlas.complete' depends on axioms: [propext, Classical.choice, Quot.sound]
'PerfectPower.ParallelAxiomBundles.QuarticLiftPackets00' depends on axioms: [propext, Classical.choice, Quot.sound]
'PerfectPower.ParallelAxiomBundles.QuarticLiftPackets01' depends on axioms: [propext, Classical.choice, Quot.sound]
'PerfectPower.ParallelAxiomBundles.QuarticLiftPackets02' depends on axioms: [propext, Classical.choice, Quot.sound]
'PerfectPower.ParallelAxiomBundles.QuarticLiftPackets03' depends on axioms: [propext, Classical.choice, Quot.sound]
'PerfectPower.ParallelAxiomBundles.QuarticLiftPackets04' depends on axioms: [propext, Classical.choice, Quot.sound]
'PerfectPower.ParallelAxiomBundles.QuarticLiftPackets05' depends on axioms: [propext, Classical.choice, Quot.sound]
'PerfectPower.ParallelAxiomBundles.QuarticLiftPackets06' depends on axioms: [propext, Classical.choice, Quot.sound]
'PerfectPower.ParallelAxiomBundles.QuarticLiftPackets07' depends on axioms: [propext, Classical.choice, Quot.sound]
'PerfectPower.ParallelAxiomBundles.QuarticLiftPackets08' depends on axioms: [propext, Classical.choice, Quot.sound]
'PerfectPower.ParallelAxiomBundles.QuarticLiftPackets09' depends on axioms: [propext, Classical.choice, Quot.sound]
'PerfectPower.ParallelAxiomBundles.QuarticLiftPackets10' depends on axioms: [propext, Classical.choice, Quot.sound]
'PerfectPower.ParallelAxiomBundles.QuarticLiftPackets11' depends on axioms: [propext, Classical.choice, Quot.sound]
'PerfectPower.ParallelAxiomBundles.QuarticLiftPackets12' depends on axioms: [propext, Classical.choice, Quot.sound]
'PerfectPower.ParallelAxiomBundles.QuarticLiftPackets13' depends on axioms: [propext, Classical.choice, Quot.sound]
'PerfectPower.ParallelAxiomBundles.QuarticLiftPackets14' depends on axioms: [propext, Classical.choice, Quot.sound]
'PerfectPower.ParallelAxiomBundles.QuarticLiftPackets15' depends on axioms: [propext, Classical.choice, Quot.sound]
'PerfectPower.ParallelAxiomBundles.QuarticLiftPackets16' depends on axioms: [propext, Classical.choice, Quot.sound]
'PerfectPower.ParallelAxiomBundles.QuarticLiftPackets17' depends on axioms: [propext, Classical.choice, Quot.sound]
'PerfectPower.ParallelAxiomBundles.QuarticLiftPackets18' depends on axioms: [propext, Classical.choice, Quot.sound]
'PerfectPower.ParallelAxiomBundles.QuarticLiftPackets19' depends on axioms: [propext, Classical.choice, Quot.sound]
'PerfectPower.ParallelAxiomBundles.QuarticLiftPackets20' depends on axioms: [propext, Classical.choice, Quot.sound]
'PerfectPower.ParallelAxiomBundles.QuarticLiftPackets21' depends on axioms: [propext, Classical.choice, Quot.sound]
'PerfectPower.ParallelAxiomBundles.QuarticLiftPackets22' depends on axioms: [propext, Classical.choice, Quot.sound]
'PerfectPower.ParallelAxiomBundles.QuarticLiftPackets23' depends on axioms: [propext, Classical.choice, Quot.sound]
'PerfectPower.ParallelAxiomBundles.QuarticLiftPackets24' depends on axioms: [propext, Classical.choice, Quot.sound]
'PerfectPower.ParallelAxiomBundles.QuarticLiftPackets25' depends on axioms: [propext, Classical.choice, Quot.sound]
'PerfectPower.ParallelAxiomBundles.QuarticLiftPackets26' depends on axioms: [propext, Classical.choice, Quot.sound]
'PerfectPower.ParallelAxiomBundles.QuarticLiftPackets27' depends on axioms: [propext, Classical.choice, Quot.sound]
'PerfectPower.ParallelAxiomBundles.QuarticLiftPackets28' depends on axioms: [propext, Classical.choice, Quot.sound]
'PerfectPower.ParallelAxiomBundles.QuarticLiftPackets29' depends on axioms: [propext, Classical.choice, Quot.sound]
'PerfectPower.ParallelAxiomBundles.QuarticLiftPackets30' depends on axioms: [propext, Classical.choice, Quot.sound]
'PerfectPower.ParallelAxiomBundles.AffineQuarticPackets00' depends on axioms: [propext, Classical.choice, Quot.sound]
'PerfectPower.ParallelAxiomBundles.AffineQuarticPackets01' depends on axioms: [propext, Classical.choice, Quot.sound]
'PerfectPower.ParallelAxiomBundles.AffineQuarticPackets02' depends on axioms: [propext, Classical.choice, Quot.sound]
'PerfectPower.ParallelAxiomBundles.AffineQuarticPackets03' depends on axioms: [propext, Classical.choice, Quot.sound]
'PerfectPower.ParallelAxiomBundles.AffineQuarticPackets04' depends on axioms: [propext, Classical.choice, Quot.sound]
'PerfectPower.ParallelAxiomBundles.AffineQuarticPackets05' depends on axioms: [propext, Classical.choice, Quot.sound]
'PerfectPower.ParallelAxiomBundles.AffineQuarticPackets06' depends on axioms: [propext, Classical.choice, Quot.sound]
'PerfectPower.ParallelAxiomBundles.AffineQuarticPackets07' depends on axioms: [propext, Classical.choice, Quot.sound]
'PerfectPower.ParallelAxiomBundles.AffineQuarticPackets08' depends on axioms: [propext, Classical.choice, Quot.sound]
'PerfectPower.ParallelAxiomBundles.AffineQuarticPackets09' depends on axioms: [propext, Classical.choice, Quot.sound]
'PerfectPower.ParallelAxiomBundles.AffineQuarticPackets10' depends on axioms: [propext, Classical.choice, Quot.sound]
'PerfectPower.ParallelAxiomBundles.AffineQuarticPackets11' depends on axioms: [propext, Classical.choice, Quot.sound]
'PerfectPower.ParallelAxiomBundles.AffineQuarticPackets12' depends on axioms: [propext, Classical.choice, Quot.sound]
'PerfectPower.ParallelAxiomBundles.AffineQuarticPackets13' depends on axioms: [propext, Classical.choice, Quot.sound]
'PerfectPower.ParallelAxiomBundles.AffineQuarticPackets14' depends on axioms: [propext, Classical.choice, Quot.sound]
'PerfectPower.ParallelAxiomBundles.AffineQuarticPackets15' depends on axioms: [propext, Classical.choice, Quot.sound]
'PerfectPower.ParallelAxiomBundles.AffineQuarticPackets16' depends on axioms: [propext, Classical.choice, Quot.sound]
'PerfectPower.ParallelAxiomBundles.AffineQuarticPackets17' depends on axioms: [propext, Classical.choice, Quot.sound]
'PerfectPower.ParallelAxiomBundles.AffineQuarticPackets18' depends on axioms: [propext, Classical.choice, Quot.sound]
'PerfectPower.ParallelAxiomBundles.AffineQuarticPackets19' depends on axioms: [propext, Classical.choice, Quot.sound]
'PerfectPower.ParallelAxiomBundles.AffineQuarticPackets20' depends on axioms: [propext, Classical.choice, Quot.sound]
'PerfectPower.ParallelAxiomBundles.AffineQuarticPackets21' depends on axioms: [propext, Classical.choice, Quot.sound]
'PerfectPower.ParallelAxiomBundles.AffineQuarticPackets22' depends on axioms: [propext, Classical.choice, Quot.sound]
'PerfectPower.ParallelAxiomBundles.AffineQuarticPackets23' depends on axioms: [propext, Classical.choice, Quot.sound]
'PerfectPower.ParallelAxiomBundles.AffineQuarticPackets24' depends on axioms: [propext, Classical.choice, Quot.sound]
'PerfectPower.ParallelAxiomBundles.AffineQuarticPackets25' depends on axioms: [propext, Classical.choice, Quot.sound]
'PerfectPower.ParallelAxiomBundles.AffineQuarticPackets26' depends on axioms: [propext, Classical.choice, Quot.sound]
'PerfectPower.ParallelAxiomBundles.AffineQuarticPackets27' depends on axioms: [propext, Classical.choice, Quot.sound]
'PerfectPower.ParallelAxiomBundles.AffineQuarticPackets28' depends on axioms: [propext, Classical.choice, Quot.sound]
'PerfectPower.ParallelAxiomBundles.AffineQuarticPackets29' depends on axioms: [propext, Classical.choice, Quot.sound]
'PerfectPower.ParallelAxiomBundles.AffineQuarticPackets30' depends on axioms: [propext, Classical.choice, Quot.sound]
