P1 = [296771961766429971276646652655749713662797068503525:537654736843314657737620849054611041641939649528563:20532161556910450835113947166000978154021874399147]	  is generator number 1
saturating basis (reg=78.87909278)...Saturation index bound (for points of good reduction)  = 5
Tamagawa index primes are [ ]
Saturation primes are now[ 2 3 5 ]
Checking saturation at [ 2 3 5 ]
Checking 2-saturation 
Points were proved 2-saturated (max q used = 11)
Checking 3-saturation 
Points were proved 3-saturated (max q used = 23)
Checking 5-saturation 
Points were proved 5-saturated (max q used = 29)
done
Using mw_basis  [(10837887616097962386766417463655175/749819013039033931012965938537769 : 537654736843314657737620849054611041641939649528563/20532161556910450835113947166000978154021874399147 : 1)]
e1,e2,e3:  -6.63239354940037 - 11.4876426033535*I -6.63239354940037 + 11.4876426033535*I 13.2647870988007
Minimal and maximal eigenvalues of height pairing matrix: 78.8790927753231,78.8790927753231
x-coords of points on non-compact component with  14 <=x<= 26
[]
starting search of remaining points using coefficient bound 1 and |x| bound 1.80615380285529e34
x-coords of extra integral points:
[]
Total number of integral points: 0
