P1 = [81248110058480081523241493249536161019506147:-263111643967696223461162299820309310850528769:4492172164301141127102668211753295810718029]	  is generator number 1
saturating basis (reg=68.79696237)...Saturation index bound (for points of good reduction)  = 5
Tamagawa index primes are [ ]
Saturation primes are now[ 2 3 5 ]
Checking saturation at [ 2 3 5 ]
Checking 2-saturation 
Points were proved 2-saturated (max q used = 7)
Checking 3-saturation 
Points were proved 3-saturated (max q used = 17)
Checking 5-saturation 
Points were proved 5-saturated (max q used = 29)
done
Using mw_basis  [(492411064910548208527801204983/27225190562499431332407509881 : -263111643967696223461162299820309310850528769/4492172164301141127102668211753295810718029 : 1)]
e1,e2,e3:  -6.77335303984319 - 11.7317916026095*I -6.77335303984319 + 11.7317916026095*I 13.5467060796864
Minimal and maximal eigenvalues of height pairing matrix: 68.7969623661226,68.7969623661226
x-coords of points on non-compact component with  14 <=x<= 27
[]
starting search of remaining points using coefficient bound 1 and |x| bound 7.55337640530884e29
x-coords of extra integral points:
[]
Total number of integral points: 0
