P1 = [29362599658738383950145356101943951580409725:267974048422147993123355907011764537184544191:350991291791697746860757024379037532796875]	  is generator number 1
saturating basis (reg=68.30112607)...Saturation index bound (for points of good reduction)  = 5
Tamagawa index primes are [ ]
Saturation primes are now[ 2 3 5 ]
Checking saturation at [ 2 3 5 ]
Checking 2-saturation 
Points were proved 2-saturated (max q used = 11)
Checking 3-saturation 
Points were proved 3-saturated (max q used = 11)
Checking 5-saturation 
Points were proved 5-saturated (max q used = 29)
done
Using mw_basis  [(416257805151517221308398891311/4975815031589931593692875625 : 267974048422147993123355907011764537184544191/350991291791697746860757024379037532796875 : 1)]
e1,e2,e3:  -6.83812209770024 - 11.8439749015763*I -6.83812209770024 + 11.8439749015763*I 13.6762441954005
Minimal and maximal eigenvalues of height pairing matrix: 68.3011260749668,68.3011260749668
x-coords of points on non-compact component with  14 <=x<= 27
[]
starting search of remaining points using coefficient bound 1 and |x| bound 4.60046956732929e29
x-coords of extra integral points:
[]
Total number of integral points: 0
