P1 = [62553587073244815997376022148150854202005:-1498109873613611419084664734449347436248276:109059147763424442944828083106544691071]	  is generator number 1
saturating basis (reg=64.75755533)...Saturation index bound (for points of good reduction)  = 5
Tamagawa index primes are [ ]
Saturation primes are now[ 2 3 5 ]
Checking saturation at [ 2 3 5 ]
Checking 2-saturation 
Points were proved 2-saturated (max q used = 11)
Checking 3-saturation 
Points were proved 3-saturated (max q used = 23)
Checking 5-saturation 
Points were proved 5-saturated (max q used = 29)
done
Using mw_basis  [(13092769407532313741810104555/22826608996484548957633281 : -1498109873613611419084664734449347436248276/109059147763424442944828083106544691071 : 1)]
e1,e2,e3:  -7.32094441715011 - 12.6802476898917*I -7.32094441715011 + 12.6802476898917*I 14.6418888343002
Minimal and maximal eigenvalues of height pairing matrix: 64.7575553270639,64.7575553270639
x-coords of points on non-compact component with  15 <=x<= 29
[]
starting search of remaining points using coefficient bound 1 and |x| bound 1.32999172875161e28
x-coords of extra integral points:
[]
Total number of integral points: 0
