P1 = [60813074391950294936377779047381402710183107159:-465199743159605679137427035597753532150381845395:1023183613437294434332921254857127527673681933]	  is generator number 1
saturating basis (reg=73.32913751)...Saturation index bound (for points of good reduction)  = 5
Tamagawa index primes are [ ]
Saturation primes are now[ 2 3 5 ]
Checking saturation at [ 2 3 5 ]
Checking 2-saturation 
Points were proved 2-saturated (max q used = 7)
Checking 3-saturation 
Points were proved 3-saturated (max q used = 23)
Checking 5-saturation 
Points were proved 5-saturated (max q used = 29)
done
Using mw_basis  [(60350253808831436588480397547867/1015396629448348266494124852729 : -465199743159605679137427035597753532150381845395/1023183613437294434332921254857127527673681933 : 1)]
e1,e2,e3:  -7.40015826298970 - 12.8174500955488*I -7.40015826298970 + 12.8174500955488*I 14.8003165259794
Minimal and maximal eigenvalues of height pairing matrix: 73.3291375120105,73.3291375120105
x-coords of points on non-compact component with  15 <=x<= 29
[]
starting search of remaining points using coefficient bound 1 and |x| bound 7.02165980251471e31
x-coords of extra integral points:
[]
Total number of integral points: 0
