P1 = [15734906700865218848499665478002667265597402647:535406871171464846553906998267938524561860580484:13590133118832433376978975778790583915876223]	  is generator number 1
saturating basis (reg=73.27415022)...Saturation index bound (for points of good reduction)  = 5
Tamagawa index primes are [ ]
Saturation primes are now[ 2 3 5 ]
Checking saturation at [ 2 3 5 ]
Checking 2-saturation 
Points were proved 2-saturated (max q used = 7)
Checking 3-saturation 
Points were proved 3-saturated (max q used = 13)
Checking 5-saturation 
Points were proved 5-saturated (max q used = 29)
done
Using mw_basis  [(65936051320585205212587604996201/56948524183346258154056715009 : 535406871171464846553906998267938524561860580484/13590133118832433376978975778790583915876223 : 1)]
e1,e2,e3:  -7.44778547755512 - 12.8999428509991*I -7.44778547755512 + 12.8999428509991*I 14.8955709551102
Minimal and maximal eigenvalues of height pairing matrix: 73.2741502176063,73.2741502176063
x-coords of points on non-compact component with  15 <=x<= 29
[]
starting search of remaining points using coefficient bound 1 and |x| bound 6.64598115767602e31
x-coords of extra integral points:
[]
Total number of integral points: 0
