P1 = [1341140774691180508402843643321541432061193187:-1650267431188474234806229379132889366415717357:86910665912976780233801093274751599442612641]	  is generator number 1
saturating basis (reg=70.7189505)...Saturation index bound (for points of good reduction)  = 5
Tamagawa index primes are [ ]
Saturation primes are now[ 2 3 5 ]
Checking saturation at [ 2 3 5 ]
Checking 2-saturation 
Points were proved 2-saturated (max q used = 17)
Checking 3-saturation 
Points were proved 3-saturated (max q used = 37)
Checking 5-saturation 
Points were proved 5-saturated (max q used = 59)
done
Using mw_basis  [(3027726723525636494375563292227/196207400975278734302523623361 : -1650267431188474234806229379132889366415717357/86910665912976780233801093274751599442612641 : 1)]
e1,e2,e3:  -7.45453982117001 - 12.9116417173119*I -7.45453982117001 + 12.9116417173119*I 14.9090796423400
Minimal and maximal eigenvalues of height pairing matrix: 70.7189504991598,70.7189504991598
x-coords of points on non-compact component with  15 <=x<= 29
[]
starting search of remaining points using coefficient bound 1 and |x| bound 5.16237997869736e30
x-coords of extra integral points:
[]
Total number of integral points: 0
