P1 = [15:7:1]	  is generator number 1
P2 = [27957874170832041371051802:134680364092985112316443005:1013741809586038086101352]	  is generator number 2
saturating basis (reg=130.7892117)...Saturation index bound (for points of good reduction)  = 4
Tamagawa index primes are [ ]
Saturation primes are now[ 2 3 ]
Checking saturation at [ 2 3 ]
Checking 2-saturation 
Points were proved 2-saturated (max q used = 11)
Checking 3-saturation 
Points were proved 3-saturated (max q used = 23)
done
Using mw_basis  [(15 : 7 : 1), (278309710655866009/10091403515936484 : 134680364092985112316443005/1013741809586038086101352 : 1)]
e1,e2,e3:  -7.46352661687765 - 12.9272073040747*I -7.46352661687765 + 12.9272073040747*I 14.9270532337553
Minimal and maximal eigenvalues of height pairing matrix: 3.22834308112764,40.5127981717852
x-coords of points on non-compact component with  15 <=x<= 29
[15]
starting search of remaining points using coefficient bound 2 and |x| bound 2.38747465487573e70
x-coords of extra integral points:
[15]
Total number of integral points: 2
