P1 = [173079849156783298794209982642291807229541787:635556498581456383118558768313491215109656655:8227745238556261319664473105537273491644669]	  is generator number 1
saturating basis (reg=69.33195624)...Saturation index bound (for points of good reduction)  = 5
Tamagawa index primes are [ ]
Saturation primes are now[ 2 3 5 ]
Checking saturation at [ 2 3 5 ]
Checking 2-saturation 
Points were proved 2-saturated (max q used = 13)
Checking 3-saturation 
Points were proved 3-saturated (max q used = 23)
Checking 5-saturation 
Points were proved 5-saturated (max q used = 59)
done
Using mw_basis  [(857339623852425618150335540383/40755593688943041209733476121 : 635556498581456383118558768313491215109656655/8227745238556261319664473105537273491644669 : 1)]
e1,e2,e3:  -7.47547544915264 - 12.9479032886661*I -7.47547544915264 + 12.9479032886661*I 14.9509508983053
Minimal and maximal eigenvalues of height pairing matrix: 69.3319562360027,69.3319562360027
x-coords of points on non-compact component with  15 <=x<= 29
[]
starting search of remaining points using coefficient bound 1 and |x| bound 1.28969202064193e30
x-coords of extra integral points:
[]
Total number of integral points: 0
