P1 = [3750557277899807094470612843111141235:9089998970594216409904119008640918848:217865056713181933210805619272974419]	  is generator number 1
saturating basis (reg=57.57978444)...Saturation index bound (for points of good reduction)  = 4
Tamagawa index primes are [ ]
Saturation primes are now[ 2 3 ]
Checking saturation at [ 2 3 ]
Checking 2-saturation 
Points were proved 2-saturated (max q used = 11)
Checking 3-saturation 
possible kernel vector = [1]
This point may be in 3E(Q): [3750557277899807094470612843111141235:9089998970594216409904119008640918848:217865056713181933210805619272974419]
...but it isn't! (this may be due to insufficient precision)Points were proved 3-saturated (max q used = 79)
done
Using mw_basis  [(6233040409548475612323865/362069314425254901992121 : 9089998970594216409904119008640918848/217865056713181933210805619272974419 : 1)]
e1,e2,e3:  -7.48961525721517 - 12.9723941546397*I -7.48961525721517 + 12.9723941546397*I 14.9792305144303
Minimal and maximal eigenvalues of height pairing matrix: 57.5797844360823,57.5797844360823
x-coords of points on non-compact component with  15 <=x<= 29
[]
starting search of remaining points using coefficient bound 1 and |x| bound 1.01527256280825e25
x-coords of extra integral points:
[]
Total number of integral points: 0
