P1 = [2387174363721731957325816650318087998736256105:17492479520052122092750431964317620634750611683:43516961523370205968929018989328480520552887]	  is generator number 1
saturating basis (reg=71.16033266)...Saturation index bound (for points of good reduction)  = 5
Tamagawa index primes are [ ]
Saturation primes are now[ 2 3 5 ]
Checking saturation at [ 2 3 5 ]
Checking 2-saturation 
Points were proved 2-saturated (max q used = 7)
Checking 3-saturation 
Points were proved 3-saturated (max q used = 13)
Checking 5-saturation 
Points were proved 5-saturated (max q used = 29)
done
Using mw_basis  [(6786793269726802987512019421935/123719752555199780576804104689 : 17492479520052122092750431964317620634750611683/43516961523370205968929018989328480520552887 : 1)]
e1,e2,e3:  -7.58713196423197 - 13.1412980457796*I -7.58713196423197 + 13.1412980457796*I 15.1742639284639
Minimal and maximal eigenvalues of height pairing matrix: 71.1603326565854,71.1603326565854
x-coords of points on non-compact component with  16 <=x<= 30
[]
starting search of remaining points using coefficient bound 1 and |x| bound 8.02675122797743e30
x-coords of extra integral points:
[]
Total number of integral points: 0
