P1 = [74559458614676018315348344593758193907381404103:-96901710188457417708056985417526424284959533936:4651264730676630655942708061482962772882473107]	  is generator number 1
saturating basis (reg=73.40914115)...Saturation index bound (for points of good reduction)  = 5
Tamagawa index primes are [ ]
Saturation primes are now[ 2 3 5 ]
Checking saturation at [ 2 3 5 ]
Checking 2-saturation 
Points were proved 2-saturated (max q used = 17)
Checking 3-saturation 
Points were proved 3-saturated (max q used = 17)
Checking 5-saturation 
Points were proved 5-saturated (max q used = 29)
done
Using mw_basis  [(44666205504875466291015041988821/2786425091840567598337409358649 : -96901710188457417708056985417526424284959533936/4651264730676630655942708061482962772882473107 : 1)]
e1,e2,e3:  -7.72293717154533 - 13.3765195647788*I -7.72293717154533 + 13.3765195647788*I 15.4458743430907
Minimal and maximal eigenvalues of height pairing matrix: 73.4091411486037,73.4091411486037
x-coords of points on non-compact component with  16 <=x<= 30
[]
starting search of remaining points using coefficient bound 1 and |x| bound 7.60650091937676e31
x-coords of extra integral points:
[]
Total number of integral points: 0
