P1 = [2046407200779209864348359976854942817416277901156862972230:-23173930488614936556981151794837639882707489217277709463851:15928730675203631345046635459540525914731406494224435352]	  is generator number 1
saturating basis (reg=89.66920194)...Saturation index bound (for points of good reduction)  = 5
Tamagawa index primes are [ ]
Saturation primes are now[ 2 3 5 ]
Checking saturation at [ 2 3 5 ]
Checking 2-saturation 
Points were proved 2-saturated (max q used = 11)
Checking 3-saturation 
Points were proved 3-saturated (max q used = 23)
Checking 5-saturation 
Points were proved 5-saturated (max q used = 29)
done
Using mw_basis  [(813326642479596225558992634322666199785/6330734681783835761146603004801888484 : -23173930488614936556981151794837639882707489217277709463851/15928730675203631345046635459540525914731406494224435352 : 1)]
e1,e2,e3:  -7.85750293509192 - 13.6095943042008*I -7.85750293509192 + 13.6095943042008*I 15.7150058701838
Minimal and maximal eigenvalues of height pairing matrix: 89.6692019429092,89.6692019429092
x-coords of points on non-compact component with  16 <=x<= 31
[]
starting search of remaining points using coefficient bound 1 and |x| bound 8.76676975117318e38
x-coords of extra integral points:
[]
Total number of integral points: 0
