P1 = [519695624864932548175073486634575199576899627425130156730462659065287:779556376253502638104707906029421584962574798234918280830708255133471239:230968165934655908071862349942106652448648258534833094671112333]	  is generator number 1
saturating basis (reg=110.3580688)...Saturation index bound (for points of good reduction)  = 6
Tamagawa index primes are [ ]
Saturation primes are now[ 2 3 5 ]
Checking saturation at [ 2 3 5 ]
Checking 2-saturation 
Points were proved 2-saturated (max q used = 7)
Checking 3-saturation 
Points were proved 3-saturated (max q used = 17)
Checking 5-saturation 
Points were proved 5-saturated (max q used = 29)
done
Using mw_basis  [(847029141256762518733763780964312268229839867531/376444899454611489752698464948435634529529 : 779556376253502638104707906029421584962574798234918280830708255133471239/230968165934655908071862349942106652448648258534833094671112333 : 1)]
e1,e2,e3:  -8.27312154828626 - 14.3294668588247*I -8.27312154828626 + 14.3294668588247*I 16.5462430965725
Minimal and maximal eigenvalues of height pairing matrix: 110.358068806690,110.358068806690
x-coords of points on non-compact component with  17 <=x<= 33
[]
starting search of remaining points using coefficient bound 1 and |x| bound 8.47032972069697e47
x-coords of extra integral points:
[]
Total number of integral points: 0
