P1 = [1514244768140356270617697666426665486942885828733:15724259026424206465183946510784133082029964443114:13991421514346416263216368416002395061940984781]	  is generator number 1
saturating basis (reg=75.61495892)...Saturation index bound (for points of good reduction)  = 5
Tamagawa index primes are [ ]
Saturation primes are now[ 2 3 5 ]
Checking saturation at [ 2 3 5 ]
Checking 2-saturation 
Points were proved 2-saturated (max q used = 7)
Checking 3-saturation 
Points were proved 3-saturated (max q used = 23)
Checking 5-saturation 
Points were proved 5-saturated (max q used = 29)
done
Using mw_basis  [(628408621778117415320151145691753/5806412606163395036137961356921 : 15724259026424206465183946510784133082029964443114/13991421514346416263216368416002395061940984781 : 1)]
e1,e2,e3:  -8.32815233509397 - 14.4247829775561*I -8.32815233509397 + 14.4247829775561*I 16.6563046701879
Minimal and maximal eigenvalues of height pairing matrix: 75.6149589217399,75.6149589217399
x-coords of points on non-compact component with  17 <=x<= 33
[]
starting search of remaining points using coefficient bound 1 and |x| bound 6.90493204870675e32
x-coords of extra integral points:
[]
Total number of integral points: 0
