P1 = [1792299651645304291407204480799090090098423:7846065134351917379440609616593942485351797:68348875874051461174058449438026205266729]	  is generator number 1
saturating basis (reg=66.3247599)...Saturation index bound (for points of good reduction)  = 4
Tamagawa index primes are [ ]
Saturation primes are now[ 2 3 ]
Checking saturation at [ 2 3 ]
Checking 2-saturation 
Points were proved 2-saturated (max q used = 11)
Checking 3-saturation 
possible kernel vector = [1]
This point may be in 3E(Q): [1792299651645304291407204480799090090098423:7846065134351917379440609616593942485351797:68348875874051461174058449438026205266729]
...but it isn't! (this may be due to insufficient precision)Points were proved 3-saturated (max q used = 67)
done
Using mw_basis  [(43836260085883613528812376047/1671684250254842305682316081 : 7846065134351917379440609616593942485351797/68348875874051461174058449438026205266729 : 1)]
e1,e2,e3:  -8.46583750603172 - 14.6632606890691*I -8.46583750603172 + 14.6632606890691*I 16.9316750120634
Minimal and maximal eigenvalues of height pairing matrix: 66.3247598971778,66.3247598971778
x-coords of points on non-compact component with  17 <=x<= 33
[]
starting search of remaining points using coefficient bound 1 and |x| bound 6.37495666480998e28
x-coords of extra integral points:
[]
Total number of integral points: 0
