P1 = [2532976880557674012808492688904017904289402658:-8607824906951440510852696702932321657823701503:114966988987040830961555400305822295620782984]	  is generator number 1
saturating basis (reg=71.17181166)...Saturation index bound (for points of good reduction)  = 5
Tamagawa index primes are [ ]
Saturation primes are now[ 2 3 5 ]
Checking saturation at [ 2 3 5 ]
Checking 2-saturation 
Points were proved 2-saturated (max q used = 17)
Checking 3-saturation 
Points were proved 3-saturated (max q used = 41)
Checking 5-saturation 
Points were proved 5-saturated (max q used = 29)
done
Using mw_basis  [(5209229685270694653876588465857/236436998874473483668100975236 : -8607824906951440510852696702932321657823701503/114966988987040830961555400305822295620782984 : 1)]
e1,e2,e3:  -8.60031096766309 - 14.8961755568843*I -8.60031096766309 + 14.8961755568843*I 17.2006219353262
Minimal and maximal eigenvalues of height pairing matrix: 71.1718116609727,71.1718116609727
x-coords of points on non-compact component with  18 <=x<= 34
[]
starting search of remaining points using coefficient bound 1 and |x| bound 8.11942120248880e30
x-coords of extra integral points:
[]
Total number of integral points: 0
