P1 = [7002031031758825687248264764805864580500202937046672:-83956825726479187929765821536898958911754227982187223:48619437183044360781969423753775553654095043530752]	  is generator number 1
saturating basis (reg=81.31556281)...Saturation index bound (for points of good reduction)  = 5
Tamagawa index primes are [ ]
Saturation primes are now[ 2 3 5 ]
Checking saturation at [ 2 3 5 ]
Checking 2-saturation 
Points were proved 2-saturated (max q used = 23)
Checking 3-saturation 
Points were proved 3-saturated (max q used = 11)
Checking 5-saturation 
Points were proved 5-saturated (max q used = 31)
done
Using mw_basis  [(191846577298052379621539502101702449/1332109579551773773943852789117184 : -83956825726479187929765821536898958911754227982187223/48619437183044360781969423753775553654095043530752 : 1)]
e1,e2,e3:  -8.63733095855203 - 14.9602960619997*I -8.63733095855203 + 14.9602960619997*I 17.2746619171041
Minimal and maximal eigenvalues of height pairing matrix: 81.3155628149393,81.3155628149393
x-coords of points on non-compact component with  18 <=x<= 34
[]
starting search of remaining points using coefficient bound 1 and |x| bound 2.06490570131522e35
x-coords of extra integral points:
[]
Total number of integral points: 0
