P1 = [2718387478502386763878863115550674527968919842:33360013898238993460836292084294481349314559665:18022845938766199268662678911667337132034184]	  is generator number 1
saturating basis (reg=71.48673931)...Saturation index bound (for points of good reduction)  = 5
Tamagawa index primes are [ ]
Saturation primes are now[ 2 3 5 ]
Checking saturation at [ 2 3 5 ]
Checking 2-saturation 
Points were proved 2-saturated (max q used = 11)
Checking 3-saturation 
Points were proved 3-saturated (max q used = 23)
Checking 5-saturation 
Points were proved 5-saturated (max q used = 29)
done
Using mw_basis  [(10368204892311817106707667034593/68740957980959079429246978436 : 33360013898238993460836292084294481349314559665/18022845938766199268662678911667337132034184 : 1)]
e1,e2,e3:  -8.66072488851826 - 15.0008155372899*I -8.66072488851826 + 15.0008155372899*I 17.3214497770365
Minimal and maximal eigenvalues of height pairing matrix: 71.4867393095441,71.4867393095441
x-coords of points on non-compact component with  18 <=x<= 34
[]
starting search of remaining points using coefficient bound 1 and |x| bound 1.11249075702172e31
x-coords of extra integral points:
[]
Total number of integral points: 0
