P1 = [16425155808219951245334039950463412563954578781750:72074685963395942627544920220082203333920520713509:615452119032141503111458950502296853407320156376]	  is generator number 1
saturating basis (reg=77.02170724)...Saturation index bound (for points of good reduction)  = 5
Tamagawa index primes are [ ]
Saturation primes are now[ 2 3 5 ]
Checking saturation at [ 2 3 5 ]
Checking 2-saturation 
Points were proved 2-saturated (max q used = 11)
Checking 3-saturation 
Points were proved 3-saturated (max q used = 13)
Checking 5-saturation 
Points were proved 5-saturated (max q used = 59)
done
Using mw_basis  [(1930981327415864358690655886703625/72354050314386935077312307619876 : 72074685963395942627544920220082203333920520713509/615452119032141503111458950502296853407320156376 : 1)]
e1,e2,e3:  -8.71427611624082 - 15.0935689845131*I -8.71427611624082 + 15.0935689845131*I 17.4285522324816
Minimal and maximal eigenvalues of height pairing matrix: 77.0217072430313,77.0217072430313
x-coords of points on non-compact component with  18 <=x<= 34
[]
starting search of remaining points using coefficient bound 1 and |x| bound 2.81904781655372e33
x-coords of extra integral points:
[]
Total number of integral points: 0
