P1 = [733577096249974649696344880080473422825962731:2326764476875581716267204310321387182713193036:34019035029020211360950793552450735510047223]	  is generator number 1
saturating basis (reg=70.35360293)...Saturation index bound (for points of good reduction)  = 5
Tamagawa index primes are [ ]
Saturation primes are now[ 2 3 5 ]
Checking saturation at [ 2 3 5 ]
Checking 2-saturation 
Points were proved 2-saturated (max q used = 7)
Checking 3-saturation 
Points were proved 3-saturated (max q used = 29)
Checking 5-saturation 
Points were proved 5-saturated (max q used = 59)
done
Using mw_basis  [(2263975728183386540790933134173/104990013995307897845748177009 : 2326764476875581716267204310321387182713193036/34019035029020211360950793552450735510047223 : 1)]
e1,e2,e3:  -8.74435009411764 - 15.1456586421814*I -8.74435009411764 + 15.1456586421814*I 17.4887001882353
Minimal and maximal eigenvalues of height pairing matrix: 70.3536029297014,70.3536029297014
x-coords of points on non-compact component with  18 <=x<= 34
[]
starting search of remaining points using coefficient bound 1 and |x| bound 3.58246152114691e30
x-coords of extra integral points:
[]
Total number of integral points: 0
