P1 = [19:37:1]	  is generator number 1
P2 = [6001379567003810903136:20853779552535288029669:264205902166611296256]	  is generator number 2
saturating basis (reg=118.283582)...Saturation index bound (for points of good reduction)  = 4
Tamagawa index primes are [ ]
Saturation primes are now[ 2 3 ]
Checking saturation at [ 2 3 ]
Checking 2-saturation 
Points were proved 2-saturated (max q used = 17)
Checking 3-saturation 
Points were proved 3-saturated (max q used = 17)
done
Using mw_basis  [(19 : 37 : 1), (935269826747401/41174500893696 : 20853779552535288029669/264205902166611296256 : 1)]
e1,e2,e3:  -8.82051858058149 - 15.2775863306725*I -8.82051858058149 + 15.2775863306725*I 17.6410371611630
Minimal and maximal eigenvalues of height pairing matrix: 3.38013011250484,34.9937955267642
x-coords of points on non-compact component with  18 <=x<= 35
[19]
starting search of remaining points using coefficient bound 2 and |x| bound 6.17233078432463e60
x-coords of extra integral points:
[19]
Total number of integral points: 2
