P1 = [27:119:1]	  is generator number 1
P2 = [1313115109203625247869116:3499378871283158184600307:64408347009986753060288]	  is generator number 2
saturating basis (reg=141.3783537)...Saturation index bound (for points of good reduction)  = 4
Tamagawa index primes are [ ]
Saturation primes are now[ 2 3 ]
Checking saturation at [ 2 3 ]
Checking 2-saturation 
Points were proved 2-saturated (max q used = 7)
Checking 3-saturation 
Points were proved 3-saturated (max q used = 37)
done
Using mw_basis  [(27 : 119 : 1), (32758354673966073/1606798566651664 : 3499378871283158184600307/64408347009986753060288 : 1)]
e1,e2,e3:  -8.83762301043746 - 15.3072120722175*I -8.83762301043746 + 15.3072120722175*I 17.6752460208749
Minimal and maximal eigenvalues of height pairing matrix: 3.67035665920606,38.5189688165811
x-coords of points on non-compact component with  18 <=x<= 35
[27]
starting search of remaining points using coefficient bound 2 and |x| bound 8.20922998123903e66
x-coords of extra integral points:
[27]
Total number of integral points: 2
