P1 = [1190172546000357739618083724524153772723714233:-1056881245797168222388706582862019408053380290:66017889133255406556757495275055991214726159]	  is generator number 1
saturating basis (reg=70.70004994)...Saturation index bound (for points of good reduction)  = 5
Tamagawa index primes are [ ]
Saturation primes are now[ 2 3 5 ]
Checking saturation at [ 2 3 5 ]
Checking 2-saturation 
Points were proved 2-saturated (max q used = 17)
Checking 3-saturation 
Points were proved 3-saturated (max q used = 23)
Checking 5-saturation 
Points were proved 5-saturated (max q used = 29)
done
Using mw_basis  [(2944801665495958518449861187607/163345718673701978796353440161 : -1056881245797168222388706582862019408053380290/66017889133255406556757495275055991214726159 : 1)]
e1,e2,e3:  -8.88062527723784 - 15.3816941831564*I -8.88062527723784 + 15.3816941831564*I 17.7612505544757
Minimal and maximal eigenvalues of height pairing matrix: 70.7000499426972,70.7000499426972
x-coords of points on non-compact component with  18 <=x<= 35
[]
starting search of remaining points using coefficient bound 1 and |x| bound 5.06572442366310e30
x-coords of extra integral points:
[]
Total number of integral points: 0
