P1 = [30514142833008077043453823601790156961948142516285878842258727642488:109840994810448051676046944838980095552377830243882313445304905050149:1309880669356007986448840942913014082921483609006893404890917064192]	  is generator number 1
saturating basis (reg=105.0767633)...Saturation index bound (for points of good reduction)  = 6
Tamagawa index primes are [ ]
Saturation primes are now[ 2 3 5 ]
Checking saturation at [ 2 3 5 ]
Checking 2-saturation 
Points were proved 2-saturated (max q used = 23)
Checking 3-saturation 
Points were proved 3-saturated (max q used = 23)
Checking 5-saturation 
Points were proved 5-saturated (max q used = 29)
done
Using mw_basis  [(2788842129270008958910997348468450400126796681/119716631563539058015661242144383165190231104 : 109840994810448051676046944838980095552377830243882313445304905050149/1309880669356007986448840942913014082921483609006893404890917064192 : 1)]
e1,e2,e3:  -8.88432201749239 - 15.3880971250996*I -8.88432201749239 + 15.3880971250996*I 17.7686440349848
Minimal and maximal eigenvalues of height pairing matrix: 105.076763275987,105.076763275987
x-coords of points on non-compact component with  18 <=x<= 35
[]
starting search of remaining points using coefficient bound 1 and |x| bound 4.30782911347569e45
x-coords of extra integral points:
[]
Total number of integral points: 0
