P1 = [169450934786891011634733989275606252725548027373:820376978066229211715441941010551696234903961044:5686849366499507326191950287010374977860335337]	  is generator number 1
saturating basis (reg=73.97969205)...Saturation index bound (for points of good reduction)  = 5
Tamagawa index primes are [ ]
Saturation primes are now[ 2 3 5 ]
Checking saturation at [ 2 3 5 ]
Checking 2-saturation 
Points were proved 2-saturated (max q used = 11)
Checking 3-saturation 
Points were proved 3-saturated (max q used = 13)
Checking 5-saturation 
Points were proved 5-saturated (max q used = 29)
done
Using mw_basis  [(94933624166881798162544938618581/3186015002702124405470700282289 : 820376978066229211715441941010551696234903961044/5686849366499507326191950287010374977860335337 : 1)]
e1,e2,e3:  -8.90275973836477 - 15.4200321944264*I -8.90275973836477 + 15.4200321944264*I 17.8055194767295
Minimal and maximal eigenvalues of height pairing matrix: 73.9796920499044,73.9796920499044
x-coords of points on non-compact component with  18 <=x<= 35
[]
starting search of remaining points using coefficient bound 1 and |x| bound 1.34577367953551e32
x-coords of extra integral points:
[]
Total number of integral points: 0
