P1 = [5593517311196700839987422406181113373919083421069718643511913151:8093273293096117366252743188606758656697186210430697533265534190:297878800907043125740028228448389502407758314876071618547571713]	  is generator number 1
saturating basis (reg=99.36521245)...Saturation index bound (for points of good reduction)  = 5
Tamagawa index primes are [ ]
Saturation primes are now[ 2 3 5 ]
Checking saturation at [ 2 3 5 ]
Checking 2-saturation 
Points were proved 2-saturated (max q used = 19)
Checking 3-saturation 
Points were proved 3-saturated (max q used = 17)
Checking 5-saturation 
Points were proved 5-saturated (max q used = 29)
done
Using mw_basis  [(8375391576610694974585539153796321530240703/446025543708201038592975731759204400293889 : 8093273293096117366252743188606758656697186210430697533265534190/297878800907043125740028228448389502407758314876071618547571713 : 1)]
e1,e2,e3:  -9.02615846476601 - 15.6337650581426*I -9.02615846476601 + 15.6337650581426*I 18.0523169295320
Minimal and maximal eigenvalues of height pairing matrix: 99.3652124528920,99.3652124528920
x-coords of points on non-compact component with  19 <=x<= 36
[]
starting search of remaining points using coefficient bound 1 and |x| bound 1.42483134759010e43
x-coords of extra integral points:
[]
Total number of integral points: 0
