P1 = [398249051397426833022636792198347558419336963730759343488:-4508702563361966203668104486409630732608628732635143979215:3098156856765288610588701921742329029745363297035616256]	  is generator number 1
saturating basis (reg=88.5904763)...Saturation index bound (for points of good reduction)  = 5
Tamagawa index primes are [ ]
Saturation primes are now[ 2 3 5 ]
Checking saturation at [ 2 3 5 ]
Checking 2-saturation 
Points were proved 2-saturated (max q used = 23)
Checking 3-saturation 
Points were proved 3-saturated (max q used = 29)
Checking 5-saturation 
Points were proved 5-saturated (max q used = 29)
done
Using mw_basis  [(273182966069826396031971096921410259233/2125212041336654798573018081154973696 : -4508702563361966203668104486409630732608628732635143979215/3098156856765288610588701921742329029745363297035616256 : 1)]
e1,e2,e3:  -9.15672015702868 - 15.8599045426637*I -9.15672015702868 + 15.8599045426637*I 18.3134403140574
Minimal and maximal eigenvalues of height pairing matrix: 88.5904763031066,88.5904763031066
x-coords of points on non-compact component with  19 <=x<= 36
[]
starting search of remaining points using coefficient bound 1 and |x| bound 2.98095216915637e38
x-coords of extra integral points:
[]
Total number of integral points: 0
