P1 = [10474429251350042024764915133295064627556565153:18414693590355637658136946832846075627992891631:535903523788519924260868896033917420852919471]	  is generator number 1
saturating basis (reg=72.15771792)...Saturation index bound (for points of good reduction)  = 5
Tamagawa index primes are [ ]
Saturation primes are now[ 2 3 5 ]
Checking saturation at [ 2 3 5 ]
Checking 2-saturation 
Points were proved 2-saturated (max q used = 11)
Checking 3-saturation 
Points were proved 3-saturated (max q used = 17)
Checking 5-saturation 
Points were proved 5-saturated (max q used = 29)
done
Using mw_basis  [(12895400360638326374334442936783/659767737992894990019552934881 : 18414693590355637658136946832846075627992891631/535903523788519924260868896033917420852919471 : 1)]
e1,e2,e3:  -9.22772825399121 - 15.9828941743516*I -9.22772825399121 + 15.9828941743516*I 18.4554565079824
Minimal and maximal eigenvalues of height pairing matrix: 72.1577179169315,72.1577179169315
x-coords of points on non-compact component with  19 <=x<= 36
[]
starting search of remaining points using coefficient bound 1 and |x| bound 2.17619955949650e31
x-coords of extra integral points:
[]
Total number of integral points: 0
