P1 = [14714:1784827:1]	  is generator number 1
saturating basis (reg=9.135233227)...Saturation index bound (for points of good reduction)  = 5
Tamagawa index primes are [ 3 ]
Saturation primes are now[ 2 3 5 ]
Checking saturation at [ 2 3 5 ]
Checking 2-saturation 
Points were proved 2-saturated (max q used = 19)
Checking 3-saturation 
Points were proved 3-saturated (max q used = 7)
Checking 5-saturation 
Points were proved 5-saturated (max q used = 29)
done
Using mw_basis  [(14714 : 1784827 : 1)]
e1,e2,e3:  -9.29042449114218 - 16.0914872425405*I -9.29042449114218 + 16.0914872425405*I 18.5808489822844
Minimal and maximal eigenvalues of height pairing matrix: 9.13523322734860,9.13523322734860
x-coords of points on non-compact component with  19 <=x<= 37
[]
starting search of remaining points using coefficient bound 2 and |x| bound 1.17547173293266e16
x-coords of extra integral points:
[14714]
Total number of integral points: 2
