P1 = [387749173159292442835729211192924844117914556776597715:3071838228778893264704828153975718976874006535088912604:6028820123017027748455508803543769968156717972578375]	  is generator number 1
saturating basis (reg=83.8245793)...Saturation index bound (for points of good reduction)  = 5
Tamagawa index primes are [ ]
Saturation primes are now[ 2 3 5 ]
Checking saturation at [ 2 3 5 ]
Checking 2-saturation 
Points were proved 2-saturated (max q used = 11)
Checking 3-saturation 
Points were proved 3-saturated (max q used = 29)
Checking 5-saturation 
Points were proved 5-saturated (max q used = 89)
done
Using mw_basis  [(2130460263233533058911051846498052581/33124923521097820907494533566670225 : 3071838228778893264704828153975718976874006535088912604/6028820123017027748455508803543769968156717972578375 : 1)]
e1,e2,e3:  -9.29717800839022 - 16.1031846775439*I -9.29717800839022 + 16.1031846775439*I 18.5943560167804
Minimal and maximal eigenvalues of height pairing matrix: 83.8245793023979,83.8245793023979
x-coords of points on non-compact component with  19 <=x<= 37
[]
starting search of remaining points using coefficient bound 1 and |x| bound 2.53835429226875e36
x-coords of extra integral points:
[]
Total number of integral points: 0
