P1 = [27:115:1]	  is generator number 1
P2 = [219667187212614745187445:634665990131477299813907:10048408120519594591375]	  is generator number 2
saturating basis (reg=137.7033837)...Saturation index bound (for points of good reduction)  = 4
Tamagawa index primes are [ ]
Saturation primes are now[ 2 3 ]
Checking saturation at [ 2 3 ]
Checking 2-saturation 
Points were proved 2-saturated (max q used = 29)
Checking 3-saturation 
Points were proved 3-saturated (max q used = 13)
done
Using mw_basis  [(27 : 115 : 1), (10179648145510299/465655614693025 : 634665990131477299813907/10048408120519594591375 : 1)]
e1,e2,e3:  -9.31113631068334 - 16.1273611663030*I -9.31113631068334 + 16.1273611663030*I 18.6222726213667
Minimal and maximal eigenvalues of height pairing matrix: 3.68742406365220,37.3440595133253
x-coords of points on non-compact component with  19 <=x<= 37
[27]
starting search of remaining points using coefficient bound 2 and |x| bound 7.46923139550007e64
x-coords of extra integral points:
[27]
Total number of integral points: 2
