P1 = [877547714997830866714101068763090642006431872383:3290347282612893886354439032179867099416119551407:35505754600319200712564691911362423823387300433]	  is generator number 1
saturating basis (reg=75.09591975)...Saturation index bound (for points of good reduction)  = 5
Tamagawa index primes are [ ]
Saturation primes are now[ 2 3 5 ]
Checking saturation at [ 2 3 5 ]
Checking 2-saturation 
Points were proved 2-saturated (max q used = 29)
Checking 3-saturation 
Points were proved 3-saturated (max q used = 13)
Checking 5-saturation 
Points were proved 5-saturated (max q used = 29)
done
Using mw_basis  [(266995837486449703681936993380079/10802704540258556506807221429729 : 3290347282612893886354439032179867099416119551407/35505754600319200712564691911362423823387300433 : 1)]
e1,e2,e3:  -9.33606071086728 - 16.1705314937697*I -9.33606071086728 + 16.1705314937697*I 18.6721214217346
Minimal and maximal eigenvalues of height pairing matrix: 75.0959197526646,75.0959197526646
x-coords of points on non-compact component with  19 <=x<= 37
[]
starting search of remaining points using coefficient bound 1 and |x| bound 4.10907021089316e32
x-coords of extra integral points:
[]
Total number of integral points: 0
