P1 = [971967700624209062428874617970649572198232999:-249652169138387213447647223214869393404513938362:14732783666784966891417659090606718716291]	  is generator number 1
saturating basis (reg=72.75777292)...Saturation index bound (for points of good reduction)  = 5
Tamagawa index primes are [ ]
Saturation primes are now[ 2 3 5 ]
Checking saturation at [ 2 3 5 ]
Checking 2-saturation 
Points were proved 2-saturated (max q used = 23)
Checking 3-saturation 
Points were proved 3-saturated (max q used = 29)
Checking 5-saturation 
Points were proved 5-saturated (max q used = 29)
done
Using mw_basis  [(39648207953457524582169447394629/600975186910901132796711961 : -249652169138387213447647223214869393404513938362/14732783666784966891417659090606718716291 : 1)]
e1,e2,e3:  -9.35276210730966 - 16.1994591609653*I -9.35276210730966 + 16.1994591609653*I 18.7055242146193
Minimal and maximal eigenvalues of height pairing matrix: 72.7577729183704,72.7577729183704
x-coords of points on non-compact component with  19 <=x<= 37
[]
starting search of remaining points using coefficient bound 1 and |x| bound 3.96551223364085e31
x-coords of extra integral points:
[]
Total number of integral points: 0
