P1 = [37:210:1]	  is generator number 1
P2 = [21746653850500481264687:199818955170170230837740:254858313040478462951]	  is generator number 2
saturating basis (reg=118.4859366)...Saturation index bound (for points of good reduction)  = 8
Tamagawa index primes are [ 2 ]
Saturation primes are now[ 2 3 5 7 ]
Checking saturation at [ 2 3 5 7 ]
Checking 2-saturation 
Points were proved 2-saturated (max q used = 7)
Checking 3-saturation 
Points were proved 3-saturated (max q used = 17)
Checking 5-saturation 
Points were proved 5-saturated (max q used = 59)
Checking 7-saturation 
Points were proved 7-saturated (max q used = 41)
done
Using mw_basis  [(37 : 210 : 1), (3429989893064137/40197514702801 : 199818955170170230837740/254858313040478462951 : 1)]
e1,e2,e3:  -9.35657120495923 - 16.2060567116253*I -9.35657120495923 + 16.2060567116253*I 18.7131424099185
Minimal and maximal eigenvalues of height pairing matrix: 3.35027145488058,35.3660705438401
x-coords of points on non-compact component with  19 <=x<= 37
[37]
starting search of remaining points using coefficient bound 2 and |x| bound 4.73933886991342e61
x-coords of extra integral points:
[37]
Total number of integral points: 2
