P1 = [1359523301405737375134627750529492096556404074895425409039317:9833337002030932811798802073124557147513149903578562939603563:24931021186170362433317135057856099127947360144249424679147]	  is generator number 1
saturating basis (reg=93.84828328)...Saturation index bound (for points of good reduction)  = 5
Tamagawa index primes are [ ]
Saturation primes are now[ 2 3 5 ]
Checking saturation at [ 2 3 5 ]
Checking 2-saturation 
Points were proved 2-saturated (max q used = 13)
Checking 3-saturation 
Points were proved 3-saturated (max q used = 29)
Checking 5-saturation 
Points were proved 5-saturated (max q used = 31)
done
Using mw_basis  [(46537884020110360441024399317746311390359/853414554399497101501044653589971577769 : 9833337002030932811798802073124557147513149903578562939603563/24931021186170362433317135057856099127947360144249424679147 : 1)]
e1,e2,e3:  -9.37414807073359 - 16.2365007361843*I -9.37414807073359 + 16.2365007361843*I 18.7482961414672
Minimal and maximal eigenvalues of height pairing matrix: 93.8482832765390,93.8482832765390
x-coords of points on non-compact component with  19 <=x<= 37
[]
starting search of remaining points using coefficient bound 1 and |x| bound 5.72521187092423e40
x-coords of extra integral points:
[]
Total number of integral points: 0
