P1 = [1399695709272527501903382719169221595842492224307593152968121740703975:8065970344425257131148780343662826225244708878233203004521001485318724:37001395750017203617617704179857441128844889843769551323268546213797]	  is generator number 1
saturating basis (reg=107.6478123)...Saturation index bound (for points of good reduction)  = 6
Tamagawa index primes are [ ]
Saturation primes are now[ 2 3 5 ]
Checking saturation at [ 2 3 5 ]
Checking 2-saturation 
Points were proved 2-saturated (max q used = 17)
Checking 3-saturation 
Points were proved 3-saturated (max q used = 17)
Checking 5-saturation 
Points were proved 5-saturated (max q used = 59)
done
Using mw_basis  [(42004349404159384528804345034256440346171961075/1110398170994669149287850004217375655191288969 : 8065970344425257131148780343662826225244708878233203004521001485318724/37001395750017203617617704179857441128844889843769551323268546213797 : 1)]
e1,e2,e3:  -9.38409487772512 - 16.2537291112668*I -9.38409487772512 + 16.2537291112668*I 18.7681897554502
Minimal and maximal eigenvalues of height pairing matrix: 107.647812314020,107.647812314020
x-coords of points on non-compact component with  19 <=x<= 37
[]
starting search of remaining points using coefficient bound 1 and |x| bound 5.63444153607420e46
x-coords of extra integral points:
[]
Total number of integral points: 0
