P1 = [13747814986871854823682895137687568004343001684196323051610:-171905151067493549857695638864965641633528671557480122189397:87775318815810787126175774847304411881161692044506209000]	  is generator number 1
saturating basis (reg=91.0036864)...Saturation index bound (for points of good reduction)  = 5
Tamagawa index primes are [ ]
Saturation primes are now[ 2 3 5 ]
Checking saturation at [ 2 3 5 ]
Checking 2-saturation 
Points were proved 2-saturated (max q used = 7)
Checking 3-saturation 
Points were proved 3-saturated (max q used = 47)
Checking 5-saturation 
Points were proved 5-saturated (max q used = 29)
done
Using mw_basis  [(3093448382402718468264853084475566849769/19750659887767060273450450335009696100 : -171905151067493549857695638864965641633528671557480122189397/87775318815810787126175774847304411881161692044506209000 : 1)]
e1,e2,e3:  -9.39638083096787 - 16.2750090065026*I -9.39638083096787 + 16.2750090065026*I 18.7927616619357
Minimal and maximal eigenvalues of height pairing matrix: 91.0036864027312,91.0036864027312
x-coords of points on non-compact component with  19 <=x<= 37
[]
starting search of remaining points using coefficient bound 1 and |x| bound 3.32965193985491e39
x-coords of extra integral points:
[]
Total number of integral points: 0
