P1 = [112743214243108495853491425076664219138145607470398046820067501116:960074744207378926925640377646493452934010964097435460220227450683:1528979648348323798920116751234731027341113888177339725891682752]	  is generator number 1
saturating basis (reg=101.4471185)...Saturation index bound (for points of good reduction)  = 5
Tamagawa index primes are [ ]
Saturation primes are now[ 2 3 5 ]
Checking saturation at [ 2 3 5 ]
Checking 2-saturation 
Points were proved 2-saturated (max q used = 37)
Checking 3-saturation 
Points were proved 3-saturated (max q used = 11)
Checking 5-saturation 
Points were proved 5-saturated (max q used = 29)
done
Using mw_basis  [(97864048337185587366994693348820646618548297/1327194183854659314884910337792879498023184 : 960074744207378926925640377646493452934010964097435460220227450683/1528979648348323798920116751234731027341113888177339725891682752 : 1)]
e1,e2,e3:  -9.40062618433055 - 16.2823621742229*I -9.40062618433055 + 16.2823621742229*I 18.8012523686611
Minimal and maximal eigenvalues of height pairing matrix: 101.447118450484,101.447118450484
x-coords of points on non-compact component with  19 <=x<= 37
[]
starting search of remaining points using coefficient bound 1 and |x| bound 1.14267768965747e44
x-coords of extra integral points:
[]
Total number of integral points: 0
