P1 = [22:63:1]	  is generator number 1
saturating basis (reg=2.560662148)...Saturation index bound (for points of good reduction)  = 5
Tamagawa index primes are [ 2 3 ]
Saturation primes are now[ 2 3 5 ]
Checking saturation at [ 2 3 5 ]
Checking 2-saturation 
Points were proved 2-saturated (max q used = 7)
Checking 3-saturation 
Points were proved 3-saturated (max q used = 11)
Checking 5-saturation 
Points were proved 5-saturated (max q used = 29)
done
Using mw_basis  [(22 : 63 : 1)]
e1,e2,e3:  -9.41615976944424 - 16.3092671328635*I -9.41615976944424 + 16.3092671328635*I 18.8323195388885
Minimal and maximal eigenvalues of height pairing matrix: 2.56066214807855,2.56066214807855
x-coords of points on non-compact component with  19 <=x<= 37
[22]
starting search of remaining points using coefficient bound 3 and |x| bound 2.80530612214333e10
x-coords of extra integral points:
[22]
Total number of integral points: 2
