P1 = [928609682245017775432876098003327698898220122225486466215677420972915:2657074900406794164224414441785821858890373014338600673674662791703011:41965432011446968013459686469351143875867853727949156379755784159177]	  is generator number 1
saturating basis (reg=107.3834489)...Saturation index bound (for points of good reduction)  = 6
Tamagawa index primes are [ ]
Saturation primes are now[ 2 3 5 ]
Checking saturation at [ 2 3 5 ]
Checking 2-saturation 
Points were proved 2-saturated (max q used = 7)
Checking 3-saturation 
Points were proved 3-saturated (max q used = 11)
Checking 5-saturation 
Points were proved 5-saturated (max q used = 29)
done
Using mw_basis  [(26722021441755027981538651173451261087596368555/1207613053647347226482757846285620159738516209 : 2657074900406794164224414441785821858890373014338600673674662791703011/41965432011446968013459686469351143875867853727949156379755784159177 : 1)]
e1,e2,e3:  -9.48474004382289 - 16.4280516524843*I -9.48474004382289 + 16.4280516524843*I 18.9694800876458
Minimal and maximal eigenvalues of height pairing matrix: 107.383448903549,107.383448903549
x-coords of points on non-compact component with  19 <=x<= 37
[]
starting search of remaining points using coefficient bound 1 and |x| bound 4.32552978197024e46
x-coords of extra integral points:
[]
Total number of integral points: 0
