P1 = [14689688412141283733542343369435526964087355436:-98987912406299941964653370756282729681899316561:303750180243906277512341204156409678326437056]	  is generator number 1
saturating basis (reg=72.39789242)...Saturation index bound (for points of good reduction)  = 5
Tamagawa index primes are [ ]
Saturation primes are now[ 2 3 5 ]
Checking saturation at [ 2 3 5 ]
Checking 2-saturation 
Points were proved 2-saturated (max q used = 11)
Checking 3-saturation 
Points were proved 3-saturated (max q used = 11)
Checking 5-saturation 
Points were proved 5-saturated (max q used = 29)
done
Using mw_basis  [(21852798898721901359822179653601/451867420062794768585773738896 : -98987912406299941964653370756282729681899316561/303750180243906277512341204156409678326437056 : 1)]
e1,e2,e3:  -9.52119000377446 - 16.4911848350543*I -9.52119000377446 + 16.4911848350543*I 19.0423800075489
Minimal and maximal eigenvalues of height pairing matrix: 72.3978924221287,72.3978924221287
x-coords of points on non-compact component with  20 <=x<= 38
[]
starting search of remaining points using coefficient bound 1 and |x| bound 2.76697465026902e31
x-coords of extra integral points:
[]
Total number of integral points: 0
