P1 = [2574406223624201623742691069395305732753269849:-6008610070939901567353313268727068989789556800:121592699703455271966465442224354192251960001]	  is generator number 1
saturating basis (reg=71.23048703)...Saturation index bound (for points of good reduction)  = 5
Tamagawa index primes are [ ]
Saturation primes are now[ 2 3 5 ]
Checking saturation at [ 2 3 5 ]
Checking 2-saturation 
Points were proved 2-saturated (max q used = 11)
Checking 3-saturation 
Points were proved 3-saturated (max q used = 13)
Checking 5-saturation 
Points were proved 5-saturated (max q used = 29)
done
Using mw_basis  [(5196463840661753695421568589849/245436039386176890812434640001 : -6008610070939901567353313268727068989789556800/121592699703455271966465442224354192251960001 : 1)]
e1,e2,e3:  -9.58692157166057 - 16.6050352502942*I -9.58692157166057 + 16.6050352502942*I 19.1738431433211
Minimal and maximal eigenvalues of height pairing matrix: 71.2304870280298,71.2304870280298
x-coords of points on non-compact component with  20 <=x<= 38
[]
starting search of remaining points using coefficient bound 1 and |x| bound 8.61008540963277e30
x-coords of extra integral points:
[]
Total number of integral points: 0
