P1 = [369736763838202506988429946774274393477805867945582841569887:-6032593541305451475706617518751680633955697188856439766768202:1388375143573468172893714281810426647693758231003989900687]	  is generator number 1
saturating basis (reg=93.34595491)...Saturation index bound (for points of good reduction)  = 5
Tamagawa index primes are [ ]
Saturation primes are now[ 2 3 5 ]
Checking saturation at [ 2 3 5 ]
Checking 2-saturation 
Points were proved 2-saturated (max q used = 7)
Checking 3-saturation 
Points were proved 3-saturated (max q used = 17)
Checking 5-saturation 
Points were proved 5-saturated (max q used = 29)
done
Using mw_basis  [(33142888753707008431462278963782559841489/124452765946757723550809063982800509089 : -6032593541305451475706617518751680633955697188856439766768202/1388375143573468172893714281810426647693758231003989900687 : 1)]
e1,e2,e3:  -9.60321434608142 - 16.6332551633874*I -9.60321434608142 + 16.6332551633874*I 19.2064286921628
Minimal and maximal eigenvalues of height pairing matrix: 93.3459549094965,93.3459549094965
x-coords of points on non-compact component with  20 <=x<= 38
[]
starting search of remaining points using coefficient bound 1 and |x| bound 3.46444064547964e40
x-coords of extra integral points:
[]
Total number of integral points: 0
