P1 = [202386538732580552633534180159010950428199353455:-2577980178720314530509979981105709600825946098261:1245273140764888924626733983146089789145500125]	  is generator number 1
saturating basis (reg=74.38721679)...Saturation index bound (for points of good reduction)  = 5
Tamagawa index primes are [ ]
Saturation primes are now[ 2 3 5 ]
Checking saturation at [ 2 3 5 ]
Checking 2-saturation 
Points were proved 2-saturated (max q used = 11)
Checking 3-saturation 
Points were proved 3-saturated (max q used = 17)
Checking 5-saturation 
Points were proved 5-saturated (max q used = 29)
done
Using mw_basis  [(188116439149889251256581755762691/1157470009995179026341619400025 : -2577980178720314530509979981105709600825946098261/1245273140764888924626733983146089789145500125 : 1)]
e1,e2,e3:  -9.61990228735055 - 16.6621595255392*I -9.61990228735055 + 16.6621595255392*I 19.2398045747011
Minimal and maximal eigenvalues of height pairing matrix: 74.3872167938265,74.3872167938265
x-coords of points on non-compact component with  20 <=x<= 38
[]
starting search of remaining points using coefficient bound 1 and |x| bound 2.02282250942570e32
x-coords of extra integral points:
[]
Total number of integral points: 0
