P1 = [2532831615369829895415696790296713911118201465913:17192918097387458618314607429159880965886502116754:51630394665206356961718717222225394984594414191]	  is generator number 1
saturating basis (reg=75.8355729)...Saturation index bound (for points of good reduction)  = 5
Tamagawa index primes are [ ]
Saturation primes are now[ 2 3 5 ]
Checking saturation at [ 2 3 5 ]
Checking 2-saturation 
Points were proved 2-saturated (max q used = 19)
Checking 3-saturation 
Points were proved 3-saturated (max q used = 11)
Checking 5-saturation 
Points were proved 5-saturated (max q used = 29)
done
Using mw_basis  [(680201894041302101862874327464823/13865545592633251480272123102561 : 17192918097387458618314607429159880965886502116754/51630394665206356961718717222225394984594414191 : 1)]
e1,e2,e3:  -9.64191381457255 - 16.7002846090399*I -9.64191381457255 + 16.7002846090399*I 19.2838276291451
Minimal and maximal eigenvalues of height pairing matrix: 75.8355728955975,75.8355728955975
x-coords of points on non-compact component with  20 <=x<= 38
[]
starting search of remaining points using coefficient bound 1 and |x| bound 8.60935945143793e32
x-coords of extra integral points:
[]
Total number of integral points: 0
