P1 = [2812313437723432858658432220514166046990033764478:-1828306832358750137287729617262300938786623933809:144143437166019812914272127489299868885708392696]	  is generator number 1
saturating basis (reg=75.90832293)...Saturation index bound (for points of good reduction)  = 5
Tamagawa index primes are [ ]
Saturation primes are now[ 2 3 5 ]
Checking saturation at [ 2 3 5 ]
Checking 2-saturation 
Points were proved 2-saturated (max q used = 11)
Checking 3-saturation 
Points were proved 3-saturated (max q used = 11)
Checking 5-saturation 
Points were proved 5-saturated (max q used = 29)
done
Using mw_basis  [(536371175303023048625426669209633/27491382634626060483336857169156 : -1828306832358750137287729617262300938786623933809/144143437166019812914272127489299868885708392696 : 1)]
e1,e2,e3:  -9.68430522471487 - 16.7737086852109*I -9.68430522471487 + 16.7737086852109*I 19.3686104494297
Minimal and maximal eigenvalues of height pairing matrix: 75.9083229328677,75.9083229328677
x-coords of points on non-compact component with  20 <=x<= 38
[]
starting search of remaining points using coefficient bound 1 and |x| bound 9.25903616194963e32
x-coords of extra integral points:
[]
Total number of integral points: 0
