P1 = [8169530140188402649546813378704219567127582472962745758427733125720619733233:-11102546074544548368664684599551401577404717041573939878410384242505241628396986:4423296684551231744797679565522904616644413217494317748340084470846777]	  is generator number 1
saturating basis (reg=121.3392143)...Saturation index bound (for points of good reduction)  = 6
Tamagawa index primes are [ ]
Saturation primes are now[ 2 3 5 ]
Checking saturation at [ 2 3 5 ]
Checking 2-saturation 
Points were proved 2-saturated (max q used = 7)
Checking 3-saturation 
Points were proved 3-saturated (max q used = 11)
Checking 5-saturation 
Points were proved 5-saturated (max q used = 29)
done
Using mw_basis  [(49767793853829496168364984255047234929742727976545161/26946190756815843660002611805688344946164709009 : -11102546074544548368664684599551401577404717041573939878410384242505241628396986/4423296684551231744797679565522904616644413217494317748340084470846777 : 1)]
e1,e2,e3:  -9.72809018398944 - 16.8495464592818*I -9.72809018398944 + 16.8495464592818*I 19.4561803679789
Minimal and maximal eigenvalues of height pairing matrix: 121.339214286575,121.339214286575
x-coords of points on non-compact component with  20 <=x<= 38
[]
starting search of remaining points using coefficient bound 1 and |x| bound 4.97681162913079e52
x-coords of extra integral points:
[]
Total number of integral points: 0
