P1 = [4741543348231960377454982528850041062747548711922459932:5279028141592409788715136237064291399135098146560199623:238066127893900156427897500288548432812051712626987456]	  is generator number 1
saturating basis (reg=85.46731265)...Saturation index bound (for points of good reduction)  = 5
Tamagawa index primes are [ ]
Saturation primes are now[ 2 3 5 ]
Checking saturation at [ 2 3 5 ]
Checking 2-saturation 
Points were proved 2-saturated (max q used = 13)
Checking 3-saturation 
Points were proved 3-saturated (max q used = 37)
Checking 5-saturation 
Points were proved 5-saturated (max q used = 29)
done
Using mw_basis  [(7650453665857318761442727855713697937/384118365498331304034924621709236496 : 5279028141592409788715136237064291399135098146560199623/238066127893900156427897500288548432812051712626987456 : 1)]
e1,e2,e3:  -9.74742425933717 - 16.8830340601014*I -9.74742425933717 + 16.8830340601014*I 19.4948485186743
Minimal and maximal eigenvalues of height pairing matrix: 85.4673126500684,85.4673126500684
x-coords of points on non-compact component with  20 <=x<= 38
[]
starting search of remaining points using coefficient bound 1 and |x| bound 1.31214632078069e37
x-coords of extra integral points:
[]
Total number of integral points: 0
