P1 = [4992175105415938560077321969395344922579214619380:140886048680503639183106363522302465303716175451441:6267972274388635606722694799671923467395912000]	  is generator number 1
saturating basis (reg=76.99642755)...Saturation index bound (for points of good reduction)  = 5
Tamagawa index primes are [ ]
Saturation primes are now[ 2 3 5 ]
Checking saturation at [ 2 3 5 ]
Checking 2-saturation 
Points were proved 2-saturated (max q used = 11)
Checking 3-saturation 
Points were proved 3-saturated (max q used = 29)
Checking 5-saturation 
Points were proved 5-saturated (max q used = 29)
done
Using mw_basis  [(2707576823849667644447946904886561/3399523475099130482527006176400 : 140886048680503639183106363522302465303716175451441/6267972274388635606722694799671923467395912000 : 1)]
e1,e2,e3:  -9.75618717524392 - 16.8982118756744*I -9.75618717524392 + 16.8982118756744*I 19.5123743504878
Minimal and maximal eigenvalues of height pairing matrix: 76.9964275515120,76.9964275515120
x-coords of points on non-compact component with  20 <=x<= 39
[]
starting search of remaining points using coefficient bound 1 and |x| bound 2.74867638897037e33
x-coords of extra integral points:
[]
Total number of integral points: 0
