P1 = [155476069591006126510095472871990950189806533137127:-1473062281415469532721419665060676563043578079143284:1714659330117956270735732787967148538615318581263]	  is generator number 1
saturating basis (reg=78.68088741)...Saturation index bound (for points of good reduction)  = 5
Tamagawa index primes are [ ]
Saturation primes are now[ 2 3 5 ]
Checking saturation at [ 2 3 5 ]
Checking 2-saturation 
Points were proved 2-saturated (max q used = 23)
Checking 3-saturation 
Points were proved 3-saturated (max q used = 37)
Checking 5-saturation 
Points were proved 5-saturated (max q used = 59)
done
Using mw_basis  [(12989854031445767596274451579140681/143257894738916637230366442115489 : -1473062281415469532721419665060676563043578079143284/1714659330117956270735732787967148538615318581263 : 1)]
e1,e2,e3:  -9.77192087352747 - 16.9254634404924*I -9.77192087352747 + 16.9254634404924*I 19.5438417470549
Minimal and maximal eigenvalues of height pairing matrix: 78.6808874117770,78.6808874117770
x-coords of points on non-compact component with  20 <=x<= 39
[]
starting search of remaining points using coefficient bound 1 and |x| bound 1.48140987116762e34
x-coords of extra integral points:
[]
Total number of integral points: 0
