P1 = [5370931754437568300082974873197691803611005274480:59493101947863147705814329673623339108457746886619:43596071502450282394376910505104400897807872000]	  is generator number 1
saturating basis (reg=76.50564324)...Saturation index bound (for points of good reduction)  = 5
Tamagawa index primes are [ ]
Saturation primes are now[ 2 3 5 ]
Checking saturation at [ 2 3 5 ]
Checking 2-saturation 
Points were proved 2-saturated (max q used = 11)
Checking 3-saturation 
Points were proved 3-saturated (max q used = 11)
Checking 5-saturation 
Points were proved 5-saturated (max q used = 89)
done
Using mw_basis  [(1526044443813356943622615937725321/12386964819174266995125164294400 : 59493101947863147705814329673623339108457746886619/43596071502450282394376910505104400897807872000 : 1)]
e1,e2,e3:  -9.82961332683020 - 17.0253897008260*I -9.82961332683020 + 17.0253897008260*I 19.6592266536604
Minimal and maximal eigenvalues of height pairing matrix: 76.5056432421653,76.5056432421653
x-coords of points on non-compact component with  20 <=x<= 39
[]
starting search of remaining points using coefficient bound 1 and |x| bound 1.68259151505194e33
x-coords of extra integral points:
[]
Total number of integral points: 0
