P1 = [11676769957369612700445072435056844055498791666:-16613007935634799055077132219869477617600052469:573072860086266440540697186031106900108417928]	  is generator number 1
saturating basis (reg=72.25411635)...Saturation index bound (for points of good reduction)  = 5
Tamagawa index primes are [ ]
Saturation primes are now[ 2 3 5 ]
Checking saturation at [ 2 3 5 ]
Checking 2-saturation 
Points were proved 2-saturated (max q used = 13)
Checking 3-saturation 
Points were proved 3-saturated (max q used = 43)
Checking 5-saturation 
Points were proved 5-saturated (max q used = 29)
done
Using mw_basis  [(14057867442320105322500753111593/689932432624439531806533991044 : -16613007935634799055077132219869477617600052469/573072860086266440540697186031106900108417928 : 1)]
e1,e2,e3:  -9.83866097076621 - 17.0410606798120*I -9.83866097076621 + 17.0410606798120*I 19.6773219415324
Minimal and maximal eigenvalues of height pairing matrix: 72.2541163483895,72.2541163483895
x-coords of points on non-compact component with  20 <=x<= 39
[]
starting search of remaining points using coefficient bound 1 and |x| bound 2.39642601149708e31
x-coords of extra integral points:
[]
Total number of integral points: 0
