P1 = [831668992414570054344496617885402481343990823503782211465375:-60857124572026930696256963044438433195160920535828101720257:42197011008111972127361884651003183728132992104205728515625]	  is generator number 1
saturating basis (reg=93.52348259)...Saturation index bound (for points of good reduction)  = 5
Tamagawa index primes are [ ]
Saturation primes are now[ 2 3 5 ]
Checking saturation at [ 2 3 5 ]
Checking 2-saturation 
Points were proved 2-saturated (max q used = 17)
Checking 3-saturation 
Points were proved 3-saturated (max q used = 13)
Checking 5-saturation 
Points were proved 5-saturated (max q used = 29)
done
Using mw_basis  [(23888558645708376352553554950095467056599/1212051647151472090003995162164867640625 : -60857124572026930696256963044438433195160920535828101720257/42197011008111972127361884651003183728132992104205728515625 : 1)]
e1,e2,e3:  -9.85370350397460 - 17.0671151116035*I -9.85370350397460 + 17.0671151116035*I 19.7074070079492
Minimal and maximal eigenvalues of height pairing matrix: 93.5234825856904,93.5234825856904
x-coords of points on non-compact component with  20 <=x<= 39
[]
starting search of remaining points using coefficient bound 1 and |x| bound 4.13744673096304e40
x-coords of extra integral points:
[]
Total number of integral points: 0
