P1 = [4356288681130507747640465669102105067920317173150564:-38505869794673760865471994717160142927290030489777949:54898551426242494429195281806471067050720556843072]	  is generator number 1
saturating basis (reg=80.87818761)...Saturation index bound (for points of good reduction)  = 5
Tamagawa index primes are [ ]
Saturation primes are now[ 2 3 5 ]
Checking saturation at [ 2 3 5 ]
Checking 2-saturation 
Points were proved 2-saturated (max q used = 17)
Checking 3-saturation 
Points were proved 3-saturated (max q used = 23)
Checking 5-saturation 
Points were proved 5-saturated (max q used = 149)
done
Using mw_basis  [(114620691272813547824059580037966553/1444465776937225169844294402326544 : -38505869794673760865471994717160142927290030489777949/54898551426242494429195281806471067050720556843072 : 1)]
e1,e2,e3:  -9.86870024941085 - 17.0930902366472*I -9.86870024941085 + 17.0930902366472*I 19.7374004988217
Minimal and maximal eigenvalues of height pairing matrix: 80.8781876071018,80.8781876071018
x-coords of points on non-compact component with  20 <=x<= 39
[]
starting search of remaining points using coefficient bound 1 and |x| bound 1.33336970697404e35
x-coords of extra integral points:
[]
Total number of integral points: 0
