P1 = [67563781002795416028555125224146349148436654416:1224034588987855940304333086679437994023903252795:205806799702350946424071145492634365727035392]	  is generator number 1
saturating basis (reg=73.8545573)...Saturation index bound (for points of good reduction)  = 5
Tamagawa index primes are [ ]
Saturation primes are now[ 2 3 5 ]
Checking saturation at [ 2 3 5 ]
Checking 2-saturation 
Points were proved 2-saturated (max q used = 11)
Checking 3-saturation 
Points were proved 3-saturated (max q used = 11)
Checking 5-saturation 
Points were proved 5-saturated (max q used = 59)
done
Using mw_basis  [(114435482672761036043706741996617/348583221834496618153837160704 : 1224034588987855940304333086679437994023903252795/205806799702350946424071145492634365727035392 : 1)]
e1,e2,e3:  -9.88066491178772 - 17.1138136397794*I -9.88066491178772 + 17.1138136397794*I 19.7613298235754
Minimal and maximal eigenvalues of height pairing matrix: 73.8545573039117,73.8545573039117
x-coords of points on non-compact component with  20 <=x<= 39
[]
starting search of remaining points using coefficient bound 1 and |x| bound 1.18748108467171e32
x-coords of extra integral points:
[]
Total number of integral points: 0
