P1 = [1316:1979:64]	  is generator number 1
P2 = [1299760420811131389702917269:16308605215272928195076831551:8239471317722601786472343]	  is generator number 2
saturating basis (reg=273.5477633)...Saturation index bound (for points of good reduction)  = 6
Tamagawa index primes are [ ]
Saturation primes are now[ 2 3 5 ]
Checking saturation at [ 2 3 5 ]
Checking 2-saturation 
Points were proved 2-saturated (max q used = 17)
Checking 3-saturation 
Points were proved 3-saturated (max q used = 13)
Checking 5-saturation 
Points were proved 5-saturated (max q used = 59)
done
Using mw_basis  [(329/16 : 1979/64 : 1), (6435221886583446467/40794307403664049 : 16308605215272928195076831551/8239471317722601786472343 : 1)]
e1,e2,e3:  -9.88961942916683 - 17.1293233188373*I -9.88961942916683 + 17.1293233188373*I 19.7792388583337
Minimal and maximal eigenvalues of height pairing matrix: 6.30126219870069,43.4115824272120
x-coords of points on non-compact component with  20 <=x<= 39
[]
starting search of remaining points using coefficient bound 2 and |x| bound 2.59204654186282e75
x-coords of extra integral points:
[]
Total number of integral points: 0
