P1 = [127985455131339250661510846747781448174286781397488135:2354052011735846667073718530484624101642527720933954989:378234749075890101194933026207103409709122088421625]	  is generator number 1
saturating basis (reg=83.50002937)...Saturation index bound (for points of good reduction)  = 5
Tamagawa index primes are [ ]
Saturation primes are now[ 2 3 5 ]
Checking saturation at [ 2 3 5 ]
Checking 2-saturation 
Points were proved 2-saturated (max q used = 11)
Checking 3-saturation 
Points were proved 3-saturated (max q used = 11)
Checking 5-saturation 
Points were proved 5-saturated (max q used = 29)
done
Using mw_basis  [(1769729167138411696755007160344862191/5230071391924711010645360435070225 : 2354052011735846667073718530484624101642527720933954989/378234749075890101194933026207103409709122088421625 : 1)]
e1,e2,e3:  -9.94890605213390 - 17.2320107620254*I -9.94890605213390 + 17.2320107620254*I 19.8978121042678
Minimal and maximal eigenvalues of height pairing matrix: 83.5000293737697,83.5000293737697
x-coords of points on non-compact component with  20 <=x<= 39
[]
starting search of remaining points using coefficient bound 1 and |x| bound 1.83485603976365e36
x-coords of extra integral points:
[]
Total number of integral points: 0
