P1 = [6404033529914120339862427425348109833500494811772920965225775:-25609822041771049814892887995285392022618610659580783294142062:238041519067181664508324176817815757026284901472492727171875]	  is generator number 1
saturating basis (reg=94.86216091)...Saturation index bound (for points of good reduction)  = 5
Tamagawa index primes are [ ]
Saturation primes are now[ 2 3 5 ]
Checking saturation at [ 2 3 5 ]
Checking 2-saturation 
Points were proved 2-saturated (max q used = 17)
Checking 3-saturation 
Points were proved 3-saturated (max q used = 17)
Checking 5-saturation 
Points were proved 5-saturated (max q used = 29)
done
Using mw_basis  [(103332283330934183956227922122503273782589/3840918942394395059167130633268197025625 : -25609822041771049814892887995285392022618610659580783294142062/238041519067181664508324176817815757026284901472492727171875 : 1)]
e1,e2,e3:  -9.95689782046237 - 17.2458529108126*I -9.95689782046237 + 17.2458529108126*I 19.9137956409247
Minimal and maximal eigenvalues of height pairing matrix: 94.8621609090075,94.8621609090075
x-coords of points on non-compact component with  20 <=x<= 39
[]
starting search of remaining points using coefficient bound 1 and |x| bound 1.57802189305230e41
x-coords of extra integral points:
[]
Total number of integral points: 0
