P1 = [696971793781241197249357737733849869654195524660362608845707007006224118:2390047508063301126770382344695936751703026382114575661401665649622076433:28150150832075955331459903893418198214687126982200365858063780675690264]	  is generator number 1
saturating basis (reg=111.8099459)...Saturation index bound (for points of good reduction)  = 6
Tamagawa index primes are [ ]
Saturation primes are now[ 2 3 5 ]
Checking saturation at [ 2 3 5 ]
Checking 2-saturation 
Points were proved 2-saturated (max q used = 11)
Checking 3-saturation 
Points were proved 3-saturated (max q used = 17)
Checking 5-saturation 
Points were proved 5-saturated (max q used = 59)
done
Using mw_basis  [(2291157583928969147760088047142360067139443658017/92538079938280437635007977166081647057080271716 : 2390047508063301126770382344695936751703026382114575661401665649622076433/28150150832075955331459903893418198214687126982200365858063780675690264 : 1)]
e1,e2,e3:  -9.98706661329550 - 17.2981067928026*I -9.98706661329550 + 17.2981067928026*I 19.9741332265910
Minimal and maximal eigenvalues of height pairing matrix: 111.809945868939,111.809945868939
x-coords of points on non-compact component with  20 <=x<= 39
[]
starting search of remaining points using coefficient bound 1 and |x| bound 3.61778299254435e48
x-coords of extra integral points:
[]
Total number of integral points: 0
