P1 = [163257967794942823350843167591170263723682706781819906544495860471:7906147021158886535222924627417861843260600138221560881980289192610:69613442965092207264018853810393398754879510494214503071409303]	  is generator number 1
saturating basis (reg=102.6974364)...Saturation index bound (for points of good reduction)  = 5
Tamagawa index primes are [ ]
Saturation primes are now[ 2 3 5 ]
Checking saturation at [ 2 3 5 ]
Checking 2-saturation 
Points were proved 2-saturated (max q used = 7)
Checking 3-saturation 
Points were proved 3-saturated (max q used = 17)
Checking 5-saturation 
Points were proved 5-saturated (max q used = 29)
done
Using mw_basis  [(396865501328144997970484339407278624711185233/169224046548344596901257082277809694293169 : 7906147021158886535222924627417861843260600138221560881980289192610/69613442965092207264018853810393398754879510494214503071409303 : 1)]
e1,e2,e3:  -10.0386008060570 - 17.3873666329926*I -10.0386008060570 + 17.3873666329926*I 20.0772016121140
Minimal and maximal eigenvalues of height pairing matrix: 102.697436411960,102.697436411960
x-coords of points on non-compact component with  21 <=x<= 40
[]
starting search of remaining points using coefficient bound 1 and |x| bound 3.98960536590599e44
x-coords of extra integral points:
[]
Total number of integral points: 0
