P1 = [28:117:1]	  is generator number 1
saturating basis (reg=2.734920542)...Saturation index bound (for points of good reduction)  = 5
Tamagawa index primes are [ 2 3 ]
Saturation primes are now[ 2 3 5 ]
Checking saturation at [ 2 3 5 ]
Checking 2-saturation 
Points were proved 2-saturated (max q used = 11)
Checking 3-saturation 
Points were proved 3-saturated (max q used = 7)
Checking 5-saturation 
Points were proved 5-saturated (max q used = 29)
done
Using mw_basis  [(28 : 117 : 1)]
e1,e2,e3:  -10.1084039454615 - 17.5082692169691*I -10.1084039454615 + 17.5082692169691*I 20.2168078909231
Minimal and maximal eigenvalues of height pairing matrix: 2.73492054157421,2.73492054157421
x-coords of points on non-compact component with  21 <=x<= 40
[28]
starting search of remaining points using coefficient bound 3 and |x| bound 1.34615598986893e11
x-coords of extra integral points:
[28]
Total number of integral points: 2
