P1 = [61146961720823397449252989111763003231552697685020:3052939475584254650392105217650709586660827761933897:24529462090886068292941249520512946019966003648]	  is generator number 1
saturating basis (reg=79.03696931)...Saturation index bound (for points of good reduction)  = 5
Tamagawa index primes are [ ]
Saturation primes are now[ 2 3 5 ]
Checking saturation at [ 2 3 5 ]
Checking 2-saturation 
Points were proved 2-saturated (max q used = 11)
Checking 3-saturation 
Points were proved 3-saturated (max q used = 31)
Checking 5-saturation 
Points were proved 5-saturated (max q used = 59)
done
Using mw_basis  [(21044835776608606815544215944972785/8442259220468302879617709683984 : 3052939475584254650392105217650709586660827761933897/24529462090886068292941249520512946019966003648 : 1)]
e1,e2,e3:  -10.1453763308310 - 17.5723072669060*I -10.1453763308310 + 17.5723072669060*I 20.2907526616620
Minimal and maximal eigenvalues of height pairing matrix: 79.0369693066842,79.0369693066842
x-coords of points on non-compact component with  21 <=x<= 40
[]
starting search of remaining points using coefficient bound 1 and |x| bound 2.11504511848266e34
x-coords of extra integral points:
[]
Total number of integral points: 0
