P1 = [320947051092901989635591177523763274602881709955162177995210470478574186959245:-162608862356173363733694191219195852784435208367008500060099029062117903609856:15711474267518769067007924795748190854018757581756504904896219851633264726125]	  is generator number 1
saturating basis (reg=120.5297631)...Saturation index bound (for points of good reduction)  = 6
Tamagawa index primes are [ ]
Saturation primes are now[ 2 3 5 ]
Checking saturation at [ 2 3 5 ]
Checking 2-saturation 
Points were proved 2-saturated (max q used = 17)
Checking 3-saturation 
Points were proved 3-saturated (max q used = 17)
Checking 5-saturation 
Points were proved 5-saturated (max q used = 29)
done
Using mw_basis  [(12814285925642095091367277624391093765095489632437721/627303858663826548317619410073675176670965381364025 : -162608862356173363733694191219195852784435208367008500060099029062117903609856/15711474267518769067007924795748190854018757581756504904896219851633264726125 : 1)]
e1,e2,e3:  -10.1708155899193 - 17.6163693561538*I -10.1708155899193 + 17.6163693561538*I 20.3416311798385
Minimal and maximal eigenvalues of height pairing matrix: 120.529763075471,120.529763075471
x-coords of points on non-compact component with  21 <=x<= 40
[]
starting search of remaining points using coefficient bound 1 and |x| bound 2.21519013552818e52
x-coords of extra integral points:
[]
Total number of integral points: 0
