P1 = [798559234168023586983954806479533813573924534608859:-747808725475947867405017448777089601628745618443246:38651103815730030397330953805744466952697469855739]	  is generator number 1
saturating basis (reg=79.69000253)...Saturation index bound (for points of good reduction)  = 5
Tamagawa index primes are [ ]
Saturation primes are now[ 2 3 5 ]
Checking saturation at [ 2 3 5 ]
Checking 2-saturation 
Points were proved 2-saturated (max q used = 13)
Checking 3-saturation 
Points were proved 3-saturated (max q used = 11)
Checking 5-saturation 
Points were proved 5-saturated (max q used = 29)
done
Using mw_basis  [(23618546587466781717623245526511721/1143162406831246493206828309290441 : -747808725475947867405017448777089601628745618443246/38651103815730030397330953805744466952697469855739 : 1)]
e1,e2,e3:  -10.1820811886105 - 17.6358819454647*I -10.1820811886105 + 17.6358819454647*I 20.3641623772210
Minimal and maximal eigenvalues of height pairing matrix: 79.6900025282897,79.6900025282897
x-coords of points on non-compact component with  21 <=x<= 40
[]
starting search of remaining points using coefficient bound 1 and |x| bound 4.06376289777863e34
x-coords of extra integral points:
[]
Total number of integral points: 0
