P1 = [5095423444033814993108022361981595028470882187849334341979556162710:73109506562943895449117225122255639265780805850117792748418682830709:24727055449781786920038351178736970584104322727436228734075431000]	  is generator number 1
saturating basis (reg=104.2360972)...Saturation index bound (for points of good reduction)  = 5
Tamagawa index primes are [ ]
Saturation primes are now[ 2 3 5 ]
Checking saturation at [ 2 3 5 ]
Checking 2-saturation 
Points were proved 2-saturated (max q used = 11)
Checking 3-saturation 
Points were proved 3-saturated (max q used = 43)
Checking 5-saturation 
Points were proved 5-saturated (max q used = 31)
done
Using mw_basis  [(1748998673220104439628721650333117440826753961/8487535461836151216054321012565669260552100 : 73109506562943895449117225122255639265780805850117792748418682830709/24727055449781786920038351178736970584104322727436228734075431000 : 1)]
e1,e2,e3:  -10.1933219134773 - 17.6553514520479*I -10.1933219134773 + 17.6553514520479*I 20.3866438269546
Minimal and maximal eigenvalues of height pairing matrix: 104.236097184493,104.236097184493
x-coords of points on non-compact component with  21 <=x<= 40
[]
starting search of remaining points using coefficient bound 1 and |x| bound 1.85849682011912e45
x-coords of extra integral points:
[]
Total number of integral points: 0
