P1 = [636689457478762310566518047681197444636885356729702:2254275184819504579614531498993171126474148625887399:24875549092338527829264764576144245930684213420248]	  is generator number 1
saturating basis (reg=79.52070442)...Saturation index bound (for points of good reduction)  = 5
Tamagawa index primes are [ ]
Saturation primes are now[ 2 3 5 ]
Checking saturation at [ 2 3 5 ]
Checking 2-saturation 
Points were proved 2-saturated (max q used = 7)
Checking 3-saturation 
Points were proved 3-saturated (max q used = 11)
Checking 5-saturation 
Points were proved 5-saturated (max q used = 89)
done
Using mw_basis  [(21810724903522276802241042994481041/852148173185601327346408861851684 : 2254275184819504579614531498993171126474148625887399/24875549092338527829264764576144245930684213420248 : 1)]
e1,e2,e3:  -10.2260993790450 - 17.7121236877546*I -10.2260993790450 + 17.7121236877546*I 20.4521987580901
Minimal and maximal eigenvalues of height pairing matrix: 79.5207044209616,79.5207044209616
x-coords of points on non-compact component with  21 <=x<= 40
[]
starting search of remaining points using coefficient bound 1 and |x| bound 3.43086103114685e34
x-coords of extra integral points:
[]
Total number of integral points: 0
