P1 = [2711880495375661905716818275162598737689082636248:17201249530363465453085513265413883538350275659421:60860408729195674292537586488525249879128724992]	  is generator number 1
saturating basis (reg=75.88676548)...Saturation index bound (for points of good reduction)  = 5
Tamagawa index primes are [ ]
Saturation primes are now[ 2 3 5 ]
Checking saturation at [ 2 3 5 ]
Checking 2-saturation 
Points were proved 2-saturated (max q used = 7)
Checking 3-saturation 
Points were proved 3-saturated (max q used = 11)
Checking 5-saturation 
Points were proved 5-saturated (max q used = 29)
done
Using mw_basis  [(689433304868319814035509832535001/15472360525235363418558298237504 : 17201249530363465453085513265413883538350275659421/60860408729195674292537586488525249879128724992 : 1)]
e1,e2,e3:  -10.2400259907381 - 17.7362452867842*I -10.2400259907381 + 17.7362452867842*I 20.4800519814761
Minimal and maximal eigenvalues of height pairing matrix: 75.8867654753164,75.8867654753164
x-coords of points on non-compact component with  21 <=x<= 40
[]
starting search of remaining points using coefficient bound 1 and |x| bound 9.06157095401755e32
x-coords of extra integral points:
[]
Total number of integral points: 0
