P1 = [232040953668335914143861951974282145078259665074473905:-3606963796331298610302113024550304508496239385413952224:959717631845628868538155251287687293082728536748875]	  is generator number 1
saturating basis (reg=83.80071778)...Saturation index bound (for points of good reduction)  = 5
Tamagawa index primes are [ ]
Saturation primes are now[ 2 3 5 ]
Checking saturation at [ 2 3 5 ]
Checking 2-saturation 
Points were proved 2-saturated (max q used = 29)
Checking 3-saturation 
Points were proved 3-saturated (max q used = 17)
Checking 5-saturation 
Points were proved 5-saturated (max q used = 29)
done
Using mw_basis  [(2352430584586659633529225366035191851/9729614854745430531991387342994025 : -3606963796331298610302113024550304508496239385413952224/959717631845628868538155251287687293082728536748875 : 1)]
e1,e2,e3:  -10.2768481154621 - 17.8000230776488*I -10.2768481154621 + 17.8000230776488*I 20.5536962309242
Minimal and maximal eigenvalues of height pairing matrix: 83.8007177810207,83.8007177810207
x-coords of points on non-compact component with  21 <=x<= 41
[]
starting search of remaining points using coefficient bound 1 and |x| bound 2.47850221765509e36
x-coords of extra integral points:
[]
Total number of integral points: 0
