P1 = [119255217852462420079898506502158025958933039564:-292862526265459175040638056726063330997577958435:5219701273074680316087189178450732469305083072]	  is generator number 1
saturating basis (reg=73.81166019)...Saturation index bound (for points of good reduction)  = 5
Tamagawa index primes are [ ]
Saturation primes are now[ 2 3 5 ]
Checking saturation at [ 2 3 5 ]
Checking 2-saturation 
Points were proved 2-saturated (max q used = 17)
Checking 3-saturation 
Points were proved 3-saturated (max q used = 13)
Checking 5-saturation 
Points were proved 5-saturated (max q used = 29)
done
Using mw_basis  [(68748333305829360033528577374553/3009057124210271135447128646544 : -292862526265459175040638056726063330997577958435/5219701273074680316087189178450732469305083072 : 1)]
e1,e2,e3:  -10.3141916416833 - 17.8647039623977*I -10.3141916416833 + 17.8647039623977*I 20.6283832833665
Minimal and maximal eigenvalues of height pairing matrix: 73.8116601927795,73.8116601927795
x-coords of points on non-compact component with  21 <=x<= 41
[]
starting search of remaining points using coefficient bound 1 and |x| bound 1.13761869877470e32
x-coords of extra integral points:
[]
Total number of integral points: 0
