P1 = [2639160143027697343289048664214202795114959854437540277260169:-31820083485841474851363712354904909398020766197642366796028561:18103284273770782697255256811419003590882023075457617333047]	  is generator number 1
saturating basis (reg=94.49788505)...Saturation index bound (for points of good reduction)  = 5
Tamagawa index primes are [ ]
Saturation primes are now[ 2 3 5 ]
Checking saturation at [ 2 3 5 ]
Checking 2-saturation 
Points were proved 2-saturated (max q used = 7)
Checking 3-saturation 
Points were proved 3-saturated (max q used = 23)
Checking 5-saturation 
Points were proved 5-saturated (max q used = 31)
done
Using mw_basis  [(100510928923239166015756585084214063568463/689453394378225298889668168962266697969 : -31820083485841474851363712354904909398020766197642366796028561/18103284273770782697255256811419003590882023075457617333047 : 1)]
e1,e2,e3:  -10.3282724668686 - 17.8890926670312*I -10.3282724668686 + 17.8890926670312*I 20.6565449337372
Minimal and maximal eigenvalues of height pairing matrix: 94.4978850504885,94.4978850504885
x-coords of points on non-compact component with  21 <=x<= 41
[]
starting search of remaining points using coefficient bound 1 and |x| bound 1.09625106668285e41
x-coords of extra integral points:
[]
Total number of integral points: 0
