P1 = [2363542446586308199557108375359185187603531686692861499141964968688865:-281485649659284308816843978933959015606642377018115282667561623992623:114085073533663180035211272960089822476684840753729093896676299809319]	  is generator number 1
saturating basis (reg=108.0518802)...Saturation index bound (for points of good reduction)  = 6
Tamagawa index primes are [ ]
Saturation primes are now[ 2 3 5 ]
Checking saturation at [ 2 3 5 ]
Checking 2-saturation 
Points were proved 2-saturated (max q used = 17)
Checking 3-saturation 
possible kernel vector = [1]
This point may be in 3E(Q): [2363542446586308199557108375359185187603531686692861499141964968688865:-281485649659284308816843978933959015606642377018115282667561623992623:114085073533663180035211272960089822476684840753729093896676299809319]
...but it isn't! (this may be due to insufficient precision)Points were proved 3-saturated (max q used = 71)
Checking 5-saturation 
Points were proved 5-saturated (max q used = 31)
done
Using mw_basis  [(48732698890608555725666873637603674147822562535/2352263038245344060645436093482693269573501521 : -281485649659284308816843978933959015606642377018115282667561623992623/114085073533663180035211272960089822476684840753729093896676299809319 : 1)]
e1,e2,e3:  -10.3563195087521 - 17.9376715685754*I -10.3563195087521 + 17.9376715685754*I 20.7126390175042
Minimal and maximal eigenvalues of height pairing matrix: 108.051880186185,108.051880186185
x-coords of points on non-compact component with  21 <=x<= 41
[]
starting search of remaining points using coefficient bound 1 and |x| bound 8.43986158387452e46
x-coords of extra integral points:
[]
Total number of integral points: 0
