P1 = [1163290688893733751938446295247996826492693210498654372107:-10383015208426036074760933262432311136573206140225785439256:14358225894831595414733016681494510153749081703347768343]	  is generator number 1
saturating basis (reg=89.21932525)...Saturation index bound (for points of good reduction)  = 5
Tamagawa index primes are [ ]
Saturation primes are now[ 2 3 5 ]
Checking saturation at [ 2 3 5 ]
Checking 2-saturation 
Points were proved 2-saturated (max q used = 11)
Checking 3-saturation 
Points were proved 3-saturated (max q used = 11)
Checking 5-saturation 
Points were proved 5-saturated (max q used = 29)
done
Using mw_basis  [(478616857985252410899819179891711318301/5907456347443137355372027170135216049 : -10383015208426036074760933262432311136573206140225785439256/14358225894831595414733016681494510153749081703347768343 : 1)]
e1,e2,e3:  -10.3559310059379 - 17.9369986619623*I -10.3559310059379 + 17.9369986619623*I 20.7118620118758
Minimal and maximal eigenvalues of height pairing matrix: 89.2193252521301,89.2193252521301
x-coords of points on non-compact component with  21 <=x<= 41
[]
starting search of remaining points using coefficient bound 1 and |x| bound 5.59062852568089e38
x-coords of extra integral points:
[]
Total number of integral points: 0
