P1 = [21:16:1]	  is generator number 1
P2 = [8847101625207607570780407975:145827513355039184875932895744:32548376023882878612796875]	  is generator number 2
saturating basis (reg=159.9931831)...Saturation index bound (for points of good reduction)  = 4
Tamagawa index primes are [ ]
Saturation primes are now[ 2 3 ]
Checking saturation at [ 2 3 ]
Checking 2-saturation 
Points were proved 2-saturated (max q used = 19)
Checking 3-saturation 
Points were proved 3-saturated (max q used = 11)
done
Using mw_basis  [(21 : 16 : 1), (27709237458053873821/101941937408075625 : 145827513355039184875932895744/32548376023882878612796875 : 1)]
e1,e2,e3:  -10.4023447622421 - 18.0173896460513*I -10.4023447622421 + 18.0173896460513*I 20.8046895244842
Minimal and maximal eigenvalues of height pairing matrix: 3.56837149149790,44.8364704833727
x-coords of points on non-compact component with  21 <=x<= 41
[21]
starting search of remaining points using coefficient bound 2 and |x| bound 7.74331408989575e77
x-coords of extra integral points:
[21]
Total number of integral points: 2
