P1 = [5809047440949590882894436267979030391302519823595:-143530839452792820160949954393502648599459017789571:9514963780055565142950394649995720163093718625]	  is generator number 1
saturating basis (reg=77.01472009)...Saturation index bound (for points of good reduction)  = 5
Tamagawa index primes are [ ]
Saturation primes are now[ 2 3 5 ]
Checking saturation at [ 2 3 5 ]
Checking 2-saturation 
Points were proved 2-saturated (max q used = 11)
Checking 3-saturation 
Points were proved 3-saturated (max q used = 17)
Checking 5-saturation 
Points were proved 5-saturated (max q used = 29)
done
Using mw_basis  [(2741379811275703753411411555803531/4490259354363264181584938025025 : -143530839452792820160949954393502648599459017789571/9514963780055565142950394649995720163093718625 : 1)]
e1,e2,e3:  -10.4011894596157 - 18.0153886032043*I -10.4011894596157 + 18.0153886032043*I 20.8023789192315
Minimal and maximal eigenvalues of height pairing matrix: 77.0147200927989,77.0147200927989
x-coords of points on non-compact component with  21 <=x<= 41
[]
starting search of remaining points using coefficient bound 1 and |x| bound 2.79941935929247e33
x-coords of extra integral points:
[]
Total number of integral points: 0
