P1 = [12514566360697888415637980735214965686090999525860:-253821151279570308597919420347998688759555558667789:30418334262087031861914238359238794175943336000]	  is generator number 1
saturating basis (reg=77.40497474)...Saturation index bound (for points of good reduction)  = 5
Tamagawa index primes are [ ]
Saturation primes are now[ 2 3 5 ]
Checking saturation at [ 2 3 5 ]
Checking 2-saturation 
Points were proved 2-saturated (max q used = 7)
Checking 3-saturation 
Points were proved 3-saturated (max q used = 11)
Checking 5-saturation 
Points were proved 5-saturated (max q used = 29)
done
Using mw_basis  [(4009011754176090191012972119157241/9744441483976730038879628611600 : -253821151279570308597919420347998688759555558667789/30418334262087031861914238359238794175943336000 : 1)]
e1,e2,e3:  -10.4150361892459 - 18.0393718424425*I -10.4150361892459 + 18.0393718424425*I 20.8300723784918
Minimal and maximal eigenvalues of height pairing matrix: 77.4049747393233,77.4049747393233
x-coords of points on non-compact component with  21 <=x<= 41
[]
starting search of remaining points using coefficient bound 1 and |x| bound 4.13574164585446e33
x-coords of extra integral points:
[]
Total number of integral points: 0
