P1 = [33:164:1]	  is generator number 1
P2 = [83441467282876207221864969:10244935936496708666374846822:5535123329162364635053]	  is generator number 2
saturating basis (reg=166.0932515)...Saturation index bound (for points of good reduction)  = 5
Tamagawa index primes are [ ]
Saturation primes are now[ 2 3 5 ]
Checking saturation at [ 2 3 5 ]
Checking 2-saturation 
Points were proved 2-saturated (max q used = 23)
Checking 3-saturation 
Points were proved 3-saturated (max q used = 59)
Checking 5-saturation 
Points were proved 5-saturated (max q used = 31)
done
Using mw_basis  [(33 : 164 : 1), (4717075546157033637/312909105642169 : 10244935936496708666374846822/5535123329162364635053 : 1)]
e1,e2,e3:  -10.4161884224879 - 18.0413675689598*I -10.4161884224879 + 18.0413675689598*I 20.8323768449758
Minimal and maximal eigenvalues of height pairing matrix: 3.86269803455205,42.9992844346287
x-coords of points on non-compact component with  21 <=x<= 41
[33]
starting search of remaining points using coefficient bound 2 and |x| bound 4.98204703087718e74
x-coords of extra integral points:
[33]
Total number of integral points: 2
