P1 = [11385800177793445940475887813202369506127411018534:-36505804475540009652365408687972972039630155248643:456642979347438153826477481377914915637861173656]	  is generator number 1
saturating basis (reg=76.84841418)...Saturation index bound (for points of good reduction)  = 5
Tamagawa index primes are [ ]
Saturation primes are now[ 2 3 5 ]
Checking saturation at [ 2 3 5 ]
Checking 2-saturation 
Points were proved 2-saturated (max q used = 23)
Checking 3-saturation 
Points were proved 3-saturated (max q used = 11)
Checking 5-saturation 
Points were proved 5-saturated (max q used = 29)
done
Using mw_basis  [(1478556628609477527068917476393369/59299521639153079811645909901796 : -36505804475540009652365408687972972039630155248643/456642979347438153826477481377914915637861173656 : 1)]
e1,e2,e3:  -10.4426197288450 - 18.0871479344806*I -10.4426197288450 + 18.0871479344806*I 20.8852394576899
Minimal and maximal eigenvalues of height pairing matrix: 76.8484141784884,76.8484141784884
x-coords of points on non-compact component with  21 <=x<= 41
[]
starting search of remaining points using coefficient bound 1 and |x| bound 2.37051234162519e33
x-coords of extra integral points:
[]
Total number of integral points: 0
