P1 = [18108180277871048113453094911909874405374729833185:-24657940430654295232470083281558817279952090661072:839983099859577317606813863495792704793298927125]	  is generator number 1
saturating basis (reg=77.17280761)...Saturation index bound (for points of good reduction)  = 5
Tamagawa index primes are [ ]
Saturation primes are now[ 2 3 5 ]
Checking saturation at [ 2 3 5 ]
Checking 2-saturation 
Points were proved 2-saturated (max q used = 7)
Checking 3-saturation 
Points were proved 3-saturated (max q used = 29)
Checking 5-saturation 
Points were proved 5-saturated (max q used = 29)
done
Using mw_basis  [(1919189947020942930698849992853669/89025351867521847881539329613225 : -24657940430654295232470083281558817279952090661072/839983099859577317606813863495792704793298927125 : 1)]
e1,e2,e3:  -10.4605473356242 - 18.1181994602803*I -10.4605473356242 + 18.1181994602803*I 20.9210946712483
Minimal and maximal eigenvalues of height pairing matrix: 77.1728076060801,77.1728076060801
x-coords of points on non-compact component with  21 <=x<= 41
[]
starting search of remaining points using coefficient bound 1 and |x| bound 3.27887225072738e33
x-coords of extra integral points:
[]
Total number of integral points: 0
