P1 = [113545702558254331293497787114548760883486451740:-964416568875153023286257790997500924536535255059:1538063505640747369134375573329470066876526528]	  is generator number 1
saturating basis (reg=73.83810922)...Saturation index bound (for points of good reduction)  = 5
Tamagawa index primes are [ ]
Saturation primes are now[ 2 3 5 ]
Checking saturation at [ 2 3 5 ]
Checking 2-saturation 
Points were proved 2-saturated (max q used = 17)
Checking 3-saturation 
possible kernel vector = [1]
This point may be in 3E(Q): [113545702558254331293497787114548760883486451740:-964416568875153023286257790997500924536535255059:1538063505640747369134375573329470066876526528]
...but it isn't! (this may be due to insufficient precision)Points were proved 3-saturated (max q used = 61)
Checking 5-saturation 
Points were proved 5-saturated (max q used = 59)
done
Using mw_basis  [(98366211676881186461099264281145/1332445675702459673783197513744 : -964416568875153023286257790997500924536535255059/1538063505640747369134375573329470066876526528 : 1)]
e1,e2,e3:  -10.4639732793196 - 18.1241333688247*I -10.4639732793196 + 18.1241333688247*I 20.9279465586393
Minimal and maximal eigenvalues of height pairing matrix: 73.8381092190482,73.8381092190482
x-coords of points on non-compact component with  21 <=x<= 41
[]
starting search of remaining points using coefficient bound 1 and |x| bound 1.16810904820687e32
x-coords of extra integral points:
[]
Total number of integral points: 0
