P1 = [21:2:1]	  is generator number 1
P2 = [3517235097832357174324247195776724851724031650145:9153824936433195933497442220904296041907428273178:149575968113754601433617765138229764433189140125]	  is generator number 2
P3 = [1400871081196812011116564033651658706972335410829966764185677295745666308:36625811632123463076179287607171729851773339812915072212084913386234322365:2049308819677029088145445387231497731997606609415059322045307808456256]	 = 3*P1 + -1*P2 (mod torsion)
saturating basis (reg=272.8175325)...Saturation index bound (for points of good reduction)  = 6
Tamagawa index primes are [ ]
Saturation primes are now[ 2 3 5 ]
Checking saturation at [ 2 3 5 ]
Checking 2-saturation 
Points were proved 2-saturated (max q used = 13)
Checking 3-saturation 
Points were proved 3-saturated (max q used = 23)
Checking 5-saturation 
Points were proved 5-saturated (max q used = 59)
done
Using mw_basis  [(21 : 2 : 1), (662593936756474827892565183374669/28177851863736129061463684312025 : 9153824936433195933497442220904296041907428273178/149575968113754601433617765138229764433189140125 : 1)]
e1,e2,e3:  -10.4984880665042 - 18.1839147338408*I -10.4984880665042 + 18.1839147338408*I 20.9969761330083
Minimal and maximal eigenvalues of height pairing matrix: 3.58590855700138,76.0804488328294
x-coords of points on non-compact component with  21 <=x<= 41
[21]
starting search of remaining points using coefficient bound 2 and |x| bound 1.46310816953671e132
x-coords of extra integral points:
[21]
Total number of integral points: 2
