P1 = [6526138912788221438935368589007552331187116962285096157028258318741317974542371293671758696:-49215901424304585672781522820272883342461091583362774789106258579533483727671785124888387815:109659524731116247571981082556484044213512101687780019316873063173325564462354903560555008]	  is generator number 1
saturating basis (reg=140.9808419)...Saturation index bound (for points of good reduction)  = 6
Tamagawa index primes are [ ]
Saturation primes are now[ 2 3 5 ]
Checking saturation at [ 2 3 5 ]
Checking 2-saturation 
Points were proved 2-saturated (max q used = 7)
Checking 3-saturation 
Points were proved 3-saturated (max q used = 23)
Checking 5-saturation 
Points were proved 5-saturated (max q used = 29)
done
Using mw_basis  [(13634551625582851252479616373723356341083952865891946306347473/229103068623541423372839053363869940941285056327042927997504 : -49215901424304585672781522820272883342461091583362774789106258579533483727671785124888387815/109659524731116247571981082556484044213512101687780019316873063173325564462354903560555008 : 1)]
e1,e2,e3:  -10.5346549597705 - 18.2465576305300*I -10.5346549597705 + 18.2465576305300*I 21.0693099195411
Minimal and maximal eigenvalues of height pairing matrix: 140.980841929800,140.980841929800
x-coords of points on non-compact component with  22 <=x<= 42
[]
starting search of remaining points using coefficient bound 1 and |x| bound 1.68733651178042e61
x-coords of extra integral points:
[]
Total number of integral points: 0
