P1 = [4571025937487749164495185522698745964129513888225:43511502228487252554662155009895025141740727177452:49831620614037825635457471893349505086809183331]	  is generator number 1
saturating basis (reg=76.34233258)...Saturation index bound (for points of good reduction)  = 5
Tamagawa index primes are [ ]
Saturation primes are now[ 2 3 5 ]
Checking saturation at [ 2 3 5 ]
Checking 2-saturation 
Points were proved 2-saturated (max q used = 13)
Checking 3-saturation 
Points were proved 3-saturated (max q used = 11)
Checking 5-saturation 
Points were proved 5-saturated (max q used = 29)
done
Using mw_basis  [(1242163265799242121039010325703475/13541600824085885293312919708121 : 43511502228487252554662155009895025141740727177452/49831620614037825635457471893349505086809183331 : 1)]
e1,e2,e3:  -10.5563860021718 - 18.2841969000704*I -10.5563860021718 + 18.2841969000704*I 21.1127720043435
Minimal and maximal eigenvalues of height pairing matrix: 76.3423325779349,76.3423325779349
x-coords of points on non-compact component with  22 <=x<= 42
[]
starting search of remaining points using coefficient bound 1 and |x| bound 1.42907089471100e33
x-coords of extra integral points:
[]
Total number of integral points: 0
