P1 = [1410304667354061419768081371890827640006467015783:-23899154864002776012975235953492310317394732065265:4909062546858175006059621476934045765935004901]	  is generator number 1
saturating basis (reg=75.8441402)...Saturation index bound (for points of good reduction)  = 5
Tamagawa index primes are [ ]
Saturation primes are now[ 2 3 5 ]
Checking saturation at [ 2 3 5 ]
Checking 2-saturation 
Points were proved 2-saturated (max q used = 17)
Checking 3-saturation 
Points were proved 3-saturated (max q used = 17)
Checking 5-saturation 
Points were proved 5-saturated (max q used = 29)
done
Using mw_basis  [(829812720531153127038724185976883/2888455694405840645571814446601 : -23899154864002776012975235953492310317394732065265/4909062546858175006059621476934045765935004901 : 1)]
e1,e2,e3:  -10.6125459614001 - 18.3814688028050*I -10.6125459614001 + 18.3814688028050*I 21.2250919228003
Minimal and maximal eigenvalues of height pairing matrix: 75.8441402048831,75.8441402048831
x-coords of points on non-compact component with  22 <=x<= 42
[]
starting search of remaining points using coefficient bound 1 and |x| bound 8.68343535912530e32
x-coords of extra integral points:
[]
Total number of integral points: 0
