P1 = [5723017265630120745853399390520335657241207853772572286717627412595:-112777668815119294927996795829680511658328058513058482210241269551237:14735255460179379072975913683830150524006030957412079732051012877]	  is generator number 1
saturating basis (reg=104.4977276)...Saturation index bound (for points of good reduction)  = 5
Tamagawa index primes are [ ]
Saturation primes are now[ 2 3 5 ]
Checking saturation at [ 2 3 5 ]
Checking 2-saturation 
Points were proved 2-saturated (max q used = 17)
Checking 3-saturation 
Points were proved 3-saturated (max q used = 17)
Checking 5-saturation 
Points were proved 5-saturated (max q used = 59)
done
Using mw_basis  [(2334385084443419664581413386608967857862900615/6010424041227998571529228373631283192994809 : -112777668815119294927996795829680511658328058513058482210241269551237/14735255460179379072975913683830150524006030957412079732051012877 : 1)]
e1,e2,e3:  -10.6317488841317 - 18.4147292406299*I -10.6317488841317 + 18.4147292406299*I 21.2634977682635
Minimal and maximal eigenvalues of height pairing matrix: 104.497727637354,104.497727637354
x-coords of points on non-compact component with  22 <=x<= 42
[]
starting search of remaining points using coefficient bound 1 and |x| bound 2.41427359399432e45
x-coords of extra integral points:
[]
Total number of integral points: 0
