P1 = [101654025874645412421917321175615727674646044000320:-3390069780521356277189267327868186945918079831721983:91401520548297130207015163156874684567027712000]	  is generator number 1
saturating basis (reg=79.11357622)...Saturation index bound (for points of good reduction)  = 5
Tamagawa index primes are [ ]
Saturation primes are now[ 2 3 5 ]
Checking saturation at [ 2 3 5 ]
Checking 2-saturation 
Points were proved 2-saturated (max q used = 23)
Checking 3-saturation 
Points were proved 3-saturated (max q used = 23)
Checking 5-saturation 
Points were proved 5-saturated (max q used = 29)
done
Using mw_basis  [(22566979934654281615285773264867329/20290945316360371516000702566400 : -3390069780521356277189267327868186945918079831721983/91401520548297130207015163156874684567027712000 : 1)]
e1,e2,e3:  -10.6523516741729 - 18.4504143197589*I -10.6523516741729 + 18.4504143197589*I 21.3047033483458
Minimal and maximal eigenvalues of height pairing matrix: 79.1135762234768,79.1135762234768
x-coords of points on non-compact component with  22 <=x<= 42
[]
starting search of remaining points using coefficient bound 1 and |x| bound 2.28343996309014e34
x-coords of extra integral points:
[]
Total number of integral points: 0
