P1 = [2948:18991:64]	  is generator number 1
P2 = [669612991317760198082848:3225934192563334040035751:20653891539135764922368]	  is generator number 2
saturating basis (reg=261.6053362)...Saturation index bound (for points of good reduction)  = 6
Tamagawa index primes are [ ]
Saturation primes are now[ 2 3 5 ]
Checking saturation at [ 2 3 5 ]
Checking 2-saturation 
Points were proved 2-saturated (max q used = 7)
Checking 3-saturation 
Points were proved 3-saturated (max q used = 13)
Checking 5-saturation 
Points were proved 5-saturated (max q used = 31)
done
Using mw_basis  [(737/16 : 18991/64 : 1), (24405623481521489/752779750196224 : 3225934192563334040035751/20653891539135764922368 : 1)]
e1,e2,e3:  -10.6567562029668 - 18.4580431874133*I -10.6567562029668 + 18.4580431874133*I 21.3135124059336
Minimal and maximal eigenvalues of height pairing matrix: 6.86065364762794,38.1312553648688
x-coords of points on non-compact component with  22 <=x<= 42
[]
starting search of remaining points using coefficient bound 2 and |x| bound 1.74090539851463e66
x-coords of extra integral points:
[]
Total number of integral points: 0
