P1 = [124352056314204180401965360146691305804464542496344792703300042685:-807732150024877039316939404309663718368919632547112150872479314322:2665570123010656269067633289117532899798868148762232573297639625]	  is generator number 1
saturating basis (reg=101.4768889)...Saturation index bound (for points of good reduction)  = 5
Tamagawa index primes are [ ]
Saturation primes are now[ 2 3 5 ]
Checking saturation at [ 2 3 5 ]
Checking 2-saturation 
Points were proved 2-saturated (max q used = 11)
Checking 3-saturation 
Points were proved 3-saturated (max q used = 47)
Checking 5-saturation 
Points were proved 5-saturated (max q used = 29)
done
Using mw_basis  [(89685644606445642051343875454168720946449669/1922472227735780262248207219693209643178225 : -807732150024877039316939404309663718368919632547112150872479314322/2665570123010656269067633289117532899798868148762232573297639625 : 1)]
e1,e2,e3:  -10.6651880545931 - 18.4726475828318*I -10.6651880545931 + 18.4726475828318*I 21.3303761091861
Minimal and maximal eigenvalues of height pairing matrix: 101.476888862566,101.476888862566
x-coords of points on non-compact component with  22 <=x<= 42
[]
starting search of remaining points using coefficient bound 1 and |x| bound 1.17720710259955e44
x-coords of extra integral points:
[]
Total number of integral points: 0
