P1 = [644033137311798083606890390009108897957751430080706476847:11825040642753459511018937310742722293348751006333025213012:1909883537373951352657666533966749281936127691677807351]	  is generator number 1
saturating basis (reg=89.18430002)...Saturation index bound (for points of good reduction)  = 5
Tamagawa index primes are [ ]
Saturation primes are now[ 2 3 5 ]
Checking saturation at [ 2 3 5 ]
Checking 2-saturation 
Points were proved 2-saturated (max q used = 19)
Checking 3-saturation 
Points were proved 3-saturated (max q used = 11)
Checking 5-saturation 
Points were proved 5-saturated (max q used = 29)
done
Using mw_basis  [(519085923444506177008612911557143736697/1539351940503102682332585252549452401 : 11825040642753459511018937310742722293348751006333025213012/1909883537373951352657666533966749281936127691677807351 : 1)]
e1,e2,e3:  -10.7466187310620 - 18.6136896517708*I -10.7466187310620 + 18.6136896517708*I 21.4932374621240
Minimal and maximal eigenvalues of height pairing matrix: 89.1843000182736,89.1843000182736
x-coords of points on non-compact component with  22 <=x<= 42
[]
starting search of remaining points using coefficient bound 1 and |x| bound 5.39820496543340e38
x-coords of extra integral points:
[]
Total number of integral points: 0
