P1 = [14:79:1]	  is generator number 1
saturating basis (reg=2.884340118)...Saturation index bound (for points of good reduction)  = 5
Tamagawa index primes are [ 3 ]
Saturation primes are now[ 2 3 5 ]
Checking saturation at [ 2 3 5 ]
Checking 2-saturation 
Points were proved 2-saturated (max q used = 11)
Checking 3-saturation 
Points were proved 3-saturated (max q used = 7)
Checking 5-saturation 
Points were proved 5-saturated (max q used = 29)
done
Using mw_basis  [(14 : 79 : 1)]
e1,e2,e3:  7.58930281755908 - 13.1450580740380*I 7.58930281755908 + 13.1450580740380*I -15.1786056351182
Minimal and maximal eigenvalues of height pairing matrix: 2.88434011823857,2.88434011823857
x-coords of points on non-compact component with  -15 <=x<= 30
[14]
starting search of remaining points using coefficient bound 3 and |x| bound 5.75940948275109e11
x-coords of extra integral points:
[14]
Total number of integral points: 2
