P1 = [658797702248652315798819242496327506:-12544249531372673582740573321102307393:1817206843493749941241148229242824]	  is generator number 1
saturating basis (reg=56.97538466)...Saturation index bound (for points of good reduction)  = 7
Tamagawa index primes are [ ]
Saturation primes are now[ 2 3 5 7 ]
Checking saturation at [ 2 3 5 7 ]
Checking 2-saturation 
Points were proved 2-saturated (max q used = 7)
Checking 3-saturation 
Points were proved 3-saturated (max q used = 19)
Checking 5-saturation 
Points were proved 5-saturated (max q used = 29)
Checking 7-saturation 
Points were proved 7-saturated (max q used = 13)
done
Using mw_basis  [(5398634858217212821019969/14891424448492448427076 : -12544249531372673582740573321102307393/1817206843493749941241148229242824 : 1)]
e1,e2,e3:  8.01235071433620 - 13.8777985252911*I 8.01235071433620 + 13.8777985252911*I -16.0247014286724
Minimal and maximal eigenvalues of height pairing matrix: 56.9753846565901,56.9753846565901
x-coords of points on non-compact component with  -16 <=x<= 32
[]
starting search of remaining points using coefficient bound 1 and |x| bound 1.08959685512915e25
x-coords of extra integral points:
[]
Total number of integral points: 0
