P1 = [26079522583937100718500854460078335:-146927263703872788548068298654618633:1042252460914968386616872269643237]	  is generator number 1
saturating basis (reg=54.32005812)...Saturation index bound (for points of good reduction)  = 6
Tamagawa index primes are [ ]
Saturation primes are now[ 2 3 5 ]
Checking saturation at [ 2 3 5 ]
Checking 2-saturation 
Points were proved 2-saturated (max q used = 17)
Checking 3-saturation 
Points were proved 3-saturated (max q used = 11)
Checking 5-saturation 
Points were proved 5-saturated (max q used = 29)
done
Using mw_basis  [(257222325598009423085995/10279735796310893716489 : -146927263703872788548068298654618633/1042252460914968386616872269643237 : 1)]
e1,e2,e3:  8.07098289906522 - 13.9793524482005*I 8.07098289906522 + 13.9793524482005*I -16.1419657981304
Minimal and maximal eigenvalues of height pairing matrix: 54.3200581247892,54.3200581247892
x-coords of points on non-compact component with  -16 <=x<= 32
[]
starting search of remaining points using coefficient bound 1 and |x| bound 7.67472749134220e23
x-coords of extra integral points:
[]
Total number of integral points: 0
