P1 = [11422047941894871824875492181468398:-75957126196688443810804941766988359:993866452262313456908195523594424]	  is generator number 1
saturating basis (reg=54.00242387)...Saturation index bound (for points of good reduction)  = 7
Tamagawa index primes are [ ]
Saturation primes are now[ 2 3 5 7 ]
Checking saturation at [ 2 3 5 7 ]
Checking 2-saturation 
Points were proved 2-saturated (max q used = 29)
Checking 3-saturation 
Points were proved 3-saturated (max q used = 7)
Checking 5-saturation 
Points were proved 5-saturated (max q used = 29)
Checking 7-saturation 
Points were proved 7-saturated (max q used = 13)
done
Using mw_basis  [(114454964478984749860177/9959067766937294292676 : -75957126196688443810804941766988359/993866452262313456908195523594424 : 1)]
e1,e2,e3:  8.14513742584131 - 14.1077918561879*I 8.14513742584131 + 14.1077918561879*I -16.2902748516826
Minimal and maximal eigenvalues of height pairing matrix: 54.0024238680955,54.0024238680955
x-coords of points on non-compact component with  -16 <=x<= 32
[]
starting search of remaining points using coefficient bound 1 and |x| bound 5.60221330939557e23
x-coords of extra integral points:
[]
Total number of integral points: 0
