P1 = [33829177421205191146358865300494350995417:-524776504009367444399129264351799090629548:140629681812824921858398422967219248657]	  is generator number 1
saturating basis (reg=64.08574718)...Saturation index bound (for points of good reduction)  = 7
Tamagawa index primes are [ ]
Saturation primes are now[ 2 3 5 7 ]
Checking saturation at [ 2 3 5 7 ]
Checking 2-saturation 
Points were proved 2-saturated (max q used = 11)
Checking 3-saturation 
Points were proved 3-saturated (max q used = 7)
Checking 5-saturation 
Points were proved 5-saturated (max q used = 29)
Checking 7-saturation 
Points were proved 7-saturated (max q used = 13)
done
Using mw_basis  [(6505276687589666549185075369/27042779648158845547262049 : -524776504009367444399129264351799090629548/140629681812824921858398422967219248657 : 1)]
e1,e2,e3:  8.46641883113868 - 14.6642675736901*I 8.46641883113868 + 14.6642675736901*I -16.9328376622774
Minimal and maximal eigenvalues of height pairing matrix: 64.0857471780278,64.0857471780278
x-coords of points on non-compact component with  -16 <=x<= 33
[]
starting search of remaining points using coefficient bound 1 and |x| bound 1.35756025973997e28
x-coords of extra integral points:
[]
Total number of integral points: 0
