P1 = [-527130459661650480593912595367335:5977524328502113607018431732672418:86203243842042074097880987545375]	  is generator number 1
saturating basis (reg=52.34240914)...Saturation index bound (for points of good reduction)  = 7
Tamagawa index primes are [ ]
Saturation primes are now[ 2 3 5 7 ]
Checking saturation at [ 2 3 5 7 ]
Checking 2-saturation 
Points were proved 2-saturated (max q used = 11)
Checking 3-saturation 
Points were proved 3-saturated (max q used = 29)
Checking 5-saturation 
Points were proved 5-saturated (max q used = 29)
Checking 7-saturation 
Points were proved 7-saturated (max q used = 13)
done
Using mw_basis  [(-11932833363391605263801/1951412454539548092225 : 5977524328502113607018431732672418/86203243842042074097880987545375 : 1)]
e1,e2,e3:  8.57091762827342 - 14.8452647996573*I 8.57091762827342 + 14.8452647996573*I -17.1418352565468
Minimal and maximal eigenvalues of height pairing matrix: 52.3424091382705,52.3424091382705
x-coords of points on non-compact component with  -17 <=x<= 34
[]
starting search of remaining points using coefficient bound 1 and |x| bound 1.08234374695560e23
x-coords of extra integral points:
[]
Total number of integral points: 0
