P1 = [23:133:1]	  is generator number 1
P2 = [-2000233873871624160445:7209647843892569254613:140465682442984556125]	  is generator number 2
saturating basis (reg=124.4155021)...Saturation index bound (for points of good reduction)  = 8
Tamagawa index primes are [ ]
Saturation primes are now[ 2 3 5 7 ]
Checking saturation at [ 2 3 5 7 ]
Checking 2-saturation 
Points were proved 2-saturated (max q used = 7)
Checking 3-saturation 
Points were proved 3-saturated (max q used = 31)
Checking 5-saturation 
Points were proved 5-saturated (max q used = 59)
Checking 7-saturation 
Points were proved 7-saturated (max q used = 41)
done
Using mw_basis  [(23 : 133 : 1), (-384790227061561/27021751080025 : 7209647843892569254613/140465682442984556125 : 1)]
e1,e2,e3:  8.83762301043746 - 15.3072120722175*I 8.83762301043746 + 15.3072120722175*I -17.6752460208749
Minimal and maximal eigenvalues of height pairing matrix: 3.62345559869275,34.3361464531908
x-coords of points on non-compact component with  -17 <=x<= 35
[23]
starting search of remaining points using coefficient bound 2 and |x| bound 9.00587681164069e59
x-coords of extra integral points:
[23]
Total number of integral points: 2
