P1 = [126152802194293261289790432055811058418334127:1974987300231056859483952352026842712389608546:514917121744965888025994865652851225188683]	  is generator number 1
saturating basis (reg=69.57662772)...Saturation index bound (for points of good reduction)  = 7
Tamagawa index primes are [ ]
Saturation primes are now[ 2 3 5 7 ]
Checking saturation at [ 2 3 5 7 ]
Checking 2-saturation 
Points were proved 2-saturated (max q used = 7)
Checking 3-saturation 
Points were proved 3-saturated (max q used = 11)
Checking 5-saturation 
Points were proved 5-saturated (max q used = 29)
Checking 7-saturation 
Points were proved 7-saturated (max q used = 13)
done
Using mw_basis  [(1573926535825566419486491757301/6424286322369043038241498729 : 1974987300231056859483952352026842712389608546/514917121744965888025994865652851225188683 : 1)]
e1,e2,e3:  9.05267464671188 - 15.6796924324956*I 9.05267464671188 + 15.6796924324956*I -18.1053492934238
Minimal and maximal eigenvalues of height pairing matrix: 69.5766277212473,69.5766277212473
x-coords of points on non-compact component with  -18 <=x<= 36
[]
starting search of remaining points using coefficient bound 1 and |x| bound 3.36174015221294e30
x-coords of extra integral points:
[]
Total number of integral points: 0
