P1 = [-383884475231626398868828500064491:13680673090680230097803826739622665:174204737267733778378134430576243]	  is generator number 1
saturating basis (reg=52.86561155)...Saturation index bound (for points of good reduction)  = 5
Tamagawa index primes are [ ]
Saturation primes are now[ 2 3 5 ]
Checking saturation at [ 2 3 5 ]
Checking 2-saturation 
Points were proved 2-saturated (max q used = 17)
Checking 3-saturation 
Points were proved 3-saturated (max q used = 7)
Checking 5-saturation 
Points were proved 5-saturated (max q used = 29)
done
Using mw_basis  [(-6873541546958072066913/3119176670440240345849 : 13680673090680230097803826739622665/174204737267733778378134430576243 : 1)]
e1,e2,e3:  9.17457536017263 - 15.8908306616885*I 9.17457536017263 + 15.8908306616885*I -18.3491507203453
Minimal and maximal eigenvalues of height pairing matrix: 52.8656115506544,52.8656115506544
x-coords of points on non-compact component with  -18 <=x<= 36
[]
starting search of remaining points using coefficient bound 1 and |x| bound 1.86592195586378e23
x-coords of extra integral points:
[]
Total number of integral points: 0
