P1 = [5301149662686873519506611478111422643:196749189752382540569086662473448333328:3848446235750339771974835649244243]	  is generator number 1
saturating basis (reg=58.79179321)...Saturation index bound (for points of good reduction)  = 6
Tamagawa index primes are [ ]
Saturation primes are now[ 2 3 5 ]
Checking saturation at [ 2 3 5 ]
Checking 2-saturation 
Points were proved 2-saturated (max q used = 17)
Checking 3-saturation 
Points were proved 3-saturated (max q used = 7)
Checking 5-saturation 
Points were proved 5-saturated (max q used = 31)
done
Using mw_basis  [(33827891131292361256153049/24557846612768627761849 : 196749189752382540569086662473448333328/3848446235750339771974835649244243 : 1)]
e1,e2,e3:  9.47964246427637 - 16.4192223857141*I 9.47964246427637 + 16.4192223857141*I -18.9592849285527
Minimal and maximal eigenvalues of height pairing matrix: 58.7917932101261,58.7917932101261
x-coords of points on non-compact component with  -18 <=x<= 37
[]
starting search of remaining points using coefficient bound 1 and |x| bound 7.06457451740451e25
x-coords of extra integral points:
[]
Total number of integral points: 0
