P1 = [1814551128842106216423032226838460951:-17299196459545012723948791973395444046:20158591512508797463464319841191931]	  is generator number 1
saturating basis (reg=57.29165587)...Saturation index bound (for points of good reduction)  = 6
Tamagawa index primes are [ ]
Saturation primes are now[ 2 3 5 ]
Checking saturation at [ 2 3 5 ]
Checking 2-saturation 
Points were proved 2-saturated (max q used = 19)
Checking 3-saturation 
Points were proved 3-saturated (max q used = 7)
Checking 5-saturation 
Points were proved 5-saturated (max q used = 29)
done
Using mw_basis  [(6667286972424064810073341/74069621096614116056521 : -17299196459545012723948791973395444046/20158591512508797463464319841191931 : 1)]
e1,e2,e3:  9.60773031869441 - 16.6410770573987*I 9.60773031869441 + 16.6410770573987*I -19.2154606373888
Minimal and maximal eigenvalues of height pairing matrix: 57.2916558658115,57.2916558658115
x-coords of points on non-compact component with  -19 <=x<= 38
[]
starting search of remaining points using coefficient bound 1 and |x| bound 1.58280353873200e25
x-coords of extra integral points:
[]
Total number of integral points: 0
