P1 = [-491566524307963308453139790274795070035:-3133261775683794628866261465524245581259:41954292718640968731875994928989926611]	  is generator number 1
saturating basis (reg=61.21509573)...Saturation index bound (for points of good reduction)  = 6
Tamagawa index primes are [ ]
Saturation primes are now[ 2 3 5 ]
Checking saturation at [ 2 3 5 ]
Checking 2-saturation 
Points were proved 2-saturated (max q used = 17)
Checking 3-saturation 
Points were proved 3-saturated (max q used = 11)
Checking 5-saturation 
Points were proved 5-saturated (max q used = 29)
done
Using mw_basis  [(-141467549829774548132502585/12073993452062129785254841 : -3133261775683794628866261465524245581259/41954292718640968731875994928989926611 : 1)]
e1,e2,e3:  9.64863198411976 - 16.7119208200295*I 9.64863198411976 + 16.7119208200295*I -19.2972639682395
Minimal and maximal eigenvalues of height pairing matrix: 61.2150957294378,61.2150957294378
x-coords of points on non-compact component with  -19 <=x<= 38
[]
starting search of remaining points using coefficient bound 1 and |x| bound 8.01564948271573e26
x-coords of extra integral points:
[]
Total number of integral points: 0
