P1 = [21193747224927768065140381141617738648569:-129051595126864006449460208414745538424804:938801579602488709890455145629613928297]	  is generator number 1
saturating basis (reg=63.50469314)...Saturation index bound (for points of good reduction)  = 7
Tamagawa index primes are [ ]
Saturation primes are now[ 2 3 5 7 ]
Checking saturation at [ 2 3 5 7 ]
Checking 2-saturation 
Points were proved 2-saturated (max q used = 7)
Checking 3-saturation 
Points were proved 3-saturated (max q used = 11)
Checking 5-saturation 
Points were proved 5-saturated (max q used = 29)
Checking 7-saturation 
Points were proved 7-saturated (max q used = 13)
done
Using mw_basis  [(2164461239642237191908824513/95877317455899709820449969 : -129051595126864006449460208414745538424804/938801579602488709890455145629613928297 : 1)]
e1,e2,e3:  9.73952414165812 - 16.8693506548955*I 9.73952414165812 + 16.8693506548955*I -19.4790482833162
Minimal and maximal eigenvalues of height pairing matrix: 63.5046931419942,63.5046931419942
x-coords of points on non-compact component with  -19 <=x<= 38
[]
starting search of remaining points using coefficient bound 1 and |x| bound 7.93572097294569e27
x-coords of extra integral points:
[]
Total number of integral points: 0
