P1 = [28204031482727879578115882832213432286992073:181074890607358013365245959168593475013640753:1573855142497886026158714138603417662724031]	  is generator number 1
saturating basis (reg=68.37264778)...Saturation index bound (for points of good reduction)  = 7
Tamagawa index primes are [ ]
Saturation primes are now[ 2 3 5 7 ]
Checking saturation at [ 2 3 5 7 ]
Checking 2-saturation 
Points were proved 2-saturated (max q used = 7)
Checking 3-saturation 
Points were proved 3-saturated (max q used = 11)
Checking 5-saturation 
Points were proved 5-saturated (max q used = 31)
Checking 7-saturation 
Points were proved 7-saturated (max q used = 37)
done
Using mw_basis  [(242469028088310505201151037943/13530375151756234868029633921 : 181074890607358013365245959168593475013640753/1573855142497886026158714138603417662724031 : 1)]
e1,e2,e3:  9.77933309548649 - 16.9383017855224*I 9.77933309548649 + 16.9383017855224*I -19.5586661909730
Minimal and maximal eigenvalues of height pairing matrix: 68.3726477810812,68.3726477810812
x-coords of points on non-compact component with  -19 <=x<= 39
[]
starting search of remaining points using coefficient bound 1 and |x| bound 1.03341040385904e30
x-coords of extra integral points:
[]
Total number of integral points: 0
