P1 = [3700562065316006444100842376781121877:-22581501212356444829487394788689790541:145378705480436351945529838103838219]	  is generator number 1
saturating basis (reg=57.71604766)...Saturation index bound (for points of good reduction)  = 6
Tamagawa index primes are [ ]
Saturation primes are now[ 2 3 5 ]
Checking saturation at [ 2 3 5 ]
Checking 2-saturation 
Points were proved 2-saturated (max q used = 17)
Checking 3-saturation 
Points were proved 3-saturated (max q used = 7)
Checking 5-saturation 
Points were proved 5-saturated (max q used = 29)
done
Using mw_basis  [(7037754180152774000210743/276482213820880685394921 : -22581501212356444829487394788689790541/145378705480436351945529838103838219 : 1)]
e1,e2,e3:  9.84511339980014 - 17.0522366147310*I 9.84511339980014 + 17.0522366147310*I -19.6902267996003
Minimal and maximal eigenvalues of height pairing matrix: 57.7160476640991,57.7160476640991
x-coords of points on non-compact component with  -19 <=x<= 39
[]
starting search of remaining points using coefficient bound 1 and |x| bound 2.43832629037090e25
x-coords of extra integral points:
[]
Total number of integral points: 0
