P1 = [-1748440690461456305793246712526271:-2664420207572167485644554721871956:92132293932863800880145416597817]	  is generator number 1
saturating basis (reg=52.59340062)...Saturation index bound (for points of good reduction)  = 6
Tamagawa index primes are [ ]
Saturation primes are now[ 2 3 5 ]
Checking saturation at [ 2 3 5 ]
Checking 2-saturation 
Points were proved 2-saturated (max q used = 7)
Checking 3-saturation 
Points were proved 3-saturated (max q used = 11)
Checking 5-saturation 
Points were proved 5-saturated (max q used = 29)
done
Using mw_basis  [(-38712118948358163951527/2039895514427085315729 : -2664420207572167485644554721871956/92132293932863800880145416597817 : 1)]
e1,e2,e3:  9.86099333471859 - 17.0797414688307*I 9.86099333471859 + 17.0797414688307*I -19.7219866694372
Minimal and maximal eigenvalues of height pairing matrix: 52.5934006204905,52.5934006204905
x-coords of points on non-compact component with  -19 <=x<= 39
[]
starting search of remaining points using coefficient bound 1 and |x| bound 1.45403911536248e23
x-coords of extra integral points:
[]
Total number of integral points: 0
