P1 = [21611503083821139491198080464486064931745:215044304753827726542505614731040526338721:220044245354026924218524207175458442375]	  is generator number 1
saturating basis (reg=63.56961792)...Saturation index bound (for points of good reduction)  = 7
Tamagawa index primes are [ ]
Saturation primes are now[ 2 3 5 7 ]
Checking saturation at [ 2 3 5 7 ]
Checking 2-saturation 
Points were proved 2-saturated (max q used = 11)
Checking 3-saturation 
Points were proved 3-saturated (max q used = 23)
Checking 5-saturation 
Points were proved 5-saturated (max q used = 29)
Checking 7-saturation 
Points were proved 7-saturated (max q used = 13)
done
Using mw_basis  [(3579713762666029662441690631/36447969881324791228331025 : 215044304753827726542505614731040526338721/220044245354026924218524207175458442375 : 1)]
e1,e2,e3:  9.86912805850838 - 17.0938312237401*I 9.86912805850838 + 17.0938312237401*I -19.7382561170168
Minimal and maximal eigenvalues of height pairing matrix: 63.5696179168281,63.5696179168281
x-coords of points on non-compact component with  -19 <=x<= 39
[]
starting search of remaining points using coefficient bound 1 and |x| bound 8.50354641775590e27
x-coords of extra integral points:
[]
Total number of integral points: 0
