P1 = [27121501978201395268314274488838627537773762287897:186398152584623305624837551485596770028144776655756:1720094998106353355821008525938727950159777043481]	  is generator number 1
saturating basis (reg=77.61777377)...Saturation index bound (for points of good reduction)  = 7
Tamagawa index primes are [ ]
Saturation primes are now[ 2 3 5 7 ]
Checking saturation at [ 2 3 5 7 ]
Checking 2-saturation 
Points were proved 2-saturated (max q used = 23)
Checking 3-saturation 
Points were proved 3-saturated (max q used = 7)
Checking 5-saturation 
Points were proved 5-saturated (max q used = 29)
Checking 7-saturation 
Points were proved 7-saturated (max q used = 41)
done
Using mw_basis  [(2263582143321421502100209233517777/143560497706190989485475151904721 : 186398152584623305624837551485596770028144776655756/1720094998106353355821008525938727950159777043481 : 1)]
e1,e2,e3:  9.92569930799634 - 17.1918155021009*I 9.92569930799634 + 17.1918155021009*I -19.8513986159927
Minimal and maximal eigenvalues of height pairing matrix: 77.6177737686381,77.6177737686381
x-coords of points on non-compact component with  -19 <=x<= 39
[]
starting search of remaining points using coefficient bound 1 and |x| bound 1.07503543745088e34
x-coords of extra integral points:
[]
Total number of integral points: 0
