P1 = [-7160:37569:512]	  is generator number 1
saturating basis (reg=7.122195693)...Saturation index bound (for points of good reduction)  = 5
Tamagawa index primes are [ 2 ]
Saturation primes are now[ 2 3 5 ]
Checking saturation at [ 2 3 5 ]
Checking 2-saturation 
Points were proved 2-saturated (max q used = 7)
Checking 3-saturation 
Points were proved 3-saturated (max q used = 11)
Checking 5-saturation 
Points were proved 5-saturated (max q used = 29)
done
Using mw_basis  [(-895/64 : 37569/512 : 1)]
e1,e2,e3:  10.0493394943915 - 17.4059665867945*I 10.0493394943915 + 17.4059665867945*I -20.0986789887829
Minimal and maximal eigenvalues of height pairing matrix: 7.12219569321210,7.12219569321210
x-coords of points on non-compact component with  -20 <=x<= 40
[]
starting search of remaining points using coefficient bound 2 and |x| bound 8.61464056043488e12
x-coords of extra integral points:
[]
Total number of integral points: 0
