P1 = [27:167:1]	  is generator number 1
P2 = [-1212:2407:64]	  is generator number 2
saturating basis (reg=23.51734601)...Saturation index bound (for points of good reduction)  = 3
Tamagawa index primes are [ ]
Saturation primes are now[ 2 3 ]
Checking saturation at [ 2 3 ]
Checking 2-saturation 
Points were proved 2-saturated (max q used = 29)
Checking 3-saturation 
Points were proved 3-saturated (max q used = 13)
done
Using mw_basis  [(27 : 167 : 1), (-303/16 : 2407/64 : 1)]
e1,e2,e3:  10.0851069590644 - 17.4679176528659*I 10.0851069590644 + 17.4679176528659*I -20.1702139181287
Minimal and maximal eigenvalues of height pairing matrix: 3.64238415176548,6.45658037017385
x-coords of points on non-compact component with  -20 <=x<= 40
[27]
starting search of remaining points using coefficient bound 2 and |x| bound 3.47434837618301e11
x-coords of extra integral points:
[27]
Total number of integral points: 2
