P1 = [2823270885718074579045216332539729729928477:43835057929469929917608117000144477047639817:11718428318750451697379857676661545236267]	  is generator number 1
saturating basis (reg=67.04404779)...Saturation index bound (for points of good reduction)  = 7
Tamagawa index primes are [ ]
Saturation primes are now[ 2 3 5 7 ]
Checking saturation at [ 2 3 5 7 ]
Checking 2-saturation 
Points were proved 2-saturated (max q used = 7)
Checking 3-saturation 
Points were proved 3-saturated (max q used = 17)
Checking 5-saturation 
Points were proved 5-saturated (max q used = 29)
Checking 7-saturation 
Points were proved 7-saturated (max q used = 41)
done
Using mw_basis  [(124297604919859563283830783599/515916691102515696000908329 : 43835057929469929917608117000144477047639817/11718428318750451697379857676661545236267 : 1)]
e1,e2,e3:  10.0867453486568 - 17.4707554268827*I 10.0867453486568 + 17.4707554268827*I -20.1734906973137
Minimal and maximal eigenvalues of height pairing matrix: 67.0440477858622,67.0440477858622
x-coords of points on non-compact component with  -20 <=x<= 40
[]
starting search of remaining points using coefficient bound 1 and |x| bound 2.76392858778761e29
x-coords of extra integral points:
[]
Total number of integral points: 0
