P1 = [3787:34026:343]	  is generator number 1
saturating basis (reg=6.876245859)...Saturation index bound (for points of good reduction)  = 5
Tamagawa index primes are [ 2 ]
Saturation primes are now[ 2 3 5 ]
Checking saturation at [ 2 3 5 ]
Checking 2-saturation 
Points were proved 2-saturated (max q used = 29)
Checking 3-saturation 
Points were proved 3-saturated (max q used = 11)
Checking 5-saturation 
Points were proved 5-saturated (max q used = 59)
done
Using mw_basis  [(541/49 : 34026/343 : 1)]
e1,e2,e3:  10.2021365510247 - 17.6706188521303*I 10.2021365510247 + 17.6706188521303*I -20.4042731020494
Minimal and maximal eigenvalues of height pairing matrix: 6.87624585933917,6.87624585933917
x-coords of points on non-compact component with  -20 <=x<= 40
[]
starting search of remaining points using coefficient bound 2 and |x| bound 3.23635702965088e12
x-coords of extra integral points:
[]
Total number of integral points: 0
