P1 = [33872413656320143803649015808410413:-1045873268890926569254708271452866854:35529135032910275484187232127797]	  is generator number 1
saturating basis (reg=55.30517642)...Saturation index bound (for points of good reduction)  = 6
Tamagawa index primes are [ ]
Saturation primes are now[ 2 3 5 ]
Checking saturation at [ 2 3 5 ]
Checking 2-saturation 
Points were proved 2-saturated (max q used = 17)
Checking 3-saturation 
Points were proved 3-saturated (max q used = 7)
Checking 5-saturation 
Points were proved 5-saturated (max q used = 29)
done
Using mw_basis  [(1030349582677182959259201/1080744638556630340969 : -1045873268890926569254708271452866854/35529135032910275484187232127797 : 1)]
e1,e2,e3:  10.2578761593319 - 17.7671626857123*I 10.2578761593319 + 17.7671626857123*I -20.5157523186638
Minimal and maximal eigenvalues of height pairing matrix: 55.3051764169152,55.3051764169152
x-coords of points on non-compact component with  -20 <=x<= 41
[]
starting search of remaining points using coefficient bound 1 and |x| bound 2.21675072999993e24
x-coords of extra integral points:
[]
Total number of integral points: 0
