P1 = [63:509:1]	  is generator number 1
P2 = [-40246010395623149478959115:312330521121071061121748051:3579655581843548180147875]	  is generator number 2
saturating basis (reg=178.6674482)...Saturation index bound (for points of good reduction)  = 14
Tamagawa index primes are [ ]
Saturation primes are now[ 2 3 5 7 11 13 ]
Checking saturation at [ 2 3 5 7 11 13 ]
Checking 2-saturation 
Points were proved 2-saturated (max q used = 17)
Checking 3-saturation 
Points were proved 3-saturated (max q used = 23)
Checking 5-saturation 
Points were proved 5-saturated (max q used = 31)
Checking 7-saturation 
Points were proved 7-saturated (max q used = 37)
Checking 11-saturation 
Points were proved 11-saturated (max q used = 197)
Checking 13-saturation 
Points were proved 13-saturated (max q used = 157)
done
Using mw_basis  [(63 : 509 : 1), (-263092875373580049/23400627058843225 : 312330521121071061121748051/3579655581843548180147875 : 1)]
e1,e2,e3:  10.4134994815601 - 18.0367101866543*I 10.4134994815601 + 18.0367101866543*I -20.8269989631203
Minimal and maximal eigenvalues of height pairing matrix: 4.33232373196626,41.2405580053720
x-coords of points on non-compact component with  -20 <=x<= 41
[]
starting search of remaining points using coefficient bound 2 and |x| bound 9.35936712264469e71
x-coords of extra integral points:
[63]
Total number of integral points: 2
