P1 = [104832964208312239733778211391817105:-1034739726753839105971096855436998286:1086975846310074705783396213839469]	  is generator number 1
saturating basis (reg=55.41578576)...Saturation index bound (for points of good reduction)  = 7
Tamagawa index primes are [ ]
Saturation primes are now[ 2 3 5 7 ]
Checking saturation at [ 2 3 5 7 ]
Checking 2-saturation 
Points were proved 2-saturated (max q used = 17)
Checking 3-saturation 
Points were proved 3-saturated (max q used = 7)
Checking 5-saturation 
Points were proved 5-saturated (max q used = 29)
Checking 7-saturation 
Points were proved 7-saturated (max q used = 31)
done
Using mw_basis  [(1019587653837720018090445/10571742974999120964921 : -1034739726753839105971096855436998286/1086975846310074705783396213839469 : 1)]
e1,e2,e3:  10.4430018085251 - 18.0878097158992*I 10.4430018085251 + 18.0878097158992*I -20.8860036170502
Minimal and maximal eigenvalues of height pairing matrix: 55.4157857587266,55.4157857587266
x-coords of points on non-compact component with  -20 <=x<= 41
[]
starting search of remaining points using coefficient bound 1 and |x| bound 2.49011549204651e24
x-coords of extra integral points:
[]
Total number of integral points: 0
