P1 = [16577374909722452544169089755384961:-173311122262683831221989685465228449:152753461243901317190469753751383]	  is generator number 1
saturating basis (reg=54.21056714)...Saturation index bound (for points of good reduction)  = 7
Tamagawa index primes are [ ]
Saturation primes are now[ 2 3 5 7 ]
Checking saturation at [ 2 3 5 7 ]
Checking 2-saturation 
Points were proved 2-saturated (max q used = 19)
Checking 3-saturation 
Points were proved 3-saturated (max q used = 7)
Checking 5-saturation 
Points were proved 5-saturated (max q used = 29)
Checking 7-saturation 
Points were proved 7-saturated (max q used = 13)
done
Using mw_basis  [(310112119735894035487543/2857551326510602542129 : -173311122262683831221989685465228449/152753461243901317190469753751383 : 1)]
e1,e2,e3:  10.4563570212395 - 18.1109416228663*I 10.4563570212395 + 18.1109416228663*I -20.9127140424789
Minimal and maximal eigenvalues of height pairing matrix: 54.2105671352595,54.2105671352595
x-coords of points on non-compact component with  -20 <=x<= 41
[]
starting search of remaining points using coefficient bound 1 and |x| bound 7.46407430404859e23
x-coords of extra integral points:
[]
Total number of integral points: 0
