P1 = [3868864008154681897278036860969985196344118:33092858526922864769724074639264566658348027:310310190880948520050446220837978594588888]	  is generator number 1
saturating basis (reg=67.27211887)...Saturation index bound (for points of good reduction)  = 6
Tamagawa index primes are [ ]
Saturation primes are now[ 2 3 5 ]
Checking saturation at [ 2 3 5 ]
Checking 2-saturation 
Points were proved 2-saturated (max q used = 7)
Checking 3-saturation 
Points were proved 3-saturated (max q used = 13)
Checking 5-saturation 
Points were proved 5-saturated (max q used = 29)
done
Using mw_basis  [(57145861581527527050286145929/4583501301168269163679971364 : 33092858526922864769724074639264566658348027/310310190880948520050446220837978594588888 : 1)]
e1,e2,e3:  10.5653520419440 - 18.2997265364987*I 10.5653520419440 + 18.2997265364987*I -21.1307040838881
Minimal and maximal eigenvalues of height pairing matrix: 67.2721188650757,67.2721188650757
x-coords of points on non-compact component with  -21 <=x<= 42
[]
starting search of remaining points using coefficient bound 1 and |x| bound 3.52343574149414e29
x-coords of extra integral points:
[]
Total number of integral points: 0
