P1 = [-266600979644176476513591478710392806781479266:181968977074117675250142154867846831705394803:12700896511232336491931262793695425620028088]	  is generator number 1
saturating basis (reg=69.76659999)...Saturation index bound (for points of good reduction)  = 6
Tamagawa index primes are [ ]
Saturation primes are now[ 2 3 5 ]
Checking saturation at [ 2 3 5 ]
Checking 2-saturation 
Points were proved 2-saturated (max q used = 11)
Checking 3-saturation 
Points were proved 3-saturated (max q used = 7)
Checking 5-saturation 
Points were proved 5-saturated (max q used = 59)
done
Using mw_basis  [(-1142659799409656583366878444423/54436423599107958191644909764 : 181968977074117675250142154867846831705394803/12700896511232336491931262793695425620028088 : 1)]
e1,e2,e3:  10.5724393795022 - 18.3120021652398*I 10.5724393795022 + 18.3120021652398*I -21.1448787590044
Minimal and maximal eigenvalues of height pairing matrix: 69.7665999889033,69.7665999889033
x-coords of points on non-compact component with  -21 <=x<= 42
[]
starting search of remaining points using coefficient bound 1 and |x| bound 4.26970900429683e30
x-coords of extra integral points:
[]
Total number of integral points: 0
