P1 = [13428106165277391466326491320008309319:-266777867764333392135503429720545711013:2694622634060672857413853253007863317]	  is generator number 1
saturating basis (reg=59.45362438)...Saturation index bound (for points of good reduction)  = 7
Tamagawa index primes are [ ]
Saturation primes are now[ 2 3 5 7 ]
Checking saturation at [ 2 3 5 7 ]
Checking 2-saturation 
Points were proved 2-saturated (max q used = 11)
Checking 3-saturation 
Points were proved 3-saturated (max q used = 7)
Checking 5-saturation 
Points were proved 5-saturated (max q used = 29)
Checking 7-saturation 
Points were proved 7-saturated (max q used = 13)
done
Using mw_basis  [(9649736365284842517248803/1936415880435345094114729 : -266777867764333392135503429720545711013/2694622634060672857413853253007863317 : 1)]
e1,e2,e3:  10.6552884312792 - 18.4555009322765*I 10.6552884312792 + 18.4555009322765*I -21.3105768625584
Minimal and maximal eigenvalues of height pairing matrix: 59.4536243828412,59.4536243828412
x-coords of points on non-compact component with  -21 <=x<= 42
[]
starting search of remaining points using coefficient bound 1 and |x| bound 1.42104302517222e26
x-coords of extra integral points:
[]
Total number of integral points: 0
