audit/MetricBoxPackets/elliptic_finite.lean:15:56: warning: 'ring' tactic does nothing
note: this linter can be disabled with `set_option linter.unusedTactic false`
audit/MetricBoxPackets/elliptic_finite.lean:18:60: warning: 'ring' tactic does nothing
note: this linter can be disabled with `set_option linter.unusedTactic false`
audit/MetricBoxPackets/elliptic_finite.lean:15:56: warning: this tactic is never executed
note: this linter can be disabled with `set_option linter.unreachableTactic false`
audit/MetricBoxPackets/elliptic_finite.lean:18:60: warning: this tactic is never executed
note: this linter can be disabled with `set_option linter.unreachableTactic false`
audit/MetricBoxPackets/elliptic_finite.lean:31:52: warning: Used `tac1 <;> tac2` where `(tac1; tac2)` would suffice
note: this linter can be disabled with `set_option linter.unnecessarySeqFocus false`
audit/MetricBoxPackets/elliptic_finite.lean:34:56: warning: Used `tac1 <;> tac2` where `(tac1; tac2)` would suffice
note: this linter can be disabled with `set_option linter.unnecessarySeqFocus false`
audit/MetricBoxPackets/elliptic_finite.lean:47:52: warning: Used `tac1 <;> tac2` where `(tac1; tac2)` would suffice
note: this linter can be disabled with `set_option linter.unnecessarySeqFocus false`
audit/MetricBoxPackets/elliptic_finite.lean:50:56: warning: Used `tac1 <;> tac2` where `(tac1; tac2)` would suffice
note: this linter can be disabled with `set_option linter.unnecessarySeqFocus false`
audit/MetricBoxPackets/elliptic_finite.lean:63:52: warning: Used `tac1 <;> tac2` where `(tac1; tac2)` would suffice
note: this linter can be disabled with `set_option linter.unnecessarySeqFocus false`
audit/MetricBoxPackets/elliptic_finite.lean:66:56: warning: Used `tac1 <;> tac2` where `(tac1; tac2)` would suffice
note: this linter can be disabled with `set_option linter.unnecessarySeqFocus false`
audit/MetricBoxPackets/elliptic_finite.lean:77:66: warning: Used `tac1 <;> tac2` where `(tac1; tac2)` would suffice
note: this linter can be disabled with `set_option linter.unnecessarySeqFocus false`
audit/MetricBoxPackets/elliptic_finite.lean:78:66: warning: Used `tac1 <;> tac2` where `(tac1; tac2)` would suffice
note: this linter can be disabled with `set_option linter.unnecessarySeqFocus false`
'PerfectPower.MetricBoxExamples.elliptic_finite_numerator_positive_node_0' depends on axioms: [propext,
 Classical.choice,
 Quot.sound]
'PerfectPower.MetricBoxExamples.elliptic_finite_denominator_positive_node_0' depends on axioms: [propext,
 Classical.choice,
 Quot.sound]
'PerfectPower.MetricBoxExamples.elliptic_finite_lower_gap_node_0' depends on axioms: [propext,
 Classical.choice,
 Quot.sound]
'PerfectPower.MetricBoxExamples.elliptic_finite_upper_gap_node_0' depends on axioms: [propext,
 Classical.choice,
 Quot.sound]
'PerfectPower.MetricBoxExamples.elliptic_finite_density' depends on axioms: [propext, Classical.choice, Quot.sound]
