audit/MetricBoxPackets/elliptic_branch.lean:15:56: warning: 'ring' tactic does nothing
note: this linter can be disabled with `set_option linter.unusedTactic false`
audit/MetricBoxPackets/elliptic_branch.lean:18:60: warning: 'ring' tactic does nothing
note: this linter can be disabled with `set_option linter.unusedTactic false`
audit/MetricBoxPackets/elliptic_branch.lean:15:56: warning: this tactic is never executed
note: this linter can be disabled with `set_option linter.unreachableTactic false`
audit/MetricBoxPackets/elliptic_branch.lean:18:60: warning: this tactic is never executed
note: this linter can be disabled with `set_option linter.unreachableTactic false`
audit/MetricBoxPackets/elliptic_branch.lean:31:52: warning: Used `tac1 <;> tac2` where `(tac1; tac2)` would suffice
note: this linter can be disabled with `set_option linter.unnecessarySeqFocus false`
audit/MetricBoxPackets/elliptic_branch.lean:34:56: warning: Used `tac1 <;> tac2` where `(tac1; tac2)` would suffice
note: this linter can be disabled with `set_option linter.unnecessarySeqFocus false`
audit/MetricBoxPackets/elliptic_branch.lean:47:52: warning: Used `tac1 <;> tac2` where `(tac1; tac2)` would suffice
note: this linter can be disabled with `set_option linter.unnecessarySeqFocus false`
audit/MetricBoxPackets/elliptic_branch.lean:50:56: warning: Used `tac1 <;> tac2` where `(tac1; tac2)` would suffice
note: this linter can be disabled with `set_option linter.unnecessarySeqFocus false`
audit/MetricBoxPackets/elliptic_branch.lean:63:52: warning: Used `tac1 <;> tac2` where `(tac1; tac2)` would suffice
note: this linter can be disabled with `set_option linter.unnecessarySeqFocus false`
audit/MetricBoxPackets/elliptic_branch.lean:66:56: warning: Used `tac1 <;> tac2` where `(tac1; tac2)` would suffice
note: this linter can be disabled with `set_option linter.unnecessarySeqFocus false`
audit/MetricBoxPackets/elliptic_branch.lean:77:66: warning: Used `tac1 <;> tac2` where `(tac1; tac2)` would suffice
note: this linter can be disabled with `set_option linter.unnecessarySeqFocus false`
audit/MetricBoxPackets/elliptic_branch.lean:78:66: warning: Used `tac1 <;> tac2` where `(tac1; tac2)` would suffice
note: this linter can be disabled with `set_option linter.unnecessarySeqFocus false`
'PerfectPower.MetricBoxExamples.elliptic_branch_numerator_positive_node_0' depends on axioms: [propext,
 Classical.choice,
 Quot.sound]
'PerfectPower.MetricBoxExamples.elliptic_branch_denominator_positive_node_0' depends on axioms: [propext,
 Classical.choice,
 Quot.sound]
'PerfectPower.MetricBoxExamples.elliptic_branch_lower_gap_node_0' depends on axioms: [propext,
 Classical.choice,
 Quot.sound]
'PerfectPower.MetricBoxExamples.elliptic_branch_upper_gap_node_0' depends on axioms: [propext,
 Classical.choice,
 Quot.sound]
'PerfectPower.MetricBoxExamples.elliptic_branch_density' depends on axioms: [propext, Classical.choice, Quot.sound]
