'PerfectPower.BernsteinBoxes.basis_nonnegative' depends on axioms: [propext, Classical.choice, Quot.sound]
'PerfectPower.BernsteinBoxes.basis_positive_somewhere' depends on axioms: [propext, Classical.choice, Quot.sound]
'PerfectPower.BernsteinBoxes.tensor_positive' depends on axioms: [propext, Classical.choice, Quot.sound]
'PerfectPower.BernsteinBoxes.rectangle_positive' depends on axioms: [propext, Classical.choice, Quot.sound]
'PerfectPower.BernsteinBoxes.joint_exclusion' depends on axioms: [propext, Classical.choice, Quot.sound]
'PerfectPower.BernsteinBoxes.density_comparison' depends on axioms: [propext, Classical.choice, Quot.sound]
'PerfectPower.BernsteinBoxes.branch_equation' depends on axioms: [propext, Quot.sound]
'PerfectPower.BernsteinBoxes.reciprocal_odd' depends on axioms: [propext, Quot.sound]
'PerfectPower.BernsteinBoxes.tangent_comparison' depends on axioms: [propext, Classical.choice, Quot.sound]
'PerfectPower.BernsteinBoxes.sqrt_scaled' depends on axioms: [propext, Classical.choice, Quot.sound]
'PerfectPower.BernsteinBoxes.speed_comparison' depends on axioms: [propext, Classical.choice, Quot.sound]
'PerfectPower.BernsteinBoxes.path_length_comparison' depends on axioms: [propext, Classical.choice, Quot.sound]
'PerfectPower.BernsteinBoxes.reciprocal_family' depends on axioms: [propext, Classical.choice, Quot.sound]
'PerfectPower.BernsteinBoxes.branch_family' depends on axioms: [propext, Quot.sound]
'PerfectPower.BernsteinBoxes.basis_positive' depends on axioms: [propext, Classical.choice, Quot.sound]
'PerfectPower.BernsteinBoxes.tensor_positive_support' depends on axioms: [propext, Classical.choice, Quot.sound]
'PerfectPower.BernsteinBoxes.tensor_zero_iff' depends on axioms: [propext, Classical.choice, Quot.sound]
'PerfectPower.RationalVoronoiPacket.accepted_fields' depends on axioms: [propext, Classical.choice, Quot.sound]
'PerfectPower.RationalVoronoiPacket.accepted_leaves' depends on axioms: [propext, Classical.choice, Quot.sound]
'PerfectPower.RationalVoronoiPacket.accepted_coverage' depends on axioms: [propext, Classical.choice, Quot.sound]
'PerfectPower.RationalVoronoiPacket.accepted_mesh' depends on axioms: [propext, Classical.choice, Quot.sound]
'PerfectPower.RationalVoronoiPacket.checked_gradient' depends on axioms: [propext, Classical.choice, Quot.sound]
'PerfectPower.UniformHyperellipticMetric.small_power' depends on axioms: [propext, Classical.choice, Quot.sound]
'PerfectPower.UniformHyperellipticMetric.disk_bounds' depends on axioms: [propext, Classical.choice, Quot.sound]
'PerfectPower.UniformHyperellipticMetric.uniform_small_disk' depends on axioms: [propext, Classical.choice, Quot.sound]
'PerfectPower.MetricBoxExamples.square_cube_same_real' depends on axioms: [propext, Classical.choice, Quot.sound]
'PerfectPower.MetricBoxExamples.square_cube_same_integer' depends on axioms: [propext, Classical.choice, Quot.sound]
'PerfectPower.MetricBoxExamples.huge_genus' depends on axioms: [propext, Classical.choice, Quot.sound]
