{
  "characteristic_polynomial": "(t - 6)**9*(t - 2)**65*(t + 1)**27*(t + 3)**51",
  "minimal_polynomial": "(t - 6)*(t - 2)*(t + 1)*(t + 3)",
  "closed_walk_counts": [
    0,
    6,
    0,
    66,
    120,
    1386,
    6000,
    42306,
    233640,
    1459866,
    8580000,
    52007346,
    310441560,
    1867415946,
    11190114000,
    67183665186,
    402972719880,
    2418223477626,
    14508178080000,
    87052554215826,
    522304862844600,
    3133860553932906,
    18803069172030000,
    112818697444939266,
    676911337347471720,
    4061470565883549786,
    24368815769569596000,
    146212917493941595506,
    877277436332735337240,
    5263664823886470376266,
    31581988325643278490000
  ],
  "orbital_C5": 134,
  "orbital_distance_three": 139,
  "exact_identities": [
    "B^2 = X + 6 I",
    "B^3 = 4 X + 11 B + 6 D",
    "B^4 - 4 B^3 - 17 B^2 + 24 B + 36 I = 0"
  ],
  "all_available_word_extensions_checked": 511,
  "characteristic_coefficient_convention": "python-flint coefficients are ascending; reversed for SymPy",
  "scope": "Integral identities in the full 152-dimensional Wilson commutant regular representation."
}
