'PerfectPower.FactorAddresses.rank_select' depends on axioms: [propext, Classical.choice, Quot.sound]
'PerfectPower.FactorAddresses.select_rank' depends on axioms: [propext, Classical.choice, Quot.sound]
'PerfectPower.FactorAddresses.rank_injective' depends on axioms: [propext, Classical.choice, Quot.sound]
'PerfectPower.FactorAddresses.select_surjective' depends on axioms: [propext, Classical.choice, Quot.sound]
'PerfectPower.FactorAddresses.rank_cons' depends on axioms: [propext, Classical.choice, Quot.sound]
'PerfectPower.FactorAddresses.address_card' depends on axioms: [propext, Classical.choice, Quot.sound]
'PerfectPower.FactorAddresses.no_address_of_zero_product' depends on axioms: [propext, Classical.choice, Quot.sound]
'PerfectPower.FactorAddresses.empty_rank' depends on axioms: [propext, Classical.choice, Quot.sound]
'PerfectPower.FactorAddresses.safe_pruning' depends on axioms: [propext, Classical.choice, Quot.sound]
'PerfectPower.FactorAddresses.source_rank_iff' depends on axioms: [propext, Classical.choice, Quot.sound]
'PerfectPower.FlavorRG.quadratic_ray' depends on axioms: [propext, Classical.choice, Quot.sound]
'PerfectPower.FlavorRG.hypercharge_beta_positive' depends on axioms: [propext, Classical.choice, Quot.sound]
'PerfectPower.FlavorRG.hypercharge_fixed_point' depends on axioms: [propext, Classical.choice, Quot.sound]
'PerfectPower.FlavorRG.no_common_gauge_ray' depends on axioms: [propext, Classical.choice, Quot.sound]
'PerfectPower.FlavorRG.adjoint_yukawa_ratio' depends on axioms: [propext, Classical.choice, Quot.sound]
'PerfectPower.FlavorRG.unified_solution_unique' depends on axioms: [propext, Classical.choice, Quot.sound]
'PerfectPower.FlavorRG.minimal_unification_below' depends on axioms: [propext, Classical.choice, Quot.sound]
'PerfectPower.FlavorRG.radial_completed_square' depends on axioms: [propext, Classical.choice, Quot.sound]
'PerfectPower.FlavorRG.su3_radial_fixed_zero' depends on axioms: [propext, Classical.choice, Quot.sound]
'PerfectPower.FlavorRG.radial_ray' depends on axioms: [propext, Classical.choice, Quot.sound]
'PerfectPower.FlavorRG.difference_ray' depends on axioms: [propext, Classical.choice, Quot.sound]
'PerfectPower.FlavorRG.joint_radial_ray' depends on axioms: [propext, Classical.choice, Quot.sound]
'PerfectPower.FlavorRG.trace_ray_one' depends on axioms: [propext, Classical.choice, Quot.sound]
'PerfectPower.FlavorRG.trace_ray_two' depends on axioms: [propext, Classical.choice, Quot.sound]
'PerfectPower.FlavorRG.trace_force_cancels' depends on axioms: [propext, Classical.choice, Quot.sound]
'PerfectPower.FlavorRG.two_by_two_moment_inverse' depends on axioms: [propext, Classical.choice, Quot.sound]
'PerfectPower.SpectralMoments.lagrange_vandermonde' depends on axioms: [propext, Classical.choice, Quot.sound]
'PerfectPower.SpectralMoments.recover' depends on axioms: [propext, Classical.choice, Quot.sound]
'PerfectPower.SpectralMoments.moments_injective' depends on axioms: [propext, Classical.choice, Quot.sound]
'PerfectPower.SpectralMoments.moment_hessian_vanishes' depends on axioms: [propext, Classical.choice, Quot.sound]
'PerfectPower.WeilOldLevel.gram' depends on axioms: [propext, Classical.choice, Quot.sound]
'PerfectPower.WeilOldLevel.isometry' depends on axioms: [propext, Classical.choice, Quot.sound]
'PerfectPower.WeilOldLevel.sqrt_normalization' depends on axioms: [propext, Classical.choice, Quot.sound]
'PerfectPower.WeilOldLevel.normalized_isometry' depends on axioms: [propext, Classical.choice, Quot.sound]
'PerfectPower.WeilOldLevel.old_projector_idempotent' depends on axioms: [propext, Classical.choice, Quot.sound]
'PerfectPower.WeilOldLevel.old_projector_symmetric' depends on axioms: [propext, Classical.choice, Quot.sound]
