exact group 1080 cyclic frames 121 complete frames 151
{
  "minimum_nonzero_magnitude": 0.07594317586992277,
  "maximum_nonunit_magnitude": 0.9566183482280927,
  "closest_nontrivial_identity_frame": {
    "frames": [
      97,
      132
    ],
    "column_assignment": [
      0,
      1,
      2
    ],
    "magnitudes": [
      [
        0.9341723589627162,
        0.25231131935570683,
        0.2523113193557067
      ],
      [
        0.2523113193557073,
        0.9341723589627162,
        0.2523113193557073
      ],
      [
        0.25231131935570694,
        0.25231131935570694,
        0.9341723589627163
      ]
    ],
    "J": 0.014867587073878835
  },
  "involution_fixed_line_squared_overlaps": [
    0.0,
    0.0954915028,
    0.25,
    0.5,
    0.6545084972,
    1.0
  ]
}
