audit/PowerFreeLocalPackets.lean:12:2: warning: Used `tac1 <;> tac2` where `(tac1; tac2)` would suffice
note: this linter can be disabled with `set_option linter.unnecessarySeqFocus false`
audit/PowerFreeLocalPackets.lean:15:17: warning: Used `tac1 <;> tac2` where `(tac1; tac2)` would suffice
note: this linter can be disabled with `set_option linter.unnecessarySeqFocus false`
audit/PowerFreeLocalPackets.lean:18:2: warning: Used `tac1 <;> tac2` where `(tac1; tac2)` would suffice
note: this linter can be disabled with `set_option linter.unnecessarySeqFocus false`
audit/PowerFreeLocalPackets.lean:75:2: warning: Used `tac1 <;> tac2` where `(tac1; tac2)` would suffice
note: this linter can be disabled with `set_option linter.unnecessarySeqFocus false`
audit/PowerFreeLocalPackets.lean:78:17: warning: Used `tac1 <;> tac2` where `(tac1; tac2)` would suffice
note: this linter can be disabled with `set_option linter.unnecessarySeqFocus false`
audit/PowerFreeLocalPackets.lean:81:2: warning: Used `tac1 <;> tac2` where `(tac1; tac2)` would suffice
note: this linter can be disabled with `set_option linter.unnecessarySeqFocus false`
audit/PowerFreeLocalPackets.lean:138:2: warning: Used `tac1 <;> tac2` where `(tac1; tac2)` would suffice
note: this linter can be disabled with `set_option linter.unnecessarySeqFocus false`
audit/PowerFreeLocalPackets.lean:141:17: warning: Used `tac1 <;> tac2` where `(tac1; tac2)` would suffice
note: this linter can be disabled with `set_option linter.unnecessarySeqFocus false`
audit/PowerFreeLocalPackets.lean:144:2: warning: Used `tac1 <;> tac2` where `(tac1; tac2)` would suffice
note: this linter can be disabled with `set_option linter.unnecessarySeqFocus false`
audit/PowerFreeLocalPackets.lean:194:2: warning: Used `tac1 <;> tac2` where `(tac1; tac2)` would suffice
note: this linter can be disabled with `set_option linter.unnecessarySeqFocus false`
audit/PowerFreeLocalPackets.lean:197:17: warning: Used `tac1 <;> tac2` where `(tac1; tac2)` would suffice
note: this linter can be disabled with `set_option linter.unnecessarySeqFocus false`
audit/PowerFreeLocalPackets.lean:200:2: warning: Used `tac1 <;> tac2` where `(tac1; tac2)` would suffice
note: this linter can be disabled with `set_option linter.unnecessarySeqFocus false`
audit/PowerFreeLocalPackets.lean:256:2: warning: Used `tac1 <;> tac2` where `(tac1; tac2)` would suffice
note: this linter can be disabled with `set_option linter.unnecessarySeqFocus false`
audit/PowerFreeLocalPackets.lean:262:2: warning: Used `tac1 <;> tac2` where `(tac1; tac2)` would suffice
note: this linter can be disabled with `set_option linter.unnecessarySeqFocus false`
audit/PowerFreeLocalPackets.lean:329:2: warning: Used `tac1 <;> tac2` where `(tac1; tac2)` would suffice
note: this linter can be disabled with `set_option linter.unnecessarySeqFocus false`
audit/PowerFreeLocalPackets.lean:335:2: warning: Used `tac1 <;> tac2` where `(tac1; tac2)` would suffice
note: this linter can be disabled with `set_option linter.unnecessarySeqFocus false`
audit/PowerFreeLocalPackets.lean:392:2: warning: Used `tac1 <;> tac2` where `(tac1; tac2)` would suffice
note: this linter can be disabled with `set_option linter.unnecessarySeqFocus false`
audit/PowerFreeLocalPackets.lean:395:17: warning: Used `tac1 <;> tac2` where `(tac1; tac2)` would suffice
note: this linter can be disabled with `set_option linter.unnecessarySeqFocus false`
audit/PowerFreeLocalPackets.lean:398:2: warning: Used `tac1 <;> tac2` where `(tac1; tac2)` would suffice
note: this linter can be disabled with `set_option linter.unnecessarySeqFocus false`
audit/PowerFreeLocalPackets.lean:455:2: warning: Used `tac1 <;> tac2` where `(tac1; tac2)` would suffice
note: this linter can be disabled with `set_option linter.unnecessarySeqFocus false`
audit/PowerFreeLocalPackets.lean:458:17: warning: Used `tac1 <;> tac2` where `(tac1; tac2)` would suffice
note: this linter can be disabled with `set_option linter.unnecessarySeqFocus false`
audit/PowerFreeLocalPackets.lean:461:2: warning: Used `tac1 <;> tac2` where `(tac1; tac2)` would suffice
note: this linter can be disabled with `set_option linter.unnecessarySeqFocus false`
audit/PowerFreeLocalPackets.lean:542:2: warning: Used `tac1 <;> tac2` where `(tac1; tac2)` would suffice
note: this linter can be disabled with `set_option linter.unnecessarySeqFocus false`
audit/PowerFreeLocalPackets.lean:545:17: warning: Used `tac1 <;> tac2` where `(tac1; tac2)` would suffice
note: this linter can be disabled with `set_option linter.unnecessarySeqFocus false`
audit/PowerFreeLocalPackets.lean:548:2: warning: Used `tac1 <;> tac2` where `(tac1; tac2)` would suffice
note: this linter can be disabled with `set_option linter.unnecessarySeqFocus false`
audit/PowerFreeLocalPackets.lean:605:2: warning: Used `tac1 <;> tac2` where `(tac1; tac2)` would suffice
note: this linter can be disabled with `set_option linter.unnecessarySeqFocus false`
audit/PowerFreeLocalPackets.lean:611:2: warning: Used `tac1 <;> tac2` where `(tac1; tac2)` would suffice
note: this linter can be disabled with `set_option linter.unnecessarySeqFocus false`
audit/PowerFreeLocalPackets.lean:651:6: warning: 'ring' tactic does nothing
note: this linter can be disabled with `set_option linter.unusedTactic false`
audit/PowerFreeLocalPackets.lean:651:6: warning: this tactic is never executed
note: this linter can be disabled with `set_option linter.unreachableTactic false`
audit/PowerFreeLocalPackets.lean:654:17: warning: Used `tac1 <;> tac2` where `(tac1; tac2)` would suffice
note: this linter can be disabled with `set_option linter.unnecessarySeqFocus false`
audit/PowerFreeLocalPackets.lean:657:6: warning: 'ring' tactic does nothing
note: this linter can be disabled with `set_option linter.unusedTactic false`
audit/PowerFreeLocalPackets.lean:657:6: warning: this tactic is never executed
note: this linter can be disabled with `set_option linter.unreachableTactic false`
'PerfectPower.PowerFreePacket_5ee301b35fb707b0.roots_2_checked' depends on axioms: [propext,
 Classical.choice,
 Quot.sound]
'PerfectPower.PowerFreePacket_5ee301b35fb707b0.rho_2_checked' depends on axioms: [propext, Classical.choice, Quot.sound]
'PerfectPower.PowerFreePacket_5ee301b35fb707b0.roots_2_complete' depends on axioms: [propext,
 Classical.choice,
 Quot.sound]
'PerfectPower.PowerFreePacket_5ee301b35fb707b0.roots_3_checked' depends on axioms: [propext,
 Classical.choice,
 Quot.sound]
'PerfectPower.PowerFreePacket_5ee301b35fb707b0.rho_3_checked' depends on axioms: [propext, Classical.choice, Quot.sound]
'PerfectPower.PowerFreePacket_5ee301b35fb707b0.roots_3_complete' depends on axioms: [propext,
 Classical.choice,
 Quot.sound]
'PerfectPower.PowerFreePacket_5ee301b35fb707b0.source_polynomial' depends on axioms: [propext,
 Classical.choice,
 Quot.sound]
'PerfectPower.PowerFreePacket_5ee301b35fb707b0.degree_checked' depends on axioms: [propext,
 Classical.choice,
 Quot.sound]
'PerfectPower.PowerFreePacket_5ee301b35fb707b0.bezout_checked' depends on axioms: [propext,
 Classical.choice,
 Quot.sound]
'PerfectPower.PowerFreePacket_5ee301b35fb707b0.exceptional_checked' depends on axioms: [propext,
 Classical.choice,
 Quot.sound]
'PerfectPower.PowerFreePacket_5ee301b35fb707b0.locally_admissible_checked' depends on axioms: [propext,
 Classical.choice,
 Quot.sound]
'PerfectPower.PowerFreePacket_11a40050adb1e00f.roots_2_checked' depends on axioms: [propext,
 Classical.choice,
 Quot.sound]
'PerfectPower.PowerFreePacket_11a40050adb1e00f.rho_2_checked' depends on axioms: [propext, Classical.choice, Quot.sound]
'PerfectPower.PowerFreePacket_11a40050adb1e00f.roots_2_complete' depends on axioms: [propext,
 Classical.choice,
 Quot.sound]
'PerfectPower.PowerFreePacket_11a40050adb1e00f.roots_3_checked' depends on axioms: [propext,
 Classical.choice,
 Quot.sound]
'PerfectPower.PowerFreePacket_11a40050adb1e00f.rho_3_checked' depends on axioms: [propext, Classical.choice, Quot.sound]
'PerfectPower.PowerFreePacket_11a40050adb1e00f.roots_3_complete' depends on axioms: [propext,
 Classical.choice,
 Quot.sound]
'PerfectPower.PowerFreePacket_11a40050adb1e00f.source_polynomial' depends on axioms: [propext,
 Classical.choice,
 Quot.sound]
'PerfectPower.PowerFreePacket_11a40050adb1e00f.degree_checked' depends on axioms: [propext,
 Classical.choice,
 Quot.sound]
'PerfectPower.PowerFreePacket_11a40050adb1e00f.bezout_checked' depends on axioms: [propext,
 Classical.choice,
 Quot.sound]
'PerfectPower.PowerFreePacket_11a40050adb1e00f.exceptional_checked' depends on axioms: [propext,
 Classical.choice,
 Quot.sound]
'PerfectPower.PowerFreePacket_11a40050adb1e00f.locally_admissible_checked' depends on axioms: [propext,
 Classical.choice,
 Quot.sound]
'PerfectPower.PowerFreePacket_6239627b605a24fb.roots_2_checked' depends on axioms: [propext,
 Classical.choice,
 Quot.sound]
'PerfectPower.PowerFreePacket_6239627b605a24fb.rho_2_checked' depends on axioms: [propext, Classical.choice, Quot.sound]
'PerfectPower.PowerFreePacket_6239627b605a24fb.roots_2_complete' depends on axioms: [propext,
 Classical.choice,
 Quot.sound]
'PerfectPower.PowerFreePacket_6239627b605a24fb.roots_3_checked' depends on axioms: [propext,
 Classical.choice,
 Quot.sound]
'PerfectPower.PowerFreePacket_6239627b605a24fb.rho_3_checked' depends on axioms: [propext, Classical.choice, Quot.sound]
'PerfectPower.PowerFreePacket_6239627b605a24fb.roots_3_complete' depends on axioms: [propext,
 Classical.choice,
 Quot.sound]
'PerfectPower.PowerFreePacket_6239627b605a24fb.source_polynomial' depends on axioms: [propext,
 Classical.choice,
 Quot.sound]
'PerfectPower.PowerFreePacket_6239627b605a24fb.degree_checked' depends on axioms: [propext,
 Classical.choice,
 Quot.sound]
'PerfectPower.PowerFreePacket_6239627b605a24fb.bezout_checked' depends on axioms: [propext,
 Classical.choice,
 Quot.sound]
'PerfectPower.PowerFreePacket_6239627b605a24fb.exceptional_checked' depends on axioms: [propext,
 Classical.choice,
 Quot.sound]
'PerfectPower.PowerFreePacket_6239627b605a24fb.fixed_divisor_checked' depends on axioms: [propext,
 Classical.choice,
 Quot.sound]
'PerfectPower.PowerFreePacket_1af481b1a9bd3100.roots_2_checked' depends on axioms: [propext,
 Classical.choice,
 Quot.sound]
'PerfectPower.PowerFreePacket_1af481b1a9bd3100.rho_2_checked' depends on axioms: [propext, Classical.choice, Quot.sound]
'PerfectPower.PowerFreePacket_1af481b1a9bd3100.roots_2_complete' depends on axioms: [propext,
 Classical.choice,
 Quot.sound]
'PerfectPower.PowerFreePacket_1af481b1a9bd3100.roots_3_checked' depends on axioms: [propext,
 Classical.choice,
 Quot.sound]
'PerfectPower.PowerFreePacket_1af481b1a9bd3100.rho_3_checked' depends on axioms: [propext, Classical.choice, Quot.sound]
'PerfectPower.PowerFreePacket_1af481b1a9bd3100.roots_3_complete' depends on axioms: [propext,
 Classical.choice,
 Quot.sound]
'PerfectPower.PowerFreePacket_1af481b1a9bd3100.source_polynomial' depends on axioms: [propext,
 Classical.choice,
 Quot.sound]
'PerfectPower.PowerFreePacket_1af481b1a9bd3100.degree_checked' depends on axioms: [propext,
 Classical.choice,
 Quot.sound]
'PerfectPower.PowerFreePacket_1af481b1a9bd3100.bezout_checked' depends on axioms: [propext,
 Classical.choice,
 Quot.sound]
'PerfectPower.PowerFreePacket_1af481b1a9bd3100.exceptional_checked' depends on axioms: [propext,
 Classical.choice,
 Quot.sound]
'PerfectPower.PowerFreePacket_1af481b1a9bd3100.locally_admissible_checked' depends on axioms: [propext,
 Classical.choice,
 Quot.sound]
'PerfectPower.PowerFreePacket_a53eb5427555aa7b.roots_2_checked' depends on axioms: [propext,
 Classical.choice,
 Quot.sound]
'PerfectPower.PowerFreePacket_a53eb5427555aa7b.rho_2_checked' depends on axioms: [propext, Classical.choice, Quot.sound]
'PerfectPower.PowerFreePacket_a53eb5427555aa7b.roots_2_complete' depends on axioms: [propext,
 Classical.choice,
 Quot.sound]
'PerfectPower.PowerFreePacket_a53eb5427555aa7b.roots_3_checked' depends on axioms: [propext,
 Classical.choice,
 Quot.sound]
'PerfectPower.PowerFreePacket_a53eb5427555aa7b.rho_3_checked' depends on axioms: [propext, Classical.choice, Quot.sound]
'PerfectPower.PowerFreePacket_a53eb5427555aa7b.roots_3_complete' depends on axioms: [propext,
 Classical.choice,
 Quot.sound]
'PerfectPower.PowerFreePacket_a53eb5427555aa7b.roots_5_checked' depends on axioms: [propext,
 Classical.choice,
 Quot.sound]
'PerfectPower.PowerFreePacket_a53eb5427555aa7b.rho_5_checked' depends on axioms: [propext, Classical.choice, Quot.sound]
'PerfectPower.PowerFreePacket_a53eb5427555aa7b.roots_5_complete' depends on axioms: [propext,
 Classical.choice,
 Quot.sound]
'PerfectPower.PowerFreePacket_a53eb5427555aa7b.source_polynomial' depends on axioms: [propext,
 Classical.choice,
 Quot.sound]
'PerfectPower.PowerFreePacket_a53eb5427555aa7b.degree_checked' depends on axioms: [propext,
 Classical.choice,
 Quot.sound]
'PerfectPower.PowerFreePacket_a53eb5427555aa7b.bezout_checked' depends on axioms: [propext,
 Classical.choice,
 Quot.sound]
'PerfectPower.PowerFreePacket_a53eb5427555aa7b.exceptional_checked' depends on axioms: [propext,
 Classical.choice,
 Quot.sound]
'PerfectPower.PowerFreePacket_a53eb5427555aa7b.locally_admissible_checked' depends on axioms: [propext,
 Classical.choice,
 Quot.sound]
'PerfectPower.PowerFreePacket_5bbb619f6074e5fa.roots_2_checked' depends on axioms: [propext,
 Classical.choice,
 Quot.sound]
'PerfectPower.PowerFreePacket_5bbb619f6074e5fa.rho_2_checked' depends on axioms: [propext, Classical.choice, Quot.sound]
'PerfectPower.PowerFreePacket_5bbb619f6074e5fa.roots_2_complete' depends on axioms: [propext,
 Classical.choice,
 Quot.sound]
'PerfectPower.PowerFreePacket_5bbb619f6074e5fa.roots_3_checked' depends on axioms: [propext,
 Classical.choice,
 Quot.sound]
'PerfectPower.PowerFreePacket_5bbb619f6074e5fa.rho_3_checked' depends on axioms: [propext, Classical.choice, Quot.sound]
'PerfectPower.PowerFreePacket_5bbb619f6074e5fa.roots_3_complete' depends on axioms: [propext,
 Classical.choice,
 Quot.sound]
'PerfectPower.PowerFreePacket_5bbb619f6074e5fa.source_polynomial' depends on axioms: [propext,
 Classical.choice,
 Quot.sound]
'PerfectPower.PowerFreePacket_5bbb619f6074e5fa.degree_checked' depends on axioms: [propext,
 Classical.choice,
 Quot.sound]
'PerfectPower.PowerFreePacket_5bbb619f6074e5fa.bezout_checked' depends on axioms: [propext,
 Classical.choice,
 Quot.sound]
'PerfectPower.PowerFreePacket_5bbb619f6074e5fa.exceptional_checked' depends on axioms: [propext,
 Classical.choice,
 Quot.sound]
'PerfectPower.PowerFreePacket_5bbb619f6074e5fa.locally_admissible_checked' depends on axioms: [propext,
 Classical.choice,
 Quot.sound]
'PerfectPower.PowerFreePacket_da7536019496d7b4.roots_2_checked' depends on axioms: [propext,
 Classical.choice,
 Quot.sound]
'PerfectPower.PowerFreePacket_da7536019496d7b4.rho_2_checked' depends on axioms: [propext, Classical.choice, Quot.sound]
'PerfectPower.PowerFreePacket_da7536019496d7b4.roots_2_complete' depends on axioms: [propext,
 Classical.choice,
 Quot.sound]
'PerfectPower.PowerFreePacket_da7536019496d7b4.roots_3_checked' depends on axioms: [propext,
 Classical.choice,
 Quot.sound]
'PerfectPower.PowerFreePacket_da7536019496d7b4.rho_3_checked' depends on axioms: [propext, Classical.choice, Quot.sound]
'PerfectPower.PowerFreePacket_da7536019496d7b4.roots_3_complete' depends on axioms: [propext,
 Classical.choice,
 Quot.sound]
'PerfectPower.PowerFreePacket_da7536019496d7b4.source_polynomial' depends on axioms: [propext,
 Classical.choice,
 Quot.sound]
'PerfectPower.PowerFreePacket_da7536019496d7b4.degree_checked' depends on axioms: [propext,
 Classical.choice,
 Quot.sound]
'PerfectPower.PowerFreePacket_da7536019496d7b4.bezout_checked' depends on axioms: [propext,
 Classical.choice,
 Quot.sound]
'PerfectPower.PowerFreePacket_da7536019496d7b4.exceptional_checked' depends on axioms: [propext,
 Classical.choice,
 Quot.sound]
'PerfectPower.PowerFreePacket_da7536019496d7b4.locally_admissible_checked' depends on axioms: [propext,
 Classical.choice,
 Quot.sound]
'PerfectPower.PowerFreePacket_e7bc42e201c1b877.roots_2_checked' depends on axioms: [propext,
 Classical.choice,
 Quot.sound]
'PerfectPower.PowerFreePacket_e7bc42e201c1b877.rho_2_checked' depends on axioms: [propext, Classical.choice, Quot.sound]
'PerfectPower.PowerFreePacket_e7bc42e201c1b877.roots_2_complete' depends on axioms: [propext,
 Classical.choice,
 Quot.sound]
'PerfectPower.PowerFreePacket_e7bc42e201c1b877.roots_3_checked' depends on axioms: [propext,
 Classical.choice,
 Quot.sound]
'PerfectPower.PowerFreePacket_e7bc42e201c1b877.rho_3_checked' depends on axioms: [propext, Classical.choice, Quot.sound]
'PerfectPower.PowerFreePacket_e7bc42e201c1b877.roots_3_complete' depends on axioms: [propext,
 Classical.choice,
 Quot.sound]
'PerfectPower.PowerFreePacket_e7bc42e201c1b877.roots_5_checked' depends on axioms: [propext,
 Classical.choice,
 Quot.sound]
'PerfectPower.PowerFreePacket_e7bc42e201c1b877.rho_5_checked' depends on axioms: [propext, Classical.choice, Quot.sound]
'PerfectPower.PowerFreePacket_e7bc42e201c1b877.roots_5_complete' depends on axioms: [propext,
 Classical.choice,
 Quot.sound]
'PerfectPower.PowerFreePacket_e7bc42e201c1b877.roots_7_checked' depends on axioms: [propext,
 Classical.choice,
 Quot.sound]
'PerfectPower.PowerFreePacket_e7bc42e201c1b877.rho_7_checked' depends on axioms: [propext, Classical.choice, Quot.sound]
'PerfectPower.PowerFreePacket_e7bc42e201c1b877.roots_7_complete' depends on axioms: [propext,
 Classical.choice,
 Quot.sound]
'PerfectPower.PowerFreePacket_e7bc42e201c1b877.source_polynomial' depends on axioms: [propext,
 Classical.choice,
 Quot.sound]
'PerfectPower.PowerFreePacket_e7bc42e201c1b877.degree_checked' depends on axioms: [propext,
 Classical.choice,
 Quot.sound]
'PerfectPower.PowerFreePacket_e7bc42e201c1b877.bezout_checked' depends on axioms: [propext,
 Classical.choice,
 Quot.sound]
'PerfectPower.PowerFreePacket_e7bc42e201c1b877.exceptional_checked' depends on axioms: [propext,
 Classical.choice,
 Quot.sound]
'PerfectPower.PowerFreePacket_e7bc42e201c1b877.locally_admissible_checked' depends on axioms: [propext,
 Classical.choice,
 Quot.sound]
'PerfectPower.PowerFreePacket_f6da4881d5ba7c10.roots_2_checked' depends on axioms: [propext,
 Classical.choice,
 Quot.sound]
'PerfectPower.PowerFreePacket_f6da4881d5ba7c10.rho_2_checked' depends on axioms: [propext, Classical.choice, Quot.sound]
'PerfectPower.PowerFreePacket_f6da4881d5ba7c10.roots_2_complete' depends on axioms: [propext,
 Classical.choice,
 Quot.sound]
'PerfectPower.PowerFreePacket_f6da4881d5ba7c10.roots_3_checked' depends on axioms: [propext,
 Classical.choice,
 Quot.sound]
'PerfectPower.PowerFreePacket_f6da4881d5ba7c10.rho_3_checked' depends on axioms: [propext, Classical.choice, Quot.sound]
'PerfectPower.PowerFreePacket_f6da4881d5ba7c10.roots_3_complete' depends on axioms: [propext,
 Classical.choice,
 Quot.sound]
'PerfectPower.PowerFreePacket_f6da4881d5ba7c10.source_polynomial' depends on axioms: [propext,
 Classical.choice,
 Quot.sound]
'PerfectPower.PowerFreePacket_f6da4881d5ba7c10.degree_checked' depends on axioms: [propext,
 Classical.choice,
 Quot.sound]
'PerfectPower.PowerFreePacket_f6da4881d5ba7c10.bezout_checked' depends on axioms: [propext,
 Classical.choice,
 Quot.sound]
'PerfectPower.PowerFreePacket_f6da4881d5ba7c10.exceptional_checked' depends on axioms: [propext,
 Classical.choice,
 Quot.sound]
'PerfectPower.PowerFreePacket_f6da4881d5ba7c10.locally_admissible_checked' depends on axioms: [propext,
 Classical.choice,
 Quot.sound]
'PerfectPower.PowerFreePacket_13063aae1cb59d5d.roots_2_checked' depends on axioms: [propext,
 Classical.choice,
 Quot.sound]
'PerfectPower.PowerFreePacket_13063aae1cb59d5d.rho_2_checked' depends on axioms: [propext, Classical.choice, Quot.sound]
'PerfectPower.PowerFreePacket_13063aae1cb59d5d.roots_2_complete' depends on axioms: [propext,
 Classical.choice,
 Quot.sound]
'PerfectPower.PowerFreePacket_13063aae1cb59d5d.source_polynomial' depends on axioms: [propext,
 Classical.choice,
 Quot.sound]
'PerfectPower.PowerFreePacket_13063aae1cb59d5d.degree_checked' depends on axioms: [propext,
 Classical.choice,
 Quot.sound]
'PerfectPower.PowerFreePacket_13063aae1cb59d5d.bezout_checked' depends on axioms: [propext,
 Classical.choice,
 Quot.sound]
'PerfectPower.PowerFreePacket_13063aae1cb59d5d.exceptional_checked' depends on axioms: [propext,
 Classical.choice,
 Quot.sound]
'PerfectPower.PowerFreePacket_13063aae1cb59d5d.fixed_divisor_checked' depends on axioms: [propext,
 Classical.choice,
 Quot.sound]
'PerfectPower.PowerFreePacket_211bd412a3bac54a.source_polynomial' depends on axioms: [propext,
 Classical.choice,
 Quot.sound]
'PerfectPower.PowerFreePacket_211bd412a3bac54a.degree_checked' depends on axioms: [propext,
 Classical.choice,
 Quot.sound]
'PerfectPower.PowerFreePacket_211bd412a3bac54a.bezout_checked' depends on axioms: [propext,
 Classical.choice,
 Quot.sound]
'PerfectPower.PowerFreePacket_211bd412a3bac54a.exceptional_checked' depends on axioms: [propext,
 Classical.choice,
 Quot.sound]
'PerfectPower.PowerFreePacket_211bd412a3bac54a.locally_admissible_checked' depends on axioms: [propext,
 Classical.choice,
 Quot.sound]
