{
  "topology_rows": 12320,
  "source_quartics": 3080,
  "powers": [
    2,
    3,
    4,
    6
  ],
  "unique_monodromy_patterns": 12,
  "exact_connection_matrices": 12,
  "cell_model_genera": [
    0,
    1,
    2,
    3,
    4,
    7
  ],
  "examples": 10,
  "genus_distribution": {
    "1": 3080,
    "3": 6092,
    "7": 3046,
    "0": 46,
    "2": 28,
    "4": 28
  },
  "complex_power_rows": 0,
  "integer_root_rows": 0,
  "source_sha256": "4702fafb4396f7158faeeacd8b8bb85dcf5437a1d2f22aa7b17b32d296a2216b",
  "execution_verified": false,
  "scope": "topology and finite exact matrices; no intrinsic Voronoi construction, periods or new arithmetic height theorem"
}
