{
  "actual_source_terms": 26,
  "eliminated_norm_terms": 100,
  "existing_source_match": true,
  "exact_Darboux_factors": 6,
  "random_quadratic_sources": 200,
  "independent_auxiliary_fibre_checks": 1800,
  "affine_norm_equations": 90,
  "independently_compared_original_norm_points": 338,
  "finite_jet_order": 7,
  "b7_first_output_order": 7,
  "b7_output_coefficient": "1/128",
  "Lean_status": "sources emitted; compilation must be recorded separately",
  "excluded_claims": [
    "global transcendence",
    "all-degree Darboux classification",
    "infinite analytic continuation",
    "generic compiler refinement"
  ]
}
