12 exact bounded packets; 11 native programs emitted
..............
----------------------------------------------------------------------
Ran 14 tests in 0.006s

OK
✔ [2815/2816] Built PerfectPower.ResidueDeterminantCertificate
✔ [2816/2816] Built PerfectPower.IntegralKernelWitness
Build completed successfully.
'PerfectPower.IntegralKernelWitness.integralKernelMatrix_map' depends on axioms: [propext, Classical.choice, Quot.sound]
'PerfectPower.IntegralKernelWitness.mul_integralKernelMatrix' depends on axioms: [propext, Classical.choice, Quot.sound]
'PerfectPower.IntegralKernelWitness.integralKernelMatrix_mulVec_of_kernel' depends on axioms: [propext,
 Classical.choice,
 Quot.sound]
'PerfectPower.IntegralKernelWitness.gram_det_ne_zero_of_linearIndependent' depends on axioms: [propext,
 Classical.choice,
 Quot.sound]
'PerfectPower.IntegralKernelWitness.mulVec_eq_zero_of_row_mem_span' depends on axioms: [propext,
 Classical.choice,
 Quot.sound]
'PerfectPower.IntegralKernelWitness.integralKernelMatrix_column_mem_kernel' depends on axioms: [propext,
 Classical.choice,
 Quot.sound]
'PerfectPower.IntegralKernelWitness.mem_span_integralKernelMatrix_columns' depends on axioms: [propext,
 Classical.choice,
 Quot.sound]
'PerfectPower.ResidueDeterminantCertificate.pow_sum_dvd_det_of_row_dvd' depends on axioms: [propext,
 Classical.choice,
 Quot.sound]
'PerfectPower.ResidueDeterminantCertificate.determinant_dvd_of_local_expansion' depends on axioms: [propext,
 Classical.choice,
 Quot.sound]
'PerfectPower.ResidueDeterminantCertificate.determinant_dvd_polynomial_eval' depends on axioms: [propext,
 Classical.choice,
 Quot.sound]
'PerfectPower.ResidueDeterminantCertificate.det_abs_le_row_product' depends on axioms: [propext,
 Classical.choice,
 Quot.sound]
'PerfectPower.ResidueDeterminantCertificate.determinant_zero_of_divisor_bound' depends on axioms: [propext,
 Classical.choice,
 Quot.sound]
'PerfectPower.ResidueDeterminantCertificate.determinant_dvd_of_transform' depends on axioms: [propext,
 Classical.choice,
 Quot.sound]
'PerfectPower.ResidueDeterminantCertificate.relation_of_kernel_column' depends on axioms: [propext,
 Classical.choice,
 Quot.sound]
'IntegralIndexGap.missing_is_kernel' depends on axioms: [propext, Classical.choice, Quot.sound]
'IntegralIndexGap.missing_not_column_combination' depends on axioms: [propext, Classical.choice, Quot.sound]
'Kernel_f2840061625088c0.rational_spanning' depends on axioms: [propext, Classical.choice, Quot.sound]
'Kernel_f2840061625088c0.relation0' depends on axioms: [propext, Classical.choice, Quot.sound]
'Kernel_f2840061625088c0.annihilates' depends on axioms: [propext, Classical.choice, Quot.sound]
'Kernel_f2840061625088c0.evaluation_source' depends on axioms: [propext, Classical.choice, Quot.sound]
'Kernel_f2840061625088c0.source_relation0' depends on axioms: [propext, Classical.choice, Quot.sound]
'Determinant_72a80eccf47ee30c.determinant_zero' depends on axioms: [propext, Classical.choice, Quot.sound]
'Kernel_02bb339b209d7de9.rational_spanning' depends on axioms: [propext, Classical.choice, Quot.sound]
'Kernel_02bb339b209d7de9.annihilates' depends on axioms: [propext, Classical.choice, Quot.sound]
'Kernel_3e03ce0296d198be.rational_spanning' depends on axioms: [propext, Classical.choice, Quot.sound]
'Kernel_3e03ce0296d198be.relation0' depends on axioms: [propext, Classical.choice, Quot.sound]
'Kernel_3e03ce0296d198be.relation1' depends on axioms: [propext, Classical.choice, Quot.sound]
'Kernel_3e03ce0296d198be.relation2' depends on axioms: [propext, Classical.choice, Quot.sound]
'Kernel_3e03ce0296d198be.annihilates' depends on axioms: [propext, Classical.choice, Quot.sound]
'Determinant_b8bb691d6a7ed750.determinant_zero' depends on axioms: [propext, Classical.choice, Quot.sound]
'Kernel_3008c76dc53b3669.rational_spanning' depends on axioms: [propext, Classical.choice, Quot.sound]
'Kernel_3008c76dc53b3669.relation0' depends on axioms: [propext, Classical.choice, Quot.sound]
'Kernel_3008c76dc53b3669.relation1' depends on axioms: [propext, Classical.choice, Quot.sound]
'Kernel_3008c76dc53b3669.relation2' depends on axioms: [propext, Classical.choice, Quot.sound]
'Kernel_3008c76dc53b3669.annihilates' depends on axioms: [propext, Classical.choice, Quot.sound]
'Kernel_3008c76dc53b3669.evaluation_source' depends on axioms: [propext, Classical.choice, Quot.sound]
'Kernel_3008c76dc53b3669.source_relation0' depends on axioms: [propext, Classical.choice, Quot.sound]
'Kernel_3008c76dc53b3669.source_relation1' depends on axioms: [propext, Classical.choice, Quot.sound]
'Kernel_3008c76dc53b3669.source_relation2' depends on axioms: [propext, Classical.choice, Quot.sound]
'Kernel_f2840061625088c0.rational_spanning' depends on axioms: [propext, Classical.choice, Quot.sound]
'Kernel_f2840061625088c0.relation0' depends on axioms: [propext, Classical.choice, Quot.sound]
'Kernel_f2840061625088c0.annihilates' depends on axioms: [propext, Classical.choice, Quot.sound]
'Kernel_f2840061625088c0.evaluation_source' depends on axioms: [propext, Classical.choice, Quot.sound]
'Kernel_f2840061625088c0.source_relation0' depends on axioms: [propext, Classical.choice, Quot.sound]
'Kernel_0581004d10e78236.rational_spanning' depends on axioms: [propext, Classical.choice, Quot.sound]
'Kernel_0581004d10e78236.relation0' depends on axioms: [propext, Classical.choice, Quot.sound]
'Kernel_0581004d10e78236.annihilates' depends on axioms: [propext, Classical.choice, Quot.sound]
'Kernel_0581004d10e78236.evaluation_source' depends on axioms: [propext, Classical.choice, Quot.sound]
'Kernel_0581004d10e78236.source_relation0' depends on axioms: [propext, Classical.choice, Quot.sound]
'Kernel_72b3d78b741a8a15.rational_spanning' depends on axioms: [propext, Classical.choice, Quot.sound]
'Kernel_72b3d78b741a8a15.relation0' depends on axioms: [propext, Classical.choice, Quot.sound]
'Kernel_72b3d78b741a8a15.relation1' depends on axioms: [propext, Classical.choice, Quot.sound]
'Kernel_72b3d78b741a8a15.relation2' depends on axioms: [propext, Classical.choice, Quot.sound]
'Kernel_72b3d78b741a8a15.annihilates' depends on axioms: [propext, Classical.choice, Quot.sound]
'Determinant_7cf1e9e6d288aea1.determinant_zero' depends on axioms: [propext, Classical.choice, Quot.sound]
'Kernel_209bd2bd5a8e4172.relation0' depends on axioms: [propext, Classical.choice, Quot.sound]
'Kernel_209bd2bd5a8e4172.relation1' depends on axioms: [propext, Classical.choice, Quot.sound]
'Kernel_209bd2bd5a8e4172.relation2' depends on axioms: [propext, Classical.choice, Quot.sound]
'Kernel_209bd2bd5a8e4172.annihilates' depends on axioms: [propext, Classical.choice, Quot.sound]
focused axioms: standard only
