'PerfectPower.IntegralKernelWitness.integralKernelMatrix_map' depends on axioms: [propext, Classical.choice, Quot.sound]
'PerfectPower.IntegralKernelWitness.mul_integralKernelMatrix' depends on axioms: [propext, Classical.choice, Quot.sound]
'PerfectPower.IntegralKernelWitness.integralKernelMatrix_mulVec_of_kernel' depends on axioms: [propext,
 Classical.choice,
 Quot.sound]
'PerfectPower.IntegralKernelWitness.gram_det_ne_zero_of_linearIndependent' depends on axioms: [propext,
 Classical.choice,
 Quot.sound]
'PerfectPower.IntegralKernelWitness.mulVec_eq_zero_of_row_mem_span' depends on axioms: [propext,
 Classical.choice,
 Quot.sound]
'PerfectPower.IntegralKernelWitness.integralKernelMatrix_column_mem_kernel' depends on axioms: [propext,
 Classical.choice,
 Quot.sound]
'PerfectPower.IntegralKernelWitness.mem_span_integralKernelMatrix_columns' depends on axioms: [propext,
 Classical.choice,
 Quot.sound]
'PerfectPower.ResidueDeterminantCertificate.pow_sum_dvd_det_of_row_dvd' depends on axioms: [propext,
 Classical.choice,
 Quot.sound]
'PerfectPower.ResidueDeterminantCertificate.determinant_dvd_of_local_expansion' depends on axioms: [propext,
 Classical.choice,
 Quot.sound]
'PerfectPower.ResidueDeterminantCertificate.determinant_dvd_polynomial_eval' depends on axioms: [propext,
 Classical.choice,
 Quot.sound]
'PerfectPower.ResidueDeterminantCertificate.det_abs_le_row_product' depends on axioms: [propext,
 Classical.choice,
 Quot.sound]
'PerfectPower.ResidueDeterminantCertificate.determinant_zero_of_divisor_bound' depends on axioms: [propext,
 Classical.choice,
 Quot.sound]
'PerfectPower.ResidueDeterminantCertificate.determinant_dvd_of_transform' depends on axioms: [propext,
 Classical.choice,
 Quot.sound]
'PerfectPower.ResidueDeterminantCertificate.relation_of_kernel_column' depends on axioms: [propext,
 Classical.choice,
 Quot.sound]
'IntegralIndexGap.missing_is_kernel' depends on axioms: [propext, Classical.choice, Quot.sound]
'IntegralIndexGap.missing_not_column_combination' depends on axioms: [propext, Classical.choice, Quot.sound]
