'PerfectPower.RationalYun.radical_integer_reduction' depends on axioms: [propext, Classical.choice, Quot.sound]
'PerfectPower.RationalYun.Decomposition.integer_radical_reduction' depends on axioms: [propext,
 Classical.choice,
 Quot.sound]
'PerfectPower.RationalYun.Decomposition.integer_pell_reduction' depends on axioms: [propext,
 Classical.choice,
 Quot.sound]
'PerfectPower.RationalYun.Decomposition.quotientPart' depends on axioms: [propext, Classical.choice, Quot.sound]
'PerfectPower.RationalYun.Decomposition.remainderPart' depends on axioms: [propext, Classical.choice, Quot.sound]
'PerfectPower.RationalYun.Decomposition.powerSplit' depends on axioms: [propext, Classical.choice, Quot.sound]
'PerfectPower.RationalYun.Decomposition.weighted_degree' depends on axioms: [propext, Classical.choice, Quot.sound]
'PerfectPower.RationalYun.Decomposition.single_remainder' depends on axioms: [propext, Classical.choice, Quot.sound]
'PerfectPower.RationalYun.Decomposition.uniform_remainder' depends on axioms: [propext, Classical.choice, Quot.sound]
'PerfectPower.RationalYun.Decomposition.lead_eq_leadingCoeff' depends on axioms: [propext, Classical.choice, Quot.sound]
'PerfectPower.RationalYun.Decomposition.radical_shape' depends on axioms: [propext, Classical.choice, Quot.sound]
'PerfectPower.RationalYun.Decomposition.pellPart' depends on axioms: [propext, Classical.choice, Quot.sound]
'PerfectPower.RationalYun.Decomposition.pell_shape' depends on axioms: [propext, Classical.choice, Quot.sound]
'PerfectPower.RationalYun.unique_summand_of_sum_one' depends on axioms: [propext, Classical.choice, Quot.sound]
'PerfectPower.RationalYun.Decomposition.badDegree' depends on axioms: [propext, Classical.choice, Quot.sound]
'PerfectPower.RationalYun.Decomposition.radical_shape_of_badDegree_one' depends on axioms: [propext,
 Classical.choice,
 Quot.sound]
'PerfectPower.RationalYun.RatPower' depends on axioms: [propext, Classical.choice, Quot.sound]
'PerfectPower.RationalYun.ratPower_mul_pow_iff' depends on axioms: [propext, Classical.choice, Quot.sound]
'PerfectPower.RationalYun.integer_factor_reduction' depends on axioms: [propext, Classical.choice, Quot.sound]
'PerfectPower.RationalYun.Decomposition.hit_reduction' depends on axioms: [propext, Classical.choice, Quot.sound]
'PerfectPower.RationalYun.rat_even_power_reduction' depends on axioms: [propext, Classical.choice, Quot.sound]
'PerfectPower.RationalYun.pell_factor_reduction' depends on axioms: [propext, Classical.choice, Quot.sound]
'PerfectPower.RationalYun.opposite_squares_iff_zero' depends on axioms: [propext, Classical.choice, Quot.sound]
'PerfectPower.RationalYun.bag' depends on axioms: [propext, Classical.choice, Quot.sound]
'PerfectPower.RationalYun.layerSet' depends on axioms: [propext, Classical.choice, Quot.sound]
'PerfectPower.RationalYun.layer' depends on axioms: [propext, Classical.choice, Quot.sound]
'PerfectPower.RationalYun.normalized_irreducibles_coprime' depends on axioms: [propext, Classical.choice, Quot.sound]
'PerfectPower.RationalYun.layer_mem' depends on axioms: [propext, Classical.choice, Quot.sound]
'PerfectPower.RationalYun.layer_monic' depends on axioms: [propext, Classical.choice, Quot.sound]
'PerfectPower.RationalYun.squarefree_product' depends on axioms: [propext, Classical.choice, Quot.sound]
'PerfectPower.RationalYun.layer_squarefree' depends on axioms: [propext, Classical.choice, Quot.sound]
'PerfectPower.RationalYun.layers_coprime' depends on axioms: [propext, Classical.choice, Quot.sound]
'PerfectPower.RationalYun.grouped_product' depends on axioms: [propext, Classical.choice, Quot.sound]
'PerfectPower.RationalYun.ofNonzero' depends on axioms: [propext, Classical.choice, Quot.sound]
'PerfectPower.RationalYun.exists_decomposition' depends on axioms: [propext, Classical.choice, Quot.sound]
'PerfectPower.RationalYun.exists_integer_decomposition' depends on axioms: [propext, Classical.choice, Quot.sound]
'PerfectPower.RationalYun.Decomposition.ne_zero' depends on axioms: [propext, Classical.choice, Quot.sound]
'PerfectPower.RationalYun.decomposition_iff_nonzero' depends on axioms: [propext, Classical.choice, Quot.sound]
'PerfectPower.RationalYun.not_isCoprime_integer_X_X_add_two' depends on axioms: [propext, Classical.choice, Quot.sound]
'PerfectPower.RationalYun.isCoprime_rational_X_X_add_two' depends on axioms: [propext, Classical.choice, Quot.sound]
