✔ [1434/1454] Built Mathlib.Tactic.CategoryTheory.Coherence.Datatypes
✔ [1436/1454] Built Mathlib.Tactic.CancelDenoms
✔ [1437/1455] Built Mathlib.Tactic.CategoryTheory.BicategoricalComp
✔ [1440/1455] Built Mathlib.Tactic.Bound
✔ [1445/1462] Built Mathlib.CategoryTheory.Bicategory.Functor.Prelax
✔ [1449/1476] Built Mathlib.Tactic.CategoryTheory.Coherence.PureCoherence
✔ [1456/1476] Built Mathlib.CategoryTheory.Quotient
✔ [1459/1478] Built Mathlib.CategoryTheory.Bicategory.LocallyDiscrete
✔ [1460/1481] Built Mathlib.CategoryTheory.PathCategory.Basic
✔ [1464/1491] Built Mathlib.Tactic.CategoryTheory.Bicategory.Datatypes
✔ [1467/1494] Built Mathlib.Tactic.CategoryTheory.ToApp
✔ [1470/1494] Built Mathlib.Tactic.CategoryTheory.Bicategory.PureCoherence
✔ [1471/1494] Built Mathlib.CategoryTheory.Bicategory.Functor.Lax
✔ [1473/1494] Built Mathlib.Tactic.CategoryTheory.IsoReassoc
✔ [1477/1500] Built Mathlib.Tactic.Change
✔ [1478/1500] Built Mathlib.CategoryTheory.Bicategory.Functor.Oplax
✔ [1479/1502] Built Mathlib.Tactic.Clean
✔ [1481/1521] Built Mathlib.CategoryTheory.Adjunction.FullyFaithful
✔ [1492/1521] Built Mathlib.Tactic.CategoryTheory.Coherence.Normalize
✔ [1495/1523] Built Mathlib.Tactic.DeriveCountable
✔ [1496/1523] Built Mathlib.CategoryTheory.Functor.Trifunctor
✔ [1498/1526] Built Mathlib.Tactic.DeriveEncodable
✔ [1500/1526] Built Mathlib.Tactic.CategoryTheory.Coherence.Basic
✔ [1501/1527] Built Mathlib.Tactic.CategoryTheory.Bicategory.Normalize
✔ [1505/1527] Built Mathlib.Control.Traversable.Lemmas
✔ [1506/1528] Built Mathlib.Tactic.Eval
✔ [1507/1530] Built Mathlib.Tactic.ENatToNat
✔ [1508/1530] Built Mathlib.Tactic.DeriveTraversable
✔ [1510/1531] Built Mathlib.Tactic.Explode.Datatypes
✔ [1511/1533] Built Mathlib.CategoryTheory.Bicategory.Functor.Pseudofunctor
✔ [1512/1533] Built Mathlib.Tactic.ExtractLets
✔ [1515/1535] Built Mathlib.Tactic.Explode.Pretty
✔ [1516/1535] Built Mathlib.Tactic.CategoryTheory.Bicategory.Basic
✔ [1520/1566] Built Mathlib.Tactic.FindSyntax
✔ [2088/2111] Built Mathlib.Tactic.Explode
✔ [2092/2112] Built Mathlib.Tactic.Have
✔ [2094/2113] Built Mathlib.Analysis.Calculus.FDeriv.Pi
✔ [2096/2116] Built Mathlib.Tactic.ITauto
✔ [2097/2116] Built Mathlib.Tactic.LiftLets
✔ [2098/2117] Built Mathlib.Std.Data.HashMap
✔ [2099/2117] Built Batteries.Lean.HashMap
✔ [2100/2120] Built Mathlib.CategoryTheory.Bicategory.Free
✔ [2101/2120] Built Mathlib.CategoryTheory.Monoidal.Category
✔ [2102/2120] Built Mathlib.Tactic.FunProp.Differentiable
✔ [2103/2123] Built Batteries.Data.Array.Match
✔ [2104/2123] Built Mathlib.Tactic.Linarith.Oracle.FourierMotzkin
✔ [2105/2123] Built Mathlib.Tactic.LinearCombination'
✔ [2107/2123] Built Mathlib.Tactic.CategoryTheory.MonoidalComp
✔ [2108/2123] Built Batteries.Data.String.Matcher
✔ [2109/2126] Built Mathlib.Tactic.FunProp.ContDiff
✔ [2111/2127] Built Mathlib.Tactic.ModCases
✔ [2112/2127] Built Mathlib.Tactic.Monotonicity.Lemmas
✔ [2113/2127] Built Mathlib.Tactic.Linter.TextBased
✔ [2114/2128] Built Mathlib.Tactic.MoveAdd
✔ [2115/2128] Built Mathlib.Tactic.CategoryTheory.Monoidal.Datatypes
✔ [2117/2128] Built Mathlib.Tactic.Monotonicity
✔ [2118/2128] Built Mathlib.CategoryTheory.Bicategory.Coherence
✔ [2119/2128] Built Mathlib.Tactic.CategoryTheory.Monoidal.PureCoherence
✔ [2120/2147] Built Mathlib.Tactic.CategoryTheory.BicategoryCoherence
✔ [2173/2199] Built Mathlib.Tactic.NormNum.BigOperators
✔ [2185/2199] Built Mathlib.Data.Rat.Sqrt
✔ [2190/2283] Built Mathlib.Tactic.NormNum.IsCoprime
✔ [2754/2780] Built Mathlib.Tactic.CategoryTheory.Monoidal.Normalize
✔ [2757/2780] Built Mathlib.Data.Real.Irrational
✔ [2758/2781] Built Mathlib.Tactic.NormNum.NatFactorial
✔ [2760/2782] Built Mathlib.Tactic.NormNum.NatLog
✔ [2761/2782] Built Mathlib.Data.Nat.Fib.Basic
✔ [2762/2783] Built Mathlib.Tactic.NormNum.NatSqrt
✔ [2764/2784] Built Mathlib.Tactic.NormNum.PowMod
✔ [2765/2784] Built Mathlib.Tactic.NormNum.Irrational
✔ [2766/2785] Built Mathlib.CategoryTheory.Monoidal.Functor
✔ [2768/2786] Built Mathlib.Tactic.NormNum.NatFib
✔ [2769/2787] Built Mathlib.Tactic.CategoryTheory.Monoidal.Basic
✔ [2770/2787] Built Mathlib.Tactic.NormNum.Prime
✔ [2771/2788] Built Mathlib.Tactic.PNatToNat
✔ [2773/2788] Built Mathlib.Tactic.NormNum.RealSqrt
✔ [2774/2791] Built Mathlib.Tactic.Recall
✔ [2776/2791] Built Mathlib.Tactic.ReduceModChar.Ext
✔ [2777/2791] Built Mathlib.Tactic.ProdAssoc
✔ [2779/2793] Built Mathlib.Tactic.Replace
✔ [2780/2797] Built Mathlib.CategoryTheory.Monoidal.Free.Basic
✔ [2782/2797] Built Mathlib.Data.List.EditDistance.Defs
✔ [2784/2800] Built Mathlib.Lean.Thunk
✔ [2785/2800] Built Mathlib.Tactic.ReduceModChar
✔ [2786/2800] Built Batteries.Data.MLList.Heartbeats
✔ [2787/2800] Built Mathlib.Data.List.EditDistance.Bounds
✔ [2789/2803] Built Mathlib.Tactic.Polyrith
✔ [2790/2804] Built Mathlib.Order.Estimator
✔ [2792/2804] Built ProofWidgets.Component.PenroseDiagram
✔ [2793/2805] Built Mathlib.CategoryTheory.Monoidal.Free.Coherence
✔ [2794/2805] Built ProofWidgets.Presentation.Expr
✔ [2795/2807] Built Mathlib.Tactic.Sat.FromLRAT
✔ [2796/2807] Built Mathlib.Tactic.Widget.GCongr
✔ [2797/2807] Built Mathlib.Lean.GoalsLocation
✔ [2798/2807] Built Mathlib.Data.List.EditDistance.Estimator
✔ [2799/2807] Built Mathlib.Tactic.Widget.CommDiag
✔ [2800/2813] Built Mathlib.Tactic.CategoryTheory.Coherence
✔ [2801/2813] Built Mathlib.Lean.Meta.KAbstractPositions
✔ [2802/2813] Built ProofWidgets.Component.Panel.Basic
✔ [2803/2813] Built ProofWidgets.Component.HtmlDisplay
✔ [2805/2826] Built Mathlib.Tactic.Widget.InteractiveUnfold
✔ [2816/2826] Built Mathlib.NumberTheory.LegendreSymbol.JacobiSymbol
✔ [2817/2826] Built Mathlib.Tactic.NormNum.LegendreSymbol
✔ [2818/2826] Built Mathlib.Tactic.Widget.StringDiagram
✔ [2819/2826] Built Mathlib.Data.MLList.BestFirst
✔ [2820/2826] Built Mathlib.Tactic.RewriteSearch
✔ [2821/2826] Built Mathlib.Tactic
✔ [2822/2826] Built PerfectPower.Continuation.RationalYun
✔ [2823/2826] Built PerfectPower.Continuation.PowerSplit
✔ [2824/2826] Built PerfectPower.Continuation.RationalHit
✔ [2825/2826] Built PerfectPower.Continuation.ProfileReduction
✔ [2826/2826] Built PerfectPower.Continuation.DenominatorReduction
Build completed successfully.
