audit/NativeHalvesRefinement.lean:9:94: warning: 'norm_num [Polynomial.coeff_one, Polynomial.coeff_X]' tactic does nothing
note: this linter can be disabled with `set_option linter.unusedTactic false`
audit/NativeHalvesRefinement.lean:9:94: warning: this tactic is never executed
note: this linter can be disabled with `set_option linter.unreachableTactic false`
audit/NativeHalvesRefinement.lean:19:65: warning: Used `tac1 <;> tac2` where `(tac1; tac2)` would suffice
note: this linter can be disabled with `set_option linter.unnecessarySeqFocus false`
audit/NativeHalvesRefinement.lean:19:79: warning: Used `tac1 <;> tac2` where `(tac1; tac2)` would suffice
note: this linter can be disabled with `set_option linter.unnecessarySeqFocus false`
audit/NativeHalvesRefinement.lean:27:17: warning: 'ring' tactic does nothing
note: this linter can be disabled with `set_option linter.unusedTactic false`
audit/NativeHalvesRefinement.lean:29:86: warning: 'norm_num [Polynomial.coeff_one, Polynomial.coeff_X]' tactic does nothing
note: this linter can be disabled with `set_option linter.unusedTactic false`
audit/NativeHalvesRefinement.lean:27:17: warning: this tactic is never executed
note: this linter can be disabled with `set_option linter.unreachableTactic false`
audit/NativeHalvesRefinement.lean:29:86: warning: this tactic is never executed
note: this linter can be disabled with `set_option linter.unreachableTactic false`
audit/NativeHalvesRefinement.lean:31:67: warning: Used `tac1 <;> tac2` where `(tac1; tac2)` would suffice
note: this linter can be disabled with `set_option linter.unnecessarySeqFocus false`
audit/NativeHalvesRefinement.lean:31:87: warning: Used `tac1 <;> tac2` where `(tac1; tac2)` would suffice
note: this linter can be disabled with `set_option linter.unnecessarySeqFocus false`
'PerfectPower.HalvesPacket_02eb92c8942723eb.native_roots_checked' depends on axioms: [propext,
 Classical.choice,
 Quot.sound]
'PerfectPower.HalvesPacket_02eb92c8942723eb.source_complete' depends on axioms: [propext, Classical.choice, Quot.sound]
audit/NativeHalvesRefinement.lean:66:46: warning: Used `tac1 <;> tac2` where `(tac1; tac2)` would suffice
note: this linter can be disabled with `set_option linter.unnecessarySeqFocus false`
'PerfectPower.HalvesPacket_02eb92c8942723eb.smooth_checked' depends on axioms: [propext, Classical.choice, Quot.sound]
'PerfectPower.HalvesPacket_02eb92c8942723eb.actual_two_torsion_complete' depends on axioms: [propext,
 Classical.choice,
 Quot.sound]
'PerfectPower.HalvesPacket_02eb92c8942723eb.actual_halves_complete' depends on axioms: [propext,
 Classical.choice,
 Quot.sound]
'PerfectPower.HalvesPacket_02eb92c8942723eb.literal_fibre_complete' depends on axioms: [propext,
 Classical.choice,
 Quot.sound]
'PerfectPower.HalvesPacket_02eb92c8942723eb.original_target_checked' depends on axioms: [propext,
 Classical.choice,
 Quot.sound]
'PerfectPower.HalvesPacket_02eb92c8942723eb.completed_json_list_checked' depends on axioms: [propext,
 Classical.choice,
 Quot.sound]
'PerfectPower.HalvesPacket_02eb92c8942723eb.original_halves_complete' depends on axioms: [propext,
 Classical.choice,
 Quot.sound]
'PerfectPower.HalvesPacket_02eb92c8942723eb.original_json_list_checked' depends on axioms: [propext,
 Classical.choice,
 Quot.sound]
audit/NativeHalvesRefinement.lean:159:94: warning: 'norm_num [Polynomial.coeff_one, Polynomial.coeff_X]' tactic does nothing
note: this linter can be disabled with `set_option linter.unusedTactic false`
audit/NativeHalvesRefinement.lean:159:94: warning: this tactic is never executed
note: this linter can be disabled with `set_option linter.unreachableTactic false`
audit/NativeHalvesRefinement.lean:169:83: warning: 'norm_num [Polynomial.coeff_one, Polynomial.coeff_X]' tactic does nothing
note: this linter can be disabled with `set_option linter.unusedTactic false`
audit/NativeHalvesRefinement.lean:169:83: warning: this tactic is never executed
note: this linter can be disabled with `set_option linter.unreachableTactic false`
audit/NativeHalvesRefinement.lean:169:65: warning: Used `tac1 <;> tac2` where `(tac1; tac2)` would suffice
note: this linter can be disabled with `set_option linter.unnecessarySeqFocus false`
audit/NativeHalvesRefinement.lean:177:17: warning: 'ring' tactic does nothing
note: this linter can be disabled with `set_option linter.unusedTactic false`
audit/NativeHalvesRefinement.lean:179:82: warning: 'norm_num [Polynomial.coeff_one, Polynomial.coeff_X]' tactic does nothing
note: this linter can be disabled with `set_option linter.unusedTactic false`
audit/NativeHalvesRefinement.lean:181:91: warning: 'norm_num [Polynomial.coeff_one, Polynomial.coeff_X]' tactic does nothing
note: this linter can be disabled with `set_option linter.unusedTactic false`
audit/NativeHalvesRefinement.lean:177:17: warning: this tactic is never executed
note: this linter can be disabled with `set_option linter.unreachableTactic false`
audit/NativeHalvesRefinement.lean:179:82: warning: this tactic is never executed
note: this linter can be disabled with `set_option linter.unreachableTactic false`
audit/NativeHalvesRefinement.lean:181:91: warning: this tactic is never executed
note: this linter can be disabled with `set_option linter.unreachableTactic false`
audit/NativeHalvesRefinement.lean:181:67: warning: Used `tac1 <;> tac2` where `(tac1; tac2)` would suffice
note: this linter can be disabled with `set_option linter.unnecessarySeqFocus false`
'PerfectPower.HalvesPacket_e4d4f24b1f7c7496.native_roots_checked' depends on axioms: [propext,
 Classical.choice,
 Quot.sound]
'PerfectPower.HalvesPacket_e4d4f24b1f7c7496.source_complete' depends on axioms: [propext, Classical.choice, Quot.sound]
audit/NativeHalvesRefinement.lean:216:46: warning: Used `tac1 <;> tac2` where `(tac1; tac2)` would suffice
note: this linter can be disabled with `set_option linter.unnecessarySeqFocus false`
'PerfectPower.HalvesPacket_e4d4f24b1f7c7496.smooth_checked' depends on axioms: [propext, Classical.choice, Quot.sound]
'PerfectPower.HalvesPacket_e4d4f24b1f7c7496.actual_two_torsion_complete' depends on axioms: [propext,
 Classical.choice,
 Quot.sound]
audit/NativeHalvesRefinement.lean:229:94: warning: 'norm_num [Polynomial.coeff_one, Polynomial.coeff_X]' tactic does nothing
note: this linter can be disabled with `set_option linter.unusedTactic false`
audit/NativeHalvesRefinement.lean:229:94: warning: this tactic is never executed
note: this linter can be disabled with `set_option linter.unreachableTactic false`
audit/NativeHalvesRefinement.lean:239:83: warning: 'norm_num [Polynomial.coeff_one, Polynomial.coeff_X]' tactic does nothing
note: this linter can be disabled with `set_option linter.unusedTactic false`
audit/NativeHalvesRefinement.lean:239:83: warning: this tactic is never executed
note: this linter can be disabled with `set_option linter.unreachableTactic false`
audit/NativeHalvesRefinement.lean:239:65: warning: Used `tac1 <;> tac2` where `(tac1; tac2)` would suffice
note: this linter can be disabled with `set_option linter.unnecessarySeqFocus false`
audit/NativeHalvesRefinement.lean:247:17: warning: 'ring' tactic does nothing
note: this linter can be disabled with `set_option linter.unusedTactic false`
audit/NativeHalvesRefinement.lean:249:111: warning: 'norm_num [Polynomial.coeff_one, Polynomial.coeff_X]' tactic does nothing
note: this linter can be disabled with `set_option linter.unusedTactic false`
audit/NativeHalvesRefinement.lean:251:91: warning: 'norm_num [Polynomial.coeff_one, Polynomial.coeff_X]' tactic does nothing
note: this linter can be disabled with `set_option linter.unusedTactic false`
audit/NativeHalvesRefinement.lean:247:17: warning: this tactic is never executed
note: this linter can be disabled with `set_option linter.unreachableTactic false`
audit/NativeHalvesRefinement.lean:249:111: warning: this tactic is never executed
note: this linter can be disabled with `set_option linter.unreachableTactic false`
audit/NativeHalvesRefinement.lean:251:91: warning: this tactic is never executed
note: this linter can be disabled with `set_option linter.unreachableTactic false`
audit/NativeHalvesRefinement.lean:251:67: warning: Used `tac1 <;> tac2` where `(tac1; tac2)` would suffice
note: this linter can be disabled with `set_option linter.unnecessarySeqFocus false`
'PerfectPower.RationalPacket_c09040e3a484be22_e4d4f24b1f7c7496.native_roots_checked' depends on axioms: [propext,
 Classical.choice,
 Quot.sound]
'PerfectPower.RationalPacket_c09040e3a484be22_e4d4f24b1f7c7496.source_complete' depends on axioms: [propext,
 Classical.choice,
 Quot.sound]
audit/NativeHalvesRefinement.lean:281:120: warning: Used `tac1 <;> tac2` where `(tac1; tac2)` would suffice
note: this linter can be disabled with `set_option linter.unnecessarySeqFocus false`
'PerfectPower.HalvesPacket_e4d4f24b1f7c7496.actual_halves_complete' depends on axioms: [propext,
 Classical.choice,
 Quot.sound]
'PerfectPower.HalvesPacket_e4d4f24b1f7c7496.quartic_root_free' depends on axioms: [propext,
 Classical.choice,
 Quot.sound]
'PerfectPower.HalvesPacket_e4d4f24b1f7c7496.literal_fibre_complete' depends on axioms: [propext,
 Classical.choice,
 Quot.sound]
'PerfectPower.HalvesPacket_e4d4f24b1f7c7496.original_target_checked' depends on axioms: [propext,
 Classical.choice,
 Quot.sound]
'PerfectPower.HalvesPacket_e4d4f24b1f7c7496.completed_json_list_checked' depends on axioms: [propext,
 Classical.choice,
 Quot.sound]
'PerfectPower.HalvesPacket_e4d4f24b1f7c7496.original_halves_complete' depends on axioms: [propext,
 Classical.choice,
 Quot.sound]
'PerfectPower.HalvesPacket_e4d4f24b1f7c7496.original_json_list_checked' depends on axioms: [propext,
 Classical.choice,
 Quot.sound]
audit/NativeHalvesRefinement.lean:368:94: warning: 'norm_num [Polynomial.coeff_one, Polynomial.coeff_X]' tactic does nothing
note: this linter can be disabled with `set_option linter.unusedTactic false`
audit/NativeHalvesRefinement.lean:368:94: warning: this tactic is never executed
note: this linter can be disabled with `set_option linter.unreachableTactic false`
audit/NativeHalvesRefinement.lean:378:65: warning: Used `tac1 <;> tac2` where `(tac1; tac2)` would suffice
note: this linter can be disabled with `set_option linter.unnecessarySeqFocus false`
audit/NativeHalvesRefinement.lean:378:79: warning: Used `tac1 <;> tac2` where `(tac1; tac2)` would suffice
note: this linter can be disabled with `set_option linter.unnecessarySeqFocus false`
audit/NativeHalvesRefinement.lean:386:17: warning: 'ring' tactic does nothing
note: this linter can be disabled with `set_option linter.unusedTactic false`
audit/NativeHalvesRefinement.lean:388:86: warning: 'norm_num [Polynomial.coeff_one, Polynomial.coeff_X]' tactic does nothing
note: this linter can be disabled with `set_option linter.unusedTactic false`
audit/NativeHalvesRefinement.lean:386:17: warning: this tactic is never executed
note: this linter can be disabled with `set_option linter.unreachableTactic false`
audit/NativeHalvesRefinement.lean:388:86: warning: this tactic is never executed
note: this linter can be disabled with `set_option linter.unreachableTactic false`
audit/NativeHalvesRefinement.lean:390:67: warning: Used `tac1 <;> tac2` where `(tac1; tac2)` would suffice
note: this linter can be disabled with `set_option linter.unnecessarySeqFocus false`
audit/NativeHalvesRefinement.lean:390:87: warning: Used `tac1 <;> tac2` where `(tac1; tac2)` would suffice
note: this linter can be disabled with `set_option linter.unnecessarySeqFocus false`
'PerfectPower.HalvesPacket_3ad187ec1fe02953.native_roots_checked' depends on axioms: [propext,
 Classical.choice,
 Quot.sound]
'PerfectPower.HalvesPacket_3ad187ec1fe02953.source_complete' depends on axioms: [propext, Classical.choice, Quot.sound]
audit/NativeHalvesRefinement.lean:425:46: warning: Used `tac1 <;> tac2` where `(tac1; tac2)` would suffice
note: this linter can be disabled with `set_option linter.unnecessarySeqFocus false`
'PerfectPower.HalvesPacket_3ad187ec1fe02953.smooth_checked' depends on axioms: [propext, Classical.choice, Quot.sound]
'PerfectPower.HalvesPacket_3ad187ec1fe02953.actual_two_torsion_complete' depends on axioms: [propext,
 Classical.choice,
 Quot.sound]
audit/NativeHalvesRefinement.lean:438:94: warning: 'norm_num [Polynomial.coeff_one, Polynomial.coeff_X]' tactic does nothing
note: this linter can be disabled with `set_option linter.unusedTactic false`
audit/NativeHalvesRefinement.lean:438:94: warning: this tactic is never executed
note: this linter can be disabled with `set_option linter.unreachableTactic false`
audit/NativeHalvesRefinement.lean:448:83: warning: 'norm_num [Polynomial.coeff_one, Polynomial.coeff_X]' tactic does nothing
note: this linter can be disabled with `set_option linter.unusedTactic false`
audit/NativeHalvesRefinement.lean:448:83: warning: this tactic is never executed
note: this linter can be disabled with `set_option linter.unreachableTactic false`
audit/NativeHalvesRefinement.lean:448:65: warning: Used `tac1 <;> tac2` where `(tac1; tac2)` would suffice
note: this linter can be disabled with `set_option linter.unnecessarySeqFocus false`
audit/NativeHalvesRefinement.lean:456:17: warning: 'ring' tactic does nothing
note: this linter can be disabled with `set_option linter.unusedTactic false`
audit/NativeHalvesRefinement.lean:458:95: warning: 'norm_num [Polynomial.coeff_one, Polynomial.coeff_X]' tactic does nothing
note: this linter can be disabled with `set_option linter.unusedTactic false`
audit/NativeHalvesRefinement.lean:460:91: warning: 'norm_num [Polynomial.coeff_one, Polynomial.coeff_X]' tactic does nothing
note: this linter can be disabled with `set_option linter.unusedTactic false`
audit/NativeHalvesRefinement.lean:456:17: warning: this tactic is never executed
note: this linter can be disabled with `set_option linter.unreachableTactic false`
audit/NativeHalvesRefinement.lean:458:95: warning: this tactic is never executed
note: this linter can be disabled with `set_option linter.unreachableTactic false`
audit/NativeHalvesRefinement.lean:460:91: warning: this tactic is never executed
note: this linter can be disabled with `set_option linter.unreachableTactic false`
audit/NativeHalvesRefinement.lean:460:67: warning: Used `tac1 <;> tac2` where `(tac1; tac2)` would suffice
note: this linter can be disabled with `set_option linter.unnecessarySeqFocus false`
'PerfectPower.RationalPacket_ac68ffb54d1621fa_3ad187ec1fe02953.native_roots_checked' depends on axioms: [propext,
 Classical.choice,
 Quot.sound]
'PerfectPower.RationalPacket_ac68ffb54d1621fa_3ad187ec1fe02953.source_complete' depends on axioms: [propext,
 Classical.choice,
 Quot.sound]
audit/NativeHalvesRefinement.lean:490:120: warning: Used `tac1 <;> tac2` where `(tac1; tac2)` would suffice
note: this linter can be disabled with `set_option linter.unnecessarySeqFocus false`
'PerfectPower.HalvesPacket_3ad187ec1fe02953.actual_halves_complete' depends on axioms: [propext,
 Classical.choice,
 Quot.sound]
'PerfectPower.HalvesPacket_3ad187ec1fe02953.quartic_root_free' depends on axioms: [propext,
 Classical.choice,
 Quot.sound]
'PerfectPower.HalvesPacket_3ad187ec1fe02953.literal_fibre_complete' depends on axioms: [propext,
 Classical.choice,
 Quot.sound]
'PerfectPower.HalvesPacket_3ad187ec1fe02953.original_target_checked' depends on axioms: [propext,
 Classical.choice,
 Quot.sound]
'PerfectPower.HalvesPacket_3ad187ec1fe02953.completed_json_list_checked' depends on axioms: [propext,
 Classical.choice,
 Quot.sound]
'PerfectPower.HalvesPacket_3ad187ec1fe02953.original_halves_complete' depends on axioms: [propext,
 Classical.choice,
 Quot.sound]
'PerfectPower.HalvesPacket_3ad187ec1fe02953.original_json_list_checked' depends on axioms: [propext,
 Classical.choice,
 Quot.sound]
audit/NativeHalvesRefinement.lean:577:94: warning: 'norm_num [Polynomial.coeff_one, Polynomial.coeff_X]' tactic does nothing
note: this linter can be disabled with `set_option linter.unusedTactic false`
audit/NativeHalvesRefinement.lean:577:94: warning: this tactic is never executed
note: this linter can be disabled with `set_option linter.unreachableTactic false`
audit/NativeHalvesRefinement.lean:587:83: warning: 'norm_num [Polynomial.coeff_one, Polynomial.coeff_X]' tactic does nothing
note: this linter can be disabled with `set_option linter.unusedTactic false`
audit/NativeHalvesRefinement.lean:587:83: warning: this tactic is never executed
note: this linter can be disabled with `set_option linter.unreachableTactic false`
audit/NativeHalvesRefinement.lean:587:65: warning: Used `tac1 <;> tac2` where `(tac1; tac2)` would suffice
note: this linter can be disabled with `set_option linter.unnecessarySeqFocus false`
audit/NativeHalvesRefinement.lean:595:17: warning: 'ring' tactic does nothing
note: this linter can be disabled with `set_option linter.unusedTactic false`
audit/NativeHalvesRefinement.lean:597:77: warning: 'norm_num [Polynomial.coeff_one, Polynomial.coeff_X]' tactic does nothing
note: this linter can be disabled with `set_option linter.unusedTactic false`
audit/NativeHalvesRefinement.lean:599:91: warning: 'norm_num [Polynomial.coeff_one, Polynomial.coeff_X]' tactic does nothing
note: this linter can be disabled with `set_option linter.unusedTactic false`
audit/NativeHalvesRefinement.lean:595:17: warning: this tactic is never executed
note: this linter can be disabled with `set_option linter.unreachableTactic false`
audit/NativeHalvesRefinement.lean:597:77: warning: this tactic is never executed
note: this linter can be disabled with `set_option linter.unreachableTactic false`
audit/NativeHalvesRefinement.lean:599:91: warning: this tactic is never executed
note: this linter can be disabled with `set_option linter.unreachableTactic false`
audit/NativeHalvesRefinement.lean:599:67: warning: Used `tac1 <;> tac2` where `(tac1; tac2)` would suffice
note: this linter can be disabled with `set_option linter.unnecessarySeqFocus false`
'PerfectPower.HalvesPacket_ea1d3ebedd649b4b.native_roots_checked' depends on axioms: [propext,
 Classical.choice,
 Quot.sound]
'PerfectPower.HalvesPacket_ea1d3ebedd649b4b.source_complete' depends on axioms: [propext, Classical.choice, Quot.sound]
audit/NativeHalvesRefinement.lean:634:46: warning: Used `tac1 <;> tac2` where `(tac1; tac2)` would suffice
note: this linter can be disabled with `set_option linter.unnecessarySeqFocus false`
'PerfectPower.HalvesPacket_ea1d3ebedd649b4b.smooth_checked' depends on axioms: [propext, Classical.choice, Quot.sound]
'PerfectPower.HalvesPacket_ea1d3ebedd649b4b.actual_two_torsion_complete' depends on axioms: [propext,
 Classical.choice,
 Quot.sound]
audit/NativeHalvesRefinement.lean:647:94: warning: 'norm_num [Polynomial.coeff_one, Polynomial.coeff_X]' tactic does nothing
note: this linter can be disabled with `set_option linter.unusedTactic false`
audit/NativeHalvesRefinement.lean:647:94: warning: this tactic is never executed
note: this linter can be disabled with `set_option linter.unreachableTactic false`
audit/NativeHalvesRefinement.lean:657:83: warning: 'norm_num [Polynomial.coeff_one, Polynomial.coeff_X]' tactic does nothing
note: this linter can be disabled with `set_option linter.unusedTactic false`
audit/NativeHalvesRefinement.lean:657:83: warning: this tactic is never executed
note: this linter can be disabled with `set_option linter.unreachableTactic false`
audit/NativeHalvesRefinement.lean:657:65: warning: Used `tac1 <;> tac2` where `(tac1; tac2)` would suffice
note: this linter can be disabled with `set_option linter.unnecessarySeqFocus false`
audit/NativeHalvesRefinement.lean:665:17: warning: 'ring' tactic does nothing
note: this linter can be disabled with `set_option linter.unusedTactic false`
audit/NativeHalvesRefinement.lean:667:96: warning: 'norm_num [Polynomial.coeff_one, Polynomial.coeff_X]' tactic does nothing
note: this linter can be disabled with `set_option linter.unusedTactic false`
audit/NativeHalvesRefinement.lean:669:91: warning: 'norm_num [Polynomial.coeff_one, Polynomial.coeff_X]' tactic does nothing
note: this linter can be disabled with `set_option linter.unusedTactic false`
audit/NativeHalvesRefinement.lean:665:17: warning: this tactic is never executed
note: this linter can be disabled with `set_option linter.unreachableTactic false`
audit/NativeHalvesRefinement.lean:667:96: warning: this tactic is never executed
note: this linter can be disabled with `set_option linter.unreachableTactic false`
audit/NativeHalvesRefinement.lean:669:91: warning: this tactic is never executed
note: this linter can be disabled with `set_option linter.unreachableTactic false`
audit/NativeHalvesRefinement.lean:669:67: warning: Used `tac1 <;> tac2` where `(tac1; tac2)` would suffice
note: this linter can be disabled with `set_option linter.unnecessarySeqFocus false`
'PerfectPower.RationalPacket_cf2eed598d0899b5_ea1d3ebedd649b4b.native_roots_checked' depends on axioms: [propext,
 Classical.choice,
 Quot.sound]
'PerfectPower.RationalPacket_cf2eed598d0899b5_ea1d3ebedd649b4b.source_complete' depends on axioms: [propext,
 Classical.choice,
 Quot.sound]
audit/NativeHalvesRefinement.lean:700:120: warning: Used `tac1 <;> tac2` where `(tac1; tac2)` would suffice
note: this linter can be disabled with `set_option linter.unnecessarySeqFocus false`
'PerfectPower.HalvesPacket_ea1d3ebedd649b4b.actual_halves_complete' depends on axioms: [propext,
 Classical.choice,
 Quot.sound]
'PerfectPower.HalvesPacket_ea1d3ebedd649b4b.literal_fibre_complete' depends on axioms: [propext,
 Classical.choice,
 Quot.sound]
'PerfectPower.HalvesPacket_ea1d3ebedd649b4b.original_target_checked' depends on axioms: [propext,
 Classical.choice,
 Quot.sound]
'PerfectPower.HalvesPacket_ea1d3ebedd649b4b.completed_json_list_checked' depends on axioms: [propext,
 Classical.choice,
 Quot.sound]
'PerfectPower.HalvesPacket_ea1d3ebedd649b4b.original_halves_complete' depends on axioms: [propext,
 Classical.choice,
 Quot.sound]
'PerfectPower.HalvesPacket_ea1d3ebedd649b4b.original_json_list_checked' depends on axioms: [propext,
 Classical.choice,
 Quot.sound]
audit/NativeHalvesRefinement.lean:789:94: warning: 'norm_num [Polynomial.coeff_one, Polynomial.coeff_X]' tactic does nothing
note: this linter can be disabled with `set_option linter.unusedTactic false`
audit/NativeHalvesRefinement.lean:789:94: warning: this tactic is never executed
note: this linter can be disabled with `set_option linter.unreachableTactic false`
audit/NativeHalvesRefinement.lean:799:83: warning: 'norm_num [Polynomial.coeff_one, Polynomial.coeff_X]' tactic does nothing
note: this linter can be disabled with `set_option linter.unusedTactic false`
audit/NativeHalvesRefinement.lean:799:83: warning: this tactic is never executed
note: this linter can be disabled with `set_option linter.unreachableTactic false`
audit/NativeHalvesRefinement.lean:799:65: warning: Used `tac1 <;> tac2` where `(tac1; tac2)` would suffice
note: this linter can be disabled with `set_option linter.unnecessarySeqFocus false`
audit/NativeHalvesRefinement.lean:807:17: warning: 'ring' tactic does nothing
note: this linter can be disabled with `set_option linter.unusedTactic false`
audit/NativeHalvesRefinement.lean:809:82: warning: 'norm_num [Polynomial.coeff_one, Polynomial.coeff_X]' tactic does nothing
note: this linter can be disabled with `set_option linter.unusedTactic false`
audit/NativeHalvesRefinement.lean:811:91: warning: 'norm_num [Polynomial.coeff_one, Polynomial.coeff_X]' tactic does nothing
note: this linter can be disabled with `set_option linter.unusedTactic false`
audit/NativeHalvesRefinement.lean:807:17: warning: this tactic is never executed
note: this linter can be disabled with `set_option linter.unreachableTactic false`
audit/NativeHalvesRefinement.lean:809:82: warning: this tactic is never executed
note: this linter can be disabled with `set_option linter.unreachableTactic false`
audit/NativeHalvesRefinement.lean:811:91: warning: this tactic is never executed
note: this linter can be disabled with `set_option linter.unreachableTactic false`
audit/NativeHalvesRefinement.lean:811:67: warning: Used `tac1 <;> tac2` where `(tac1; tac2)` would suffice
note: this linter can be disabled with `set_option linter.unnecessarySeqFocus false`
'PerfectPower.HalvesPacket_ab9bab34cbf77424.native_roots_checked' depends on axioms: [propext,
 Classical.choice,
 Quot.sound]
'PerfectPower.HalvesPacket_ab9bab34cbf77424.source_complete' depends on axioms: [propext, Classical.choice, Quot.sound]
audit/NativeHalvesRefinement.lean:846:46: warning: Used `tac1 <;> tac2` where `(tac1; tac2)` would suffice
note: this linter can be disabled with `set_option linter.unnecessarySeqFocus false`
'PerfectPower.HalvesPacket_ab9bab34cbf77424.smooth_checked' depends on axioms: [propext, Classical.choice, Quot.sound]
'PerfectPower.HalvesPacket_ab9bab34cbf77424.actual_two_torsion_complete' depends on axioms: [propext,
 Classical.choice,
 Quot.sound]
'PerfectPower.HalvesPacket_ab9bab34cbf77424.actual_halves_complete' depends on axioms: [propext,
 Classical.choice,
 Quot.sound]
'PerfectPower.HalvesPacket_ab9bab34cbf77424.anchor_checked' depends on axioms: [propext, Classical.choice, Quot.sound]
'PerfectPower.HalvesPacket_ab9bab34cbf77424.literal_fibre_complete' depends on axioms: [propext,
 Classical.choice,
 Quot.sound]
'PerfectPower.HalvesPacket_ab9bab34cbf77424.original_target_checked' depends on axioms: [propext,
 Classical.choice,
 Quot.sound]
'PerfectPower.HalvesPacket_ab9bab34cbf77424.completed_json_list_checked' depends on axioms: [propext,
 Classical.choice,
 Quot.sound]
'PerfectPower.HalvesPacket_ab9bab34cbf77424.original_halves_complete' depends on axioms: [propext,
 Classical.choice,
 Quot.sound]
'PerfectPower.HalvesPacket_ab9bab34cbf77424.original_json_list_checked' depends on axioms: [propext,
 Classical.choice,
 Quot.sound]
audit/NativeHalvesRefinement.lean:959:94: warning: 'norm_num [Polynomial.coeff_one, Polynomial.coeff_X]' tactic does nothing
note: this linter can be disabled with `set_option linter.unusedTactic false`
audit/NativeHalvesRefinement.lean:959:94: warning: this tactic is never executed
note: this linter can be disabled with `set_option linter.unreachableTactic false`
audit/NativeHalvesRefinement.lean:969:83: warning: 'norm_num [Polynomial.coeff_one, Polynomial.coeff_X]' tactic does nothing
note: this linter can be disabled with `set_option linter.unusedTactic false`
audit/NativeHalvesRefinement.lean:969:83: warning: this tactic is never executed
note: this linter can be disabled with `set_option linter.unreachableTactic false`
audit/NativeHalvesRefinement.lean:969:65: warning: Used `tac1 <;> tac2` where `(tac1; tac2)` would suffice
note: this linter can be disabled with `set_option linter.unnecessarySeqFocus false`
audit/NativeHalvesRefinement.lean:977:17: warning: 'ring' tactic does nothing
note: this linter can be disabled with `set_option linter.unusedTactic false`
audit/NativeHalvesRefinement.lean:979:87: warning: 'norm_num [Polynomial.coeff_one, Polynomial.coeff_X]' tactic does nothing
note: this linter can be disabled with `set_option linter.unusedTactic false`
audit/NativeHalvesRefinement.lean:981:91: warning: 'norm_num [Polynomial.coeff_one, Polynomial.coeff_X]' tactic does nothing
note: this linter can be disabled with `set_option linter.unusedTactic false`
audit/NativeHalvesRefinement.lean:977:17: warning: this tactic is never executed
note: this linter can be disabled with `set_option linter.unreachableTactic false`
audit/NativeHalvesRefinement.lean:979:87: warning: this tactic is never executed
note: this linter can be disabled with `set_option linter.unreachableTactic false`
audit/NativeHalvesRefinement.lean:981:91: warning: this tactic is never executed
note: this linter can be disabled with `set_option linter.unreachableTactic false`
audit/NativeHalvesRefinement.lean:981:67: warning: Used `tac1 <;> tac2` where `(tac1; tac2)` would suffice
note: this linter can be disabled with `set_option linter.unnecessarySeqFocus false`
'PerfectPower.HalvesPacket_ef03987420ff1381.native_roots_checked' depends on axioms: [propext,
 Classical.choice,
 Quot.sound]
'PerfectPower.HalvesPacket_ef03987420ff1381.source_complete' depends on axioms: [propext, Classical.choice, Quot.sound]
audit/NativeHalvesRefinement.lean:1016:46: warning: Used `tac1 <;> tac2` where `(tac1; tac2)` would suffice
note: this linter can be disabled with `set_option linter.unnecessarySeqFocus false`
'PerfectPower.HalvesPacket_ef03987420ff1381.smooth_checked' depends on axioms: [propext, Classical.choice, Quot.sound]
'PerfectPower.HalvesPacket_ef03987420ff1381.actual_two_torsion_complete' depends on axioms: [propext,
 Classical.choice,
 Quot.sound]
'PerfectPower.HalvesPacket_ef03987420ff1381.actual_halves_complete' depends on axioms: [propext,
 Classical.choice,
 Quot.sound]
'PerfectPower.HalvesPacket_ef03987420ff1381.anchor_checked' depends on axioms: [propext, Classical.choice, Quot.sound]
'PerfectPower.HalvesPacket_ef03987420ff1381.literal_fibre_complete' depends on axioms: [propext,
 Classical.choice,
 Quot.sound]
'PerfectPower.HalvesPacket_ef03987420ff1381.original_target_checked' depends on axioms: [propext,
 Classical.choice,
 Quot.sound]
'PerfectPower.HalvesPacket_ef03987420ff1381.completed_json_list_checked' depends on axioms: [propext,
 Classical.choice,
 Quot.sound]
'PerfectPower.HalvesPacket_ef03987420ff1381.original_halves_complete' depends on axioms: [propext,
 Classical.choice,
 Quot.sound]
'PerfectPower.HalvesPacket_ef03987420ff1381.original_json_list_checked' depends on axioms: [propext,
 Classical.choice,
 Quot.sound]
audit/NativeHalvesRefinement.lean:1129:94: warning: 'norm_num [Polynomial.coeff_one, Polynomial.coeff_X]' tactic does nothing
note: this linter can be disabled with `set_option linter.unusedTactic false`
audit/NativeHalvesRefinement.lean:1129:94: warning: this tactic is never executed
note: this linter can be disabled with `set_option linter.unreachableTactic false`
audit/NativeHalvesRefinement.lean:1139:83: warning: 'norm_num [Polynomial.coeff_one, Polynomial.coeff_X]' tactic does nothing
note: this linter can be disabled with `set_option linter.unusedTactic false`
audit/NativeHalvesRefinement.lean:1139:83: warning: this tactic is never executed
note: this linter can be disabled with `set_option linter.unreachableTactic false`
audit/NativeHalvesRefinement.lean:1139:65: warning: Used `tac1 <;> tac2` where `(tac1; tac2)` would suffice
note: this linter can be disabled with `set_option linter.unnecessarySeqFocus false`
audit/NativeHalvesRefinement.lean:1147:17: warning: 'ring' tactic does nothing
note: this linter can be disabled with `set_option linter.unusedTactic false`
audit/NativeHalvesRefinement.lean:1149:82: warning: 'norm_num [Polynomial.coeff_one, Polynomial.coeff_X]' tactic does nothing
note: this linter can be disabled with `set_option linter.unusedTactic false`
audit/NativeHalvesRefinement.lean:1151:91: warning: 'norm_num [Polynomial.coeff_one, Polynomial.coeff_X]' tactic does nothing
note: this linter can be disabled with `set_option linter.unusedTactic false`
audit/NativeHalvesRefinement.lean:1147:17: warning: this tactic is never executed
note: this linter can be disabled with `set_option linter.unreachableTactic false`
audit/NativeHalvesRefinement.lean:1149:82: warning: this tactic is never executed
note: this linter can be disabled with `set_option linter.unreachableTactic false`
audit/NativeHalvesRefinement.lean:1151:91: warning: this tactic is never executed
note: this linter can be disabled with `set_option linter.unreachableTactic false`
audit/NativeHalvesRefinement.lean:1151:67: warning: Used `tac1 <;> tac2` where `(tac1; tac2)` would suffice
note: this linter can be disabled with `set_option linter.unnecessarySeqFocus false`
'PerfectPower.HalvesPacket_891d0881c02bd0e5.native_roots_checked' depends on axioms: [propext,
 Classical.choice,
 Quot.sound]
'PerfectPower.HalvesPacket_891d0881c02bd0e5.source_complete' depends on axioms: [propext, Classical.choice, Quot.sound]
audit/NativeHalvesRefinement.lean:1186:46: warning: Used `tac1 <;> tac2` where `(tac1; tac2)` would suffice
note: this linter can be disabled with `set_option linter.unnecessarySeqFocus false`
'PerfectPower.HalvesPacket_891d0881c02bd0e5.smooth_checked' depends on axioms: [propext, Classical.choice, Quot.sound]
'PerfectPower.HalvesPacket_891d0881c02bd0e5.actual_two_torsion_complete' depends on axioms: [propext,
 Classical.choice,
 Quot.sound]
'PerfectPower.HalvesPacket_891d0881c02bd0e5.actual_halves_complete' depends on axioms: [propext,
 Classical.choice,
 Quot.sound]
'PerfectPower.HalvesPacket_891d0881c02bd0e5.anchor_checked' depends on axioms: [propext, Classical.choice, Quot.sound]
'PerfectPower.HalvesPacket_891d0881c02bd0e5.literal_fibre_complete' depends on axioms: [propext,
 Classical.choice,
 Quot.sound]
'PerfectPower.HalvesPacket_891d0881c02bd0e5.original_target_checked' depends on axioms: [propext,
 Classical.choice,
 Quot.sound]
'PerfectPower.HalvesPacket_891d0881c02bd0e5.completed_json_list_checked' depends on axioms: [propext,
 Classical.choice,
 Quot.sound]
'PerfectPower.HalvesPacket_891d0881c02bd0e5.original_halves_complete' depends on axioms: [propext,
 Classical.choice,
 Quot.sound]
'PerfectPower.HalvesPacket_891d0881c02bd0e5.original_json_list_checked' depends on axioms: [propext,
 Classical.choice,
 Quot.sound]
audit/NativeHalvesRefinement.lean:1299:94: warning: 'norm_num [Polynomial.coeff_one, Polynomial.coeff_X]' tactic does nothing
note: this linter can be disabled with `set_option linter.unusedTactic false`
audit/NativeHalvesRefinement.lean:1299:94: warning: this tactic is never executed
note: this linter can be disabled with `set_option linter.unreachableTactic false`
audit/NativeHalvesRefinement.lean:1309:83: warning: 'norm_num [Polynomial.coeff_one, Polynomial.coeff_X]' tactic does nothing
note: this linter can be disabled with `set_option linter.unusedTactic false`
audit/NativeHalvesRefinement.lean:1309:83: warning: this tactic is never executed
note: this linter can be disabled with `set_option linter.unreachableTactic false`
audit/NativeHalvesRefinement.lean:1309:65: warning: Used `tac1 <;> tac2` where `(tac1; tac2)` would suffice
note: this linter can be disabled with `set_option linter.unnecessarySeqFocus false`
audit/NativeHalvesRefinement.lean:1317:17: warning: 'ring' tactic does nothing
note: this linter can be disabled with `set_option linter.unusedTactic false`
audit/NativeHalvesRefinement.lean:1319:82: warning: 'norm_num [Polynomial.coeff_one, Polynomial.coeff_X]' tactic does nothing
note: this linter can be disabled with `set_option linter.unusedTactic false`
audit/NativeHalvesRefinement.lean:1321:91: warning: 'norm_num [Polynomial.coeff_one, Polynomial.coeff_X]' tactic does nothing
note: this linter can be disabled with `set_option linter.unusedTactic false`
audit/NativeHalvesRefinement.lean:1317:17: warning: this tactic is never executed
note: this linter can be disabled with `set_option linter.unreachableTactic false`
audit/NativeHalvesRefinement.lean:1319:82: warning: this tactic is never executed
note: this linter can be disabled with `set_option linter.unreachableTactic false`
audit/NativeHalvesRefinement.lean:1321:91: warning: this tactic is never executed
note: this linter can be disabled with `set_option linter.unreachableTactic false`
audit/NativeHalvesRefinement.lean:1321:67: warning: Used `tac1 <;> tac2` where `(tac1; tac2)` would suffice
note: this linter can be disabled with `set_option linter.unnecessarySeqFocus false`
'PerfectPower.HalvesPacket_ae6d1916e52accd5.native_roots_checked' depends on axioms: [propext,
 Classical.choice,
 Quot.sound]
'PerfectPower.HalvesPacket_ae6d1916e52accd5.source_complete' depends on axioms: [propext, Classical.choice, Quot.sound]
audit/NativeHalvesRefinement.lean:1356:46: warning: Used `tac1 <;> tac2` where `(tac1; tac2)` would suffice
note: this linter can be disabled with `set_option linter.unnecessarySeqFocus false`
'PerfectPower.HalvesPacket_ae6d1916e52accd5.smooth_checked' depends on axioms: [propext, Classical.choice, Quot.sound]
'PerfectPower.HalvesPacket_ae6d1916e52accd5.actual_two_torsion_complete' depends on axioms: [propext,
 Classical.choice,
 Quot.sound]
audit/NativeHalvesRefinement.lean:1369:94: warning: 'norm_num [Polynomial.coeff_one, Polynomial.coeff_X]' tactic does nothing
note: this linter can be disabled with `set_option linter.unusedTactic false`
audit/NativeHalvesRefinement.lean:1369:94: warning: this tactic is never executed
note: this linter can be disabled with `set_option linter.unreachableTactic false`
audit/NativeHalvesRefinement.lean:1379:83: warning: 'norm_num [Polynomial.coeff_one, Polynomial.coeff_X]' tactic does nothing
note: this linter can be disabled with `set_option linter.unusedTactic false`
audit/NativeHalvesRefinement.lean:1379:83: warning: this tactic is never executed
note: this linter can be disabled with `set_option linter.unreachableTactic false`
audit/NativeHalvesRefinement.lean:1379:65: warning: Used `tac1 <;> tac2` where `(tac1; tac2)` would suffice
note: this linter can be disabled with `set_option linter.unnecessarySeqFocus false`
audit/NativeHalvesRefinement.lean:1387:17: warning: 'ring' tactic does nothing
note: this linter can be disabled with `set_option linter.unusedTactic false`
audit/NativeHalvesRefinement.lean:1389:113: warning: 'norm_num [Polynomial.coeff_one, Polynomial.coeff_X]' tactic does nothing
note: this linter can be disabled with `set_option linter.unusedTactic false`
audit/NativeHalvesRefinement.lean:1391:91: warning: 'norm_num [Polynomial.coeff_one, Polynomial.coeff_X]' tactic does nothing
note: this linter can be disabled with `set_option linter.unusedTactic false`
audit/NativeHalvesRefinement.lean:1387:17: warning: this tactic is never executed
note: this linter can be disabled with `set_option linter.unreachableTactic false`
audit/NativeHalvesRefinement.lean:1389:113: warning: this tactic is never executed
note: this linter can be disabled with `set_option linter.unreachableTactic false`
audit/NativeHalvesRefinement.lean:1391:91: warning: this tactic is never executed
note: this linter can be disabled with `set_option linter.unreachableTactic false`
audit/NativeHalvesRefinement.lean:1391:67: warning: Used `tac1 <;> tac2` where `(tac1; tac2)` would suffice
note: this linter can be disabled with `set_option linter.unnecessarySeqFocus false`
'PerfectPower.RationalPacket_4fde3f08e93ebee3_ae6d1916e52accd5.native_roots_checked' depends on axioms: [propext,
 Classical.choice,
 Quot.sound]
'PerfectPower.RationalPacket_4fde3f08e93ebee3_ae6d1916e52accd5.source_complete' depends on axioms: [propext,
 Classical.choice,
 Quot.sound]
audit/NativeHalvesRefinement.lean:1422:120: warning: Used `tac1 <;> tac2` where `(tac1; tac2)` would suffice
note: this linter can be disabled with `set_option linter.unnecessarySeqFocus false`
'PerfectPower.HalvesPacket_ae6d1916e52accd5.actual_halves_complete' depends on axioms: [propext,
 Classical.choice,
 Quot.sound]
'PerfectPower.HalvesPacket_ae6d1916e52accd5.literal_fibre_complete' depends on axioms: [propext,
 Classical.choice,
 Quot.sound]
'PerfectPower.HalvesPacket_ae6d1916e52accd5.original_target_checked' depends on axioms: [propext,
 Classical.choice,
 Quot.sound]
'PerfectPower.HalvesPacket_ae6d1916e52accd5.completed_json_list_checked' depends on axioms: [propext,
 Classical.choice,
 Quot.sound]
'PerfectPower.HalvesPacket_ae6d1916e52accd5.original_halves_complete' depends on axioms: [propext,
 Classical.choice,
 Quot.sound]
'PerfectPower.HalvesPacket_ae6d1916e52accd5.original_json_list_checked' depends on axioms: [propext,
 Classical.choice,
 Quot.sound]
audit/NativeHalvesRefinement.lean:1510:94: warning: 'norm_num [Polynomial.coeff_one, Polynomial.coeff_X]' tactic does nothing
note: this linter can be disabled with `set_option linter.unusedTactic false`
audit/NativeHalvesRefinement.lean:1510:94: warning: this tactic is never executed
note: this linter can be disabled with `set_option linter.unreachableTactic false`
audit/NativeHalvesRefinement.lean:1520:83: warning: 'norm_num [Polynomial.coeff_one, Polynomial.coeff_X]' tactic does nothing
note: this linter can be disabled with `set_option linter.unusedTactic false`
audit/NativeHalvesRefinement.lean:1520:83: warning: this tactic is never executed
note: this linter can be disabled with `set_option linter.unreachableTactic false`
audit/NativeHalvesRefinement.lean:1520:65: warning: Used `tac1 <;> tac2` where `(tac1; tac2)` would suffice
note: this linter can be disabled with `set_option linter.unnecessarySeqFocus false`
audit/NativeHalvesRefinement.lean:1528:17: warning: 'ring' tactic does nothing
note: this linter can be disabled with `set_option linter.unusedTactic false`
audit/NativeHalvesRefinement.lean:1530:82: warning: 'norm_num [Polynomial.coeff_one, Polynomial.coeff_X]' tactic does nothing
note: this linter can be disabled with `set_option linter.unusedTactic false`
audit/NativeHalvesRefinement.lean:1532:91: warning: 'norm_num [Polynomial.coeff_one, Polynomial.coeff_X]' tactic does nothing
note: this linter can be disabled with `set_option linter.unusedTactic false`
audit/NativeHalvesRefinement.lean:1528:17: warning: this tactic is never executed
note: this linter can be disabled with `set_option linter.unreachableTactic false`
audit/NativeHalvesRefinement.lean:1530:82: warning: this tactic is never executed
note: this linter can be disabled with `set_option linter.unreachableTactic false`
audit/NativeHalvesRefinement.lean:1532:91: warning: this tactic is never executed
note: this linter can be disabled with `set_option linter.unreachableTactic false`
audit/NativeHalvesRefinement.lean:1532:67: warning: Used `tac1 <;> tac2` where `(tac1; tac2)` would suffice
note: this linter can be disabled with `set_option linter.unnecessarySeqFocus false`
'PerfectPower.HalvesPacket_ac59f25f4db29d67.native_roots_checked' depends on axioms: [propext,
 Classical.choice,
 Quot.sound]
'PerfectPower.HalvesPacket_ac59f25f4db29d67.source_complete' depends on axioms: [propext, Classical.choice, Quot.sound]
audit/NativeHalvesRefinement.lean:1567:46: warning: Used `tac1 <;> tac2` where `(tac1; tac2)` would suffice
note: this linter can be disabled with `set_option linter.unnecessarySeqFocus false`
'PerfectPower.HalvesPacket_ac59f25f4db29d67.smooth_checked' depends on axioms: [propext, Classical.choice, Quot.sound]
'PerfectPower.HalvesPacket_ac59f25f4db29d67.actual_two_torsion_complete' depends on axioms: [propext,
 Classical.choice,
 Quot.sound]
audit/NativeHalvesRefinement.lean:1580:94: warning: 'norm_num [Polynomial.coeff_one, Polynomial.coeff_X]' tactic does nothing
note: this linter can be disabled with `set_option linter.unusedTactic false`
audit/NativeHalvesRefinement.lean:1580:94: warning: this tactic is never executed
note: this linter can be disabled with `set_option linter.unreachableTactic false`
audit/NativeHalvesRefinement.lean:1590:83: warning: 'norm_num [Polynomial.coeff_one, Polynomial.coeff_X]' tactic does nothing
note: this linter can be disabled with `set_option linter.unusedTactic false`
audit/NativeHalvesRefinement.lean:1590:83: warning: this tactic is never executed
note: this linter can be disabled with `set_option linter.unreachableTactic false`
audit/NativeHalvesRefinement.lean:1590:65: warning: Used `tac1 <;> tac2` where `(tac1; tac2)` would suffice
note: this linter can be disabled with `set_option linter.unnecessarySeqFocus false`
audit/NativeHalvesRefinement.lean:1598:17: warning: 'ring' tactic does nothing
note: this linter can be disabled with `set_option linter.unusedTactic false`
audit/NativeHalvesRefinement.lean:1600:113: warning: 'norm_num [Polynomial.coeff_one, Polynomial.coeff_X]' tactic does nothing
note: this linter can be disabled with `set_option linter.unusedTactic false`
audit/NativeHalvesRefinement.lean:1602:91: warning: 'norm_num [Polynomial.coeff_one, Polynomial.coeff_X]' tactic does nothing
note: this linter can be disabled with `set_option linter.unusedTactic false`
audit/NativeHalvesRefinement.lean:1598:17: warning: this tactic is never executed
note: this linter can be disabled with `set_option linter.unreachableTactic false`
audit/NativeHalvesRefinement.lean:1600:113: warning: this tactic is never executed
note: this linter can be disabled with `set_option linter.unreachableTactic false`
audit/NativeHalvesRefinement.lean:1602:91: warning: this tactic is never executed
note: this linter can be disabled with `set_option linter.unreachableTactic false`
audit/NativeHalvesRefinement.lean:1602:67: warning: Used `tac1 <;> tac2` where `(tac1; tac2)` would suffice
note: this linter can be disabled with `set_option linter.unnecessarySeqFocus false`
'PerfectPower.RationalPacket_4fde3f08e93ebee3_ac59f25f4db29d67.native_roots_checked' depends on axioms: [propext,
 Classical.choice,
 Quot.sound]
'PerfectPower.RationalPacket_4fde3f08e93ebee3_ac59f25f4db29d67.source_complete' depends on axioms: [propext,
 Classical.choice,
 Quot.sound]
audit/NativeHalvesRefinement.lean:1633:120: warning: Used `tac1 <;> tac2` where `(tac1; tac2)` would suffice
note: this linter can be disabled with `set_option linter.unnecessarySeqFocus false`
'PerfectPower.HalvesPacket_ac59f25f4db29d67.actual_halves_complete' depends on axioms: [propext,
 Classical.choice,
 Quot.sound]
'PerfectPower.HalvesPacket_ac59f25f4db29d67.literal_fibre_complete' depends on axioms: [propext,
 Classical.choice,
 Quot.sound]
'PerfectPower.HalvesPacket_ac59f25f4db29d67.original_target_checked' depends on axioms: [propext,
 Classical.choice,
 Quot.sound]
'PerfectPower.HalvesPacket_ac59f25f4db29d67.completed_json_list_checked' depends on axioms: [propext,
 Classical.choice,
 Quot.sound]
'PerfectPower.HalvesPacket_ac59f25f4db29d67.original_halves_complete' depends on axioms: [propext,
 Classical.choice,
 Quot.sound]
'PerfectPower.HalvesPacket_ac59f25f4db29d67.original_json_list_checked' depends on axioms: [propext,
 Classical.choice,
 Quot.sound]
'PerfectPower.EllipticSquareTransport.discriminant' depends on axioms: [propext, Classical.choice, Quot.sound]
'PerfectPower.EllipticSquareTransport.equation' depends on axioms: [propext, Classical.choice, Quot.sound]
'PerfectPower.EllipticSquareTransport.nonsingular' depends on axioms: [propext, Classical.choice, Quot.sound]
'PerfectPower.EllipticSquareTransport.vertical' depends on axioms: [propext, Classical.choice, Quot.sound]
'PerfectPower.EllipticSquareTransport.slope_shift' depends on axioms: [propext, Classical.choice, Quot.sound]
'PerfectPower.EllipticSquareTransport.same_x' depends on axioms: [propext, Classical.choice, Quot.sound]
'PerfectPower.EllipticSquareTransport.addX_shift' depends on axioms: [propext, Classical.choice, Quot.sound]
'PerfectPower.EllipticSquareTransport.addY_shift' depends on axioms: [propext, Classical.choice, Quot.sound]
'PerfectPower.EllipticSquareTransport.forward_add' depends on axioms: [propext, Classical.choice, Quot.sound]
'PerfectPower.EllipticSquareTransport.fibre' depends on axioms: [propext, Classical.choice, Quot.sound]
'PerfectPower.EllipticSquareTransport.coordinates_injective' depends on axioms: [propext, Classical.choice, Quot.sound]
'PerfectPower.EllipticSquareTransport.coordinates_cast' depends on axioms: [propext, Classical.choice, Quot.sound]
'PerfectPower.EllipticSquareTransport.coordinates_backward' depends on axioms: [propext, Classical.choice, Quot.sound]
'PerfectPower.EllipticSquareTransport.list_transport' depends on axioms: [propext, Quot.sound]
'PerfectPower.EllipticQuarticLifts.mem_lifts' depends on axioms: [propext, Classical.choice, Quot.sound]
'PerfectPower.EllipticQuarticLifts.fibre_complete' depends on axioms: [propext, Classical.choice, Quot.sound]
-- Found 0 errors in 224 declarations (plus 392 automatically generated ones) in PerfectPower.EllipticSquareTransport with 15 linters


-- All linting checks passed!
-- Found 0 errors in 207 declarations (plus 366 automatically generated ones) in PerfectPower.EllipticQuarticLifts with 15 linters


-- All linting checks passed!
