receipts/elliptic_bridges/TypedHalvesNonsquare.lean:11:94: warning: 'norm_num [Polynomial.coeff_one, Polynomial.coeff_X]' tactic does nothing
note: this linter can be disabled with `set_option linter.unusedTactic false`
receipts/elliptic_bridges/TypedHalvesNonsquare.lean:11:94: warning: this tactic is never executed
note: this linter can be disabled with `set_option linter.unreachableTactic false`
receipts/elliptic_bridges/TypedHalvesNonsquare.lean:21:83: warning: 'norm_num [Polynomial.coeff_one, Polynomial.coeff_X]' tactic does nothing
note: this linter can be disabled with `set_option linter.unusedTactic false`
receipts/elliptic_bridges/TypedHalvesNonsquare.lean:21:83: warning: this tactic is never executed
note: this linter can be disabled with `set_option linter.unreachableTactic false`
receipts/elliptic_bridges/TypedHalvesNonsquare.lean:21:65: warning: Used `tac1 <;> tac2` where `(tac1; tac2)` would suffice
note: this linter can be disabled with `set_option linter.unnecessarySeqFocus false`
receipts/elliptic_bridges/TypedHalvesNonsquare.lean:29:17: warning: 'ring' tactic does nothing
note: this linter can be disabled with `set_option linter.unusedTactic false`
receipts/elliptic_bridges/TypedHalvesNonsquare.lean:31:77: warning: 'norm_num [Polynomial.coeff_one, Polynomial.coeff_X]' tactic does nothing
note: this linter can be disabled with `set_option linter.unusedTactic false`
receipts/elliptic_bridges/TypedHalvesNonsquare.lean:33:91: warning: 'norm_num [Polynomial.coeff_one, Polynomial.coeff_X]' tactic does nothing
note: this linter can be disabled with `set_option linter.unusedTactic false`
receipts/elliptic_bridges/TypedHalvesNonsquare.lean:29:17: warning: this tactic is never executed
note: this linter can be disabled with `set_option linter.unreachableTactic false`
receipts/elliptic_bridges/TypedHalvesNonsquare.lean:31:77: warning: this tactic is never executed
note: this linter can be disabled with `set_option linter.unreachableTactic false`
receipts/elliptic_bridges/TypedHalvesNonsquare.lean:33:91: warning: this tactic is never executed
note: this linter can be disabled with `set_option linter.unreachableTactic false`
receipts/elliptic_bridges/TypedHalvesNonsquare.lean:33:67: warning: Used `tac1 <;> tac2` where `(tac1; tac2)` would suffice
note: this linter can be disabled with `set_option linter.unnecessarySeqFocus false`
'PerfectPower.HalvesPacket_ea1d3ebedd649b4b.native_roots_checked' depends on axioms: [propext,
 Classical.choice,
 Quot.sound]
'PerfectPower.HalvesPacket_ea1d3ebedd649b4b.source_complete' depends on axioms: [propext, Classical.choice, Quot.sound]
'PerfectPower.HalvesPacket_ea1d3ebedd649b4b.typed_roots_complete' depends on axioms: [propext,
 Classical.choice,
 Quot.sound]
receipts/elliptic_bridges/TypedHalvesNonsquare.lean:82:46: warning: Used `tac1 <;> tac2` where `(tac1; tac2)` would suffice
note: this linter can be disabled with `set_option linter.unnecessarySeqFocus false`
'PerfectPower.HalvesPacket_ea1d3ebedd649b4b.smooth_checked' depends on axioms: [propext, Classical.choice, Quot.sound]
'PerfectPower.HalvesPacket_ea1d3ebedd649b4b.actual_two_torsion_complete' depends on axioms: [propext,
 Classical.choice,
 Quot.sound]
receipts/elliptic_bridges/TypedHalvesNonsquare.lean:95:94: warning: 'norm_num [Polynomial.coeff_one, Polynomial.coeff_X]' tactic does nothing
note: this linter can be disabled with `set_option linter.unusedTactic false`
receipts/elliptic_bridges/TypedHalvesNonsquare.lean:95:94: warning: this tactic is never executed
note: this linter can be disabled with `set_option linter.unreachableTactic false`
receipts/elliptic_bridges/TypedHalvesNonsquare.lean:105:83: warning: 'norm_num [Polynomial.coeff_one, Polynomial.coeff_X]' tactic does nothing
note: this linter can be disabled with `set_option linter.unusedTactic false`
receipts/elliptic_bridges/TypedHalvesNonsquare.lean:105:83: warning: this tactic is never executed
note: this linter can be disabled with `set_option linter.unreachableTactic false`
receipts/elliptic_bridges/TypedHalvesNonsquare.lean:105:65: warning: Used `tac1 <;> tac2` where `(tac1; tac2)` would suffice
note: this linter can be disabled with `set_option linter.unnecessarySeqFocus false`
receipts/elliptic_bridges/TypedHalvesNonsquare.lean:113:17: warning: 'ring' tactic does nothing
note: this linter can be disabled with `set_option linter.unusedTactic false`
receipts/elliptic_bridges/TypedHalvesNonsquare.lean:115:96: warning: 'norm_num [Polynomial.coeff_one, Polynomial.coeff_X]' tactic does nothing
note: this linter can be disabled with `set_option linter.unusedTactic false`
receipts/elliptic_bridges/TypedHalvesNonsquare.lean:117:91: warning: 'norm_num [Polynomial.coeff_one, Polynomial.coeff_X]' tactic does nothing
note: this linter can be disabled with `set_option linter.unusedTactic false`
receipts/elliptic_bridges/TypedHalvesNonsquare.lean:113:17: warning: this tactic is never executed
note: this linter can be disabled with `set_option linter.unreachableTactic false`
receipts/elliptic_bridges/TypedHalvesNonsquare.lean:115:96: warning: this tactic is never executed
note: this linter can be disabled with `set_option linter.unreachableTactic false`
receipts/elliptic_bridges/TypedHalvesNonsquare.lean:117:91: warning: this tactic is never executed
note: this linter can be disabled with `set_option linter.unreachableTactic false`
receipts/elliptic_bridges/TypedHalvesNonsquare.lean:117:67: warning: Used `tac1 <;> tac2` where `(tac1; tac2)` would suffice
note: this linter can be disabled with `set_option linter.unnecessarySeqFocus false`
'PerfectPower.RationalPacket_cf2eed598d0899b5_ea1d3ebedd649b4b.native_roots_checked' depends on axioms: [propext,
 Classical.choice,
 Quot.sound]
'PerfectPower.RationalPacket_cf2eed598d0899b5_ea1d3ebedd649b4b.source_complete' depends on axioms: [propext,
 Classical.choice,
 Quot.sound]
'PerfectPower.RationalPacket_cf2eed598d0899b5_ea1d3ebedd649b4b.typed_roots_complete' depends on axioms: [propext,
 Classical.choice,
 Quot.sound]
receipts/elliptic_bridges/TypedHalvesNonsquare.lean:162:120: warning: Used `tac1 <;> tac2` where `(tac1; tac2)` would suffice
note: this linter can be disabled with `set_option linter.unnecessarySeqFocus false`
'PerfectPower.HalvesPacket_ea1d3ebedd649b4b.actual_halves_complete' depends on axioms: [propext,
 Classical.choice,
 Quot.sound]
'PerfectPower.HalvesPacket_ea1d3ebedd649b4b.typed_fibre_complete' depends on axioms: [propext,
 Classical.choice,
 Quot.sound]
'PerfectPower.HalvesPacket_ea1d3ebedd649b4b.literal_fibre_complete' depends on axioms: [propext,
 Classical.choice,
 Quot.sound]
'PerfectPower.HalvesPacket_ea1d3ebedd649b4b.original_target_checked' depends on axioms: [propext,
 Classical.choice,
 Quot.sound]
'PerfectPower.HalvesPacket_ea1d3ebedd649b4b.completed_json_list_checked' depends on axioms: [propext,
 Classical.choice,
 Quot.sound]
'PerfectPower.HalvesPacket_ea1d3ebedd649b4b.original_halves_complete' depends on axioms: [propext,
 Classical.choice,
 Quot.sound]
'PerfectPower.HalvesPacket_ea1d3ebedd649b4b.original_json_list_checked' depends on axioms: [propext,
 Classical.choice,
 Quot.sound]
'PerfectPower.HalvesPacket_ea1d3ebedd649b4b.typedOriginalFibre' depends on axioms: [propext,
 Classical.choice,
 Quot.sound]
