receipts/elliptic_bridges/TypedHalvesAnchor.lean:11:94: warning: 'norm_num [Polynomial.coeff_one, Polynomial.coeff_X]' tactic does nothing
note: this linter can be disabled with `set_option linter.unusedTactic false`
receipts/elliptic_bridges/TypedHalvesAnchor.lean:11:94: warning: this tactic is never executed
note: this linter can be disabled with `set_option linter.unreachableTactic false`
receipts/elliptic_bridges/TypedHalvesAnchor.lean:21:65: warning: Used `tac1 <;> tac2` where `(tac1; tac2)` would suffice
note: this linter can be disabled with `set_option linter.unnecessarySeqFocus false`
receipts/elliptic_bridges/TypedHalvesAnchor.lean:21:79: warning: Used `tac1 <;> tac2` where `(tac1; tac2)` would suffice
note: this linter can be disabled with `set_option linter.unnecessarySeqFocus false`
receipts/elliptic_bridges/TypedHalvesAnchor.lean:29:17: warning: 'ring' tactic does nothing
note: this linter can be disabled with `set_option linter.unusedTactic false`
receipts/elliptic_bridges/TypedHalvesAnchor.lean:31:86: warning: 'norm_num [Polynomial.coeff_one, Polynomial.coeff_X]' tactic does nothing
note: this linter can be disabled with `set_option linter.unusedTactic false`
receipts/elliptic_bridges/TypedHalvesAnchor.lean:29:17: warning: this tactic is never executed
note: this linter can be disabled with `set_option linter.unreachableTactic false`
receipts/elliptic_bridges/TypedHalvesAnchor.lean:31:86: warning: this tactic is never executed
note: this linter can be disabled with `set_option linter.unreachableTactic false`
receipts/elliptic_bridges/TypedHalvesAnchor.lean:33:67: warning: Used `tac1 <;> tac2` where `(tac1; tac2)` would suffice
note: this linter can be disabled with `set_option linter.unnecessarySeqFocus false`
receipts/elliptic_bridges/TypedHalvesAnchor.lean:33:87: warning: Used `tac1 <;> tac2` where `(tac1; tac2)` would suffice
note: this linter can be disabled with `set_option linter.unnecessarySeqFocus false`
'PerfectPower.HalvesPacket_3ad187ec1fe02953.native_roots_checked' depends on axioms: [propext,
 Classical.choice,
 Quot.sound]
'PerfectPower.HalvesPacket_3ad187ec1fe02953.source_complete' depends on axioms: [propext, Classical.choice, Quot.sound]
'PerfectPower.HalvesPacket_3ad187ec1fe02953.typed_roots_complete' depends on axioms: [propext,
 Classical.choice,
 Quot.sound]
receipts/elliptic_bridges/TypedHalvesAnchor.lean:82:46: warning: Used `tac1 <;> tac2` where `(tac1; tac2)` would suffice
note: this linter can be disabled with `set_option linter.unnecessarySeqFocus false`
'PerfectPower.HalvesPacket_3ad187ec1fe02953.smooth_checked' depends on axioms: [propext, Classical.choice, Quot.sound]
'PerfectPower.HalvesPacket_3ad187ec1fe02953.actual_two_torsion_complete' depends on axioms: [propext,
 Classical.choice,
 Quot.sound]
receipts/elliptic_bridges/TypedHalvesAnchor.lean:95:94: warning: 'norm_num [Polynomial.coeff_one, Polynomial.coeff_X]' tactic does nothing
note: this linter can be disabled with `set_option linter.unusedTactic false`
receipts/elliptic_bridges/TypedHalvesAnchor.lean:95:94: warning: this tactic is never executed
note: this linter can be disabled with `set_option linter.unreachableTactic false`
receipts/elliptic_bridges/TypedHalvesAnchor.lean:105:83: warning: 'norm_num [Polynomial.coeff_one, Polynomial.coeff_X]' tactic does nothing
note: this linter can be disabled with `set_option linter.unusedTactic false`
receipts/elliptic_bridges/TypedHalvesAnchor.lean:105:83: warning: this tactic is never executed
note: this linter can be disabled with `set_option linter.unreachableTactic false`
receipts/elliptic_bridges/TypedHalvesAnchor.lean:105:65: warning: Used `tac1 <;> tac2` where `(tac1; tac2)` would suffice
note: this linter can be disabled with `set_option linter.unnecessarySeqFocus false`
receipts/elliptic_bridges/TypedHalvesAnchor.lean:113:17: warning: 'ring' tactic does nothing
note: this linter can be disabled with `set_option linter.unusedTactic false`
receipts/elliptic_bridges/TypedHalvesAnchor.lean:115:95: warning: 'norm_num [Polynomial.coeff_one, Polynomial.coeff_X]' tactic does nothing
note: this linter can be disabled with `set_option linter.unusedTactic false`
receipts/elliptic_bridges/TypedHalvesAnchor.lean:117:91: warning: 'norm_num [Polynomial.coeff_one, Polynomial.coeff_X]' tactic does nothing
note: this linter can be disabled with `set_option linter.unusedTactic false`
receipts/elliptic_bridges/TypedHalvesAnchor.lean:113:17: warning: this tactic is never executed
note: this linter can be disabled with `set_option linter.unreachableTactic false`
receipts/elliptic_bridges/TypedHalvesAnchor.lean:115:95: warning: this tactic is never executed
note: this linter can be disabled with `set_option linter.unreachableTactic false`
receipts/elliptic_bridges/TypedHalvesAnchor.lean:117:91: warning: this tactic is never executed
note: this linter can be disabled with `set_option linter.unreachableTactic false`
receipts/elliptic_bridges/TypedHalvesAnchor.lean:117:67: warning: Used `tac1 <;> tac2` where `(tac1; tac2)` would suffice
note: this linter can be disabled with `set_option linter.unnecessarySeqFocus false`
'PerfectPower.RationalPacket_ac68ffb54d1621fa_3ad187ec1fe02953.native_roots_checked' depends on axioms: [propext,
 Classical.choice,
 Quot.sound]
'PerfectPower.RationalPacket_ac68ffb54d1621fa_3ad187ec1fe02953.source_complete' depends on axioms: [propext,
 Classical.choice,
 Quot.sound]
'PerfectPower.RationalPacket_ac68ffb54d1621fa_3ad187ec1fe02953.typed_roots_complete' depends on axioms: [propext,
 Classical.choice,
 Quot.sound]
receipts/elliptic_bridges/TypedHalvesAnchor.lean:161:120: warning: Used `tac1 <;> tac2` where `(tac1; tac2)` would suffice
note: this linter can be disabled with `set_option linter.unnecessarySeqFocus false`
'PerfectPower.HalvesPacket_3ad187ec1fe02953.actual_halves_complete' depends on axioms: [propext,
 Classical.choice,
 Quot.sound]
'PerfectPower.HalvesPacket_3ad187ec1fe02953.typed_fibre_complete' depends on axioms: [propext,
 Classical.choice,
 Quot.sound]
'PerfectPower.HalvesPacket_3ad187ec1fe02953.quartic_root_free' depends on axioms: [propext,
 Classical.choice,
 Quot.sound]
'PerfectPower.HalvesPacket_3ad187ec1fe02953.literal_fibre_complete' depends on axioms: [propext,
 Classical.choice,
 Quot.sound]
'PerfectPower.HalvesPacket_3ad187ec1fe02953.original_target_checked' depends on axioms: [propext,
 Classical.choice,
 Quot.sound]
'PerfectPower.HalvesPacket_3ad187ec1fe02953.completed_json_list_checked' depends on axioms: [propext,
 Classical.choice,
 Quot.sound]
'PerfectPower.HalvesPacket_3ad187ec1fe02953.original_halves_complete' depends on axioms: [propext,
 Classical.choice,
 Quot.sound]
'PerfectPower.HalvesPacket_3ad187ec1fe02953.original_json_list_checked' depends on axioms: [propext,
 Classical.choice,
 Quot.sound]
'PerfectPower.HalvesPacket_3ad187ec1fe02953.typedOriginalFibre' depends on axioms: [propext,
 Classical.choice,
 Quot.sound]
