receipts/elliptic_bridges/TypedRootPacket.lean:8:94: warning: 'norm_num [Polynomial.coeff_one, Polynomial.coeff_X]' tactic does nothing
note: this linter can be disabled with `set_option linter.unusedTactic false`
receipts/elliptic_bridges/TypedRootPacket.lean:8:94: warning: this tactic is never executed
note: this linter can be disabled with `set_option linter.unreachableTactic false`
receipts/elliptic_bridges/TypedRootPacket.lean:18:83: warning: 'norm_num [Polynomial.coeff_one, Polynomial.coeff_X]' tactic does nothing
note: this linter can be disabled with `set_option linter.unusedTactic false`
receipts/elliptic_bridges/TypedRootPacket.lean:18:83: warning: this tactic is never executed
note: this linter can be disabled with `set_option linter.unreachableTactic false`
receipts/elliptic_bridges/TypedRootPacket.lean:18:65: warning: Used `tac1 <;> tac2` where `(tac1; tac2)` would suffice
note: this linter can be disabled with `set_option linter.unnecessarySeqFocus false`
receipts/elliptic_bridges/TypedRootPacket.lean:26:17: warning: 'ring' tactic does nothing
note: this linter can be disabled with `set_option linter.unusedTactic false`
receipts/elliptic_bridges/TypedRootPacket.lean:28:98: warning: 'norm_num [Polynomial.coeff_one, Polynomial.coeff_X]' tactic does nothing
note: this linter can be disabled with `set_option linter.unusedTactic false`
receipts/elliptic_bridges/TypedRootPacket.lean:30:91: warning: 'norm_num [Polynomial.coeff_one, Polynomial.coeff_X]' tactic does nothing
note: this linter can be disabled with `set_option linter.unusedTactic false`
receipts/elliptic_bridges/TypedRootPacket.lean:26:17: warning: this tactic is never executed
note: this linter can be disabled with `set_option linter.unreachableTactic false`
receipts/elliptic_bridges/TypedRootPacket.lean:28:98: warning: this tactic is never executed
note: this linter can be disabled with `set_option linter.unreachableTactic false`
receipts/elliptic_bridges/TypedRootPacket.lean:30:91: warning: this tactic is never executed
note: this linter can be disabled with `set_option linter.unreachableTactic false`
receipts/elliptic_bridges/TypedRootPacket.lean:30:67: warning: Used `tac1 <;> tac2` where `(tac1; tac2)` would suffice
note: this linter can be disabled with `set_option linter.unnecessarySeqFocus false`
'PerfectPower.RationalPacket_8917093f60850a1e.native_roots_checked' depends on axioms: [propext,
 Classical.choice,
 Quot.sound]
'PerfectPower.RationalPacket_8917093f60850a1e.source_complete' depends on axioms: [propext,
 Classical.choice,
 Quot.sound]
'PerfectPower.RationalPacket_8917093f60850a1e.typed_roots_complete' depends on axioms: [propext,
 Classical.choice,
 Quot.sound]
