receipts/elliptic_bridges/TypedHalvesCoset.lean:11:94: warning: 'norm_num [Polynomial.coeff_one, Polynomial.coeff_X]' tactic does nothing
note: this linter can be disabled with `set_option linter.unusedTactic false`
receipts/elliptic_bridges/TypedHalvesCoset.lean:11:94: warning: this tactic is never executed
note: this linter can be disabled with `set_option linter.unreachableTactic false`
receipts/elliptic_bridges/TypedHalvesCoset.lean:21:83: warning: 'norm_num [Polynomial.coeff_one, Polynomial.coeff_X]' tactic does nothing
note: this linter can be disabled with `set_option linter.unusedTactic false`
receipts/elliptic_bridges/TypedHalvesCoset.lean:21:83: warning: this tactic is never executed
note: this linter can be disabled with `set_option linter.unreachableTactic false`
receipts/elliptic_bridges/TypedHalvesCoset.lean:21:65: warning: Used `tac1 <;> tac2` where `(tac1; tac2)` would suffice
note: this linter can be disabled with `set_option linter.unnecessarySeqFocus false`
receipts/elliptic_bridges/TypedHalvesCoset.lean:29:17: warning: 'ring' tactic does nothing
note: this linter can be disabled with `set_option linter.unusedTactic false`
receipts/elliptic_bridges/TypedHalvesCoset.lean:31:82: warning: 'norm_num [Polynomial.coeff_one, Polynomial.coeff_X]' tactic does nothing
note: this linter can be disabled with `set_option linter.unusedTactic false`
receipts/elliptic_bridges/TypedHalvesCoset.lean:33:91: warning: 'norm_num [Polynomial.coeff_one, Polynomial.coeff_X]' tactic does nothing
note: this linter can be disabled with `set_option linter.unusedTactic false`
receipts/elliptic_bridges/TypedHalvesCoset.lean:29:17: warning: this tactic is never executed
note: this linter can be disabled with `set_option linter.unreachableTactic false`
receipts/elliptic_bridges/TypedHalvesCoset.lean:31:82: warning: this tactic is never executed
note: this linter can be disabled with `set_option linter.unreachableTactic false`
receipts/elliptic_bridges/TypedHalvesCoset.lean:33:91: warning: this tactic is never executed
note: this linter can be disabled with `set_option linter.unreachableTactic false`
receipts/elliptic_bridges/TypedHalvesCoset.lean:33:67: warning: Used `tac1 <;> tac2` where `(tac1; tac2)` would suffice
note: this linter can be disabled with `set_option linter.unnecessarySeqFocus false`
'PerfectPower.HalvesPacket_ab9bab34cbf77424.native_roots_checked' depends on axioms: [propext,
 Classical.choice,
 Quot.sound]
'PerfectPower.HalvesPacket_ab9bab34cbf77424.source_complete' depends on axioms: [propext, Classical.choice, Quot.sound]
'PerfectPower.HalvesPacket_ab9bab34cbf77424.typed_roots_complete' depends on axioms: [propext,
 Classical.choice,
 Quot.sound]
receipts/elliptic_bridges/TypedHalvesCoset.lean:82:46: warning: Used `tac1 <;> tac2` where `(tac1; tac2)` would suffice
note: this linter can be disabled with `set_option linter.unnecessarySeqFocus false`
'PerfectPower.HalvesPacket_ab9bab34cbf77424.smooth_checked' depends on axioms: [propext, Classical.choice, Quot.sound]
'PerfectPower.HalvesPacket_ab9bab34cbf77424.actual_two_torsion_complete' depends on axioms: [propext,
 Classical.choice,
 Quot.sound]
'PerfectPower.HalvesPacket_ab9bab34cbf77424.actual_halves_complete' depends on axioms: [propext,
 Classical.choice,
 Quot.sound]
'PerfectPower.HalvesPacket_ab9bab34cbf77424.typed_fibre_complete' depends on axioms: [propext,
 Classical.choice,
 Quot.sound]
'PerfectPower.HalvesPacket_ab9bab34cbf77424.anchor_checked' depends on axioms: [propext, Classical.choice, Quot.sound]
'PerfectPower.HalvesPacket_ab9bab34cbf77424.literal_fibre_complete' depends on axioms: [propext,
 Classical.choice,
 Quot.sound]
'PerfectPower.HalvesPacket_ab9bab34cbf77424.original_target_checked' depends on axioms: [propext,
 Classical.choice,
 Quot.sound]
'PerfectPower.HalvesPacket_ab9bab34cbf77424.completed_json_list_checked' depends on axioms: [propext,
 Classical.choice,
 Quot.sound]
'PerfectPower.HalvesPacket_ab9bab34cbf77424.original_halves_complete' depends on axioms: [propext,
 Classical.choice,
 Quot.sound]
'PerfectPower.HalvesPacket_ab9bab34cbf77424.original_json_list_checked' depends on axioms: [propext,
 Classical.choice,
 Quot.sound]
'PerfectPower.HalvesPacket_ab9bab34cbf77424.typedOriginalFibre' depends on axioms: [propext,
 Classical.choice,
 Quot.sound]
