'PerfectPower.TwoIsogenyPointMap.smooth' depends on axioms: [propext, Classical.choice, Quot.sound]
'PerfectPower.TwoIsogenyPointMap.dual_smooth' depends on axioms: [propext, Classical.choice, Quot.sound]
'PerfectPower.TwoIsogenyPointMap.image_smooth' depends on axioms: [propext, Classical.choice, Quot.sound]
'PerfectPower.TwoIsogenyPointMap.phi_some' depends on axioms: [propext, Classical.choice, Quot.sound]
'PerfectPower.TwoIsogenyPointMap.phi_some_zero' depends on axioms: [propext, Classical.choice, Quot.sound]
'PerfectPower.TwoIsogenyPointMap.some_congr' depends on axioms: [propext, Classical.choice, Quot.sound]
'PerfectPower.TwoIsogenyPointMap.phi_neg' depends on axioms: [propext, Classical.choice, Quot.sound]
'PerfectPower.TwoIsogenyPointMap.T_ne_zero' depends on axioms: [propext, Classical.choice, Quot.sound]
'PerfectPower.TwoIsogenyPointMap.phi_eq_zero_iff' depends on axioms: [propext, Classical.choice, Quot.sound]
'PerfectPower.TwoIsogenyPointMap.translate_coordinates' depends on axioms: [propext, Classical.choice, Quot.sound]
'PerfectPower.TwoIsogenyPointMap.translation_image' depends on axioms: [propext, Classical.choice, Quot.sound]
'PerfectPower.TwoIsogenyPointMap.phi_add_T' depends on axioms: [propext, Classical.choice, Quot.sound]
'PerfectPower.TwoIsogenyPointMap.phi_add_of_kernel' depends on axioms: [propext, Classical.choice, Quot.sound]
'PerfectPower.TwoIsogenyPointMap.chord_roots' depends on axioms: [propext, Classical.choice, Quot.sound]
'PerfectPower.TwoIsogenyPointMap.image_line' depends on axioms: [propext, Classical.choice, Quot.sound]
'PerfectPower.TwoIsogenyPointMap.image_root_sums' depends on axioms: [propext, Classical.choice, Quot.sound]
'PerfectPower.TwoIsogenyPointMap.line_second' depends on axioms: [propext, Classical.choice, Quot.sound]
'PerfectPower.TwoIsogenyPointMap.line_slope' depends on axioms: [propext, Classical.choice, Quot.sound]
'PerfectPower.TwoIsogenyPointMap.image_vertical' depends on axioms: [propext, Classical.choice, Quot.sound]
'PerfectPower.TwoIsogenyPointMap.phi_add' depends on axioms: [propext, Classical.choice, Quot.sound]
'PerfectPower.TwoIsogenyDual.scaled_smooth' depends on axioms: [propext, Classical.choice, Quot.sound]
'PerfectPower.TwoIsogenyDual.scaleBack_slope' depends on axioms: [propext, Classical.choice, Quot.sound]
'PerfectPower.TwoIsogenyDual.scaleBack_add' depends on axioms: [propext, Classical.choice, Quot.sound]
'PerfectPower.TwoIsogenyDual.dual_a' depends on axioms: [propext, Classical.choice, Quot.sound]
'PerfectPower.TwoIsogenyDual.dual_b' depends on axioms: [propext, Classical.choice, Quot.sound]
'PerfectPower.TwoIsogenyDual.pointCast_some' depends on axioms: [propext, Classical.choice, Quot.sound]
'PerfectPower.TwoIsogenyDual.rawDual_some' depends on axioms: [propext, Classical.choice, Quot.sound]
'PerfectPower.TwoIsogenyDual.rawDual_some_zero' depends on axioms: [propext, Classical.choice, Quot.sound]
'PerfectPower.TwoIsogenyDual.rawDual_of_x_zero' depends on axioms: [propext, Classical.choice, Quot.sound]
'PerfectPower.TwoIsogenyDual.dual_some' depends on axioms: [propext, Classical.choice, Quot.sound]
'PerfectPower.TwoIsogenyDual.doubling_x' depends on axioms: [propext, Classical.choice, Quot.sound]
'PerfectPower.TwoIsogenyDual.dual_composition_y' depends on axioms: [propext, Classical.choice, Quot.sound]
'PerfectPower.TwoIsogenyDual.dual_phi' depends on axioms: [propext, Classical.choice, Quot.sound]
'PerfectPower.TwoIsogenyDual.dual_comp_phiHom' depends on axioms: [propext, Classical.choice, Quot.sound]
'PerfectPower.TwoIsogenyDual.actual_doubling_index' depends on axioms: [propext, Classical.choice, Quot.sound]
'PerfectPower.DescentRankBridge.free_doubling_index' depends on axioms: [propext, Classical.choice, Quot.sound]
'PerfectPower.DescentRankBridge.finite_doubling_index' depends on axioms: [propext, Classical.choice, Quot.sound]
'PerfectPower.DescentRankBridge.product_doubling_range' depends on axioms: [propext, Quot.sound]
'PerfectPower.DescentRankBridge.equiv_doubling_range' depends on axioms: [propext, Quot.sound]
'PerfectPower.DescentRankBridge.doubling_index_from_decomposition' depends on axioms: [propext,
 Classical.choice,
 Quot.sound]
'PerfectPower.DescentRankBridge.descent_rank_equation' depends on axioms: [propext, Classical.choice, Quot.sound]
'PerfectPower.DescentRankBridge.elliptic_descent_rank' depends on axioms: [propext, Classical.choice, Quot.sound]
