7 complete atlases, native proofs and exact populations
.......................
----------------------------------------------------------------------
Ran 23 tests in 0.034s

OK
{"seed": 20261007, "cases": 120, "engine": "independent nested integer Horner evaluation", "complete_root_tables_agree": true, "full_signed_box_counts_agree": true, "complete_source_scans_agree": true, "rank_select_roundtrips": true, "empty_final_tables": 11, "singular_parent_nodes": 13}
⚠ [2813/2813] Replayed PerfectPower.ResidueAtlas
warning: /workspace/scratch/8176e44df27c/repo/PerfectPower/ResidueAtlas.lean:156:20: Used `tac1 <;> tac2` where `(tac1; tac2)` would suffice
note: this linter can be disabled with `set_option linter.unnecessarySeqFocus false`
warning: /workspace/scratch/8176e44df27c/repo/PerfectPower/ResidueAtlas.lean:164:20: Used `tac1 <;> tac2` where `(tac1; tac2)` would suffice
note: this linter can be disabled with `set_option linter.unnecessarySeqFocus false`
warning: /workspace/scratch/8176e44df27c/repo/PerfectPower/ResidueAtlas.lean:174:23: Used `tac1 <;> tac2` where `(tac1; tac2)` would suffice
note: this linter can be disabled with `set_option linter.unnecessarySeqFocus false`
Build completed successfully.
'PerfectPower.ResidueAtlas.rootTable_mem' depends on axioms: [propext, Classical.choice, Quot.sound]
'PerfectPower.ResidueAtlas.AtlasPacket.canonical' depends on axioms: [propext, Classical.choice, Quot.sound]
'PerfectPower.ResidueAtlas.AtlasPacket.complete' depends on axioms: [propext, Classical.choice, Quot.sound]
'PerfectPower.ResidueAtlas.AtlasPacket.source_survives' depends on axioms: [propext, Classical.choice, Quot.sound]
'PerfectPower.ResidueAtlas.AtlasPacket.empty_obstruction' depends on axioms: [propext, Classical.choice, Quot.sound]
'PerfectPower.ResidueAtlas.cellValues_mem' depends on axioms: [propext, Classical.choice, Quot.sound]
'PerfectPower.ResidueAtlas.cellValues_disjoint' depends on axioms: [propext, Classical.choice, Quot.sound]
'PerfectPower.ResidueAtlas.candidates_complete' depends on axioms: [propext, Classical.choice, Quot.sound]
'PerfectPower.ResidueAtlas.card_cellValues' depends on axioms: [propext, Classical.choice, Quot.sound]
'PerfectPower.ResidueAtlas.card_candidates' depends on axioms: [propext, Classical.choice, Quot.sound]
'PerfectPower.ResidueAtlas.solutions_complete' depends on axioms: [propext, Classical.choice, Quot.sound]
'PerfectPower.ResidueAtlas.LiftPacket.step' depends on axioms: [propext, Classical.choice, Quot.sound]
'PerfectPower.ResidueAtlas.LiftPacket.horizontal_unique' depends on axioms: [propext, Classical.choice, Quot.sound]
'PerfectPower.ResidueAtlas.LiftPacket.vertical_unique' depends on axioms: [propext, Classical.choice, Quot.sound]
'PerfectPower.ResidueAtlas.LiftPacket.singular' depends on axioms: [propext, Classical.choice, Quot.sound]
'PerfectPower.ResidueAtlas.pow_mod' depends on axioms: [propext]
'Atlas_71ae3aa832246986.prime_checked' depends on axioms: [propext, Classical.choice, Quot.sound]
'Atlas_71ae3aa832246986.periodic1' depends on axioms: [propext, Quot.sound]
'Atlas_71ae3aa832246986.checked1' depends on axioms: [propext, Classical.choice, Quot.sound]
'Atlas_71ae3aa832246986.complete1' depends on axioms: [propext, Classical.choice, Quot.sound]
'Atlas_71ae3aa832246986.periodic2' depends on axioms: [propext, Quot.sound]
'Atlas_71ae3aa832246986.checked2' depends on axioms: [propext, Classical.choice, Quot.sound]
'Atlas_71ae3aa832246986.complete2' depends on axioms: [propext, Classical.choice, Quot.sound]
'Atlas_71ae3aa832246986.lift2_0_identity' depends on axioms: [propext, Quot.sound]
'Atlas_71ae3aa832246986.lift2_0_complete' depends on axioms: [propext, Classical.choice, Quot.sound]
'Atlas_71ae3aa832246986.lift2_0_children' depends on axioms: [propext, Classical.choice, Quot.sound]
'Atlas_71ae3aa832246986.lift2_1_identity' depends on axioms: [propext, Quot.sound]
'Atlas_71ae3aa832246986.lift2_1_complete' depends on axioms: [propext, Classical.choice, Quot.sound]
'Atlas_71ae3aa832246986.lift2_1_children' depends on axioms: [propext, Classical.choice, Quot.sound]
'Atlas_71ae3aa832246986.count_checked' depends on axioms: [propext, Classical.choice, Quot.sound]
'Atlas_71ae3aa832246986.source_survives' depends on axioms: [propext, Classical.choice, Quot.sound]
'Atlas_71ae3aa832246986.no_integer_solution' depends on axioms: [propext, Classical.choice, Quot.sound]
'Atlas_c265e369cae34ea3.prime_checked' depends on axioms: [propext, Classical.choice, Quot.sound]
'Atlas_c265e369cae34ea3.periodic1' depends on axioms: [propext, Quot.sound]
'Atlas_c265e369cae34ea3.checked1' depends on axioms: [propext, Classical.choice, Quot.sound]
'Atlas_c265e369cae34ea3.complete1' depends on axioms: [propext, Classical.choice, Quot.sound]
'Atlas_c265e369cae34ea3.periodic2' depends on axioms: [propext, Quot.sound]
'Atlas_c265e369cae34ea3.checked2' depends on axioms: [propext, Classical.choice, Quot.sound]
'Atlas_c265e369cae34ea3.complete2' depends on axioms: [propext, Classical.choice, Quot.sound]
'Atlas_c265e369cae34ea3.lift2_0_identity' depends on axioms: [propext, Quot.sound]
'Atlas_c265e369cae34ea3.lift2_0_complete' depends on axioms: [propext, Classical.choice, Quot.sound]
'Atlas_c265e369cae34ea3.lift2_0_children' depends on axioms: [propext, Classical.choice, Quot.sound]
'Atlas_c265e369cae34ea3.lift2_1_identity' depends on axioms: [propext, Quot.sound]
'Atlas_c265e369cae34ea3.lift2_1_complete' depends on axioms: [propext, Classical.choice, Quot.sound]
'Atlas_c265e369cae34ea3.lift2_1_children' depends on axioms: [propext, Classical.choice, Quot.sound]
'Atlas_c265e369cae34ea3.periodic3' depends on axioms: [propext, Quot.sound]
'Atlas_c265e369cae34ea3.checked3' depends on axioms: [propext, Classical.choice, Quot.sound]
'Atlas_c265e369cae34ea3.complete3' depends on axioms: [propext, Classical.choice, Quot.sound]
'Atlas_c265e369cae34ea3.lift3_0_identity' depends on axioms: [propext, Quot.sound]
'Atlas_c265e369cae34ea3.lift3_0_complete' depends on axioms: [propext, Classical.choice, Quot.sound]
'Atlas_c265e369cae34ea3.lift3_0_children' depends on axioms: [propext, Classical.choice, Quot.sound]
'Atlas_c265e369cae34ea3.lift3_1_identity' depends on axioms: [propext, Quot.sound]
'Atlas_c265e369cae34ea3.lift3_1_complete' depends on axioms: [propext, Classical.choice, Quot.sound]
'Atlas_c265e369cae34ea3.lift3_1_children' depends on axioms: [propext, Classical.choice, Quot.sound]
'Atlas_c265e369cae34ea3.lift3_2_identity' depends on axioms: [propext, Quot.sound]
'Atlas_c265e369cae34ea3.lift3_2_complete' depends on axioms: [propext, Classical.choice, Quot.sound]
'Atlas_c265e369cae34ea3.lift3_2_children' depends on axioms: [propext, Classical.choice, Quot.sound]
'Atlas_c265e369cae34ea3.lift3_3_identity' depends on axioms: [propext, Quot.sound]
'Atlas_c265e369cae34ea3.lift3_3_complete' depends on axioms: [propext, Classical.choice, Quot.sound]
'Atlas_c265e369cae34ea3.lift3_3_children' depends on axioms: [propext, Classical.choice, Quot.sound]
'Atlas_c265e369cae34ea3.periodic4' depends on axioms: [propext, Quot.sound]
'Atlas_c265e369cae34ea3.checked4' depends on axioms: [propext, Classical.choice, Quot.sound]
'Atlas_c265e369cae34ea3.complete4' depends on axioms: [propext, Classical.choice, Quot.sound]
'Atlas_c265e369cae34ea3.lift4_0_identity' depends on axioms: [propext, Quot.sound]
'Atlas_c265e369cae34ea3.lift4_0_complete' depends on axioms: [propext, Classical.choice, Quot.sound]
'Atlas_c265e369cae34ea3.lift4_0_children' depends on axioms: [propext, Classical.choice, Quot.sound]
'Atlas_c265e369cae34ea3.lift4_1_identity' depends on axioms: [propext, Quot.sound]
'Atlas_c265e369cae34ea3.lift4_1_complete' depends on axioms: [propext, Classical.choice, Quot.sound]
'Atlas_c265e369cae34ea3.lift4_1_children' depends on axioms: [propext, Classical.choice, Quot.sound]
'Atlas_c265e369cae34ea3.lift4_2_identity' depends on axioms: [propext, Quot.sound]
'Atlas_c265e369cae34ea3.lift4_2_complete' depends on axioms: [propext, Classical.choice, Quot.sound]
'Atlas_c265e369cae34ea3.lift4_2_children' depends on axioms: [propext, Classical.choice, Quot.sound]
'Atlas_c265e369cae34ea3.lift4_3_identity' depends on axioms: [propext, Quot.sound]
'Atlas_c265e369cae34ea3.lift4_3_complete' depends on axioms: [propext, Classical.choice, Quot.sound]
'Atlas_c265e369cae34ea3.lift4_3_children' depends on axioms: [propext, Classical.choice, Quot.sound]
'Atlas_c265e369cae34ea3.lift4_4_identity' depends on axioms: [propext, Quot.sound]
'Atlas_c265e369cae34ea3.lift4_4_complete' depends on axioms: [propext, Classical.choice, Quot.sound]
'Atlas_c265e369cae34ea3.lift4_4_children' depends on axioms: [propext, Classical.choice, Quot.sound]
'Atlas_c265e369cae34ea3.lift4_5_identity' depends on axioms: [propext, Quot.sound]
'Atlas_c265e369cae34ea3.lift4_5_complete' depends on axioms: [propext, Classical.choice, Quot.sound]
'Atlas_c265e369cae34ea3.lift4_5_children' depends on axioms: [propext, Classical.choice, Quot.sound]
'Atlas_c265e369cae34ea3.lift4_6_identity' depends on axioms: [propext, Quot.sound]
'Atlas_c265e369cae34ea3.lift4_6_complete' depends on axioms: [propext, Classical.choice, Quot.sound]
'Atlas_c265e369cae34ea3.lift4_6_children' depends on axioms: [propext, Classical.choice, Quot.sound]
'Atlas_c265e369cae34ea3.lift4_7_identity' depends on axioms: [propext, Quot.sound]
'Atlas_c265e369cae34ea3.lift4_7_complete' depends on axioms: [propext, Classical.choice, Quot.sound]
'Atlas_c265e369cae34ea3.lift4_7_children' depends on axioms: [propext, Classical.choice, Quot.sound]
'Atlas_c265e369cae34ea3.count_checked' depends on axioms: [propext, Classical.choice, Quot.sound]
'Atlas_c265e369cae34ea3.source_survives' depends on axioms: [propext, Classical.choice, Quot.sound]
'Atlas_8611b5fa58a3d886.prime_checked' depends on axioms: [propext, Classical.choice, Quot.sound]
'Atlas_8611b5fa58a3d886.periodic1' depends on axioms: [propext, Quot.sound]
'Atlas_8611b5fa58a3d886.checked1' depends on axioms: [propext, Classical.choice, Quot.sound]
'Atlas_8611b5fa58a3d886.complete1' depends on axioms: [propext, Classical.choice, Quot.sound]
'Atlas_8611b5fa58a3d886.periodic2' depends on axioms: [propext, Quot.sound]
'Atlas_8611b5fa58a3d886.checked2' depends on axioms: [propext, Classical.choice, Quot.sound]
'Atlas_8611b5fa58a3d886.complete2' depends on axioms: [propext, Classical.choice, Quot.sound]
'Atlas_8611b5fa58a3d886.lift2_0_identity' depends on axioms: [propext, Quot.sound]
'Atlas_8611b5fa58a3d886.lift2_0_complete' depends on axioms: [propext, Classical.choice, Quot.sound]
'Atlas_8611b5fa58a3d886.lift2_0_children' depends on axioms: [propext, Classical.choice, Quot.sound]
'Atlas_8611b5fa58a3d886.lift2_1_identity' depends on axioms: [propext, Quot.sound]
'Atlas_8611b5fa58a3d886.lift2_1_complete' depends on axioms: [propext, Classical.choice, Quot.sound]
'Atlas_8611b5fa58a3d886.lift2_1_children' depends on axioms: [propext, Classical.choice, Quot.sound]
'Atlas_8611b5fa58a3d886.lift2_2_identity' depends on axioms: [propext, Quot.sound]
'Atlas_8611b5fa58a3d886.lift2_2_complete' depends on axioms: [propext, Classical.choice, Quot.sound]
'Atlas_8611b5fa58a3d886.lift2_2_children' depends on axioms: [propext, Classical.choice, Quot.sound]
'Atlas_8611b5fa58a3d886.count_checked' depends on axioms: [propext, Classical.choice, Quot.sound]
'Atlas_8611b5fa58a3d886.source_survives' depends on axioms: [propext, Classical.choice, Quot.sound]
'Atlas_8611b5fa58a3d886.points_checked' depends on axioms: [propext, Classical.choice, Quot.sound]
'Atlas_8611b5fa58a3d886.points_complete' depends on axioms: [propext, Classical.choice, Quot.sound]
'Atlas_b5f00f7868bdd12e.prime_checked' depends on axioms: [propext, Classical.choice, Quot.sound]
'Atlas_b5f00f7868bdd12e.periodic1' depends on axioms: [propext, Quot.sound]
'Atlas_b5f00f7868bdd12e.checked1' depends on axioms: [propext, Classical.choice, Quot.sound]
'Atlas_b5f00f7868bdd12e.complete1' depends on axioms: [propext, Classical.choice, Quot.sound]
'Atlas_b5f00f7868bdd12e.periodic2' depends on axioms: [propext, Quot.sound]
'Atlas_b5f00f7868bdd12e.checked2' depends on axioms: [propext, Classical.choice, Quot.sound]
'Atlas_b5f00f7868bdd12e.complete2' depends on axioms: [propext, Classical.choice, Quot.sound]
'Atlas_b5f00f7868bdd12e.lift2_0_identity' depends on axioms: [propext, Quot.sound]
'Atlas_b5f00f7868bdd12e.lift2_0_complete' depends on axioms: [propext, Classical.choice, Quot.sound]
'Atlas_b5f00f7868bdd12e.lift2_0_children' depends on axioms: [propext, Classical.choice, Quot.sound]
'Atlas_b5f00f7868bdd12e.lift2_1_identity' depends on axioms: [propext, Quot.sound]
'Atlas_b5f00f7868bdd12e.lift2_1_complete' depends on axioms: [propext, Classical.choice, Quot.sound]
'Atlas_b5f00f7868bdd12e.lift2_1_children' depends on axioms: [propext, Classical.choice, Quot.sound]
'Atlas_b5f00f7868bdd12e.lift2_2_identity' depends on axioms: [propext, Quot.sound]
'Atlas_b5f00f7868bdd12e.lift2_2_complete' depends on axioms: [propext, Classical.choice, Quot.sound]
'Atlas_b5f00f7868bdd12e.lift2_2_children' depends on axioms: [propext, Classical.choice, Quot.sound]
'Atlas_b5f00f7868bdd12e.lift2_3_identity' depends on axioms: [propext, Quot.sound]
'Atlas_b5f00f7868bdd12e.lift2_3_complete' depends on axioms: [propext, Classical.choice, Quot.sound]
'Atlas_b5f00f7868bdd12e.lift2_3_children' depends on axioms: [propext, Classical.choice, Quot.sound]
'Atlas_b5f00f7868bdd12e.lift2_4_identity' depends on axioms: [propext, Quot.sound]
'Atlas_b5f00f7868bdd12e.lift2_4_complete' depends on axioms: [propext, Classical.choice, Quot.sound]
'Atlas_b5f00f7868bdd12e.lift2_4_children' depends on axioms: [propext, Classical.choice, Quot.sound]
'Atlas_b5f00f7868bdd12e.count_checked' depends on axioms: [propext, Classical.choice, Quot.sound]
'Atlas_b5f00f7868bdd12e.source_survives' depends on axioms: [propext, Classical.choice, Quot.sound]
'Atlas_b5f00f7868bdd12e.points_checked' depends on axioms: [propext, Classical.choice, Quot.sound]
'Atlas_b5f00f7868bdd12e.points_complete' depends on axioms: [propext, Classical.choice, Quot.sound]
'Atlas_3ecfa5ecaf39bf17.prime_checked' depends on axioms: [propext, Classical.choice, Quot.sound]
'Atlas_3ecfa5ecaf39bf17.periodic1' depends on axioms: [propext, Quot.sound]
'Atlas_3ecfa5ecaf39bf17.checked1' depends on axioms: [propext, Classical.choice, Quot.sound]
'Atlas_3ecfa5ecaf39bf17.complete1' depends on axioms: [propext, Classical.choice, Quot.sound]
'Atlas_3ecfa5ecaf39bf17.periodic2' depends on axioms: [propext, Quot.sound]
'Atlas_3ecfa5ecaf39bf17.checked2' depends on axioms: [propext, Classical.choice, Quot.sound]
'Atlas_3ecfa5ecaf39bf17.complete2' depends on axioms: [propext, Classical.choice, Quot.sound]
'Atlas_3ecfa5ecaf39bf17.lift2_0_identity' depends on axioms: [propext]
'Atlas_3ecfa5ecaf39bf17.lift2_0_complete' depends on axioms: [propext, Classical.choice, Quot.sound]
'Atlas_3ecfa5ecaf39bf17.lift2_0_children' depends on axioms: [propext, Classical.choice, Quot.sound]
'Atlas_3ecfa5ecaf39bf17.lift2_1_identity' depends on axioms: [propext]
'Atlas_3ecfa5ecaf39bf17.lift2_1_complete' depends on axioms: [propext, Classical.choice, Quot.sound]
'Atlas_3ecfa5ecaf39bf17.lift2_1_children' depends on axioms: [propext, Classical.choice, Quot.sound]
'Atlas_3ecfa5ecaf39bf17.periodic3' depends on axioms: [propext, Quot.sound]
'Atlas_3ecfa5ecaf39bf17.checked3' depends on axioms: [propext, Classical.choice, Quot.sound]
'Atlas_3ecfa5ecaf39bf17.complete3' depends on axioms: [propext, Classical.choice, Quot.sound]
'Atlas_3ecfa5ecaf39bf17.lift3_0_identity' depends on axioms: [propext]
'Atlas_3ecfa5ecaf39bf17.lift3_0_complete' depends on axioms: [propext, Classical.choice, Quot.sound]
'Atlas_3ecfa5ecaf39bf17.lift3_0_children' depends on axioms: [propext, Classical.choice, Quot.sound]
'Atlas_3ecfa5ecaf39bf17.lift3_1_identity' depends on axioms: [propext]
'Atlas_3ecfa5ecaf39bf17.lift3_1_complete' depends on axioms: [propext, Classical.choice, Quot.sound]
'Atlas_3ecfa5ecaf39bf17.lift3_1_children' depends on axioms: [propext, Classical.choice, Quot.sound]
'Atlas_3ecfa5ecaf39bf17.lift3_2_identity' depends on axioms: [propext]
'Atlas_3ecfa5ecaf39bf17.lift3_2_complete' depends on axioms: [propext, Classical.choice, Quot.sound]
'Atlas_3ecfa5ecaf39bf17.lift3_2_children' depends on axioms: [propext, Classical.choice, Quot.sound]
'Atlas_3ecfa5ecaf39bf17.lift3_3_identity' depends on axioms: [propext]
'Atlas_3ecfa5ecaf39bf17.lift3_3_complete' depends on axioms: [propext, Classical.choice, Quot.sound]
'Atlas_3ecfa5ecaf39bf17.lift3_3_children' depends on axioms: [propext, Classical.choice, Quot.sound]
'Atlas_3ecfa5ecaf39bf17.count_checked' depends on axioms: [propext, Classical.choice, Quot.sound]
'Atlas_3ecfa5ecaf39bf17.source_survives' depends on axioms: [propext, Classical.choice, Quot.sound]
'Atlas_3ecfa5ecaf39bf17.points_checked' depends on axioms: [propext, Classical.choice, Quot.sound]
'Atlas_3ecfa5ecaf39bf17.points_complete' depends on axioms: [propext, Classical.choice, Quot.sound]
'Atlas_0c849f02429ccb98.prime_checked' depends on axioms: [propext, Classical.choice, Quot.sound]
'Atlas_0c849f02429ccb98.periodic1' depends on axioms: [propext, Quot.sound]
'Atlas_0c849f02429ccb98.checked1' depends on axioms: [propext, Classical.choice, Quot.sound]
'Atlas_0c849f02429ccb98.complete1' depends on axioms: [propext, Classical.choice, Quot.sound]
'Atlas_0c849f02429ccb98.periodic2' depends on axioms: [propext, Quot.sound]
'Atlas_0c849f02429ccb98.checked2' depends on axioms: [propext, Classical.choice, Quot.sound]
'Atlas_0c849f02429ccb98.complete2' depends on axioms: [propext, Classical.choice, Quot.sound]
'Atlas_0c849f02429ccb98.lift2_0_identity' depends on axioms: [propext, Quot.sound]
'Atlas_0c849f02429ccb98.lift2_0_complete' depends on axioms: [propext, Classical.choice, Quot.sound]
'Atlas_0c849f02429ccb98.lift2_0_children' depends on axioms: [propext, Classical.choice, Quot.sound]
'Atlas_0c849f02429ccb98.lift2_1_identity' depends on axioms: [propext, Quot.sound]
'Atlas_0c849f02429ccb98.lift2_1_complete' depends on axioms: [propext, Classical.choice, Quot.sound]
'Atlas_0c849f02429ccb98.lift2_1_children' depends on axioms: [propext, Classical.choice, Quot.sound]
'Atlas_0c849f02429ccb98.periodic3' depends on axioms: [propext, Quot.sound]
'Atlas_0c849f02429ccb98.checked3' depends on axioms: [propext, Classical.choice, Quot.sound]
'Atlas_0c849f02429ccb98.complete3' depends on axioms: [propext, Classical.choice, Quot.sound]
'Atlas_0c849f02429ccb98.lift3_0_identity' depends on axioms: [propext, Quot.sound]
'Atlas_0c849f02429ccb98.lift3_0_complete' depends on axioms: [propext, Classical.choice, Quot.sound]
'Atlas_0c849f02429ccb98.lift3_0_children' depends on axioms: [propext, Classical.choice, Quot.sound]
'Atlas_0c849f02429ccb98.lift3_1_identity' depends on axioms: [propext, Quot.sound]
'Atlas_0c849f02429ccb98.lift3_1_complete' depends on axioms: [propext, Classical.choice, Quot.sound]
'Atlas_0c849f02429ccb98.lift3_1_children' depends on axioms: [propext, Classical.choice, Quot.sound]
'Atlas_0c849f02429ccb98.lift3_2_identity' depends on axioms: [propext, Quot.sound]
'Atlas_0c849f02429ccb98.lift3_2_complete' depends on axioms: [propext, Classical.choice, Quot.sound]
'Atlas_0c849f02429ccb98.lift3_2_children' depends on axioms: [propext, Classical.choice, Quot.sound]
'Atlas_0c849f02429ccb98.lift3_3_identity' depends on axioms: [propext, Quot.sound]
'Atlas_0c849f02429ccb98.lift3_3_complete' depends on axioms: [propext, Classical.choice, Quot.sound]
'Atlas_0c849f02429ccb98.lift3_3_children' depends on axioms: [propext, Classical.choice, Quot.sound]
'Atlas_0c849f02429ccb98.lift3_4_identity' depends on axioms: [propext, Quot.sound]
'Atlas_0c849f02429ccb98.lift3_4_complete' depends on axioms: [propext, Classical.choice, Quot.sound]
'Atlas_0c849f02429ccb98.lift3_4_children' depends on axioms: [propext, Classical.choice, Quot.sound]
'Atlas_0c849f02429ccb98.lift3_5_identity' depends on axioms: [propext, Quot.sound]
'Atlas_0c849f02429ccb98.lift3_5_complete' depends on axioms: [propext, Classical.choice, Quot.sound]
'Atlas_0c849f02429ccb98.lift3_5_children' depends on axioms: [propext, Classical.choice, Quot.sound]
'Atlas_0c849f02429ccb98.count_checked' depends on axioms: [propext, Classical.choice, Quot.sound]
'Atlas_0c849f02429ccb98.source_survives' depends on axioms: [propext, Classical.choice, Quot.sound]
'Atlas_0c849f02429ccb98.points_checked' depends on axioms: [propext, Classical.choice, Quot.sound]
'Atlas_0c849f02429ccb98.points_complete' depends on axioms: [propext, Classical.choice, Quot.sound]
'Atlas_0d3f0fda0446828b.prime_checked' depends on axioms: [propext, Classical.choice, Quot.sound]
'Atlas_0d3f0fda0446828b.periodic1' depends on axioms: [propext, Quot.sound]
'Atlas_0d3f0fda0446828b.checked1' depends on axioms: [propext, Classical.choice, Quot.sound]
'Atlas_0d3f0fda0446828b.complete1' depends on axioms: [propext, Classical.choice, Quot.sound]
'Atlas_0d3f0fda0446828b.periodic2' depends on axioms: [propext, Quot.sound]
'Atlas_0d3f0fda0446828b.checked2' depends on axioms: [propext, Classical.choice, Quot.sound]
'Atlas_0d3f0fda0446828b.complete2' depends on axioms: [propext, Classical.choice, Quot.sound]
'Atlas_0d3f0fda0446828b.lift2_0_identity' depends on axioms: [propext, Quot.sound]
'Atlas_0d3f0fda0446828b.lift2_0_complete' depends on axioms: [propext, Classical.choice, Quot.sound]
'Atlas_0d3f0fda0446828b.lift2_0_children' depends on axioms: [propext, Classical.choice, Quot.sound]
'Atlas_0d3f0fda0446828b.lift2_1_identity' depends on axioms: [propext, Quot.sound]
'Atlas_0d3f0fda0446828b.lift2_1_complete' depends on axioms: [propext, Classical.choice, Quot.sound]
'Atlas_0d3f0fda0446828b.lift2_1_children' depends on axioms: [propext, Classical.choice, Quot.sound]
'Atlas_0d3f0fda0446828b.lift2_2_identity' depends on axioms: [propext, Quot.sound]
'Atlas_0d3f0fda0446828b.lift2_2_complete' depends on axioms: [propext, Classical.choice, Quot.sound]
'Atlas_0d3f0fda0446828b.lift2_2_children' depends on axioms: [propext, Classical.choice, Quot.sound]
'Atlas_0d3f0fda0446828b.lift2_3_identity' depends on axioms: [propext, Quot.sound]
'Atlas_0d3f0fda0446828b.lift2_3_complete' depends on axioms: [propext, Classical.choice, Quot.sound]
'Atlas_0d3f0fda0446828b.lift2_3_children' depends on axioms: [propext, Classical.choice, Quot.sound]
'Atlas_0d3f0fda0446828b.lift2_4_identity' depends on axioms: [propext, Quot.sound]
'Atlas_0d3f0fda0446828b.lift2_4_complete' depends on axioms: [propext, Classical.choice, Quot.sound]
'Atlas_0d3f0fda0446828b.lift2_4_children' depends on axioms: [propext, Classical.choice, Quot.sound]
'Atlas_0d3f0fda0446828b.count_checked' depends on axioms: [propext, Classical.choice, Quot.sound]
'Atlas_0d3f0fda0446828b.source_survives' depends on axioms: [propext, Classical.choice, Quot.sound]
229 declarations audited: standard axioms only
