{
  "schema": "pp-witness-repairs-development/1",
  "recurrence_models": 135,
  "canonical_GF_classes": 131,
  "original_total_orders": 368,
  "reduced_total_orders": 368,
  "independent_value_comparisons": 810,
  "independent_parity_subsequence_comparisons": 1080,
  "graph_source_rows": 196,
  "graph_updates": 736,
  "rank_losses": 219,
  "future_events_compared": 1551,
  "large_graph_vertices": 10,
  "large_graph_edges": 40,
  "large_graph_repair_dimension": 2,
  "source_sha256": {
    "receipts/sequence_recovery/results.json": "c3b7df5b8691080935e40537959f20f3026d89c8da9b5f270235c42031fc0220",
    "receipts/monograph_development/connection_corpus.json": "8f3696362ebe3940eded24d77dbab5b133f9715b3905d28a425fa1b9b29e5af9",
    "receipts/monograph_development/large_connection.json": "6568bebdc364a104a7ce9a9b00b67739d22ea472edc3b51522c2e41127e448e7"
  },
  "execution_verified": false,
  "new_lean_compilations": 0,
  "scope": "exact certificates for supplied rational models and finite graph measures; no OEIS definition proof or general integer-solver completion"
}
