'PerfectPower.GammaArithmetic.gamma_factorial' depends on axioms: [propext, Classical.choice, Quot.sound]
'PerfectPower.GammaArithmetic.gamma_fixed_shift' depends on axioms: [propext, Classical.choice, Quot.sound]
'PerfectPower.GammaArithmetic.gamma_three_polynomial' depends on axioms: [propext, Classical.choice, Quot.sound]
'PerfectPower.GammaArithmetic.central_prime_once' depends on axioms: [propext, Classical.choice, Quot.sound]
'PerfectPower.GammaArithmetic.central_not_power' depends on axioms: [propext, Classical.choice, Quot.sound]
'PerfectPower.GammaArithmetic.central_not_int_power' depends on axioms: [propext, Classical.choice, Quot.sound]
'PerfectPower.GammaArithmetic.central_gamma' depends on axioms: [propext, Classical.choice, Quot.sound]
'PerfectPower.GammaArithmetic.central_gamma_not_int_power' depends on axioms: [propext, Classical.choice, Quot.sound]
'PerfectPower.GammaArithmetic.binomial_denominator' depends on axioms: [propext, Classical.choice, Quot.sound]
'PerfectPower.GammaArithmetic.binomial_polynomial' depends on axioms: [propext, Classical.choice, Quot.sound]
'PerfectPower.GammaArithmetic.factorial_step' depends on axioms: [propext]
'PerfectPower.GammaArithmetic.prime_exponent_obstruction' depends on axioms: [propext, Classical.choice, Quot.sound]
'PerfectPower.GammaArithmetic.legendre_sum' depends on axioms: [propext, Classical.choice, Quot.sound]
'PerfectPower.GammaArithmetic.recurrence_unique' depends on axioms: [propext, Classical.choice, Quot.sound]
'PerfectPower.GammaArithmetic.delta_periodic' depends on axioms: [propext, Classical.choice, Quot.sound]
'PerfectPower.HypergeometricTransport.generating_equation' depends on axioms: [propext, Classical.choice, Quot.sound]
'PerfectPower.IntegralOutputTransport.quotient_words' does not depend on any axioms
'PerfectPower.IntegralOutputTransport.all_outputs' does not depend on any axioms
'PerfectPower.IntegralOutputTransport.output_fibre' does not depend on any axioms
'PerfectPower.IntegralOutputTransport.diagonal_integer_image' depends on axioms: [Classical.choice]
