'PerfectPower.BernsteinRootTree.form_pos' depends on axioms: [propext, Classical.choice, Quot.sound]
'PerfectPower.BernsteinRootTree.excludes' depends on axioms: [propext, Classical.choice, Quot.sound]
'PerfectPower.BernsteinRootTree.Tree.complete' depends on axioms: [propext, Classical.choice, Quot.sound]
'PerfectPower.BernsteinRootTree.global_complete' depends on axioms: [propext, Classical.choice, Quot.sound]
'PerfectPower.BernsteinRootTree.integer_complete' depends on axioms: [propext, Classical.choice, Quot.sound]
'PerfectPower.SturmChainAlgebra.remainder_opposite' depends on axioms: [propext, Classical.choice, Quot.sound]
'PerfectPower.SturmChainAlgebra.zero_propagates' depends on axioms: [propext, Classical.choice, Quot.sound]
'PerfectPower.SturmChainAlgebra.bezout_separates' depends on axioms: [propext, Classical.choice, Quot.sound]
'PerfectPower.SturmChainAlgebra.multiplicity_roots' depends on axioms: [propext, Classical.choice, Quot.sound]
'PerfectPower.DeterminantalEvents.row_expansion' depends on axioms: [propext, Classical.choice, Quot.sound]
'PerfectPower.DeterminantalEvents.signed_rows' depends on axioms: [propext, Classical.choice, Quot.sound]
'PerfectPower.DeterminantalEvents.mixed_expansion' depends on axioms: [propext, Classical.choice, Quot.sound]
'PerfectPower.DeterminantalEvents.diagonal_mixed' depends on axioms: [propext, Classical.choice, Quot.sound]
'PerfectPower.DeterminantalEvents.expectation_mixed' depends on axioms: [propext, Classical.choice, Quot.sound]
'PerfectPower.FiniteGraphProbability.product_indicator' depends on axioms: [propext, Classical.choice, Quot.sound]
'PerfectPower.FiniteGraphProbability.product_avoid' depends on axioms: [propext, Classical.choice, Quot.sound]
'PerfectPower.FiniteGraphProbability.padded_indicator' depends on axioms: [propext, Classical.choice, Quot.sound]
'PerfectPower.FiniteGraphProbability.mixed_probability' depends on axioms: [propext, Classical.choice, Quot.sound]
'PerfectPower.FiniteGraphProbability.event_bounds' depends on axioms: [propext, Classical.choice, Quot.sound]
'PerfectPower.FiniteGraphProbability.rational_event_bounds' depends on axioms: [propext, Classical.choice, Quot.sound]
'PerfectPower.FiniteGraphProbability.refinement_le' depends on axioms: [propext, Classical.choice, Quot.sound]
'PerfectPower.FiniteGraphProbability.conditional_bounds' depends on axioms: [propext, Classical.choice, Quot.sound]
'PerfectPower.TriangularDeterminant.checked' depends on axioms: [propext, Classical.choice, Quot.sound]
'PerfectPower.PaddedPrincipalMinor.padded_det' depends on axioms: [propext, Classical.choice, Quot.sound]
'PerfectPower.PaddedPrincipalMinor.mixed_principal' depends on axioms: [propext, Classical.choice, Quot.sound]
'PerfectPower.RootEventFixtures.giant_roots_checked' depends on axioms: [propext, Classical.choice, Quot.sound]
'PerfectPower.RootEventFixtures.giant_complete' depends on axioms: [propext, Classical.choice, Quot.sound]
'PerfectPower.RootEventFixtures.repeated_roots_checked' depends on axioms: [propext, Classical.choice, Quot.sound]
'PerfectPower.RootEventFixtures.repeated_complete' depends on axioms: [propext, Classical.choice, Quot.sound]
'PerfectPower.RootEventFixtures.no_real_roots_checked' depends on axioms: [propext, Classical.choice, Quot.sound]
'PerfectPower.RootEventFixtures.no_real_complete' depends on axioms: [propext, Classical.choice, Quot.sound]
'PerfectPower.RootEventFixtures.fractional_roots_checked' depends on axioms: [propext, Classical.choice, Quot.sound]
'PerfectPower.RootEventFixtures.fractional_complete' depends on axioms: [propext, Classical.choice, Quot.sound]
'PerfectPower.RootEventFixtures.negative_roots_checked' depends on axioms: [propext, Classical.choice, Quot.sound]
'PerfectPower.RootEventFixtures.negative_complete' depends on axioms: [propext, Classical.choice, Quot.sound]
'PerfectPower.RootEventFixtures.repeated_small_roots_checked' depends on axioms: [propext, Classical.choice, Quot.sound]
'PerfectPower.RootEventFixtures.repeated_small_complete' depends on axioms: [propext, Classical.choice, Quot.sound]
'PerfectPower.RootEventFixtures.sparse_roots_checked' depends on axioms: [propext, Classical.choice, Quot.sound]
'PerfectPower.RootEventFixtures.sparse_complete' depends on axioms: [propext, Classical.choice, Quot.sound]
'PerfectPower.GraphProbability00.nonnegative' depends on axioms: [propext, Classical.choice, Quot.sound]
'PerfectPower.GraphProbability00.normalized' depends on axioms: [propext, Classical.choice, Quot.sound]
'PerfectPower.GraphProbability00.inclusion_000' depends on axioms: [propext, Classical.choice, Quot.sound]
'PerfectPower.GraphProbability00.inclusion_001' depends on axioms: [propext, Classical.choice, Quot.sound]
'PerfectPower.GraphProbability00.inclusion_002' depends on axioms: [propext, Classical.choice, Quot.sound]
'PerfectPower.GraphProbability00.inclusion_003' depends on axioms: [propext, Classical.choice, Quot.sound]
'PerfectPower.GraphProbability00.inclusion_004' depends on axioms: [propext, Classical.choice, Quot.sound]
'PerfectPower.GraphProbability00.inclusion_005' depends on axioms: [propext, Classical.choice, Quot.sound]
'PerfectPower.GraphProbability00.inclusion_006' depends on axioms: [propext, Classical.choice, Quot.sound]
'PerfectPower.GraphProbability00.inclusion_007' depends on axioms: [propext, Classical.choice, Quot.sound]
'PerfectPower.GraphProbability00.inclusion_checked' depends on axioms: [propext, Classical.choice, Quot.sound]
'PerfectPower.GraphProbability00.all_events' depends on axioms: [propext, Classical.choice, Quot.sound]
'PerfectPower.GraphProbability00.probability_bounds' depends on axioms: [propext, Classical.choice, Quot.sound]
'PerfectPower.GraphProbability01.nonnegative' depends on axioms: [propext, Classical.choice, Quot.sound]
'PerfectPower.GraphProbability01.normalized' depends on axioms: [propext, Classical.choice, Quot.sound]
'PerfectPower.GraphProbability01.inclusion_000' depends on axioms: [propext, Classical.choice, Quot.sound]
'PerfectPower.GraphProbability01.inclusion_001' depends on axioms: [propext, Classical.choice, Quot.sound]
'PerfectPower.GraphProbability01.inclusion_002' depends on axioms: [propext, Classical.choice, Quot.sound]
'PerfectPower.GraphProbability01.inclusion_003' depends on axioms: [propext, Classical.choice, Quot.sound]
'PerfectPower.GraphProbability01.inclusion_004' depends on axioms: [propext, Classical.choice, Quot.sound]
'PerfectPower.GraphProbability01.inclusion_005' depends on axioms: [propext, Classical.choice, Quot.sound]
'PerfectPower.GraphProbability01.inclusion_006' depends on axioms: [propext, Classical.choice, Quot.sound]
'PerfectPower.GraphProbability01.inclusion_007' depends on axioms: [propext, Classical.choice, Quot.sound]
'PerfectPower.GraphProbability01.inclusion_008' depends on axioms: [propext, Classical.choice, Quot.sound]
'PerfectPower.GraphProbability01.inclusion_009' depends on axioms: [propext, Classical.choice, Quot.sound]
'PerfectPower.GraphProbability01.inclusion_010' depends on axioms: [propext, Classical.choice, Quot.sound]
'PerfectPower.GraphProbability01.inclusion_011' depends on axioms: [propext, Classical.choice, Quot.sound]
'PerfectPower.GraphProbability01.inclusion_012' depends on axioms: [propext, Classical.choice, Quot.sound]
'PerfectPower.GraphProbability01.inclusion_013' depends on axioms: [propext, Classical.choice, Quot.sound]
'PerfectPower.GraphProbability01.inclusion_014' depends on axioms: [propext, Classical.choice, Quot.sound]
'PerfectPower.GraphProbability01.inclusion_015' depends on axioms: [propext, Classical.choice, Quot.sound]
'PerfectPower.GraphProbability01.inclusion_checked' depends on axioms: [propext, Classical.choice, Quot.sound]
'PerfectPower.GraphProbability01.all_events' depends on axioms: [propext, Classical.choice, Quot.sound]
'PerfectPower.GraphProbability01.probability_bounds' depends on axioms: [propext, Classical.choice, Quot.sound]
'PerfectPower.GraphProbability02.nonnegative' depends on axioms: [propext, Classical.choice, Quot.sound]
'PerfectPower.GraphProbability02.normalized' depends on axioms: [propext, Classical.choice, Quot.sound]
'PerfectPower.GraphProbability02.inclusion_000' depends on axioms: [propext, Classical.choice, Quot.sound]
'PerfectPower.GraphProbability02.inclusion_001' depends on axioms: [propext, Classical.choice, Quot.sound]
'PerfectPower.GraphProbability02.inclusion_002' depends on axioms: [propext, Classical.choice, Quot.sound]
'PerfectPower.GraphProbability02.inclusion_003' depends on axioms: [propext, Classical.choice, Quot.sound]
'PerfectPower.GraphProbability02.inclusion_004' depends on axioms: [propext, Classical.choice, Quot.sound]
'PerfectPower.GraphProbability02.inclusion_005' depends on axioms: [propext, Classical.choice, Quot.sound]
'PerfectPower.GraphProbability02.inclusion_006' depends on axioms: [propext, Classical.choice, Quot.sound]
'PerfectPower.GraphProbability02.inclusion_007' depends on axioms: [propext, Classical.choice, Quot.sound]
'PerfectPower.GraphProbability02.inclusion_008' depends on axioms: [propext, Classical.choice, Quot.sound]
'PerfectPower.GraphProbability02.inclusion_009' depends on axioms: [propext, Classical.choice, Quot.sound]
'PerfectPower.GraphProbability02.inclusion_010' depends on axioms: [propext, Classical.choice, Quot.sound]
'PerfectPower.GraphProbability02.inclusion_011' depends on axioms: [propext, Classical.choice, Quot.sound]
'PerfectPower.GraphProbability02.inclusion_012' depends on axioms: [propext, Classical.choice, Quot.sound]
'PerfectPower.GraphProbability02.inclusion_013' depends on axioms: [propext, Classical.choice, Quot.sound]
'PerfectPower.GraphProbability02.inclusion_014' depends on axioms: [propext, Classical.choice, Quot.sound]
'PerfectPower.GraphProbability02.inclusion_015' depends on axioms: [propext, Classical.choice, Quot.sound]
'PerfectPower.GraphProbability02.inclusion_016' depends on axioms: [propext, Classical.choice, Quot.sound]
'PerfectPower.GraphProbability02.inclusion_017' depends on axioms: [propext, Classical.choice, Quot.sound]
'PerfectPower.GraphProbability02.inclusion_018' depends on axioms: [propext, Classical.choice, Quot.sound]
'PerfectPower.GraphProbability02.inclusion_019' depends on axioms: [propext, Classical.choice, Quot.sound]
'PerfectPower.GraphProbability02.inclusion_020' depends on axioms: [propext, Classical.choice, Quot.sound]
'PerfectPower.GraphProbability02.inclusion_021' depends on axioms: [propext, Classical.choice, Quot.sound]
'PerfectPower.GraphProbability02.inclusion_022' depends on axioms: [propext, Classical.choice, Quot.sound]
'PerfectPower.GraphProbability02.inclusion_023' depends on axioms: [propext, Classical.choice, Quot.sound]
'PerfectPower.GraphProbability02.inclusion_024' depends on axioms: [propext, Classical.choice, Quot.sound]
'PerfectPower.GraphProbability02.inclusion_025' depends on axioms: [propext, Classical.choice, Quot.sound]
'PerfectPower.GraphProbability02.inclusion_026' depends on axioms: [propext, Classical.choice, Quot.sound]
'PerfectPower.GraphProbability02.inclusion_027' depends on axioms: [propext, Classical.choice, Quot.sound]
'PerfectPower.GraphProbability02.inclusion_028' depends on axioms: [propext, Classical.choice, Quot.sound]
'PerfectPower.GraphProbability02.inclusion_029' depends on axioms: [propext, Classical.choice, Quot.sound]
'PerfectPower.GraphProbability02.inclusion_030' depends on axioms: [propext, Classical.choice, Quot.sound]
'PerfectPower.GraphProbability02.inclusion_031' depends on axioms: [propext, Classical.choice, Quot.sound]
'PerfectPower.GraphProbability02.inclusion_checked' depends on axioms: [propext, Classical.choice, Quot.sound]
'PerfectPower.GraphProbability02.all_events' depends on axioms: [propext, Classical.choice, Quot.sound]
'PerfectPower.GraphProbability02.probability_bounds' depends on axioms: [propext, Classical.choice, Quot.sound]
'PerfectPower.GraphProbability03.nonnegative' depends on axioms: [propext, Classical.choice, Quot.sound]
'PerfectPower.GraphProbability03.normalized' depends on axioms: [propext, Classical.choice, Quot.sound]
'PerfectPower.GraphProbability03.inclusion_000' depends on axioms: [propext, Classical.choice, Quot.sound]
'PerfectPower.GraphProbability03.inclusion_001' depends on axioms: [propext, Classical.choice, Quot.sound]
'PerfectPower.GraphProbability03.inclusion_002' depends on axioms: [propext, Classical.choice, Quot.sound]
'PerfectPower.GraphProbability03.inclusion_003' depends on axioms: [propext, Classical.choice, Quot.sound]
'PerfectPower.GraphProbability03.inclusion_004' depends on axioms: [propext, Classical.choice, Quot.sound]
'PerfectPower.GraphProbability03.inclusion_005' depends on axioms: [propext, Classical.choice, Quot.sound]
'PerfectPower.GraphProbability03.inclusion_006' depends on axioms: [propext, Classical.choice, Quot.sound]
'PerfectPower.GraphProbability03.inclusion_007' depends on axioms: [propext, Classical.choice, Quot.sound]
'PerfectPower.GraphProbability03.inclusion_008' depends on axioms: [propext, Classical.choice, Quot.sound]
'PerfectPower.GraphProbability03.inclusion_009' depends on axioms: [propext, Classical.choice, Quot.sound]
'PerfectPower.GraphProbability03.inclusion_010' depends on axioms: [propext, Classical.choice, Quot.sound]
'PerfectPower.GraphProbability03.inclusion_011' depends on axioms: [propext, Classical.choice, Quot.sound]
'PerfectPower.GraphProbability03.inclusion_012' depends on axioms: [propext, Classical.choice, Quot.sound]
'PerfectPower.GraphProbability03.inclusion_013' depends on axioms: [propext, Classical.choice, Quot.sound]
'PerfectPower.GraphProbability03.inclusion_014' depends on axioms: [propext, Classical.choice, Quot.sound]
'PerfectPower.GraphProbability03.inclusion_015' depends on axioms: [propext, Classical.choice, Quot.sound]
'PerfectPower.GraphProbability03.inclusion_016' depends on axioms: [propext, Classical.choice, Quot.sound]
'PerfectPower.GraphProbability03.inclusion_017' depends on axioms: [propext, Classical.choice, Quot.sound]
'PerfectPower.GraphProbability03.inclusion_018' depends on axioms: [propext, Classical.choice, Quot.sound]
'PerfectPower.GraphProbability03.inclusion_019' depends on axioms: [propext, Classical.choice, Quot.sound]
'PerfectPower.GraphProbability03.inclusion_020' depends on axioms: [propext, Classical.choice, Quot.sound]
'PerfectPower.GraphProbability03.inclusion_021' depends on axioms: [propext, Classical.choice, Quot.sound]
'PerfectPower.GraphProbability03.inclusion_022' depends on axioms: [propext, Classical.choice, Quot.sound]
'PerfectPower.GraphProbability03.inclusion_023' depends on axioms: [propext, Classical.choice, Quot.sound]
'PerfectPower.GraphProbability03.inclusion_024' depends on axioms: [propext, Classical.choice, Quot.sound]
'PerfectPower.GraphProbability03.inclusion_025' depends on axioms: [propext, Classical.choice, Quot.sound]
'PerfectPower.GraphProbability03.inclusion_026' depends on axioms: [propext, Classical.choice, Quot.sound]
'PerfectPower.GraphProbability03.inclusion_027' depends on axioms: [propext, Classical.choice, Quot.sound]
'PerfectPower.GraphProbability03.inclusion_028' depends on axioms: [propext, Classical.choice, Quot.sound]
'PerfectPower.GraphProbability03.inclusion_029' depends on axioms: [propext, Classical.choice, Quot.sound]
'PerfectPower.GraphProbability03.inclusion_030' depends on axioms: [propext, Classical.choice, Quot.sound]
'PerfectPower.GraphProbability03.inclusion_031' depends on axioms: [propext, Classical.choice, Quot.sound]
'PerfectPower.GraphProbability03.inclusion_032' depends on axioms: [propext, Classical.choice, Quot.sound]
'PerfectPower.GraphProbability03.inclusion_033' depends on axioms: [propext, Classical.choice, Quot.sound]
'PerfectPower.GraphProbability03.inclusion_034' depends on axioms: [propext, Classical.choice, Quot.sound]
'PerfectPower.GraphProbability03.inclusion_035' depends on axioms: [propext, Classical.choice, Quot.sound]
'PerfectPower.GraphProbability03.inclusion_036' depends on axioms: [propext, Classical.choice, Quot.sound]
'PerfectPower.GraphProbability03.inclusion_037' depends on axioms: [propext, Classical.choice, Quot.sound]
'PerfectPower.GraphProbability03.inclusion_038' depends on axioms: [propext, Classical.choice, Quot.sound]
'PerfectPower.GraphProbability03.inclusion_039' depends on axioms: [propext, Classical.choice, Quot.sound]
'PerfectPower.GraphProbability03.inclusion_040' depends on axioms: [propext, Classical.choice, Quot.sound]
'PerfectPower.GraphProbability03.inclusion_041' depends on axioms: [propext, Classical.choice, Quot.sound]
'PerfectPower.GraphProbability03.inclusion_042' depends on axioms: [propext, Classical.choice, Quot.sound]
'PerfectPower.GraphProbability03.inclusion_043' depends on axioms: [propext, Classical.choice, Quot.sound]
'PerfectPower.GraphProbability03.inclusion_044' depends on axioms: [propext, Classical.choice, Quot.sound]
'PerfectPower.GraphProbability03.inclusion_045' depends on axioms: [propext, Classical.choice, Quot.sound]
'PerfectPower.GraphProbability03.inclusion_046' depends on axioms: [propext, Classical.choice, Quot.sound]
'PerfectPower.GraphProbability03.inclusion_047' depends on axioms: [propext, Classical.choice, Quot.sound]
'PerfectPower.GraphProbability03.inclusion_048' depends on axioms: [propext, Classical.choice, Quot.sound]
'PerfectPower.GraphProbability03.inclusion_049' depends on axioms: [propext, Classical.choice, Quot.sound]
'PerfectPower.GraphProbability03.inclusion_050' depends on axioms: [propext, Classical.choice, Quot.sound]
'PerfectPower.GraphProbability03.inclusion_051' depends on axioms: [propext, Classical.choice, Quot.sound]
'PerfectPower.GraphProbability03.inclusion_052' depends on axioms: [propext, Classical.choice, Quot.sound]
'PerfectPower.GraphProbability03.inclusion_053' depends on axioms: [propext, Classical.choice, Quot.sound]
'PerfectPower.GraphProbability03.inclusion_054' depends on axioms: [propext, Classical.choice, Quot.sound]
'PerfectPower.GraphProbability03.inclusion_055' depends on axioms: [propext, Classical.choice, Quot.sound]
'PerfectPower.GraphProbability03.inclusion_056' depends on axioms: [propext, Classical.choice, Quot.sound]
'PerfectPower.GraphProbability03.inclusion_057' depends on axioms: [propext, Classical.choice, Quot.sound]
'PerfectPower.GraphProbability03.inclusion_058' depends on axioms: [propext, Classical.choice, Quot.sound]
'PerfectPower.GraphProbability03.inclusion_059' depends on axioms: [propext, Classical.choice, Quot.sound]
'PerfectPower.GraphProbability03.inclusion_060' depends on axioms: [propext, Classical.choice, Quot.sound]
'PerfectPower.GraphProbability03.inclusion_061' depends on axioms: [propext, Classical.choice, Quot.sound]
'PerfectPower.GraphProbability03.inclusion_062' depends on axioms: [propext, Classical.choice, Quot.sound]
'PerfectPower.GraphProbability03.inclusion_063' depends on axioms: [propext, Classical.choice, Quot.sound]
'PerfectPower.GraphProbability03.inclusion_checked' depends on axioms: [propext, Classical.choice, Quot.sound]
'PerfectPower.GraphProbability03.all_events' depends on axioms: [propext, Classical.choice, Quot.sound]
'PerfectPower.GraphProbability03.probability_bounds' depends on axioms: [propext, Classical.choice, Quot.sound]
'PerfectPower.GraphProbability04.nonnegative' depends on axioms: [propext, Classical.choice, Quot.sound]
'PerfectPower.GraphProbability04.normalized' depends on axioms: [propext, Classical.choice, Quot.sound]
'PerfectPower.GraphProbability04.inclusion_000' depends on axioms: [propext, Classical.choice, Quot.sound]
'PerfectPower.GraphProbability04.inclusion_001' depends on axioms: [propext, Classical.choice, Quot.sound]
'PerfectPower.GraphProbability04.inclusion_002' depends on axioms: [propext, Classical.choice, Quot.sound]
'PerfectPower.GraphProbability04.inclusion_003' depends on axioms: [propext, Classical.choice, Quot.sound]
'PerfectPower.GraphProbability04.inclusion_004' depends on axioms: [propext, Classical.choice, Quot.sound]
'PerfectPower.GraphProbability04.inclusion_005' depends on axioms: [propext, Classical.choice, Quot.sound]
'PerfectPower.GraphProbability04.inclusion_006' depends on axioms: [propext, Classical.choice, Quot.sound]
'PerfectPower.GraphProbability04.inclusion_007' depends on axioms: [propext, Classical.choice, Quot.sound]
'PerfectPower.GraphProbability04.inclusion_008' depends on axioms: [propext, Classical.choice, Quot.sound]
'PerfectPower.GraphProbability04.inclusion_009' depends on axioms: [propext, Classical.choice, Quot.sound]
'PerfectPower.GraphProbability04.inclusion_010' depends on axioms: [propext, Classical.choice, Quot.sound]
'PerfectPower.GraphProbability04.inclusion_011' depends on axioms: [propext, Classical.choice, Quot.sound]
'PerfectPower.GraphProbability04.inclusion_012' depends on axioms: [propext, Classical.choice, Quot.sound]
'PerfectPower.GraphProbability04.inclusion_013' depends on axioms: [propext, Classical.choice, Quot.sound]
'PerfectPower.GraphProbability04.inclusion_014' depends on axioms: [propext, Classical.choice, Quot.sound]
'PerfectPower.GraphProbability04.inclusion_015' depends on axioms: [propext, Classical.choice, Quot.sound]
'PerfectPower.GraphProbability04.inclusion_016' depends on axioms: [propext, Classical.choice, Quot.sound]
'PerfectPower.GraphProbability04.inclusion_017' depends on axioms: [propext, Classical.choice, Quot.sound]
'PerfectPower.GraphProbability04.inclusion_018' depends on axioms: [propext, Classical.choice, Quot.sound]
'PerfectPower.GraphProbability04.inclusion_019' depends on axioms: [propext, Classical.choice, Quot.sound]
'PerfectPower.GraphProbability04.inclusion_020' depends on axioms: [propext, Classical.choice, Quot.sound]
'PerfectPower.GraphProbability04.inclusion_021' depends on axioms: [propext, Classical.choice, Quot.sound]
'PerfectPower.GraphProbability04.inclusion_022' depends on axioms: [propext, Classical.choice, Quot.sound]
'PerfectPower.GraphProbability04.inclusion_023' depends on axioms: [propext, Classical.choice, Quot.sound]
'PerfectPower.GraphProbability04.inclusion_024' depends on axioms: [propext, Classical.choice, Quot.sound]
'PerfectPower.GraphProbability04.inclusion_025' depends on axioms: [propext, Classical.choice, Quot.sound]
'PerfectPower.GraphProbability04.inclusion_026' depends on axioms: [propext, Classical.choice, Quot.sound]
'PerfectPower.GraphProbability04.inclusion_027' depends on axioms: [propext, Classical.choice, Quot.sound]
'PerfectPower.GraphProbability04.inclusion_028' depends on axioms: [propext, Classical.choice, Quot.sound]
'PerfectPower.GraphProbability04.inclusion_029' depends on axioms: [propext, Classical.choice, Quot.sound]
'PerfectPower.GraphProbability04.inclusion_030' depends on axioms: [propext, Classical.choice, Quot.sound]
'PerfectPower.GraphProbability04.inclusion_031' depends on axioms: [propext, Classical.choice, Quot.sound]
'PerfectPower.GraphProbability04.inclusion_032' depends on axioms: [propext, Classical.choice, Quot.sound]
'PerfectPower.GraphProbability04.inclusion_033' depends on axioms: [propext, Classical.choice, Quot.sound]
'PerfectPower.GraphProbability04.inclusion_034' depends on axioms: [propext, Classical.choice, Quot.sound]
'PerfectPower.GraphProbability04.inclusion_035' depends on axioms: [propext, Classical.choice, Quot.sound]
'PerfectPower.GraphProbability04.inclusion_036' depends on axioms: [propext, Classical.choice, Quot.sound]
'PerfectPower.GraphProbability04.inclusion_037' depends on axioms: [propext, Classical.choice, Quot.sound]
'PerfectPower.GraphProbability04.inclusion_038' depends on axioms: [propext, Classical.choice, Quot.sound]
'PerfectPower.GraphProbability04.inclusion_039' depends on axioms: [propext, Classical.choice, Quot.sound]
'PerfectPower.GraphProbability04.inclusion_040' depends on axioms: [propext, Classical.choice, Quot.sound]
'PerfectPower.GraphProbability04.inclusion_041' depends on axioms: [propext, Classical.choice, Quot.sound]
'PerfectPower.GraphProbability04.inclusion_042' depends on axioms: [propext, Classical.choice, Quot.sound]
'PerfectPower.GraphProbability04.inclusion_043' depends on axioms: [propext, Classical.choice, Quot.sound]
'PerfectPower.GraphProbability04.inclusion_044' depends on axioms: [propext, Classical.choice, Quot.sound]
'PerfectPower.GraphProbability04.inclusion_045' depends on axioms: [propext, Classical.choice, Quot.sound]
'PerfectPower.GraphProbability04.inclusion_046' depends on axioms: [propext, Classical.choice, Quot.sound]
'PerfectPower.GraphProbability04.inclusion_047' depends on axioms: [propext, Classical.choice, Quot.sound]
'PerfectPower.GraphProbability04.inclusion_048' depends on axioms: [propext, Classical.choice, Quot.sound]
'PerfectPower.GraphProbability04.inclusion_049' depends on axioms: [propext, Classical.choice, Quot.sound]
'PerfectPower.GraphProbability04.inclusion_050' depends on axioms: [propext, Classical.choice, Quot.sound]
'PerfectPower.GraphProbability04.inclusion_051' depends on axioms: [propext, Classical.choice, Quot.sound]
'PerfectPower.GraphProbability04.inclusion_052' depends on axioms: [propext, Classical.choice, Quot.sound]
'PerfectPower.GraphProbability04.inclusion_053' depends on axioms: [propext, Classical.choice, Quot.sound]
'PerfectPower.GraphProbability04.inclusion_054' depends on axioms: [propext, Classical.choice, Quot.sound]
'PerfectPower.GraphProbability04.inclusion_055' depends on axioms: [propext, Classical.choice, Quot.sound]
'PerfectPower.GraphProbability04.inclusion_056' depends on axioms: [propext, Classical.choice, Quot.sound]
'PerfectPower.GraphProbability04.inclusion_057' depends on axioms: [propext, Classical.choice, Quot.sound]
'PerfectPower.GraphProbability04.inclusion_058' depends on axioms: [propext, Classical.choice, Quot.sound]
'PerfectPower.GraphProbability04.inclusion_059' depends on axioms: [propext, Classical.choice, Quot.sound]
'PerfectPower.GraphProbability04.inclusion_060' depends on axioms: [propext, Classical.choice, Quot.sound]
'PerfectPower.GraphProbability04.inclusion_061' depends on axioms: [propext, Classical.choice, Quot.sound]
'PerfectPower.GraphProbability04.inclusion_062' depends on axioms: [propext, Classical.choice, Quot.sound]
'PerfectPower.GraphProbability04.inclusion_063' depends on axioms: [propext, Classical.choice, Quot.sound]
'PerfectPower.GraphProbability04.inclusion_064' depends on axioms: [propext, Classical.choice, Quot.sound]
'PerfectPower.GraphProbability04.inclusion_065' depends on axioms: [propext, Classical.choice, Quot.sound]
'PerfectPower.GraphProbability04.inclusion_066' depends on axioms: [propext, Classical.choice, Quot.sound]
'PerfectPower.GraphProbability04.inclusion_067' depends on axioms: [propext, Classical.choice, Quot.sound]
'PerfectPower.GraphProbability04.inclusion_068' depends on axioms: [propext, Classical.choice, Quot.sound]
'PerfectPower.GraphProbability04.inclusion_069' depends on axioms: [propext, Classical.choice, Quot.sound]
'PerfectPower.GraphProbability04.inclusion_070' depends on axioms: [propext, Classical.choice, Quot.sound]
'PerfectPower.GraphProbability04.inclusion_071' depends on axioms: [propext, Classical.choice, Quot.sound]
'PerfectPower.GraphProbability04.inclusion_072' depends on axioms: [propext, Classical.choice, Quot.sound]
'PerfectPower.GraphProbability04.inclusion_073' depends on axioms: [propext, Classical.choice, Quot.sound]
'PerfectPower.GraphProbability04.inclusion_074' depends on axioms: [propext, Classical.choice, Quot.sound]
'PerfectPower.GraphProbability04.inclusion_075' depends on axioms: [propext, Classical.choice, Quot.sound]
'PerfectPower.GraphProbability04.inclusion_076' depends on axioms: [propext, Classical.choice, Quot.sound]
'PerfectPower.GraphProbability04.inclusion_077' depends on axioms: [propext, Classical.choice, Quot.sound]
'PerfectPower.GraphProbability04.inclusion_078' depends on axioms: [propext, Classical.choice, Quot.sound]
'PerfectPower.GraphProbability04.inclusion_079' depends on axioms: [propext, Classical.choice, Quot.sound]
'PerfectPower.GraphProbability04.inclusion_080' depends on axioms: [propext, Classical.choice, Quot.sound]
'PerfectPower.GraphProbability04.inclusion_081' depends on axioms: [propext, Classical.choice, Quot.sound]
'PerfectPower.GraphProbability04.inclusion_082' depends on axioms: [propext, Classical.choice, Quot.sound]
'PerfectPower.GraphProbability04.inclusion_083' depends on axioms: [propext, Classical.choice, Quot.sound]
'PerfectPower.GraphProbability04.inclusion_084' depends on axioms: [propext, Classical.choice, Quot.sound]
'PerfectPower.GraphProbability04.inclusion_085' depends on axioms: [propext, Classical.choice, Quot.sound]
'PerfectPower.GraphProbability04.inclusion_086' depends on axioms: [propext, Classical.choice, Quot.sound]
'PerfectPower.GraphProbability04.inclusion_087' depends on axioms: [propext, Classical.choice, Quot.sound]
'PerfectPower.GraphProbability04.inclusion_088' depends on axioms: [propext, Classical.choice, Quot.sound]
'PerfectPower.GraphProbability04.inclusion_089' depends on axioms: [propext, Classical.choice, Quot.sound]
'PerfectPower.GraphProbability04.inclusion_090' depends on axioms: [propext, Classical.choice, Quot.sound]
'PerfectPower.GraphProbability04.inclusion_091' depends on axioms: [propext, Classical.choice, Quot.sound]
'PerfectPower.GraphProbability04.inclusion_092' depends on axioms: [propext, Classical.choice, Quot.sound]
'PerfectPower.GraphProbability04.inclusion_093' depends on axioms: [propext, Classical.choice, Quot.sound]
'PerfectPower.GraphProbability04.inclusion_094' depends on axioms: [propext, Classical.choice, Quot.sound]
'PerfectPower.GraphProbability04.inclusion_095' depends on axioms: [propext, Classical.choice, Quot.sound]
'PerfectPower.GraphProbability04.inclusion_096' depends on axioms: [propext, Classical.choice, Quot.sound]
'PerfectPower.GraphProbability04.inclusion_097' depends on axioms: [propext, Classical.choice, Quot.sound]
'PerfectPower.GraphProbability04.inclusion_098' depends on axioms: [propext, Classical.choice, Quot.sound]
'PerfectPower.GraphProbability04.inclusion_099' depends on axioms: [propext, Classical.choice, Quot.sound]
'PerfectPower.GraphProbability04.inclusion_100' depends on axioms: [propext, Classical.choice, Quot.sound]
'PerfectPower.GraphProbability04.inclusion_101' depends on axioms: [propext, Classical.choice, Quot.sound]
'PerfectPower.GraphProbability04.inclusion_102' depends on axioms: [propext, Classical.choice, Quot.sound]
'PerfectPower.GraphProbability04.inclusion_103' depends on axioms: [propext, Classical.choice, Quot.sound]
'PerfectPower.GraphProbability04.inclusion_104' depends on axioms: [propext, Classical.choice, Quot.sound]
'PerfectPower.GraphProbability04.inclusion_105' depends on axioms: [propext, Classical.choice, Quot.sound]
'PerfectPower.GraphProbability04.inclusion_106' depends on axioms: [propext, Classical.choice, Quot.sound]
'PerfectPower.GraphProbability04.inclusion_107' depends on axioms: [propext, Classical.choice, Quot.sound]
'PerfectPower.GraphProbability04.inclusion_108' depends on axioms: [propext, Classical.choice, Quot.sound]
'PerfectPower.GraphProbability04.inclusion_109' depends on axioms: [propext, Classical.choice, Quot.sound]
'PerfectPower.GraphProbability04.inclusion_110' depends on axioms: [propext, Classical.choice, Quot.sound]
'PerfectPower.GraphProbability04.inclusion_111' depends on axioms: [propext, Classical.choice, Quot.sound]
'PerfectPower.GraphProbability04.inclusion_112' depends on axioms: [propext, Classical.choice, Quot.sound]
'PerfectPower.GraphProbability04.inclusion_113' depends on axioms: [propext, Classical.choice, Quot.sound]
'PerfectPower.GraphProbability04.inclusion_114' depends on axioms: [propext, Classical.choice, Quot.sound]
'PerfectPower.GraphProbability04.inclusion_115' depends on axioms: [propext, Classical.choice, Quot.sound]
'PerfectPower.GraphProbability04.inclusion_116' depends on axioms: [propext, Classical.choice, Quot.sound]
'PerfectPower.GraphProbability04.inclusion_117' depends on axioms: [propext, Classical.choice, Quot.sound]
'PerfectPower.GraphProbability04.inclusion_118' depends on axioms: [propext, Classical.choice, Quot.sound]
'PerfectPower.GraphProbability04.inclusion_119' depends on axioms: [propext, Classical.choice, Quot.sound]
'PerfectPower.GraphProbability04.inclusion_120' depends on axioms: [propext, Classical.choice, Quot.sound]
'PerfectPower.GraphProbability04.inclusion_121' depends on axioms: [propext, Classical.choice, Quot.sound]
'PerfectPower.GraphProbability04.inclusion_122' depends on axioms: [propext, Classical.choice, Quot.sound]
'PerfectPower.GraphProbability04.inclusion_123' depends on axioms: [propext, Classical.choice, Quot.sound]
'PerfectPower.GraphProbability04.inclusion_124' depends on axioms: [propext, Classical.choice, Quot.sound]
'PerfectPower.GraphProbability04.inclusion_125' depends on axioms: [propext, Classical.choice, Quot.sound]
'PerfectPower.GraphProbability04.inclusion_126' depends on axioms: [propext, Classical.choice, Quot.sound]
'PerfectPower.GraphProbability04.inclusion_127' depends on axioms: [propext, Classical.choice, Quot.sound]
'PerfectPower.GraphProbability04.inclusion_checked' depends on axioms: [propext, Classical.choice, Quot.sound]
'PerfectPower.GraphProbability04.all_events' depends on axioms: [propext, Classical.choice, Quot.sound]
'PerfectPower.GraphProbability04.probability_bounds' depends on axioms: [propext, Classical.choice, Quot.sound]
'PerfectPower.GraphProbability05.nonnegative' depends on axioms: [propext, Classical.choice, Quot.sound]
'PerfectPower.GraphProbability05.normalized' depends on axioms: [propext, Classical.choice, Quot.sound]
'PerfectPower.GraphProbability05.inclusion_000' depends on axioms: [propext, Classical.choice, Quot.sound]
'PerfectPower.GraphProbability05.inclusion_001' depends on axioms: [propext, Classical.choice, Quot.sound]
'PerfectPower.GraphProbability05.inclusion_002' depends on axioms: [propext, Classical.choice, Quot.sound]
'PerfectPower.GraphProbability05.inclusion_003' depends on axioms: [propext, Classical.choice, Quot.sound]
'PerfectPower.GraphProbability05.inclusion_004' depends on axioms: [propext, Classical.choice, Quot.sound]
'PerfectPower.GraphProbability05.inclusion_005' depends on axioms: [propext, Classical.choice, Quot.sound]
'PerfectPower.GraphProbability05.inclusion_006' depends on axioms: [propext, Classical.choice, Quot.sound]
'PerfectPower.GraphProbability05.inclusion_007' depends on axioms: [propext, Classical.choice, Quot.sound]
'PerfectPower.GraphProbability05.inclusion_008' depends on axioms: [propext, Classical.choice, Quot.sound]
'PerfectPower.GraphProbability05.inclusion_009' depends on axioms: [propext, Classical.choice, Quot.sound]
'PerfectPower.GraphProbability05.inclusion_010' depends on axioms: [propext, Classical.choice, Quot.sound]
'PerfectPower.GraphProbability05.inclusion_011' depends on axioms: [propext, Classical.choice, Quot.sound]
'PerfectPower.GraphProbability05.inclusion_012' depends on axioms: [propext, Classical.choice, Quot.sound]
'PerfectPower.GraphProbability05.inclusion_013' depends on axioms: [propext, Classical.choice, Quot.sound]
'PerfectPower.GraphProbability05.inclusion_014' depends on axioms: [propext, Classical.choice, Quot.sound]
'PerfectPower.GraphProbability05.inclusion_015' depends on axioms: [propext, Classical.choice, Quot.sound]
'PerfectPower.GraphProbability05.inclusion_016' depends on axioms: [propext, Classical.choice, Quot.sound]
'PerfectPower.GraphProbability05.inclusion_017' depends on axioms: [propext, Classical.choice, Quot.sound]
'PerfectPower.GraphProbability05.inclusion_018' depends on axioms: [propext, Classical.choice, Quot.sound]
'PerfectPower.GraphProbability05.inclusion_019' depends on axioms: [propext, Classical.choice, Quot.sound]
'PerfectPower.GraphProbability05.inclusion_020' depends on axioms: [propext, Classical.choice, Quot.sound]
'PerfectPower.GraphProbability05.inclusion_021' depends on axioms: [propext, Classical.choice, Quot.sound]
'PerfectPower.GraphProbability05.inclusion_022' depends on axioms: [propext, Classical.choice, Quot.sound]
'PerfectPower.GraphProbability05.inclusion_023' depends on axioms: [propext, Classical.choice, Quot.sound]
'PerfectPower.GraphProbability05.inclusion_024' depends on axioms: [propext, Classical.choice, Quot.sound]
'PerfectPower.GraphProbability05.inclusion_025' depends on axioms: [propext, Classical.choice, Quot.sound]
'PerfectPower.GraphProbability05.inclusion_026' depends on axioms: [propext, Classical.choice, Quot.sound]
'PerfectPower.GraphProbability05.inclusion_027' depends on axioms: [propext, Classical.choice, Quot.sound]
'PerfectPower.GraphProbability05.inclusion_028' depends on axioms: [propext, Classical.choice, Quot.sound]
'PerfectPower.GraphProbability05.inclusion_029' depends on axioms: [propext, Classical.choice, Quot.sound]
'PerfectPower.GraphProbability05.inclusion_030' depends on axioms: [propext, Classical.choice, Quot.sound]
'PerfectPower.GraphProbability05.inclusion_031' depends on axioms: [propext, Classical.choice, Quot.sound]
'PerfectPower.GraphProbability05.inclusion_032' depends on axioms: [propext, Classical.choice, Quot.sound]
'PerfectPower.GraphProbability05.inclusion_033' depends on axioms: [propext, Classical.choice, Quot.sound]
'PerfectPower.GraphProbability05.inclusion_034' depends on axioms: [propext, Classical.choice, Quot.sound]
'PerfectPower.GraphProbability05.inclusion_035' depends on axioms: [propext, Classical.choice, Quot.sound]
'PerfectPower.GraphProbability05.inclusion_036' depends on axioms: [propext, Classical.choice, Quot.sound]
'PerfectPower.GraphProbability05.inclusion_037' depends on axioms: [propext, Classical.choice, Quot.sound]
'PerfectPower.GraphProbability05.inclusion_038' depends on axioms: [propext, Classical.choice, Quot.sound]
'PerfectPower.GraphProbability05.inclusion_039' depends on axioms: [propext, Classical.choice, Quot.sound]
'PerfectPower.GraphProbability05.inclusion_040' depends on axioms: [propext, Classical.choice, Quot.sound]
'PerfectPower.GraphProbability05.inclusion_041' depends on axioms: [propext, Classical.choice, Quot.sound]
'PerfectPower.GraphProbability05.inclusion_042' depends on axioms: [propext, Classical.choice, Quot.sound]
'PerfectPower.GraphProbability05.inclusion_043' depends on axioms: [propext, Classical.choice, Quot.sound]
'PerfectPower.GraphProbability05.inclusion_044' depends on axioms: [propext, Classical.choice, Quot.sound]
'PerfectPower.GraphProbability05.inclusion_045' depends on axioms: [propext, Classical.choice, Quot.sound]
'PerfectPower.GraphProbability05.inclusion_046' depends on axioms: [propext, Classical.choice, Quot.sound]
'PerfectPower.GraphProbability05.inclusion_047' depends on axioms: [propext, Classical.choice, Quot.sound]
'PerfectPower.GraphProbability05.inclusion_048' depends on axioms: [propext, Classical.choice, Quot.sound]
'PerfectPower.GraphProbability05.inclusion_049' depends on axioms: [propext, Classical.choice, Quot.sound]
'PerfectPower.GraphProbability05.inclusion_050' depends on axioms: [propext, Classical.choice, Quot.sound]
'PerfectPower.GraphProbability05.inclusion_051' depends on axioms: [propext, Classical.choice, Quot.sound]
'PerfectPower.GraphProbability05.inclusion_052' depends on axioms: [propext, Classical.choice, Quot.sound]
'PerfectPower.GraphProbability05.inclusion_053' depends on axioms: [propext, Classical.choice, Quot.sound]
'PerfectPower.GraphProbability05.inclusion_054' depends on axioms: [propext, Classical.choice, Quot.sound]
'PerfectPower.GraphProbability05.inclusion_055' depends on axioms: [propext, Classical.choice, Quot.sound]
'PerfectPower.GraphProbability05.inclusion_056' depends on axioms: [propext, Classical.choice, Quot.sound]
'PerfectPower.GraphProbability05.inclusion_057' depends on axioms: [propext, Classical.choice, Quot.sound]
'PerfectPower.GraphProbability05.inclusion_058' depends on axioms: [propext, Classical.choice, Quot.sound]
'PerfectPower.GraphProbability05.inclusion_059' depends on axioms: [propext, Classical.choice, Quot.sound]
'PerfectPower.GraphProbability05.inclusion_060' depends on axioms: [propext, Classical.choice, Quot.sound]
'PerfectPower.GraphProbability05.inclusion_061' depends on axioms: [propext, Classical.choice, Quot.sound]
'PerfectPower.GraphProbability05.inclusion_062' depends on axioms: [propext, Classical.choice, Quot.sound]
'PerfectPower.GraphProbability05.inclusion_063' depends on axioms: [propext, Classical.choice, Quot.sound]
'PerfectPower.GraphProbability05.inclusion_checked' depends on axioms: [propext, Classical.choice, Quot.sound]
'PerfectPower.GraphProbability05.all_events' depends on axioms: [propext, Classical.choice, Quot.sound]
'PerfectPower.GraphProbability05.probability_bounds' depends on axioms: [propext, Classical.choice, Quot.sound]
'PerfectPower.GraphProbability06.nonnegative' depends on axioms: [propext, Classical.choice, Quot.sound]
'PerfectPower.GraphProbability06.normalized' depends on axioms: [propext, Classical.choice, Quot.sound]
'PerfectPower.GraphProbability06.inclusion_000' depends on axioms: [propext, Classical.choice, Quot.sound]
'PerfectPower.GraphProbability06.inclusion_001' depends on axioms: [propext, Classical.choice, Quot.sound]
'PerfectPower.GraphProbability06.inclusion_002' depends on axioms: [propext, Classical.choice, Quot.sound]
'PerfectPower.GraphProbability06.inclusion_003' depends on axioms: [propext, Classical.choice, Quot.sound]
'PerfectPower.GraphProbability06.inclusion_004' depends on axioms: [propext, Classical.choice, Quot.sound]
'PerfectPower.GraphProbability06.inclusion_005' depends on axioms: [propext, Classical.choice, Quot.sound]
'PerfectPower.GraphProbability06.inclusion_006' depends on axioms: [propext, Classical.choice, Quot.sound]
'PerfectPower.GraphProbability06.inclusion_007' depends on axioms: [propext, Classical.choice, Quot.sound]
'PerfectPower.GraphProbability06.inclusion_008' depends on axioms: [propext, Classical.choice, Quot.sound]
'PerfectPower.GraphProbability06.inclusion_009' depends on axioms: [propext, Classical.choice, Quot.sound]
'PerfectPower.GraphProbability06.inclusion_010' depends on axioms: [propext, Classical.choice, Quot.sound]
'PerfectPower.GraphProbability06.inclusion_011' depends on axioms: [propext, Classical.choice, Quot.sound]
'PerfectPower.GraphProbability06.inclusion_012' depends on axioms: [propext, Classical.choice, Quot.sound]
'PerfectPower.GraphProbability06.inclusion_013' depends on axioms: [propext, Classical.choice, Quot.sound]
'PerfectPower.GraphProbability06.inclusion_014' depends on axioms: [propext, Classical.choice, Quot.sound]
'PerfectPower.GraphProbability06.inclusion_015' depends on axioms: [propext, Classical.choice, Quot.sound]
'PerfectPower.GraphProbability06.inclusion_016' depends on axioms: [propext, Classical.choice, Quot.sound]
'PerfectPower.GraphProbability06.inclusion_017' depends on axioms: [propext, Classical.choice, Quot.sound]
'PerfectPower.GraphProbability06.inclusion_018' depends on axioms: [propext, Classical.choice, Quot.sound]
'PerfectPower.GraphProbability06.inclusion_019' depends on axioms: [propext, Classical.choice, Quot.sound]
'PerfectPower.GraphProbability06.inclusion_020' depends on axioms: [propext, Classical.choice, Quot.sound]
'PerfectPower.GraphProbability06.inclusion_021' depends on axioms: [propext, Classical.choice, Quot.sound]
'PerfectPower.GraphProbability06.inclusion_022' depends on axioms: [propext, Classical.choice, Quot.sound]
'PerfectPower.GraphProbability06.inclusion_023' depends on axioms: [propext, Classical.choice, Quot.sound]
'PerfectPower.GraphProbability06.inclusion_024' depends on axioms: [propext, Classical.choice, Quot.sound]
'PerfectPower.GraphProbability06.inclusion_025' depends on axioms: [propext, Classical.choice, Quot.sound]
'PerfectPower.GraphProbability06.inclusion_026' depends on axioms: [propext, Classical.choice, Quot.sound]
'PerfectPower.GraphProbability06.inclusion_027' depends on axioms: [propext, Classical.choice, Quot.sound]
'PerfectPower.GraphProbability06.inclusion_028' depends on axioms: [propext, Classical.choice, Quot.sound]
'PerfectPower.GraphProbability06.inclusion_029' depends on axioms: [propext, Classical.choice, Quot.sound]
'PerfectPower.GraphProbability06.inclusion_030' depends on axioms: [propext, Classical.choice, Quot.sound]
'PerfectPower.GraphProbability06.inclusion_031' depends on axioms: [propext, Classical.choice, Quot.sound]
'PerfectPower.GraphProbability06.inclusion_checked' depends on axioms: [propext, Classical.choice, Quot.sound]
'PerfectPower.GraphProbability06.all_events' depends on axioms: [propext, Classical.choice, Quot.sound]
'PerfectPower.GraphProbability06.probability_bounds' depends on axioms: [propext, Classical.choice, Quot.sound]
'PerfectPower.GraphProbability07.nonnegative' depends on axioms: [propext, Classical.choice, Quot.sound]
'PerfectPower.GraphProbability07.normalized' depends on axioms: [propext, Classical.choice, Quot.sound]
'PerfectPower.GraphProbability07.inclusion_000' depends on axioms: [propext, Classical.choice, Quot.sound]
'PerfectPower.GraphProbability07.inclusion_001' depends on axioms: [propext, Classical.choice, Quot.sound]
'PerfectPower.GraphProbability07.inclusion_002' depends on axioms: [propext, Classical.choice, Quot.sound]
'PerfectPower.GraphProbability07.inclusion_003' depends on axioms: [propext, Classical.choice, Quot.sound]
'PerfectPower.GraphProbability07.inclusion_004' depends on axioms: [propext, Classical.choice, Quot.sound]
'PerfectPower.GraphProbability07.inclusion_005' depends on axioms: [propext, Classical.choice, Quot.sound]
'PerfectPower.GraphProbability07.inclusion_006' depends on axioms: [propext, Classical.choice, Quot.sound]
'PerfectPower.GraphProbability07.inclusion_007' depends on axioms: [propext, Classical.choice, Quot.sound]
'PerfectPower.GraphProbability07.inclusion_008' depends on axioms: [propext, Classical.choice, Quot.sound]
'PerfectPower.GraphProbability07.inclusion_009' depends on axioms: [propext, Classical.choice, Quot.sound]
'PerfectPower.GraphProbability07.inclusion_010' depends on axioms: [propext, Classical.choice, Quot.sound]
'PerfectPower.GraphProbability07.inclusion_011' depends on axioms: [propext, Classical.choice, Quot.sound]
'PerfectPower.GraphProbability07.inclusion_012' depends on axioms: [propext, Classical.choice, Quot.sound]
'PerfectPower.GraphProbability07.inclusion_013' depends on axioms: [propext, Classical.choice, Quot.sound]
'PerfectPower.GraphProbability07.inclusion_014' depends on axioms: [propext, Classical.choice, Quot.sound]
'PerfectPower.GraphProbability07.inclusion_015' depends on axioms: [propext, Classical.choice, Quot.sound]
'PerfectPower.GraphProbability07.inclusion_checked' depends on axioms: [propext, Classical.choice, Quot.sound]
'PerfectPower.GraphProbability07.all_events' depends on axioms: [propext, Classical.choice, Quot.sound]
'PerfectPower.GraphProbability07.probability_bounds' depends on axioms: [propext, Classical.choice, Quot.sound]
'PerfectPower.GraphProbability08.nonnegative' depends on axioms: [propext, Classical.choice, Quot.sound]
'PerfectPower.GraphProbability08.normalized' depends on axioms: [propext, Classical.choice, Quot.sound]
'PerfectPower.GraphProbability08.inclusion_000' depends on axioms: [propext, Classical.choice, Quot.sound]
'PerfectPower.GraphProbability08.inclusion_001' depends on axioms: [propext, Classical.choice, Quot.sound]
'PerfectPower.GraphProbability08.inclusion_002' depends on axioms: [propext, Classical.choice, Quot.sound]
'PerfectPower.GraphProbability08.inclusion_003' depends on axioms: [propext, Classical.choice, Quot.sound]
'PerfectPower.GraphProbability08.inclusion_004' depends on axioms: [propext, Classical.choice, Quot.sound]
'PerfectPower.GraphProbability08.inclusion_005' depends on axioms: [propext, Classical.choice, Quot.sound]
'PerfectPower.GraphProbability08.inclusion_006' depends on axioms: [propext, Classical.choice, Quot.sound]
'PerfectPower.GraphProbability08.inclusion_007' depends on axioms: [propext, Classical.choice, Quot.sound]
'PerfectPower.GraphProbability08.inclusion_008' depends on axioms: [propext, Classical.choice, Quot.sound]
'PerfectPower.GraphProbability08.inclusion_009' depends on axioms: [propext, Classical.choice, Quot.sound]
'PerfectPower.GraphProbability08.inclusion_010' depends on axioms: [propext, Classical.choice, Quot.sound]
'PerfectPower.GraphProbability08.inclusion_011' depends on axioms: [propext, Classical.choice, Quot.sound]
'PerfectPower.GraphProbability08.inclusion_012' depends on axioms: [propext, Classical.choice, Quot.sound]
'PerfectPower.GraphProbability08.inclusion_013' depends on axioms: [propext, Classical.choice, Quot.sound]
'PerfectPower.GraphProbability08.inclusion_014' depends on axioms: [propext, Classical.choice, Quot.sound]
'PerfectPower.GraphProbability08.inclusion_015' depends on axioms: [propext, Classical.choice, Quot.sound]
'PerfectPower.GraphProbability08.inclusion_016' depends on axioms: [propext, Classical.choice, Quot.sound]
'PerfectPower.GraphProbability08.inclusion_017' depends on axioms: [propext, Classical.choice, Quot.sound]
'PerfectPower.GraphProbability08.inclusion_018' depends on axioms: [propext, Classical.choice, Quot.sound]
'PerfectPower.GraphProbability08.inclusion_019' depends on axioms: [propext, Classical.choice, Quot.sound]
'PerfectPower.GraphProbability08.inclusion_020' depends on axioms: [propext, Classical.choice, Quot.sound]
'PerfectPower.GraphProbability08.inclusion_021' depends on axioms: [propext, Classical.choice, Quot.sound]
'PerfectPower.GraphProbability08.inclusion_022' depends on axioms: [propext, Classical.choice, Quot.sound]
'PerfectPower.GraphProbability08.inclusion_023' depends on axioms: [propext, Classical.choice, Quot.sound]
'PerfectPower.GraphProbability08.inclusion_024' depends on axioms: [propext, Classical.choice, Quot.sound]
'PerfectPower.GraphProbability08.inclusion_025' depends on axioms: [propext, Classical.choice, Quot.sound]
'PerfectPower.GraphProbability08.inclusion_026' depends on axioms: [propext, Classical.choice, Quot.sound]
'PerfectPower.GraphProbability08.inclusion_027' depends on axioms: [propext, Classical.choice, Quot.sound]
'PerfectPower.GraphProbability08.inclusion_028' depends on axioms: [propext, Classical.choice, Quot.sound]
'PerfectPower.GraphProbability08.inclusion_029' depends on axioms: [propext, Classical.choice, Quot.sound]
'PerfectPower.GraphProbability08.inclusion_030' depends on axioms: [propext, Classical.choice, Quot.sound]
'PerfectPower.GraphProbability08.inclusion_031' depends on axioms: [propext, Classical.choice, Quot.sound]
'PerfectPower.GraphProbability08.inclusion_checked' depends on axioms: [propext, Classical.choice, Quot.sound]
'PerfectPower.GraphProbability08.all_events' depends on axioms: [propext, Classical.choice, Quot.sound]
'PerfectPower.GraphProbability08.probability_bounds' depends on axioms: [propext, Classical.choice, Quot.sound]
'PerfectPower.GraphProbability09.nonnegative' depends on axioms: [propext, Classical.choice, Quot.sound]
'PerfectPower.GraphProbability09.normalized' depends on axioms: [propext, Classical.choice, Quot.sound]
'PerfectPower.GraphProbability09.inclusion_000' depends on axioms: [propext, Classical.choice, Quot.sound]
'PerfectPower.GraphProbability09.inclusion_001' depends on axioms: [propext, Classical.choice, Quot.sound]
'PerfectPower.GraphProbability09.inclusion_002' depends on axioms: [propext, Classical.choice, Quot.sound]
'PerfectPower.GraphProbability09.inclusion_003' depends on axioms: [propext, Classical.choice, Quot.sound]
'PerfectPower.GraphProbability09.inclusion_004' depends on axioms: [propext, Classical.choice, Quot.sound]
'PerfectPower.GraphProbability09.inclusion_005' depends on axioms: [propext, Classical.choice, Quot.sound]
'PerfectPower.GraphProbability09.inclusion_006' depends on axioms: [propext, Classical.choice, Quot.sound]
'PerfectPower.GraphProbability09.inclusion_007' depends on axioms: [propext, Classical.choice, Quot.sound]
'PerfectPower.GraphProbability09.inclusion_checked' depends on axioms: [propext, Classical.choice, Quot.sound]
'PerfectPower.GraphProbability09.all_events' depends on axioms: [propext, Classical.choice, Quot.sound]
'PerfectPower.GraphProbability09.probability_bounds' depends on axioms: [propext, Classical.choice, Quot.sound]
'PerfectPower.GraphProbability10.nonnegative' depends on axioms: [propext, Classical.choice, Quot.sound]
'PerfectPower.GraphProbability10.normalized' depends on axioms: [propext, Classical.choice, Quot.sound]
'PerfectPower.GraphProbability10.inclusion_000' depends on axioms: [propext, Classical.choice, Quot.sound]
'PerfectPower.GraphProbability10.inclusion_001' depends on axioms: [propext, Classical.choice, Quot.sound]
'PerfectPower.GraphProbability10.inclusion_002' depends on axioms: [propext, Classical.choice, Quot.sound]
'PerfectPower.GraphProbability10.inclusion_003' depends on axioms: [propext, Classical.choice, Quot.sound]
'PerfectPower.GraphProbability10.inclusion_004' depends on axioms: [propext, Classical.choice, Quot.sound]
'PerfectPower.GraphProbability10.inclusion_005' depends on axioms: [propext, Classical.choice, Quot.sound]
'PerfectPower.GraphProbability10.inclusion_006' depends on axioms: [propext, Classical.choice, Quot.sound]
'PerfectPower.GraphProbability10.inclusion_007' depends on axioms: [propext, Classical.choice, Quot.sound]
'PerfectPower.GraphProbability10.inclusion_008' depends on axioms: [propext, Classical.choice, Quot.sound]
'PerfectPower.GraphProbability10.inclusion_009' depends on axioms: [propext, Classical.choice, Quot.sound]
'PerfectPower.GraphProbability10.inclusion_010' depends on axioms: [propext, Classical.choice, Quot.sound]
'PerfectPower.GraphProbability10.inclusion_011' depends on axioms: [propext, Classical.choice, Quot.sound]
'PerfectPower.GraphProbability10.inclusion_012' depends on axioms: [propext, Classical.choice, Quot.sound]
'PerfectPower.GraphProbability10.inclusion_013' depends on axioms: [propext, Classical.choice, Quot.sound]
'PerfectPower.GraphProbability10.inclusion_014' depends on axioms: [propext, Classical.choice, Quot.sound]
'PerfectPower.GraphProbability10.inclusion_015' depends on axioms: [propext, Classical.choice, Quot.sound]
'PerfectPower.GraphProbability10.inclusion_checked' depends on axioms: [propext, Classical.choice, Quot.sound]
'PerfectPower.GraphProbability10.all_events' depends on axioms: [propext, Classical.choice, Quot.sound]
'PerfectPower.GraphProbability10.probability_bounds' depends on axioms: [propext, Classical.choice, Quot.sound]
'PerfectPower.GraphProbability11.nonnegative' depends on axioms: [propext, Classical.choice, Quot.sound]
'PerfectPower.GraphProbability11.normalized' depends on axioms: [propext, Classical.choice, Quot.sound]
'PerfectPower.GraphProbability11.inclusion_000' depends on axioms: [propext, Classical.choice, Quot.sound]
'PerfectPower.GraphProbability11.inclusion_001' depends on axioms: [propext, Classical.choice, Quot.sound]
'PerfectPower.GraphProbability11.inclusion_002' depends on axioms: [propext, Classical.choice, Quot.sound]
'PerfectPower.GraphProbability11.inclusion_003' depends on axioms: [propext, Classical.choice, Quot.sound]
'PerfectPower.GraphProbability11.inclusion_004' depends on axioms: [propext, Classical.choice, Quot.sound]
'PerfectPower.GraphProbability11.inclusion_005' depends on axioms: [propext, Classical.choice, Quot.sound]
'PerfectPower.GraphProbability11.inclusion_006' depends on axioms: [propext, Classical.choice, Quot.sound]
'PerfectPower.GraphProbability11.inclusion_007' depends on axioms: [propext, Classical.choice, Quot.sound]
'PerfectPower.GraphProbability11.inclusion_008' depends on axioms: [propext, Classical.choice, Quot.sound]
'PerfectPower.GraphProbability11.inclusion_009' depends on axioms: [propext, Classical.choice, Quot.sound]
'PerfectPower.GraphProbability11.inclusion_010' depends on axioms: [propext, Classical.choice, Quot.sound]
'PerfectPower.GraphProbability11.inclusion_011' depends on axioms: [propext, Classical.choice, Quot.sound]
'PerfectPower.GraphProbability11.inclusion_012' depends on axioms: [propext, Classical.choice, Quot.sound]
'PerfectPower.GraphProbability11.inclusion_013' depends on axioms: [propext, Classical.choice, Quot.sound]
'PerfectPower.GraphProbability11.inclusion_014' depends on axioms: [propext, Classical.choice, Quot.sound]
'PerfectPower.GraphProbability11.inclusion_015' depends on axioms: [propext, Classical.choice, Quot.sound]
'PerfectPower.GraphProbability11.inclusion_checked' depends on axioms: [propext, Classical.choice, Quot.sound]
'PerfectPower.GraphProbability11.all_events' depends on axioms: [propext, Classical.choice, Quot.sound]
'PerfectPower.GraphProbability11.probability_bounds' depends on axioms: [propext, Classical.choice, Quot.sound]
'PerfectPower.GraphProbability12.nonnegative' depends on axioms: [propext, Classical.choice, Quot.sound]
'PerfectPower.GraphProbability12.normalized' depends on axioms: [propext, Classical.choice, Quot.sound]
'PerfectPower.GraphProbability12.inclusion_000' depends on axioms: [propext, Classical.choice, Quot.sound]
'PerfectPower.GraphProbability12.inclusion_001' depends on axioms: [propext, Classical.choice, Quot.sound]
'PerfectPower.GraphProbability12.inclusion_002' depends on axioms: [propext, Classical.choice, Quot.sound]
'PerfectPower.GraphProbability12.inclusion_003' depends on axioms: [propext, Classical.choice, Quot.sound]
'PerfectPower.GraphProbability12.inclusion_004' depends on axioms: [propext, Classical.choice, Quot.sound]
'PerfectPower.GraphProbability12.inclusion_005' depends on axioms: [propext, Classical.choice, Quot.sound]
'PerfectPower.GraphProbability12.inclusion_006' depends on axioms: [propext, Classical.choice, Quot.sound]
'PerfectPower.GraphProbability12.inclusion_007' depends on axioms: [propext, Classical.choice, Quot.sound]
'PerfectPower.GraphProbability12.inclusion_checked' depends on axioms: [propext, Classical.choice, Quot.sound]
'PerfectPower.GraphProbability12.all_events' depends on axioms: [propext, Classical.choice, Quot.sound]
'PerfectPower.GraphProbability12.probability_bounds' depends on axioms: [propext, Classical.choice, Quot.sound]
'PerfectPower.GraphProbability13.nonnegative' depends on axioms: [propext]
'PerfectPower.GraphProbability13.normalized' depends on axioms: [propext, Classical.choice, Quot.sound]
'PerfectPower.GraphProbability13.inclusion_000' depends on axioms: [propext, Classical.choice, Quot.sound]
'PerfectPower.GraphProbability13.inclusion_001' depends on axioms: [propext, Classical.choice, Quot.sound]
'PerfectPower.GraphProbability13.inclusion_002' depends on axioms: [propext, Classical.choice, Quot.sound]
'PerfectPower.GraphProbability13.inclusion_003' depends on axioms: [propext, Classical.choice, Quot.sound]
'PerfectPower.GraphProbability13.inclusion_checked' depends on axioms: [propext, Classical.choice, Quot.sound]
'PerfectPower.GraphProbability13.all_events' depends on axioms: [propext, Classical.choice, Quot.sound]
'PerfectPower.GraphProbability13.probability_bounds' depends on axioms: [propext, Classical.choice, Quot.sound]
