isqrt_von_neumann-VonNeumann16-isqrt16qtvc.smt2 0 unsat unsat 0.0112 0.0188
isqrt_von_neumann-VonNeumann16-isqrt16qtvc1.smt2 0 unsat unsat 0.0093 0.0124
isqrt_von_neumann-VonNeumann16-isqrt16qtvc10.smt2 0 unsat unsat 0.0091 0.0181
isqrt_von_neumann-VonNeumann16-isqrt16qtvc11.smt2 0 unsat unsat 0.0098 0.0165
isqrt_von_neumann-VonNeumann16-isqrt16qtvc12.smt2 0 unsat unsat 0.0091 0.0196
isqrt_von_neumann-VonNeumann16-isqrt16qtvc13.smt2 0 unsat unsat 0.0112 0.0201
isqrt_von_neumann-VonNeumann16-isqrt16qtvc14.smt2 0 unsat unsat 0.0236 0.0288
isqrt_von_neumann-VonNeumann16-isqrt16qtvc15.smt2 0 unsat unsat 0.022 0.0293
isqrt_von_neumann-VonNeumann16-isqrt16qtvc16.smt2 0 unsat unsat 0.0221 0.0309
isqrt_von_neumann-VonNeumann16-isqrt16qtvc17.smt2 0 unsat unsat 0.0227 0.0325
isqrt_von_neumann-VonNeumann16-isqrt16qtvc18.smt2 0 unsat unsat 0.0232 0.0351
isqrt_von_neumann-VonNeumann16-isqrt16qtvc19.smt2 0 unsat unsat 0.0216 0.0343
isqrt_von_neumann-VonNeumann16-isqrt16qtvc2.smt2 0 unsat unsat 0.0089 0.0123
isqrt_von_neumann-VonNeumann16-isqrt16qtvc20.smt2 0 unsat unsat 0.0157 0.0305
isqrt_von_neumann-VonNeumann16-isqrt16qtvc21.smt2 0 unsat unsat 0.0201 0.0322
isqrt_von_neumann-VonNeumann16-isqrt16qtvc22.smt2 0 unsat unsat 0.025 0.0378
isqrt_von_neumann-VonNeumann16-isqrt16qtvc23.smt2 0 unsat unsat 0.0239 0.0356
isqrt_von_neumann-VonNeumann16-isqrt16qtvc24.smt2 0 unsat unsat 0.0212 0.0427
isqrt_von_neumann-VonNeumann16-isqrt16qtvc25.smt2 0 unsat unsat 0.0109 0.0249
isqrt_von_neumann-VonNeumann16-isqrt16qtvc26.smt2 0 unsat unsat 0.0583 0.0441
isqrt_von_neumann-VonNeumann16-isqrt16qtvc27.smt2 0 unsat unsat 0.0299 0.0761
isqrt_von_neumann-VonNeumann16-isqrt16qtvc28.smt2 0 unsat unsat 0.0217 0.0373
isqrt_von_neumann-VonNeumann16-isqrt16qtvc29.smt2 0 unsat unsat 0.1005 0.1297
isqrt_von_neumann-VonNeumann16-isqrt16qtvc3.smt2 0 unsat unsat 0.0093 0.0152
isqrt_von_neumann-VonNeumann16-isqrt16qtvc30.smt2 0 unsat unsat 0.0245 0.036
isqrt_von_neumann-VonNeumann16-isqrt16qtvc31.smt2 0 unsat unsat 0.0162 0.0344
isqrt_von_neumann-VonNeumann16-isqrt16qtvc32.smt2 0 unsat unsat 0.0212 0.0321
isqrt_von_neumann-VonNeumann16-isqrt16qtvc33.smt2 0 unsat unsat 0.0203 0.0402
isqrt_von_neumann-VonNeumann16-isqrt16qtvc34.smt2 0 unsat unsat 0.0248 0.0335
isqrt_von_neumann-VonNeumann16-isqrt16qtvc35.smt2 0 unsat unsat 0.0097 0.0215
isqrt_von_neumann-VonNeumann16-isqrt16qtvc36.smt2 0 unsat unsat 0.009 0.0213
isqrt_von_neumann-VonNeumann16-isqrt16qtvc37.smt2 0 unsat unsat 0.0088 0.0282
isqrt_von_neumann-VonNeumann16-isqrt16qtvc38.smt2 0 unsat unsat 0.0092 0.0231
isqrt_von_neumann-VonNeumann16-isqrt16qtvc39.smt2 0 unsat unsat 0.0194 0.0313
isqrt_von_neumann-VonNeumann16-isqrt16qtvc4.smt2 0 unsat unsat 0.0089 0.0117
isqrt_von_neumann-VonNeumann16-isqrt16qtvc40.smt2 0 unsat unsat 0.1267 0.1296
isqrt_von_neumann-VonNeumann16-isqrt16qtvc41.smt2 0 unsat unsat 0.0644 0.078
isqrt_von_neumann-VonNeumann16-isqrt16qtvc42.smt2 0 unsat unsat 0.0627 0.0704
isqrt_von_neumann-VonNeumann16-isqrt16qtvc5.smt2 0 unsat unsat 0.0086 0.0127
isqrt_von_neumann-VonNeumann16-isqrt16qtvc6.smt2 0 unsat unsat 0.0092 0.0129
isqrt_von_neumann-VonNeumann16-isqrt16qtvc7.smt2 0 unsat unsat 0.0091 0.0135
isqrt_von_neumann-VonNeumann16-isqrt16qtvc8.smt2 0 unsat unsat 0.0088 0.0129
isqrt_von_neumann-VonNeumann16-isqrt16qtvc9.smt2 0 unsat unsat 0.0099 0.0145
isqrt_von_neumann-VonNeumann16-sqr_add2.smt2 0 unsat unsat 0.0106 0.0122
isqrt_von_neumann-VonNeumann32-isqrt32qtvc.smt2 0 unsat unsat 0.0089 0.011
isqrt_von_neumann-VonNeumann32-isqrt32qtvc1.smt2 0 unsat unsat 0.0086 0.0106
isqrt_von_neumann-VonNeumann32-isqrt32qtvc10.smt2 0 unsat unsat 0.009 0.0164
isqrt_von_neumann-VonNeumann32-isqrt32qtvc11.smt2 0 unsat unsat 0.0091 0.0164
isqrt_von_neumann-VonNeumann32-isqrt32qtvc12.smt2 0 unsat unsat 0.0124 0.017
isqrt_von_neumann-VonNeumann32-isqrt32qtvc13.smt2 0 unsat unsat 0.0087 0.017
isqrt_von_neumann-VonNeumann32-isqrt32qtvc14.smt2 0 unsat unsat 0.0338 0.039
isqrt_von_neumann-VonNeumann32-isqrt32qtvc15.smt2 0 unsat unsat 0.0602 0.0744
isqrt_von_neumann-VonNeumann32-isqrt32qtvc16.smt2 0 unsat unsat 0.0603 0.0744
isqrt_von_neumann-VonNeumann32-isqrt32qtvc17.smt2 0 unsat unsat 0.0399 0.0478
isqrt_von_neumann-VonNeumann32-isqrt32qtvc18.smt2 0 unsat unsat 0.0749 0.0909
isqrt_von_neumann-VonNeumann32-isqrt32qtvc19.smt2 0 unsat unsat 0.0363 0.052
isqrt_von_neumann-VonNeumann32-isqrt32qtvc2.smt2 0 unsat unsat 0.0098 0.0132
isqrt_von_neumann-VonNeumann32-isqrt32qtvc20.smt2 0 unsat unsat 0.0248 0.0388
isqrt_von_neumann-VonNeumann32-isqrt32qtvc21.smt2 0 unsat unsat 0.0669 0.0452
isqrt_von_neumann-VonNeumann32-isqrt32qtvc22.smt2 0 unsat unsat 0.06 0.0726
isqrt_von_neumann-VonNeumann32-isqrt32qtvc23.smt2 0 unsat unsat 0.0311 0.0434
isqrt_von_neumann-VonNeumann32-isqrt32qtvc24.smt2 0 unsat unsat 0.0301 0.0439
isqrt_von_neumann-VonNeumann32-isqrt32qtvc25.smt2 0 unsat unsat 0.0128 0.0229
isqrt_von_neumann-VonNeumann32-isqrt32qtvc26.smt2 0 unsat unsat 0.4317 0.0257
isqrt_von_neumann-VonNeumann32-isqrt32qtvc27.smt2 0 unsat unsat 0.0526 0.0674
isqrt_von_neumann-VonNeumann32-isqrt32qtvc28.smt2 0 unsat unsat 0.0514 0.057
isqrt_von_neumann-VonNeumann32-isqrt32qtvc29.smt2 0 timeout timeout 3.0038 3.0222
isqrt_von_neumann-VonNeumann32-isqrt32qtvc3.smt2 0 unsat unsat 0.0091 0.0127
isqrt_von_neumann-VonNeumann32-isqrt32qtvc30.smt2 0 unsat unsat 0.0438 0.05
isqrt_von_neumann-VonNeumann32-isqrt32qtvc31.smt2 0 unsat unsat 0.0234 0.035
isqrt_von_neumann-VonNeumann32-isqrt32qtvc32.smt2 0 unsat unsat 0.0293 0.0411
isqrt_von_neumann-VonNeumann32-isqrt32qtvc33.smt2 0 unsat unsat 0.0531 0.0625
isqrt_von_neumann-VonNeumann32-isqrt32qtvc34.smt2 0 unsat unsat 0.0374 0.0448
isqrt_von_neumann-VonNeumann32-isqrt32qtvc35.smt2 0 unsat unsat 0.0102 0.0219
isqrt_von_neumann-VonNeumann32-isqrt32qtvc36.smt2 0 unsat unsat 0.01 0.0239
isqrt_von_neumann-VonNeumann32-isqrt32qtvc37.smt2 0 unsat unsat 0.0113 0.0237
isqrt_von_neumann-VonNeumann32-isqrt32qtvc38.smt2 0 unsat unsat 0.0096 0.0227
isqrt_von_neumann-VonNeumann32-isqrt32qtvc39.smt2 0 unsat unsat 0.034 0.0441
isqrt_von_neumann-VonNeumann32-isqrt32qtvc4.smt2 0 unsat unsat 0.0091 0.0148
isqrt_von_neumann-VonNeumann32-isqrt32qtvc40.smt2 0 timeout timeout 3.0043 3.0204
isqrt_von_neumann-VonNeumann32-isqrt32qtvc41.smt2 0 timeout unsat 3.0042 0.3759
isqrt_von_neumann-VonNeumann32-isqrt32qtvc42.smt2 0 unsat unsat 0.3773 0.3689
isqrt_von_neumann-VonNeumann32-isqrt32qtvc5.smt2 0 unsat unsat 0.0096 0.0148
isqrt_von_neumann-VonNeumann32-isqrt32qtvc6.smt2 0 unsat unsat 0.0087 0.0147
isqrt_von_neumann-VonNeumann32-isqrt32qtvc7.smt2 0 unsat unsat 0.0091 0.0164
isqrt_von_neumann-VonNeumann32-isqrt32qtvc8.smt2 0 unsat unsat 0.0128 0.0158
isqrt_von_neumann-VonNeumann32-isqrt32qtvc9.smt2 0 unsat unsat 0.0093 0.0141
isqrt_von_neumann-VonNeumann32-sqr_add2.smt2 0 unsat unsat 0.0093 0.0117
isqrt_von_neumann-VonNeumann64-isqrt64qtvc.smt2 0 unsat unsat 0.009 0.0101
isqrt_von_neumann-VonNeumann64-isqrt64qtvc1.smt2 0 unsat unsat 0.0084 0.0117
isqrt_von_neumann-VonNeumann64-isqrt64qtvc10.smt2 0 unsat unsat 0.0091 0.0169
isqrt_von_neumann-VonNeumann64-isqrt64qtvc11.smt2 0 unsat unsat 0.0092 0.0171
isqrt_von_neumann-VonNeumann64-isqrt64qtvc12.smt2 0 unsat unsat 0.0095 0.0168
isqrt_von_neumann-VonNeumann64-isqrt64qtvc13.smt2 0 unsat unsat 0.0109 0.018
isqrt_von_neumann-VonNeumann64-isqrt64qtvc14.smt2 0 unsat unsat 0.1029 0.1109
isqrt_von_neumann-VonNeumann64-isqrt64qtvc15.smt2 0 unsat unsat 0.4247 0.4806
isqrt_von_neumann-VonNeumann64-isqrt64qtvc16.smt2 0 unsat unsat 0.4424 0.4693
isqrt_von_neumann-VonNeumann64-isqrt64qtvc17.smt2 0 unsat unsat 0.1738 0.1535
isqrt_von_neumann-VonNeumann64-isqrt64qtvc18.smt2 0 unsat unsat 0.4612 0.5128
isqrt_von_neumann-VonNeumann64-isqrt64qtvc19.smt2 0 unsat unsat 0.1144 0.1162
isqrt_von_neumann-VonNeumann64-isqrt64qtvc2.smt2 0 unsat unsat 0.0087 0.0122
isqrt_von_neumann-VonNeumann64-isqrt64qtvc20.smt2 0 unsat unsat 0.0438 0.0581
isqrt_von_neumann-VonNeumann64-isqrt64qtvc21.smt2 0 unsat unsat 0.0618 0.083
isqrt_von_neumann-VonNeumann64-isqrt64qtvc22.smt2 0 unsat unsat 0.2784 0.2996
isqrt_von_neumann-VonNeumann64-isqrt64qtvc23.smt2 0 unsat unsat 0.0927 0.1143
isqrt_von_neumann-VonNeumann64-isqrt64qtvc24.smt2 0 unsat unsat 0.0857 0.0991
isqrt_von_neumann-VonNeumann64-isqrt64qtvc25.smt2 0 unsat unsat 0.0098 0.0275
isqrt_von_neumann-VonNeumann64-isqrt64qtvc26.smt2 0 unsat unsat 2.3342 0.027
isqrt_von_neumann-VonNeumann64-isqrt64qtvc27.smt2 0 unsat unsat 0.1747 0.1755
isqrt_von_neumann-VonNeumann64-isqrt64qtvc28.smt2 0 unsat unsat 0.122 0.1333
isqrt_von_neumann-VonNeumann64-isqrt64qtvc29.smt2 0 timeout timeout 3.0043 3.0201
isqrt_von_neumann-VonNeumann64-isqrt64qtvc3.smt2 0 unsat unsat 0.0088 0.0133
isqrt_von_neumann-VonNeumann64-isqrt64qtvc30.smt2 0 unsat unsat 0.0979 0.1029
isqrt_von_neumann-VonNeumann64-isqrt64qtvc31.smt2 0 unsat unsat 0.0436 0.0547
isqrt_von_neumann-VonNeumann64-isqrt64qtvc32.smt2 0 unsat unsat 0.0797 0.09
isqrt_von_neumann-VonNeumann64-isqrt64qtvc33.smt2 0 unsat unsat 0.2706 0.2759
isqrt_von_neumann-VonNeumann64-isqrt64qtvc34.smt2 0 unsat unsat 0.0838 0.1001
isqrt_von_neumann-VonNeumann64-isqrt64qtvc35.smt2 0 unsat unsat 0.0121 0.028
isqrt_von_neumann-VonNeumann64-isqrt64qtvc36.smt2 0 unsat unsat 0.0096 0.0233
isqrt_von_neumann-VonNeumann64-isqrt64qtvc37.smt2 0 unsat unsat 0.0097 0.0226
isqrt_von_neumann-VonNeumann64-isqrt64qtvc38.smt2 0 unsat unsat 0.0089 0.0223
isqrt_von_neumann-VonNeumann64-isqrt64qtvc39.smt2 0 unsat unsat 0.0817 0.0999
isqrt_von_neumann-VonNeumann64-isqrt64qtvc4.smt2 0 unsat unsat 0.0101 0.0127
isqrt_von_neumann-VonNeumann64-isqrt64qtvc40.smt2 0 timeout timeout 3.0065 3.0196
isqrt_von_neumann-VonNeumann64-isqrt64qtvc41.smt2 0 unsat unsat 0.0584 0.0715
isqrt_von_neumann-VonNeumann64-isqrt64qtvc42.smt2 0 unsat unsat 0.0092 0.0153
isqrt_von_neumann-VonNeumann64-isqrt64qtvc43.smt2 0 timeout unsat 3.0044 0.0189
isqrt_von_neumann-VonNeumann64-isqrt64qtvc44.smt2 0 unsat unsat 0.0107 0.0197
isqrt_von_neumann-VonNeumann64-isqrt64qtvc5.smt2 0 unsat unsat 0.0093 0.0133
isqrt_von_neumann-VonNeumann64-isqrt64qtvc6.smt2 0 unsat unsat 0.0089 0.0144
isqrt_von_neumann-VonNeumann64-isqrt64qtvc7.smt2 0 unsat unsat 0.0089 0.0142
isqrt_von_neumann-VonNeumann64-isqrt64qtvc8.smt2 0 unsat unsat 0.0098 0.0142
isqrt_von_neumann-VonNeumann64-isqrt64qtvc9.smt2 0 unsat unsat 0.0099 0.0152
isqrt_von_neumann-VonNeumann64-sqr_add2.smt2 0 unsat unsat 0.0106 0.0125
