recovered sizes [1, 2, 3, 3, 3, 3, 5, 5, 5, 6]
{
  "source": "galois_merge/vendor/forge/DATA/RELATION/TASK_SELECTED_WORD_PROGRAMS_V23/exact_prefix_1023.npz",
  "source_sha256": "1351e514fcb5f23832f65665e0a12d2e172f8131c34875de0e03cddc5aec3093",
  "exact_ledger_checks": true,
  "dimension": 152,
  "permutation_degree": 7392,
  "generators": {
    "X": "A49",
    "Y": "-A12-A48-A59+A95+A116+A125"
  },
  "expected_simple_block_sizes": [
    1,
    3,
    3,
    2,
    5,
    5,
    5,
    3,
    3,
    6
  ],
  "recovered_simple_block_sizes": [
    1,
    2,
    3,
    3,
    3,
    3,
    5,
    5,
    5,
    6
  ],
  "characteristic_polynomial_factors": {
    "X": "(t - 30)**9*(t - 3)**51*(t + 2)**65*(t + 5)**27",
    "Y": "t**32*(t**2 + 128)**2*(t**2 + 428)**5*(t**2 + 1452)**3*(t**2 + 2732)**3*(t**4 + 1352*t**2 + 118032)**5*(t**4 + 1516*t**2 + 12928)**5*(t**6 + 744*t**4 + 70800*t**2 + 1384448)**6*(t**6 + 768*t**4 + 105216*t**2 + 3855104)**3"
  },
  "cover_phase_audit": {
    "central_order": 12,
    "local_order": 5,
    "product_order": 60,
    "primitive_positive_angles": [
      6,
      42,
      66,
      78,
      102,
      114,
      138,
      174
    ],
    "golden_positive_angles": [
      6,
      66,
      114,
      174
    ],
    "golden_polynomial": "C^2-3C+1",
    "sixty_six_character": {
      "central_exponent": 7,
      "fifth_exponent": 3,
      "residue": 11
    },
    "sixty_six_selected": false,
    "scope": "An order-60 subgroup supplies possible phases. Central scalar multiplication leaves residual eigenprojectors unchanged; no CKM phase follows."
  },
  "numerical_carriers": [
    {
      "dimension": 3,
      "fingerprint": [
        28.0,
        0.0,
        0.0,
        0.0,
        934.0,
        0.0,
        0.0,
        0.0
      ],
      "invariance_residual": 1.201568175923156e-13,
      "x_eigenvalues": [
        -5.0,
        2.999999999999985,
        30.000000000000007
      ],
      "iy_eigenvalues": [
        -38.10511776651523,
        -7.105427357601002e-15,
        38.105117766515306
      ],
      "x_has_simple_spectrum": true,
      "iy_has_simple_spectrum": true,
      "probabilities": [
        [
          0.42207792207792216,
          0.1558441558441563,
          0.422077922077922
        ],
        [
          0.19696969696969752,
          0.6060606060606051,
          0.19696969696969693
        ],
        [
          0.38095238095238126,
          0.2380952380952381,
          0.3809523809523808
        ]
      ],
      "conjugate_column_difference": 5.828670879282072e-16,
      "diagnosis": "Two identical probability columns prevent a hierarchical CKM frame."
    },
    {
      "dimension": 5,
      "fingerprint": [
        29.0,
        -0.0,
        0.0,
        0.0,
        947.0,
        -0.0,
        -0.0,
        0.0
      ],
      "invariance_residual": 3.8023508608598396e-13,
      "x_eigenvalues": [
        -4.999999999999998,
        -2.0000000000000013,
        2.999999999999994,
        2.999999999999999,
        29.999999999999993
      ],
      "iy_eigenvalues": [
        -38.82555574162412,
        -2.92851862791278,
        2.842170943040401e-14,
        2.9285186279129007,
        38.8255557416242
      ]
    },
    {
      "dimension": 3,
      "fingerprint": [
        -4.0,
        0.0,
        -0.0,
        -0.0,
        38.0,
        -0.0,
        -0.0,
        -0.0
      ],
      "invariance_residual": 2.066764076476464e-12,
      "x_eigenvalues": [
        -4.999999999999998,
        -1.9999999999999938,
        3.0000000000000013
      ],
      "iy_eigenvalues": [
        -52.26853738148777,
        -1.4210854715202004e-14,
        52.26853738148796
      ],
      "x_has_simple_spectrum": true,
      "iy_has_simple_spectrum": true,
      "probabilities": [
        [
          0.005124450951683806,
          0.9897510980966322,
          0.005124450951683703
        ],
        [
          0.4989751098096635,
          0.002049780380673647,
          0.498975109809663
        ],
        [
          0.49590043923865335,
          0.008199121522693883,
          0.4959004392386536
        ]
      ],
      "conjugate_column_difference": 4.996003610813204e-16,
      "diagnosis": "Two identical probability columns prevent a hierarchical CKM frame."
    },
    {
      "dimension": 5,
      "fingerprint": [
        -8.0,
        -0.0,
        -0.0,
        -0.0,
        46.0,
        0.0,
        -0.0,
        0.0
      ],
      "invariance_residual": 1.7793224269517398e-12,
      "x_eigenvalues": [
        -4.999999999999971,
        -2.0000000000000036,
        -2.0,
        -1.9999999999999996,
        3.0000000000000027
      ],
      "iy_eigenvalues": [
        -35.470959569161955,
        -9.685609286094028,
        2.842170943040401e-14,
        9.685609286094135,
        35.470959569162055
      ]
    },
    {
      "dimension": 6,
      "fingerprint": [
        -5.0,
        -0.0,
        -0.0,
        -0.0,
        55.0,
        0.0,
        0.0,
        -0.0
      ],
      "invariance_residual": 5.814834788135939e-12,
      "x_eigenvalues": [
        -4.999999999999986,
        -2.000000000000001,
        -1.9999999999999962,
        -1.9999999999999916,
        2.999999999999999,
        3.0000000000000018
      ],
      "iy_eigenvalues": [
        -25.221457501314774,
        -9.000756069652269,
        -5.183094797896985,
        5.183094797896953,
        9.000756069652333,
        25.221457501314866
      ]
    },
    {
      "dimension": 5,
      "fingerprint": [
        -3.0,
        -0.0,
        0.0,
        -0.0,
        51.0,
        -0.0,
        0.0,
        -0.0
      ],
      "invariance_residual": 6.009807201471237e-12,
      "x_eigenvalues": [
        -4.999999999999985,
        -1.9999999999999973,
        -1.999999999999992,
        2.999999999999998,
        3.0
      ],
      "iy_eigenvalues": [
        -20.688160865577135,
        -1.104883903997539e-15,
        -2.273837255526489e-16,
        1.4210854715202004e-14,
        20.688160865577192
      ]
    },
    {
      "dimension": 3,
      "fingerprint": [
        -1.0,
        -0.0,
        0.0,
        26.533,
        17.0,
        -0.0,
        0.0,
        19.8997
      ],
      "invariance_residual": 3.956663551130644e-12,
      "x_eigenvalues": [
        -2.0000000000000013,
        -1.9999999999999982,
        3.000000000000002
      ],
      "iy_eigenvalues": [
        -24.58645079418325,
        -9.962487125479498,
        8.015939596819585
      ],
      "x_has_simple_spectrum": false,
      "iy_has_simple_spectrum": true,
      "diagnosis": "Repeated X eigenvalue leaves a U(2) frame freedom.",
      "unique_x_line_probabilities": [
        0.3635564372980707,
        0.5982881562761105,
        0.038155406425818626
      ],
      "unique_x_line_max_probability": 0.5982881562761105
    },
    {
      "dimension": 3,
      "fingerprint": [
        -1.0,
        -0.0,
        0.0,
        -26.533,
        17.0,
        -0.0,
        -0.0,
        -19.8997
      ],
      "invariance_residual": 3.259846733578918e-11,
      "x_eigenvalues": [
        -2.0000000000000013,
        -1.9999999999999998,
        3.0000000000000036
      ],
      "iy_eigenvalues": [
        -8.015939596819571,
        9.96248712547955,
        24.586450794183254
      ],
      "x_has_simple_spectrum": false,
      "iy_has_simple_spectrum": true,
      "diagnosis": "Repeated X eigenvalue leaves a U(2) frame freedom.",
      "unique_x_line_probabilities": [
        0.03815540642581859,
        0.5982881562761099,
        0.36355643729807113
      ],
      "unique_x_line_max_probability": 0.5982881562761099
    },
    {
      "dimension": 2,
      "fingerprint": [
        1.0,
        -0.0,
        0.0,
        -0.0,
        13.0,
        -0.0,
        -0.0,
        0.0
      ],
      "invariance_residual": 3.2127751099556955e-11,
      "x_eigenvalues": [
        -2.0000000000000004,
        3.0000000000000018
      ],
      "iy_eigenvalues": [
        -11.313708498984761,
        11.313708498984766
      ]
    },
    {
      "dimension": 1,
      "fingerprint": [
        30.0,
        0.0,
        0.0,
        -0.0,
        900.0,
        0.0,
        0.0,
        -0.0
      ],
      "invariance_residual": 4.501407503739714e-13,
      "x_eigenvalues": [
        29.99999999999999
      ],
      "iy_eigenvalues": [
        3.0250049005096224e-27
      ]
    }
  ],
  "scope": "Q192 canonical incidence pair only; no CKM fit; carrier coordinates are numerical"
}
