'PerfectPower.MordellCompletionBridge.mem_of_bounded_multiple' depends on axioms: [propext,
 Classical.choice,
 Quot.sound]
'PerfectPower.MordellCompletionBridge.boundedIndex_of_finite_quotient' depends on axioms: [propext,
 Classical.choice,
 Quot.sound]
'PerfectPower.MordellCompletionBridge.eq_top_of_bounded_index' depends on axioms: [propext,
 Classical.choice,
 Quot.sound]
'PerfectPower.MordellCompletionBridge.mem_of_supported_multiple' depends on axioms: [propext,
 Classical.choice,
 Quot.sound]
'PerfectPower.MordellCompletionBridge.eq_top_of_prime_support' depends on axioms: [propext,
 Classical.choice,
 Quot.sound]
'PerfectPower.MordellCompletionBridge.not_divisible_of_reduction' does not depend on any axioms
'PerfectPower.MordellCompletionBridge.prime_saturated_of_reduction_separation' depends on axioms: [propext,
 Classical.choice,
 Quot.sound]
'PerfectPower.MordellCompletionBridge.mem_integralBox_iff' depends on axioms: [propext, Classical.choice, Quot.sound]
'PerfectPower.MordellCompletionBridge.integralBox_complete' depends on axioms: [propext, Classical.choice, Quot.sound]
'PerfectPower.MordellCompletionBridge.integralList_complete' depends on axioms: [propext, Classical.choice, Quot.sound]
