lake build PerfectPower.EllipticPointDivision
Build completed successfully.
lake env lean audit/NativeHalves.lean
audit/NativeHalves.lean:9:94: warning: 'norm_num [Polynomial.coeff_one, Polynomial.coeff_X]' tactic does nothing
note: this linter can be disabled with `set_option linter.unusedTactic false`
audit/NativeHalves.lean:9:94: warning: this tactic is never executed
note: this linter can be disabled with `set_option linter.unreachableTactic false`
audit/NativeHalves.lean:19:65: warning: Used `tac1 <;> tac2` where `(tac1; tac2)` would suffice
note: this linter can be disabled with `set_option linter.unnecessarySeqFocus false`
audit/NativeHalves.lean:19:79: warning: Used `tac1 <;> tac2` where `(tac1; tac2)` would suffice
note: this linter can be disabled with `set_option linter.unnecessarySeqFocus false`
audit/NativeHalves.lean:27:17: warning: 'ring' tactic does nothing
note: this linter can be disabled with `set_option linter.unusedTactic false`
audit/NativeHalves.lean:29:86: warning: 'norm_num [Polynomial.coeff_one, Polynomial.coeff_X]' tactic does nothing
note: this linter can be disabled with `set_option linter.unusedTactic false`
audit/NativeHalves.lean:27:17: warning: this tactic is never executed
note: this linter can be disabled with `set_option linter.unreachableTactic false`
audit/NativeHalves.lean:29:86: warning: this tactic is never executed
note: this linter can be disabled with `set_option linter.unreachableTactic false`
audit/NativeHalves.lean:31:67: warning: Used `tac1 <;> tac2` where `(tac1; tac2)` would suffice
note: this linter can be disabled with `set_option linter.unnecessarySeqFocus false`
audit/NativeHalves.lean:31:87: warning: Used `tac1 <;> tac2` where `(tac1; tac2)` would suffice
note: this linter can be disabled with `set_option linter.unnecessarySeqFocus false`
'PerfectPower.HalvesPacket_548e5e066286c8c8.native_roots_checked' depends on axioms: [propext,
 Classical.choice,
 Quot.sound]
'PerfectPower.HalvesPacket_548e5e066286c8c8.source_complete' depends on axioms: [propext, Classical.choice, Quot.sound]
audit/NativeHalves.lean:66:46: warning: Used `tac1 <;> tac2` where `(tac1; tac2)` would suffice
note: this linter can be disabled with `set_option linter.unnecessarySeqFocus false`
'PerfectPower.HalvesPacket_548e5e066286c8c8.smooth_checked' depends on axioms: [propext, Classical.choice, Quot.sound]
'PerfectPower.HalvesPacket_548e5e066286c8c8.actual_two_torsion_complete' depends on axioms: [propext,
 Classical.choice,
 Quot.sound]
'PerfectPower.HalvesPacket_548e5e066286c8c8.actual_halves_complete' depends on axioms: [propext,
 Classical.choice,
 Quot.sound]
audit/NativeHalves.lean:90:94: warning: 'norm_num [Polynomial.coeff_one, Polynomial.coeff_X]' tactic does nothing
note: this linter can be disabled with `set_option linter.unusedTactic false`
audit/NativeHalves.lean:90:94: warning: this tactic is never executed
note: this linter can be disabled with `set_option linter.unreachableTactic false`
audit/NativeHalves.lean:100:83: warning: 'norm_num [Polynomial.coeff_one, Polynomial.coeff_X]' tactic does nothing
note: this linter can be disabled with `set_option linter.unusedTactic false`
audit/NativeHalves.lean:100:83: warning: this tactic is never executed
note: this linter can be disabled with `set_option linter.unreachableTactic false`
audit/NativeHalves.lean:100:65: warning: Used `tac1 <;> tac2` where `(tac1; tac2)` would suffice
note: this linter can be disabled with `set_option linter.unnecessarySeqFocus false`
audit/NativeHalves.lean:108:17: warning: 'ring' tactic does nothing
note: this linter can be disabled with `set_option linter.unusedTactic false`
audit/NativeHalves.lean:110:82: warning: 'norm_num [Polynomial.coeff_one, Polynomial.coeff_X]' tactic does nothing
note: this linter can be disabled with `set_option linter.unusedTactic false`
audit/NativeHalves.lean:112:91: warning: 'norm_num [Polynomial.coeff_one, Polynomial.coeff_X]' tactic does nothing
note: this linter can be disabled with `set_option linter.unusedTactic false`
audit/NativeHalves.lean:108:17: warning: this tactic is never executed
note: this linter can be disabled with `set_option linter.unreachableTactic false`
audit/NativeHalves.lean:110:82: warning: this tactic is never executed
note: this linter can be disabled with `set_option linter.unreachableTactic false`
audit/NativeHalves.lean:112:91: warning: this tactic is never executed
note: this linter can be disabled with `set_option linter.unreachableTactic false`
audit/NativeHalves.lean:112:67: warning: Used `tac1 <;> tac2` where `(tac1; tac2)` would suffice
note: this linter can be disabled with `set_option linter.unnecessarySeqFocus false`
'PerfectPower.HalvesPacket_b7abc0fe272e0d02.native_roots_checked' depends on axioms: [propext,
 Classical.choice,
 Quot.sound]
'PerfectPower.HalvesPacket_b7abc0fe272e0d02.source_complete' depends on axioms: [propext, Classical.choice, Quot.sound]
audit/NativeHalves.lean:147:46: warning: Used `tac1 <;> tac2` where `(tac1; tac2)` would suffice
note: this linter can be disabled with `set_option linter.unnecessarySeqFocus false`
'PerfectPower.HalvesPacket_b7abc0fe272e0d02.smooth_checked' depends on axioms: [propext, Classical.choice, Quot.sound]
'PerfectPower.HalvesPacket_b7abc0fe272e0d02.actual_two_torsion_complete' depends on axioms: [propext,
 Classical.choice,
 Quot.sound]
audit/NativeHalves.lean:160:94: warning: 'norm_num [Polynomial.coeff_one, Polynomial.coeff_X]' tactic does nothing
note: this linter can be disabled with `set_option linter.unusedTactic false`
audit/NativeHalves.lean:160:94: warning: this tactic is never executed
note: this linter can be disabled with `set_option linter.unreachableTactic false`
audit/NativeHalves.lean:170:83: warning: 'norm_num [Polynomial.coeff_one, Polynomial.coeff_X]' tactic does nothing
note: this linter can be disabled with `set_option linter.unusedTactic false`
audit/NativeHalves.lean:170:83: warning: this tactic is never executed
note: this linter can be disabled with `set_option linter.unreachableTactic false`
audit/NativeHalves.lean:170:65: warning: Used `tac1 <;> tac2` where `(tac1; tac2)` would suffice
note: this linter can be disabled with `set_option linter.unnecessarySeqFocus false`
audit/NativeHalves.lean:178:17: warning: 'ring' tactic does nothing
note: this linter can be disabled with `set_option linter.unusedTactic false`
audit/NativeHalves.lean:180:111: warning: 'norm_num [Polynomial.coeff_one, Polynomial.coeff_X]' tactic does nothing
note: this linter can be disabled with `set_option linter.unusedTactic false`
audit/NativeHalves.lean:182:91: warning: 'norm_num [Polynomial.coeff_one, Polynomial.coeff_X]' tactic does nothing
note: this linter can be disabled with `set_option linter.unusedTactic false`
audit/NativeHalves.lean:178:17: warning: this tactic is never executed
note: this linter can be disabled with `set_option linter.unreachableTactic false`
audit/NativeHalves.lean:180:111: warning: this tactic is never executed
note: this linter can be disabled with `set_option linter.unreachableTactic false`
audit/NativeHalves.lean:182:91: warning: this tactic is never executed
note: this linter can be disabled with `set_option linter.unreachableTactic false`
audit/NativeHalves.lean:182:67: warning: Used `tac1 <;> tac2` where `(tac1; tac2)` would suffice
note: this linter can be disabled with `set_option linter.unnecessarySeqFocus false`
'PerfectPower.RationalPacket_c09040e3a484be22.native_roots_checked' depends on axioms: [propext,
 Classical.choice,
 Quot.sound]
'PerfectPower.RationalPacket_c09040e3a484be22.source_complete' depends on axioms: [propext,
 Classical.choice,
 Quot.sound]
audit/NativeHalves.lean:212:103: warning: Used `tac1 <;> tac2` where `(tac1; tac2)` would suffice
note: this linter can be disabled with `set_option linter.unnecessarySeqFocus false`
'PerfectPower.HalvesPacket_b7abc0fe272e0d02.actual_halves_complete' depends on axioms: [propext,
 Classical.choice,
 Quot.sound]
'PerfectPower.HalvesPacket_b7abc0fe272e0d02.quartic_root_free' depends on axioms: [propext,
 Classical.choice,
 Quot.sound]
audit/NativeHalves.lean:230:94: warning: 'norm_num [Polynomial.coeff_one, Polynomial.coeff_X]' tactic does nothing
note: this linter can be disabled with `set_option linter.unusedTactic false`
audit/NativeHalves.lean:230:94: warning: this tactic is never executed
note: this linter can be disabled with `set_option linter.unreachableTactic false`
audit/NativeHalves.lean:240:65: warning: Used `tac1 <;> tac2` where `(tac1; tac2)` would suffice
note: this linter can be disabled with `set_option linter.unnecessarySeqFocus false`
audit/NativeHalves.lean:240:79: warning: Used `tac1 <;> tac2` where `(tac1; tac2)` would suffice
note: this linter can be disabled with `set_option linter.unnecessarySeqFocus false`
audit/NativeHalves.lean:248:17: warning: 'ring' tactic does nothing
note: this linter can be disabled with `set_option linter.unusedTactic false`
audit/NativeHalves.lean:250:86: warning: 'norm_num [Polynomial.coeff_one, Polynomial.coeff_X]' tactic does nothing
note: this linter can be disabled with `set_option linter.unusedTactic false`
audit/NativeHalves.lean:248:17: warning: this tactic is never executed
note: this linter can be disabled with `set_option linter.unreachableTactic false`
audit/NativeHalves.lean:250:86: warning: this tactic is never executed
note: this linter can be disabled with `set_option linter.unreachableTactic false`
audit/NativeHalves.lean:252:67: warning: Used `tac1 <;> tac2` where `(tac1; tac2)` would suffice
note: this linter can be disabled with `set_option linter.unnecessarySeqFocus false`
audit/NativeHalves.lean:252:87: warning: Used `tac1 <;> tac2` where `(tac1; tac2)` would suffice
note: this linter can be disabled with `set_option linter.unnecessarySeqFocus false`
'PerfectPower.HalvesPacket_be67fab9d866a948.native_roots_checked' depends on axioms: [propext,
 Classical.choice,
 Quot.sound]
'PerfectPower.HalvesPacket_be67fab9d866a948.source_complete' depends on axioms: [propext, Classical.choice, Quot.sound]
audit/NativeHalves.lean:287:46: warning: Used `tac1 <;> tac2` where `(tac1; tac2)` would suffice
note: this linter can be disabled with `set_option linter.unnecessarySeqFocus false`
'PerfectPower.HalvesPacket_be67fab9d866a948.smooth_checked' depends on axioms: [propext, Classical.choice, Quot.sound]
'PerfectPower.HalvesPacket_be67fab9d866a948.actual_two_torsion_complete' depends on axioms: [propext,
 Classical.choice,
 Quot.sound]
audit/NativeHalves.lean:300:94: warning: 'norm_num [Polynomial.coeff_one, Polynomial.coeff_X]' tactic does nothing
note: this linter can be disabled with `set_option linter.unusedTactic false`
audit/NativeHalves.lean:300:94: warning: this tactic is never executed
note: this linter can be disabled with `set_option linter.unreachableTactic false`
audit/NativeHalves.lean:310:83: warning: 'norm_num [Polynomial.coeff_one, Polynomial.coeff_X]' tactic does nothing
note: this linter can be disabled with `set_option linter.unusedTactic false`
audit/NativeHalves.lean:310:83: warning: this tactic is never executed
note: this linter can be disabled with `set_option linter.unreachableTactic false`
audit/NativeHalves.lean:310:65: warning: Used `tac1 <;> tac2` where `(tac1; tac2)` would suffice
note: this linter can be disabled with `set_option linter.unnecessarySeqFocus false`
audit/NativeHalves.lean:318:17: warning: 'ring' tactic does nothing
note: this linter can be disabled with `set_option linter.unusedTactic false`
audit/NativeHalves.lean:320:95: warning: 'norm_num [Polynomial.coeff_one, Polynomial.coeff_X]' tactic does nothing
note: this linter can be disabled with `set_option linter.unusedTactic false`
audit/NativeHalves.lean:322:91: warning: 'norm_num [Polynomial.coeff_one, Polynomial.coeff_X]' tactic does nothing
note: this linter can be disabled with `set_option linter.unusedTactic false`
audit/NativeHalves.lean:318:17: warning: this tactic is never executed
note: this linter can be disabled with `set_option linter.unreachableTactic false`
audit/NativeHalves.lean:320:95: warning: this tactic is never executed
note: this linter can be disabled with `set_option linter.unreachableTactic false`
audit/NativeHalves.lean:322:91: warning: this tactic is never executed
note: this linter can be disabled with `set_option linter.unreachableTactic false`
audit/NativeHalves.lean:322:67: warning: Used `tac1 <;> tac2` where `(tac1; tac2)` would suffice
note: this linter can be disabled with `set_option linter.unnecessarySeqFocus false`
'PerfectPower.RationalPacket_ac68ffb54d1621fa.native_roots_checked' depends on axioms: [propext,
 Classical.choice,
 Quot.sound]
'PerfectPower.RationalPacket_ac68ffb54d1621fa.source_complete' depends on axioms: [propext,
 Classical.choice,
 Quot.sound]
audit/NativeHalves.lean:352:103: warning: Used `tac1 <;> tac2` where `(tac1; tac2)` would suffice
note: this linter can be disabled with `set_option linter.unnecessarySeqFocus false`
'PerfectPower.HalvesPacket_be67fab9d866a948.actual_halves_complete' depends on axioms: [propext,
 Classical.choice,
 Quot.sound]
'PerfectPower.HalvesPacket_be67fab9d866a948.quartic_root_free' depends on axioms: [propext,
 Classical.choice,
 Quot.sound]
audit/NativeHalves.lean:370:94: warning: 'norm_num [Polynomial.coeff_one, Polynomial.coeff_X]' tactic does nothing
note: this linter can be disabled with `set_option linter.unusedTactic false`
audit/NativeHalves.lean:370:94: warning: this tactic is never executed
note: this linter can be disabled with `set_option linter.unreachableTactic false`
audit/NativeHalves.lean:380:83: warning: 'norm_num [Polynomial.coeff_one, Polynomial.coeff_X]' tactic does nothing
note: this linter can be disabled with `set_option linter.unusedTactic false`
audit/NativeHalves.lean:380:83: warning: this tactic is never executed
note: this linter can be disabled with `set_option linter.unreachableTactic false`
audit/NativeHalves.lean:380:65: warning: Used `tac1 <;> tac2` where `(tac1; tac2)` would suffice
note: this linter can be disabled with `set_option linter.unnecessarySeqFocus false`
audit/NativeHalves.lean:388:17: warning: 'ring' tactic does nothing
note: this linter can be disabled with `set_option linter.unusedTactic false`
audit/NativeHalves.lean:390:82: warning: 'norm_num [Polynomial.coeff_one, Polynomial.coeff_X]' tactic does nothing
note: this linter can be disabled with `set_option linter.unusedTactic false`
audit/NativeHalves.lean:392:91: warning: 'norm_num [Polynomial.coeff_one, Polynomial.coeff_X]' tactic does nothing
note: this linter can be disabled with `set_option linter.unusedTactic false`
audit/NativeHalves.lean:388:17: warning: this tactic is never executed
note: this linter can be disabled with `set_option linter.unreachableTactic false`
audit/NativeHalves.lean:390:82: warning: this tactic is never executed
note: this linter can be disabled with `set_option linter.unreachableTactic false`
audit/NativeHalves.lean:392:91: warning: this tactic is never executed
note: this linter can be disabled with `set_option linter.unreachableTactic false`
audit/NativeHalves.lean:392:67: warning: Used `tac1 <;> tac2` where `(tac1; tac2)` would suffice
note: this linter can be disabled with `set_option linter.unnecessarySeqFocus false`
'PerfectPower.HalvesPacket_d603a7ed1257d631.native_roots_checked' depends on axioms: [propext,
 Classical.choice,
 Quot.sound]
'PerfectPower.HalvesPacket_d603a7ed1257d631.source_complete' depends on axioms: [propext, Classical.choice, Quot.sound]
audit/NativeHalves.lean:427:46: warning: Used `tac1 <;> tac2` where `(tac1; tac2)` would suffice
note: this linter can be disabled with `set_option linter.unnecessarySeqFocus false`
'PerfectPower.HalvesPacket_d603a7ed1257d631.smooth_checked' depends on axioms: [propext, Classical.choice, Quot.sound]
'PerfectPower.HalvesPacket_d603a7ed1257d631.actual_two_torsion_complete' depends on axioms: [propext,
 Classical.choice,
 Quot.sound]
'PerfectPower.HalvesPacket_d603a7ed1257d631.actual_halves_complete' depends on axioms: [propext,
 Classical.choice,
 Quot.sound]
'PerfectPower.HalvesPacket_d603a7ed1257d631.anchor_checked' depends on axioms: [propext, Classical.choice, Quot.sound]
audit/NativeHalves.lean:471:94: warning: 'norm_num [Polynomial.coeff_one, Polynomial.coeff_X]' tactic does nothing
note: this linter can be disabled with `set_option linter.unusedTactic false`
audit/NativeHalves.lean:471:94: warning: this tactic is never executed
note: this linter can be disabled with `set_option linter.unreachableTactic false`
audit/NativeHalves.lean:481:83: warning: 'norm_num [Polynomial.coeff_one, Polynomial.coeff_X]' tactic does nothing
note: this linter can be disabled with `set_option linter.unusedTactic false`
audit/NativeHalves.lean:481:83: warning: this tactic is never executed
note: this linter can be disabled with `set_option linter.unreachableTactic false`
audit/NativeHalves.lean:481:65: warning: Used `tac1 <;> tac2` where `(tac1; tac2)` would suffice
note: this linter can be disabled with `set_option linter.unnecessarySeqFocus false`
audit/NativeHalves.lean:489:17: warning: 'ring' tactic does nothing
note: this linter can be disabled with `set_option linter.unusedTactic false`
audit/NativeHalves.lean:491:87: warning: 'norm_num [Polynomial.coeff_one, Polynomial.coeff_X]' tactic does nothing
note: this linter can be disabled with `set_option linter.unusedTactic false`
audit/NativeHalves.lean:493:91: warning: 'norm_num [Polynomial.coeff_one, Polynomial.coeff_X]' tactic does nothing
note: this linter can be disabled with `set_option linter.unusedTactic false`
audit/NativeHalves.lean:489:17: warning: this tactic is never executed
note: this linter can be disabled with `set_option linter.unreachableTactic false`
audit/NativeHalves.lean:491:87: warning: this tactic is never executed
note: this linter can be disabled with `set_option linter.unreachableTactic false`
audit/NativeHalves.lean:493:91: warning: this tactic is never executed
note: this linter can be disabled with `set_option linter.unreachableTactic false`
audit/NativeHalves.lean:493:67: warning: Used `tac1 <;> tac2` where `(tac1; tac2)` would suffice
note: this linter can be disabled with `set_option linter.unnecessarySeqFocus false`
'PerfectPower.HalvesPacket_6a98c972a12840fe.native_roots_checked' depends on axioms: [propext,
 Classical.choice,
 Quot.sound]
'PerfectPower.HalvesPacket_6a98c972a12840fe.source_complete' depends on axioms: [propext, Classical.choice, Quot.sound]
audit/NativeHalves.lean:528:46: warning: Used `tac1 <;> tac2` where `(tac1; tac2)` would suffice
note: this linter can be disabled with `set_option linter.unnecessarySeqFocus false`
'PerfectPower.HalvesPacket_6a98c972a12840fe.smooth_checked' depends on axioms: [propext, Classical.choice, Quot.sound]
'PerfectPower.HalvesPacket_6a98c972a12840fe.actual_two_torsion_complete' depends on axioms: [propext,
 Classical.choice,
 Quot.sound]
'PerfectPower.HalvesPacket_6a98c972a12840fe.actual_halves_complete' depends on axioms: [propext,
 Classical.choice,
 Quot.sound]
'PerfectPower.HalvesPacket_6a98c972a12840fe.anchor_checked' depends on axioms: [propext, Classical.choice, Quot.sound]
audit/NativeHalves.lean:572:94: warning: 'norm_num [Polynomial.coeff_one, Polynomial.coeff_X]' tactic does nothing
note: this linter can be disabled with `set_option linter.unusedTactic false`
audit/NativeHalves.lean:572:94: warning: this tactic is never executed
note: this linter can be disabled with `set_option linter.unreachableTactic false`
audit/NativeHalves.lean:582:83: warning: 'norm_num [Polynomial.coeff_one, Polynomial.coeff_X]' tactic does nothing
note: this linter can be disabled with `set_option linter.unusedTactic false`
audit/NativeHalves.lean:582:83: warning: this tactic is never executed
note: this linter can be disabled with `set_option linter.unreachableTactic false`
audit/NativeHalves.lean:582:65: warning: Used `tac1 <;> tac2` where `(tac1; tac2)` would suffice
note: this linter can be disabled with `set_option linter.unnecessarySeqFocus false`
audit/NativeHalves.lean:590:17: warning: 'ring' tactic does nothing
note: this linter can be disabled with `set_option linter.unusedTactic false`
audit/NativeHalves.lean:592:82: warning: 'norm_num [Polynomial.coeff_one, Polynomial.coeff_X]' tactic does nothing
note: this linter can be disabled with `set_option linter.unusedTactic false`
audit/NativeHalves.lean:594:91: warning: 'norm_num [Polynomial.coeff_one, Polynomial.coeff_X]' tactic does nothing
note: this linter can be disabled with `set_option linter.unusedTactic false`
audit/NativeHalves.lean:590:17: warning: this tactic is never executed
note: this linter can be disabled with `set_option linter.unreachableTactic false`
audit/NativeHalves.lean:592:82: warning: this tactic is never executed
note: this linter can be disabled with `set_option linter.unreachableTactic false`
audit/NativeHalves.lean:594:91: warning: this tactic is never executed
note: this linter can be disabled with `set_option linter.unreachableTactic false`
audit/NativeHalves.lean:594:67: warning: Used `tac1 <;> tac2` where `(tac1; tac2)` would suffice
note: this linter can be disabled with `set_option linter.unnecessarySeqFocus false`
'PerfectPower.HalvesPacket_3153a664e7850c18.native_roots_checked' depends on axioms: [propext,
 Classical.choice,
 Quot.sound]
'PerfectPower.HalvesPacket_3153a664e7850c18.source_complete' depends on axioms: [propext, Classical.choice, Quot.sound]
audit/NativeHalves.lean:629:46: warning: Used `tac1 <;> tac2` where `(tac1; tac2)` would suffice
note: this linter can be disabled with `set_option linter.unnecessarySeqFocus false`
'PerfectPower.HalvesPacket_3153a664e7850c18.smooth_checked' depends on axioms: [propext, Classical.choice, Quot.sound]
'PerfectPower.HalvesPacket_3153a664e7850c18.actual_two_torsion_complete' depends on axioms: [propext,
 Classical.choice,
 Quot.sound]
'PerfectPower.HalvesPacket_3153a664e7850c18.actual_halves_complete' depends on axioms: [propext,
 Classical.choice,
 Quot.sound]
'PerfectPower.HalvesPacket_3153a664e7850c18.anchor_checked' depends on axioms: [propext, Classical.choice, Quot.sound]
'PerfectPower.EllipticPointDivision.half_supplies_quartic_root' depends on axioms: [propext,
 Classical.choice,
 Quot.sound]
'PerfectPower.EllipticPointDivision.no_half_of_quartic_root_free' depends on axioms: [propext,
 Classical.choice,
 Quot.sound]
-- Found 0 errors in 77 declarations (plus 189 automatically generated ones) in PerfectPower.EllipticPointDivision with 15 linters


-- All linting checks passed!
